== week-26-k-1.pdf: 6 pages
  p.1: ['Problem 1: Make every different shape you can with four tiles. Draw each']
    grid 4x4 cells 9.5x9.5 mm at (24.0,108.0)
    grid 4x4 cells 9.5x9.5 mm at (123.0,108.0)
    grid 4x4 cells 9.5x9.5 mm at (24.0,159.0)
    grid 4x4 cells 9.5x9.5 mm at (123.0,159.0)
    grid 4x4 cells 9.5x9.5 mm at (24.0,210.0)
    grid 4x4 cells 9.5x9.5 mm at (123.0,210.0)
    footer ['Bellingham Math Circle / Week 26 / W26-K-v2']
  p.2: ['Problem 2: Make a shortest-boundary shape and a longest-boundary shape']
    grid 7x6 cells 11.0x11.0 mm at (15.0,77.0)
    grid 7x6 cells 11.0x11.0 mm at (114.0,77.0)
    grid 7x6 cells 11.0x11.0 mm at (15.0,166.0)
    grid 7x6 cells 11.0x11.0 mm at (114.0,166.0)
    footer ['Bellingham Math Circle / Week 26 / W26-K-v2']
  p.3: ['Problem 3: Make a shortest-boundary shape and a longest-boundary shape']
    grid 8x6 cells 10.0x10.0 mm at (15.0,77.0)
    grid 8x6 cells 10.0x10.0 mm at (114.0,77.0)
    grid 8x6 cells 10.0x10.0 mm at (15.0,166.0)
    grid 8x6 cells 10.0x10.0 mm at (114.0,166.0)
    footer ['Bellingham Math Circle / Week 26 / W26-K-v2']
  p.4: ['Problem 4: Use six tiles to make shapes with 10, 12, and 14 boundary sides.']
    grid 6x5 cells 10.0x10.0 mm at (22.0,68.0)
    grid 6x5 cells 10.0x10.0 mm at (121.0,68.0)
    grid 6x5 cells 10.0x10.0 mm at (22.0,132.0)
    grid 6x5 cells 10.0x10.0 mm at (121.0,132.0)
    grid 6x5 cells 10.0x10.0 mm at (22.0,196.0)
    grid 6x5 cells 10.0x10.0 mm at (121.0,196.0)
    footer ['Bellingham Math Circle / Week 26 / W26-K-v2']
  p.5: ['Problem 5: Which of these boundary lengths can you make with five tiles?']
    grid 5x5 cells 10.0x10.0 mm at (26.0,68.0)
    grid 5x5 cells 10.0x10.0 mm at (125.0,68.0)
    grid 5x5 cells 10.0x10.0 mm at (26.0,132.0)
    grid 5x5 cells 10.0x10.0 mm at (125.0,132.0)
    grid 5x5 cells 10.0x10.0 mm at (26.0,196.0)
    grid 5x5 cells 10.0x10.0 mm at (125.0,196.0)
    footer ['Bellingham Math Circle / Week 26 / W26-K-v2']
  p.6: ['Problem 6: Move one tile in each shape and draw a result with the shortest']
    shape ######  n=6 P=14  cell 10.0x10.0 mm at (15.0,77.0)
    shape ####/#.#.  n=6 P=14  cell 10.0x10.0 mm at (15.0,140.0)
    shape ####/#.../#...  n=6 P=14  cell 10.0x10.0 mm at (15.0,203.0)
    grid 8x5 cells 10.0x10.0 mm at (109.0,72.0)
    grid 8x5 cells 10.0x10.0 mm at (109.0,135.0)
    grid 8x5 cells 10.0x10.0 mm at (109.0,198.0)
    footer ['Bellingham Math Circle / Week 26 / W26-K-v2']
== week-26-grades-2-3.pdf: 6 pages
  p.1: ['Problem 1: Use eight tiles to make a shape with the shortest boundary you can and']
    grid 10x6 cells 7.5x7.5 mm at (15.0,107.0)
    grid 10x6 cells 7.5x7.5 mm at (114.0,107.0)
    grid 10x6 cells 7.5x7.5 mm at (15.0,184.0)
    grid 10x6 cells 7.5x7.5 mm at (114.0,184.0)
    footer ['Bellingham Math Circle / Week 26 / W26-23-v2']
  p.2: ['Problem 2: Add one tile to each shape. Find every different change you can make to']
    shape #####  n=5 P=12  cell 8.0x8.0 mm at (15.0,65.0)
    shape ##./.##/..#  n=5 P=12  cell 8.0x8.0 mm at (15.0,114.0)
    shape ###/#.#  n=5 P=12  cell 8.0x8.0 mm at (15.0,163.0)
    shape ###/#.#/###  n=8 P=16  cell 8.0x8.0 mm at (15.0,212.0)
    grid 6x4 cells 6.5x6.5 mm at (105.0,63.0)
    grid 6x4 cells 6.5x6.5 mm at (153.0,63.0)
    grid 6x4 cells 6.5x6.5 mm at (105.0,112.0)
    grid 6x4 cells 6.5x6.5 mm at (153.0,112.0)
    grid 6x4 cells 6.5x6.5 mm at (105.0,161.0)
    grid 6x4 cells 6.5x6.5 mm at (153.0,161.0)
    grid 6x4 cells 6.5x6.5 mm at (105.0,210.0)
    grid 6x4 cells 6.5x6.5 mm at (153.0,210.0)
    footer ['Bellingham Math Circle / Week 26 / W26-23-v2']
  p.3: ['Problem 3: A shared side is where two tiles meet. Use ten tiles to make shapes with 9,']
    grid 12x5 cells 6.2x6.2 mm at (15.0,77.0)
    grid 12x5 cells 6.2x6.2 mm at (114.0,77.0)
    grid 12x5 cells 6.2x6.2 mm at (15.0,132.0)
    grid 12x5 cells 6.2x6.2 mm at (114.0,132.0)
    grid 12x5 cells 6.2x6.2 mm at (15.0,187.0)
    footer ['Bellingham Math Circle / Week 26 / W26-23-v2']
  p.4: ['Problem 4: Find the longest possible boundary with 4, 7, 10, and 12 tiles. Explain']
    grid 14x5 cells 5.5x5.5 mm at (15.0,67.0)
    grid 14x5 cells 5.5x5.5 mm at (114.0,67.0)
    grid 14x5 cells 5.5x5.5 mm at (15.0,133.0)
    grid 14x5 cells 5.5x5.5 mm at (114.0,133.0)
    footer ['Bellingham Math Circle / Week 26 / W26-23-v2']
  p.5: ['Problem 5: Which of these eight-tile shapes have the longest possible boundary?']
    shape ########  n=8 P=18  cell 7.5x7.5 mm at (15.0,86.0)
    shape #...#/#####/..#..  n=8 P=18  cell 7.5x7.5 mm at (114.0,78.0)
    shape ###/#.#/###  n=8 P=16  cell 7.5x7.5 mm at (134.0,127.0)
    shape ####/####  n=8 P=12  cell 7.5x7.5 mm at (29.0,132.0)
    grid 10x5 cells 7.5x7.5 mm at (15.0,188.0)
    grid 10x5 cells 7.5x7.5 mm at (114.0,188.0)
    footer ['Bellingham Math Circle / Week 26 / W26-23-v2']
  p.6: ['Problem 6: Add one tile to a shape so that its boundary changes by each amount']
    grid 8x5 cells 8.0x8.0 mm at (22.0,82.0)
    grid 8x5 cells 8.0x8.0 mm at (121.0,82.0)
    grid 8x5 cells 8.0x8.0 mm at (22.0,170.0)
    grid 8x5 cells 8.0x8.0 mm at (121.0,170.0)
    footer ['Bellingham Math Circle / Week 26 / W26-23-v2']
== week-26-grades-4-5.pdf: 6 pages
  p.1: ['Problem 1: Find the shortest boundary you can with 7, 10, and 13 tiles. For each']
    grid 7x5 cells 8.0x8.0 mm at (20.0,103.0)
    grid 7x5 cells 8.0x8.0 mm at (119.0,103.0)
    grid 7x5 cells 8.0x8.0 mm at (20.0,155.0)
    grid 7x5 cells 8.0x8.0 mm at (119.0,155.0)
    grid 7x5 cells 8.0x8.0 mm at (20.0,207.0)
    grid 7x5 cells 8.0x8.0 mm at (119.0,207.0)
    footer ['Bellingham Math Circle / Week 26 / W26-45-v2']
  p.2: ['Problem 2: What is the longest possible boundary of a twelve-tile shape? Explain']
    grid 14x5 cells 5.5x5.5 mm at (15.0,78.0)
    grid 14x5 cells 5.5x5.5 mm at (114.0,78.0)
    grid 14x5 cells 5.5x5.5 mm at (15.0,138.0)
    footer ['Bellingham Math Circle / Week 26 / W26-45-v2']
  p.3: ['Problem 3: Count the occupied rows, occupied columns, and boundary sides of each']
    shape ######/######  n=12 P=16  cell 7.0x7.0 mm at (18.0,67.0)
    shape ####/####/####  n=12 P=14  cell 7.0x7.0 mm at (85.0,67.0)
    shape #####/###../##.../##...  n=12 P=18  cell 7.0x7.0 mm at (146.0,67.0)
    grid 5x4 cells 11.0x11.0 mm at (28.0,184.0)
    grid 5x4 cells 11.0x11.0 mm at (127.0,184.0)
    footer ['Bellingham Math Circle / Week 26 / W26-45-v2']
  p.4: ['Problem 4: For each boundary length shown, find the greatest number of tiles a shape']
    grid 7x6 cells 9.0x9.0 mm at (24.0,70.0)
    grid 7x6 cells 9.0x9.0 mm at (123.0,70.0)
    grid 7x6 cells 9.0x9.0 mm at (24.0,156.0)
    grid 7x6 cells 9.0x9.0 mm at (123.0,156.0)
    footer ['Bellingham Math Circle / Week 26 / W26-45-v2']
  p.5: ['Problem 5: Find the shortest possible boundary for shapes with 12, 13, 17, 20, and 21']
    grid 7x6 cells 7.0x7.0 mm at (24.0,66.0)
    grid 7x6 cells 7.0x7.0 mm at (123.0,66.0)
    grid 7x6 cells 7.0x7.0 mm at (24.0,126.0)
    grid 7x6 cells 7.0x7.0 mm at (123.0,126.0)
    grid 7x6 cells 7.0x7.0 mm at (24.0,186.0)
    footer ['Bellingham Math Circle / Week 26 / W26-45-v2']
  p.6: ['Problem 6: Give a rule for the greatest number of squares in a shape with any even']
    grid 11x10 cells 6.0x6.0 mm at (24.0,92.0)
    grid 11x10 cells 6.0x6.0 mm at (123.0,92.0)
    grid 11x10 cells 6.0x6.0 mm at (24.0,181.0)
    footer ['Bellingham Math Circle / Week 26 / W26-45-v2']
== week-26-bonus.pdf: 4 pages
  p.1: ['Problem 1: Fill a 4 × 4 square with eight R tiles and eight B tiles. Each room must be joined through', 'Problem 2: Keep the same 4 × 4 square. Try several divisions into two rooms. Find a rule connecting']
    footer ['Bellingham Math Circle / Week 26 / W26-BON-v1']
  p.2: ['Problem 3: Build these shapes. Count their outward corners C, inward corners R, and holes. What rule']
    shape #  n=1 P=4  cell 6.0x6.0 mm at (62.3,46.0)
    shape #./##  n=3 P=8  cell 6.0x6.0 mm at (107.3,40.0)
    shape .#/#.  n=2 P=8  cell 6.0x6.0 mm at (152.3,40.0)
    shape #../#../###  n=5 P=12  cell 8.0x8.0 mm at (118.0,83.1)
    shape ###/###  n=6 P=10  cell 8.0x8.0 mm at (73.9,91.1)
    shape ###/#.#/###  n=8 P=16  cell 8.0x8.0 mm at (70.9,122.1)
    shape #####/#.#.#/#####  n=13 P=24  cell 8.0x8.0 mm at (105.0,122.1)
    footer ['Bellingham Math Circle / Week 26 / W26-BON-v1']
  p.3: ['Problem 4: Build each of these three buildings with eight cubes. Count every exposed square face.', 'Problem 5: Make a building with equal-height stacks on every square of a footprint. How can the']
    shape #  n=1 P=4  cell 11.0x11.0 mm at (118.1,38.0)
    footer ['Bellingham Math Circle / Week 26 / W26-BON-v1']
  p.4: ['Problem 6: Use a 2 × 2 footprint. Put stacks of heights 1, 2, 3, and 4 on its four squares, using each']
    footer ['Bellingham Math Circle / Week 26 / W26-BON-v1']
== week-26-facilitator.pdf: 82 figures
  pdf p.5: [Straight: P = 10] #### added=[] cell 24.0x24.0 pt (widths [24.0], heights [24.0])
  pdf p.5: [Square: P = 8] ##/## added=[] cell 24.0x24.0 pt (widths [24.0], heights [24.0])
  pdf p.5: [L: P = 10] ###/#.. added=[] cell 24.0x24.0 pt (widths [24.0], heights [24.0])
  pdf p.5: [T: P = 10] ###/.#. added=[] cell 24.0x24.0 pt (widths [24.0], heights [24.0])
  pdf p.5: [Zigzag: P = 10] ##./.## added=[] cell 24.0x24.0 pt (widths [24.0], heights [24.0])
  pdf p.6: [5 tiles: shortest 10] ###/##. added=[] cell 17.0x17.0 pt (widths [17.0], heights [17.0])
  pdf p.6: [5 tiles: longest 12] ##### added=[] cell 17.0x17.0 pt (widths [17.0], heights [17.0])
  pdf p.6: [6 tiles: shortest 10] ###/### added=[] cell 17.0x17.0 pt (widths [17.0], heights [17.0])
  pdf p.6: [6 tiles: longest 14] ###### added=[] cell 17.0x17.0 pt (widths [17.0], heights [17.0])
  pdf p.6: [7 tiles: shortest 12] ####/###. added=[] cell 17.0x17.0 pt (widths [17.0], heights [17.0])
  pdf p.6: [7 tiles: longest 16] ####### added=[] cell 15.29x15.29 pt (widths [15.3], heights [15.3])
  pdf p.6: [8 tiles: shortest 12] ####/#### added=[] cell 17.0x17.0 pt (widths [17.0], heights [17.0])
  pdf p.6: [8 tiles: longest 18] ######## added=[] cell 13.38x13.38 pt (widths [13.4], heights [13.4])
  pdf p.7: [P = 10: only type] ###/### added=[] cell 18.0x18.0 pt (widths [18.0], heights [18.0])
  pdf p.7: [P = 12: one type] ####/##.. added=[] cell 18.0x18.0 pt (widths [18.0], heights [18.0])
  pdf p.7: [P = 12: another type] ###/##./#.. added=[] cell 18.0x18.0 pt (widths [18.0], heights [18.0])
  pdf p.7: [P = 14: one type] ###### added=[] cell 18.0x18.0 pt (widths [18.0], heights [18.0])
  pdf p.7: [P = 14: another type] #####/#.... added=[] cell 18.0x18.0 pt (widths [18.0], heights [18.0])
  pdf p.7: [5 tiles, P = 10] ###/##. added=[] cell 19.0x19.0 pt (widths [19.0], heights [19.0])
  pdf p.7: [5 tiles, P = 12] ##### added=[] cell 19.0x19.0 pt (widths [19.0], heights [19.0])
  pdf p.8: [Top start: P = 14] ###### added=[] cell 18.0x18.0 pt (widths [18.0], heights [18.0])
  pdf p.8: [Middle start: P = 14] ####/#.#. added=[] cell 18.0x18.0 pt (widths [18.0], heights [18.0])
  pdf p.8: [Bottom start: P = 14] ####/#.../#... added=[] cell 18.0x18.0 pt (widths [18.0], heights [18.0])
  pdf p.8: [Best after one move: 14] #####/#.... added=[] cell 18.0x18.0 pt (widths [18.0], heights [18.0])
  pdf p.8: [Best after one move: 10] ###/### added=[] cell 18.0x18.0 pt (widths [18.0], heights [18.0])
  pdf p.8: [Best after one move: 12] ###/##./#.. added=[] cell 18.0x18.0 pt (widths [18.0], heights [18.0])
  pdf p.9: [Shortest: 2 by 4, P = 12] ####/#### added=[] cell 22.0x22.0 pt (widths [22.0], heights [22.0])
  pdf p.9: [Shortest: corner missing, P = 12] ###/###/##. added=[] cell 22.0x22.0 pt (widths [22.0], heights [22.0])
  pdf p.9: [Longest: row, P = 18] ######## added=[] cell 22.0x22.0 pt (widths [22.0], heights [22.0])
  pdf p.9: [Longest: bent row, P = 18] #######/#...... added=[] cell 22.0x22.0 pt (widths [22.0], heights [22.0])
  pdf p.10: [Row: before 12; only +2] ##### added=[] cell 19.0x19.0 pt (widths [19.0], heights [19.0])
  pdf p.10: [Stair: before 12; 0 or +2] ##./.##/..# added=[] cell 19.0x19.0 pt (widths [19.0], heights [19.0])
  pdf p.10: [U: before 12; -2 or +2] ###/#.# added=[] cell 19.0x19.0 pt (widths [19.0], heights [19.0])
  pdf p.10: [Frame: before 16; -4 or +2] ###/#.#/### added=[] cell 19.0x19.0 pt (widths [19.0], heights [19.0])
  pdf p.10: [Stair: + at (0,1), after 12] ##./###/..# added=[(0, 1)] cell 20.0x20.0 pt (widths [20.0], heights [20.0])
  pdf p.10: [U: fill gap, after 10] ###/### added=[(1, 1)] cell 20.0x20.0 pt (widths [20.0], heights [20.0])
  pdf p.10: [Frame: fill center, after 12] ###/###/### added=[(1, 1)] cell 20.0x20.0 pt (widths [20.0], heights [20.0])
  pdf p.11: [e = 9: P = 22] ########## added=[] cell 14.0x14.0 pt (widths [14.0], heights [14.0])
  pdf p.11: [e = 10: P = 20] ########/##...... added=[] cell 14.0x14.0 pt (widths [14.0], heights [14.0])
  pdf p.11: [e = 11: P = 18] #######/###.... added=[] cell 14.0x14.0 pt (widths [14.0], heights [14.0])
  pdf p.11: [e = 12: P = 16] ######/####.. added=[] cell 14.0x14.0 pt (widths [14.0], heights [14.0])
  pdf p.11: [e = 13: P = 14] #####/##### added=[] cell 14.0x14.0 pt (widths [14.0], heights [14.0])
  pdf p.11: [4 tiles: P = 10] #### added=[] cell 13.0x13.0 pt (widths [13.0], heights [13.0])
  pdf p.11: [7 tiles: P = 16] ####### added=[] cell 13.0x13.0 pt (widths [13.0], heights [13.0])
  pdf p.11: [10 tiles: P = 22] ########## added=[] cell 13.0x13.0 pt (widths [13.0], heights [13.0])
  pdf p.11: [12 tiles: P = 26] ############ added=[] cell 13.0x13.0 pt (widths [13.0], heights [13.0])
  pdf p.12: [Given top left: P = 18, yes] ######## added=[] cell 19.0x19.0 pt (widths [19.0], heights [19.0])
  pdf p.12: [Given top right: P = 18, yes] #...#/#####/..#.. added=[] cell 19.0x19.0 pt (widths [19.0], heights [19.0])
  pdf p.12: [Given bottom left: P = 12, no] ####/#### added=[] cell 19.0x19.0 pt (widths [19.0], heights [19.0])
  pdf p.12: [Given bottom right: P = 16, no] ###/#.#/### added=[] cell 19.0x19.0 pt (widths [19.0], heights [19.0])
  pdf p.12: [New staircase: 8 tiles, e = 7, P = 18] ##.../.##../..##./...## added=[] cell 20.0x20.0 pt (widths [20.0], heights [20.0])
  pdf p.12: [New bent path: 8 tiles, e = 7, P = 18] #../###/..#/### added=[] cell 20.0x20.0 pt (widths [20.0], heights [20.0])
  pdf p.13: [+2: 1 starting tile] ## added=[(1, 0)] cell 22.0x22.0 pt (widths [22.0], heights [22.0])
  pdf p.13: [0: 3 starting tiles] ##/## added=[(1, 1)] cell 22.0x22.0 pt (widths [22.0], heights [22.0])
  pdf p.13: [-2: 5 starting tiles] ###/### added=[(1, 1)] cell 22.0x22.0 pt (widths [22.0], heights [22.0])
  pdf p.13: [-4: 7 starting tiles] .##/###/### added=[(1, 1)] cell 22.0x22.0 pt (widths [22.0], heights [22.0])
  pdf p.14: [7 tiles: rows 4,3; P = 12] ####/###. added=[] cell 19.0x19.0 pt (widths [19.0], heights [19.0])
  pdf p.14: [7 tiles: rows 3,3,1; P = 12] ###/###/#.. added=[] cell 19.0x19.0 pt (widths [19.0], heights [19.0])
  pdf p.14: [10 tiles: rows 4,4,2; P = 14] ####/####/##.. added=[] cell 19.0x19.0 pt (widths [19.0], heights [19.0])
  pdf p.14: [10 tiles: rows 4,3,3; P = 14] ####/###./###. added=[] cell 19.0x19.0 pt (widths [19.0], heights [19.0])
  pdf p.14: [13 tiles: rows 4,4,4,1; P = 16] ####/####/####/#... added=[] cell 19.0x19.0 pt (widths [19.0], heights [19.0])
  pdf p.14: [13 tiles: rows 4,4,3,2; P = 16] ####/####/###./##.. added=[] cell 19.0x19.0 pt (widths [19.0], heights [19.0])
  pdf p.15: [Bent row: e = 11, P = 26] ###########/#.......... added=[] cell 17.0x17.0 pt (widths [17.0], heights [17.0])
  pdf p.15: [Branch: e = 11, P = 26] #...#...#/######### added=[] cell 17.0x17.0 pt (widths [17.0], heights [17.0])
  pdf p.15: [Point-sealed hole: e = 11, P = 26] .##...../#.#...../######## added=[] cell 17.0x17.0 pt (widths [17.0], heights [17.0])
  pdf p.16: [2 rows, 6 columns, P = 16] ######/###### added=[] cell 16.0x16.0 pt (widths [16.0], heights [16.0])
  pdf p.16: [3 rows, 4 columns, P = 14] ####/####/#### added=[] cell 16.0x16.0 pt (widths [16.0], heights [16.0])
  pdf p.16: [4 rows, 5 columns, P = 18] #####/###../##.../##... added=[] cell 16.0x16.0 pt (widths [16.0], heights [16.0])
  pdf p.16: [12 tiles, 4 by 5 span, P = 18] #####/###../##.../##... added=[] cell 24.0x24.0 pt (widths [24.0], heights [24.0])
  pdf p.16: [12 tiles, 4 by 5 span, P = 20] #####/###.#/##.../#.... added=[] cell 24.0x24.0 pt (widths [24.0], heights [24.0])
  pdf p.17: [P = 12: 3 x 3 = 9] ###/###/### added=[] cell 15.0x15.0 pt (widths [15.0], heights [15.0])
  pdf p.17: [P = 14: 4 x 3 = 12] ####/####/#### added=[] cell 15.0x15.0 pt (widths [15.0], heights [15.0])
  pdf p.17: [P = 16: 4 x 4 = 16] ####/####/####/#### added=[] cell 15.0x15.0 pt (widths [15.0], heights [15.0])
  pdf p.17: [P = 18: 5 x 4 = 20] #####/#####/#####/##### added=[] cell 15.0x15.0 pt (widths [15.0], heights [15.0])
  pdf p.17: [12 tiles: P = 14] ####/####/#### added=[] cell 14.0x14.0 pt (widths [14.0], heights [14.0])
  pdf p.17: [13 tiles: P = 16] ####/####/####/#... added=[] cell 14.0x14.0 pt (widths [14.0], heights [14.0])
  pdf p.17: [17 tiles: P = 18] ####/####/####/####/#... added=[] cell 14.0x14.0 pt (widths [14.0], heights [14.0])
  pdf p.17: [20 tiles: P = 18] #####/#####/#####/##### added=[] cell 14.0x14.0 pt (widths [14.0], heights [14.0])
  pdf p.17: [21 tiles: P = 20] #####/#####/#####/#####/#.... added=[] cell 14.0x14.0 pt (widths [14.0], heights [14.0])
  pdf p.18: [37 squares: 6 x 6 plus 1; P = 26] ######/######/######/######/######/######/#..... added=[] cell 13.0x13.0 pt (widths [13.0], heights [13.0])
  pdf p.18: [50 squares: 7 x 7 plus 1; P = 30] #######/#######/#######/#######/#######/#######/#######/#...... added=[] cell 13.0x13.0 pt (widths [13.0], heights [13.0])
  pdf p.18: [73 squares: 9 x 8 plus 1; P = 36] #########/#########/#########/#########/#########/#########/#########/#########/#........ added=[] cell 13.0x13.0 pt (widths [13.0], heights [13.0])
== 0 FAIL line(s)
