Week 48: sources against delivered PDFs
=======================================

## Delivered PDFs are byte-identical to the reference copies
PASS  k-1: week-48-k-1.pdf == ../source/week-48/editable/reference-pdfs/k-1.pdf
PASS  grades-2-3: week-48-grades-2-3.pdf == ../source/week-48/editable/reference-pdfs/grades-2-3.pdf
PASS  grades-4-5: week-48-grades-4-5.pdf == ../source/week-48/editable/reference-pdfs/grades-4-5.pdf
PASS  guide: week-48-facilitator.pdf == ../source/week-48/editable/reference-pdfs/facilitator-guide.pdf
PASS  bonus: week-48-bonus.pdf == ../source/week-48-bonus/reference-pdfs/week-48-bonus.pdf
PASS  bonus-guide: week-48-bonus-facilitator.pdf == ../source/week-48-bonus/reference-pdfs/week-48-bonus-facilitator.pdf

## k-1: TeX source vs PDF
PASS  k-1: 5 TeX pages, 5 PDF pages
PASS  k-1 p1: Problem 1 TeX text appears verbatim in the PDF
PASS  k-1 p1: 1 TeX boards, 1 PDF boards
PASS  k-1 p1: TeX board at (33.0,96.0) mm, side 120.0 mm matches PDF (offsets 0.000, 0.000 pt)
PASS  k-1 p1: TeX gray polygon [(0.0, 4.0), (4.0, 4.0), (4.0, 0.0)] (cell units) == PDF outline
PASS  k-1 p2: Problem 2 TeX text appears verbatim in the PDF
PASS  k-1 p2: 1 TeX boards, 1 PDF boards
PASS  k-1 p2: TeX board at (33.0,87.0) mm, side 120.0 mm matches PDF (offsets 0.000, 0.000 pt)
PASS  k-1 p2: TeX gray polygon [(0.5, 0.5), (3.5, 0.5), (3.0, 3.5), (1.0, 3.5)] (cell units) == PDF outline
PASS  k-1 p3: Problem 3 TeX text appears verbatim in the PDF
PASS  k-1 p3: 1 TeX boards, 1 PDF boards
PASS  k-1 p3: TeX board at (33.0,86.0) mm, side 120.0 mm matches PDF (offsets 0.000, 0.000 pt)
PASS  k-1 p3: TeX gray polygon [(0.0, 8.0), (8.0, 8.0), (8.0, 0.0)] (cell units) == PDF outline
PASS  k-1 p4: Problem 4 TeX text appears verbatim in the PDF
PASS  k-1 p4: 1 TeX boards, 1 PDF boards
PASS  k-1 p4: TeX board at (33.0,86.0) mm, side 120.0 mm matches PDF (offsets 0.000, 0.000 pt)
PASS  k-1 p4: TeX gray polygon [(0.0, 4.0), (4.0, 0.0), (8.0, 4.0), (4.0, 8.0)] (cell units) == PDF outline
PASS  k-1 p5: Problem 5 TeX text appears verbatim in the PDF
PASS  k-1 p5: Problem 6 TeX text appears verbatim in the PDF
PASS  k-1 p5: 1 TeX boards, 1 PDF boards
PASS  k-1 p5: TeX board at (33.0,44.0) mm, side 120.0 mm matches PDF (offsets 0.000, 0.000 pt)

## grades-2-3: TeX source vs PDF
PASS  grades-2-3: 5 TeX pages, 5 PDF pages
PASS  grades-2-3 p1: Problem 1 TeX text appears verbatim in the PDF
PASS  grades-2-3 p1: 1 TeX boards, 1 PDF boards
PASS  grades-2-3 p1: TeX board at (33.0,96.0) mm, side 120.0 mm matches PDF (offsets 0.000, 0.000 pt)
PASS  grades-2-3 p1: TeX gray polygon [(0.0, 4.0), (4.0, 4.0), (4.0, 0.0)] (cell units) == PDF outline
PASS  grades-2-3 p2: Problem 2 TeX text appears verbatim in the PDF
PASS  grades-2-3 p2: 1 TeX boards, 1 PDF boards
PASS  grades-2-3 p2: TeX board at (33.0,38.0) mm, side 120.0 mm matches PDF (offsets 0.000, 0.000 pt)
PASS  grades-2-3 p2: TeX gray polygon [(0.0, 2.0), (2.0, 0.0), (4.0, 2.0), (2.0, 4.0)] (cell units) == PDF outline
PASS  grades-2-3 p3: Problem 3 TeX text appears verbatim in the PDF
PASS  grades-2-3 p3: 1 TeX boards, 1 PDF boards
PASS  grades-2-3 p3: TeX board at (33.0,76.0) mm, side 120.0 mm matches PDF (offsets 0.000, 0.000 pt)
PASS  grades-2-3 p3: TeX gray polygon [(0.0, 8.0), (8.0, 8.0), (8.0, 0.0)] (cell units) == PDF outline
PASS  grades-2-3 p4: Problem 4 TeX text appears verbatim in the PDF
PASS  grades-2-3 p4: 1 TeX boards, 1 PDF boards
PASS  grades-2-3 p4: TeX board at (33.0,76.0) mm, side 120.0 mm matches PDF (offsets 0.000, 0.000 pt)
PASS  grades-2-3 p4: TeX gray polygon [(0.0, 4.0), (4.0, 0.0), (8.0, 4.0), (4.0, 8.0)] (cell units) == PDF outline
PASS  grades-2-3 p5: Problem 5 TeX text appears verbatim in the PDF
PASS  grades-2-3 p5: Problem 6 TeX text appears verbatim in the PDF
PASS  grades-2-3 p5: 1 TeX boards, 1 PDF boards
PASS  grades-2-3 p5: TeX board at (33.0,44.0) mm, side 120.0 mm matches PDF (offsets 0.000, 0.000 pt)

## grades-4-5: TeX source vs PDF
PASS  grades-4-5: 6 TeX pages, 6 PDF pages
PASS  grades-4-5 p1: Problem 1 TeX text appears verbatim in the PDF
PASS  grades-4-5 p1: 1 TeX boards, 1 PDF boards
PASS  grades-4-5 p1: TeX board at (33.0,96.0) mm, side 120.0 mm matches PDF (offsets 0.000, 0.000 pt)
PASS  grades-4-5 p1: TeX gray polygon [(0.0, 4.0), (4.0, 4.0), (4.0, 0.0)] (cell units) == PDF outline
PASS  grades-4-5 p2: Problem 2 TeX text appears verbatim in the PDF
PASS  grades-4-5 p2: 1 TeX boards, 1 PDF boards
PASS  grades-4-5 p2: TeX board at (33.0,38.0) mm, side 120.0 mm matches PDF (offsets 0.000, 0.000 pt)
PASS  grades-4-5 p2: TeX gray polygon [(0.0, 2.0), (2.0, 0.0), (4.0, 2.0), (2.0, 4.0)] (cell units) == PDF outline
PASS  grades-4-5 p3: Problem 3 TeX text appears verbatim in the PDF
PASS  grades-4-5 p3: 1 TeX boards, 1 PDF boards
PASS  grades-4-5 p3: TeX board at (33.0,76.0) mm, side 120.0 mm matches PDF (offsets 0.000, 0.000 pt)
PASS  grades-4-5 p3: TeX gray polygon [(0.0, 8.0), (8.0, 8.0), (8.0, 0.0)] (cell units) == PDF outline
PASS  grades-4-5 p4: Problem 4 TeX text appears verbatim in the PDF
PASS  grades-4-5 p4: 1 TeX boards, 1 PDF boards
PASS  grades-4-5 p4: TeX board at (33.0,76.0) mm, side 120.0 mm matches PDF (offsets 0.000, 0.000 pt)
PASS  grades-4-5 p4: TeX gray polygon [(0.0, 4.0), (4.0, 0.0), (8.0, 4.0), (4.0, 8.0)] (cell units) == PDF outline
PASS  grades-4-5 p5: Problem 5 TeX text appears verbatim in the PDF
PASS  grades-4-5 p5: 1 TeX boards, 1 PDF boards
PASS  grades-4-5 p5: TeX board at (33.0,76.0) mm, side 120.0 mm matches PDF (offsets 0.000, 0.000 pt)
PASS  grades-4-5 p5: TeX gray polygon [(0.5, 0.5), (3.5, 0.5), (3.0, 3.5), (1.0, 3.5)] (cell units) == PDF outline
PASS  grades-4-5 p6: Problem 6 TeX text appears verbatim in the PDF
PASS  grades-4-5 p6: Problem 7 TeX text appears verbatim in the PDF
PASS  grades-4-5 p6: 4 TeX boards, 4 PDF boards
PASS  grades-4-5 p6: TeX board at (25.0,88.0) mm, side 30.0 mm matches PDF (offsets 0.000, 0.000 pt)
PASS  grades-4-5 p6: TeX board at (125.0,88.0) mm, side 30.0 mm matches PDF (offsets 0.004, 0.000 pt)
PASS  grades-4-5 p6: TeX board at (15.0,211.0) mm, side 23.0 mm matches PDF (offsets 0.002, 0.003 pt)
PASS  grades-4-5 p6: TeX board at (62.0,211.0) mm, side 23.0 mm matches PDF (offsets 0.001, 0.003 pt)
PASS  grades-4-5 p6: TeX gray polygon [(0.0, 1.0), (1.0, 1.0), (1.0, 0.0)] (cell units) == PDF outline
PASS  grades-4-5 p6: TeX gray polygon [(0.0, 2.0), (2.0, 2.0), (2.0, 0.0)] (cell units) == PDF outline
PASS  grades-4-5 p6: TeX gray polygon [(0.0, 4.0), (4.0, 4.0), (4.0, 0.0)] (cell units) == PDF outline
PASS  grades-4-5 p6: TeX gray polygon [(0.0, 8.0), (8.0, 8.0), (8.0, 0.0)] (cell units) == PDF outline

## Bonus builder literals vs PDF
PASS  bonus build.py has three L placements: [('107', '393', '56', '0', '0', 'Aligned'), ('401', '393', '56', '.5', '0', 'Half a square sideways'), ('253', '143', '56', '.5', '.5', 'Half a square both ways')]
PASS  bonus p1 'Aligned': cell 56 pt, L corner offset (0.0,0.0) cells from the grid matches shift (0,0)
PASS  bonus p1 'Half a square sideways': cell 56 pt, L corner offset (0.5,0.0) cells from the grid matches shift (.5,0)
PASS  bonus p1 'Half a square both ways': cell 56 pt, L corner offset (0.5,0.5) cells from the grid matches shift (.5,.5)
PASS  bonus p2 cards: build.py [['2 to 8', '4 to 9'], ['3 to 5', '6 to 7'], ['1 to 6', '4 to 4']] == PDF [['2 to 8', '4 to 9'], ['3 to 5', '6 to 7'], ['1 to 6', '4 to 4']]
PASS  bonus p2 witness grids 6x4 of 27 pt in both builder and PDF
PASS  bonus p3 boards 2x2 of 80 pt in both builder and PDF

87 checks, 0 failures
