Week 48: geometry read from the delivered PDFs
==============================================

## k-1
PASS  k-1: problems numbered consecutively [1, 2, 3, 4, 5, 6]
PASS  k-1 p1 board 1 (problems [1]): square board, uniform spacing, 4x4 cells of 30.0 x 30.0 mm, side 120.001 mm
PASS  k-1 p1 board 1 (problems [1]): gray fill = outline; vertices in big units [('0', '4'), ('4', '4'), ('4', '0')] (snap error 5.88e-06)
PASS  k-1 p1 sample cells: [{'label': 'whole', 'gray_fraction': 1.0, 'thick_edge_line': False}, {'label': 'partial', 'gray_fraction': 0.5, 'thick_edge_line': False}, {'label': 'outside', 'gray_fraction': 0.0, 'thick_edge_line': True}]
PASS  k-1 p2 board 1 (problems [2]): square board, uniform spacing, 4x4 cells of 30.0 x 30.0 mm, side 120.001 mm
PASS  k-1 p2 board 1 (problems [2]): gray fill = outline; vertices in big units [('1/2', '1/2'), ('7/2', '1/2'), ('3', '7/2'), ('1', '7/2')] (snap error 4.32e-05)
PASS  k-1 p2: legend squares [15.0, 15.0, 15.0, 15.0, 30.0] mm (one 30 mm square = four 15 mm squares)
PASS  k-1 p3 board 1 (problems [3]): square board, uniform spacing, 8x8 cells of 15.0 x 15.0 mm, side 120.001 mm
PASS  k-1 p3 board 1 (problems [3]): gray fill = outline; vertices in big units [('0', '4'), ('4', '4'), ('4', '0')] (snap error 2.82e-05)
PASS  k-1 p3: legend squares [15.0, 15.0, 15.0, 15.0, 30.0] mm (one 30 mm square = four 15 mm squares)
PASS  k-1 p4 board 1 (problems [4]): square board, uniform spacing, 8x8 cells of 15.0 x 15.0 mm, side 120.001 mm
PASS  k-1 p4 board 1 (problems [4]): gray fill = outline; vertices in big units [('0', '2'), ('2', '0'), ('4', '2'), ('2', '4')] (snap error 4.47e-05)
PASS  k-1 p4: legend squares [15.0, 15.0, 15.0, 15.0, 30.0] mm (one 30 mm square = four 15 mm squares)
PASS  k-1 p5 board 1 (problems [5, 6]): square board, uniform spacing, 4x4 cells of 30.0 x 30.0 mm, side 120.001 mm
INFO  k-1 p5 board 1 (problems [5, 6]): blank board (no shape)

## grades-2-3
PASS  grades-2-3: problems numbered consecutively [1, 2, 3, 4, 5, 6]
PASS  grades-2-3 p1 board 1 (problems [1]): square board, uniform spacing, 4x4 cells of 30.0 x 30.0 mm, side 120.001 mm
PASS  grades-2-3 p1 board 1 (problems [1]): gray fill = outline; vertices in big units [('0', '4'), ('4', '4'), ('4', '0')] (snap error 5.88e-06)
PASS  grades-2-3 p1 sample cells: [{'label': 'whole', 'gray_fraction': 1.0, 'thick_edge_line': False}, {'label': 'partial', 'gray_fraction': 0.5, 'thick_edge_line': False}, {'label': 'outside', 'gray_fraction': 0.0, 'thick_edge_line': True}]
PASS  grades-2-3 p2 board 1 (problems [2]): square board, uniform spacing, 4x4 cells of 30.0 x 30.0 mm, side 120.001 mm
PASS  grades-2-3 p2 board 1 (problems [2]): gray fill = outline; vertices in big units [('0', '2'), ('2', '0'), ('4', '2'), ('2', '4')] (snap error 2.59e-05)
PASS  grades-2-3 p3 board 1 (problems [3]): square board, uniform spacing, 8x8 cells of 15.0 x 15.0 mm, side 120.001 mm
PASS  grades-2-3 p3 board 1 (problems [3]): gray fill = outline; vertices in big units [('0', '4'), ('4', '4'), ('4', '0')] (snap error 1.88e-05)
PASS  grades-2-3 p3: legend squares [15.0, 15.0, 15.0, 15.0, 30.0] mm (one 30 mm square = four 15 mm squares)
PASS  grades-2-3 p4 board 1 (problems [4]): square board, uniform spacing, 8x8 cells of 15.0 x 15.0 mm, side 120.001 mm
PASS  grades-2-3 p4 board 1 (problems [4]): gray fill = outline; vertices in big units [('0', '2'), ('2', '0'), ('4', '2'), ('2', '4')] (snap error 4.47e-05)
PASS  grades-2-3 p4: legend squares [15.0, 15.0, 15.0, 15.0, 30.0] mm (one 30 mm square = four 15 mm squares)
PASS  grades-2-3 p5 board 1 (problems [5, 6]): square board, uniform spacing, 4x4 cells of 30.0 x 30.0 mm, side 120.001 mm
INFO  grades-2-3 p5 board 1 (problems [5, 6]): blank board (no shape)

## grades-4-5
PASS  grades-4-5: problems numbered consecutively [1, 2, 3, 4, 5, 6, 7]
PASS  grades-4-5 p1 board 1 (problems [1]): square board, uniform spacing, 4x4 cells of 30.0 x 30.0 mm, side 120.001 mm
PASS  grades-4-5 p1 board 1 (problems [1]): gray fill = outline; vertices in big units [('0', '4'), ('4', '4'), ('4', '0')] (snap error 5.88e-06)
PASS  grades-4-5 p1 sample cells: [{'label': 'whole', 'gray_fraction': 1.0, 'thick_edge_line': False}, {'label': 'partial', 'gray_fraction': 0.5, 'thick_edge_line': False}, {'label': 'outside', 'gray_fraction': 0.0, 'thick_edge_line': True}]
PASS  grades-4-5 p2 board 1 (problems [2]): square board, uniform spacing, 4x4 cells of 30.0 x 30.0 mm, side 120.001 mm
PASS  grades-4-5 p2 board 1 (problems [2]): gray fill = outline; vertices in big units [('0', '2'), ('2', '0'), ('4', '2'), ('2', '4')] (snap error 2.59e-05)
PASS  grades-4-5 p3 board 1 (problems [3]): square board, uniform spacing, 8x8 cells of 15.0 x 15.0 mm, side 120.001 mm
PASS  grades-4-5 p3 board 1 (problems [3]): gray fill = outline; vertices in big units [('0', '4'), ('4', '4'), ('4', '0')] (snap error 1.88e-05)
PASS  grades-4-5 p3: legend squares [15.0, 15.0, 15.0, 15.0, 30.0] mm (one 30 mm square = four 15 mm squares)
PASS  grades-4-5 p4 board 1 (problems [4]): square board, uniform spacing, 8x8 cells of 15.0 x 15.0 mm, side 120.001 mm
PASS  grades-4-5 p4 board 1 (problems [4]): gray fill = outline; vertices in big units [('0', '2'), ('2', '0'), ('4', '2'), ('2', '4')] (snap error 4.47e-05)
PASS  grades-4-5 p4: legend squares [15.0, 15.0, 15.0, 15.0, 30.0] mm (one 30 mm square = four 15 mm squares)
PASS  grades-4-5 p5 board 1 (problems [5]): square board, uniform spacing, 4x4 cells of 30.0 x 30.0 mm, side 120.001 mm
PASS  grades-4-5 p5 board 1 (problems [5]): gray fill = outline; vertices in big units [('1/2', '1/2'), ('7/2', '1/2'), ('3', '7/2'), ('1', '7/2')] (snap error 4.32e-05)
PASS  grades-4-5 p5: legend squares [15.0, 15.0, 15.0, 15.0, 30.0] mm (one 30 mm square = four 15 mm squares)
PASS  grades-4-5 p6 board 1 (problems [6, 7]): square board, uniform spacing, 1x1 cells of 30.0 x 30.0 mm, side 30.0 mm
PASS  grades-4-5 p6 board 1 (problems [6, 7]): gray fill = outline; vertices in big units [('0', '1'), ('1', '1'), ('1', '0')] (snap error 4.70e-06)
PASS  grades-4-5 p6 board 2 (problems [6, 7]): square board, uniform spacing, 2x2 cells of 15.0 x 15.0 mm, side 30.0 mm
PASS  grades-4-5 p6 board 2 (problems [6, 7]): gray fill = outline; vertices in big units [('0', '2'), ('2', '2'), ('2', '0')] (snap error 1.18e-05)
PASS  grades-4-5 p6 board 3 (problems [6, 7]): square board, uniform spacing, 4x4 cells of 5.75 x 5.75 mm, side 23.001 mm
PASS  grades-4-5 p6 board 3 (problems [6, 7]): gray fill = outline; vertices in big units [('0', '4'), ('4', '4'), ('4', '0')] (snap error 2.52e-04)
PASS  grades-4-5 p6 board 4 (problems [6, 7]): square board, uniform spacing, 8x8 cells of 2.875 x 2.875 mm, side 23.001 mm
PASS  grades-4-5 p6 board 4 (problems [6, 7]): gray fill = outline; vertices in big units [('0', '4'), ('4', '4'), ('4', '0')] (snap error 5.03e-04)
PASS  grades-4-5 p6: legend squares [15.0, 15.0, 15.0, 15.0, 30.0] mm (one 30 mm square = four 15 mm squares)

## bonus
PASS  bonus p1 'Aligned': cell 56.0 pt (19.756 mm) both axes; L = [('0', '0'), ('2', '0'), ('2', '2'), ('1', '2'), ('1', '1'), ('0', '1')]; grid x ['0', '1', '2'], y ['2', '1', '0']; visible x ['-3/5', '13/5'] y ['-3/5', '13/5']
PASS  bonus p1 'Half a square sideways': cell 56.0 pt (19.756 mm) both axes; L = [('1/2', '0'), ('5/2', '0'), ('5/2', '2'), ('3/2', '2'), ('3/2', '1'), ('1/2', '1')]; grid x ['0', '1', '2', '3'], y ['2', '1', '0']; visible x ['-1/10', '31/10'] y ['-3/5', '13/5']
PASS  bonus p1 'Half a square both ways': cell 56.0 pt (19.756 mm) both axes; L = [('1/2', '1/2'), ('5/2', '1/2'), ('5/2', '5/2'), ('3/2', '5/2'), ('3/2', '3/2'), ('1/2', '3/2')]; grid x ['0', '1', '2', '3'], y ['3', '2', '1', '0']; visible x ['-1/10', '31/10'] y ['-1/10', '31/10']
INFO  bonus p2 example: {'box_pt': [57.0, 57.0], 'gray_fraction': 0.5, 'card': '0 to 1'}
INFO  bonus p2 card rows: [['2 to 8', '4 to 9', ''], ['3 to 5', '6 to 7', ''], ['1 to 6', '4 to 4', '']]
INFO  bonus p2 witness grid 'First pair': 6x4 cells of 27.0 x 27.0 pt
INFO  bonus p2 witness grid 'Third pair': 6x4 cells of 27.0 x 27.0 pt
INFO  bonus p3 board 1: 2x2 of 80.0 x 80.0 pt; labels {'col0_row0_from_top': 'white', 'col0_row1_from_top': 'partial', 'col1_row0_from_top': 'partial', 'col1_row1_from_top': 'partial'}
INFO  bonus p3 board 2: 2x2 of 80.0 x 80.0 pt; labels {'col0_row0_from_top': 'white', 'col0_row1_from_top': 'partial', 'col1_row0_from_top': 'partial', 'col1_row1_from_top': 'partial'}
INFO  bonus p3 board 3: 2x2 of 80.0 x 80.0 pt; labels {'col0_row0_from_top': 'white', 'col0_row1_from_top': 'partial', 'col1_row0_from_top': 'partial', 'col1_row1_from_top': 'partial'}
INFO  bonus p3 board 4: 2x2 of 80.0 x 80.0 pt; labels {'col0_row0_from_top': 'white', 'col0_row1_from_top': 'partial', 'col1_row0_from_top': 'partial', 'col1_row1_from_top': 'partial'}
PASS  bonus p3 prints no gray shape (children draw their own)

55 checks, 0 failures
