== Catalan counts from three independent generators
PASS n=0: matchings=1 dyck=1 trees=1 all equal
PASS n=0: pairing codes are distinct and are exactly the Dyck words
PASS n=0: tree walks are distinct and are exactly the Dyck words
PASS n=1: matchings=1 dyck=1 trees=1 all equal
PASS n=1: pairing codes are distinct and are exactly the Dyck words
PASS n=1: tree walks are distinct and are exactly the Dyck words
PASS n=1: peaks (UD) = leaves for every tree
PASS n=1: max height = tree depth for every tree
PASS n=1: returns to zero = number of root children
PASS n=1: max height = deepest arc nesting for every pairing
PASS n=2: matchings=2 dyck=2 trees=2 all equal
PASS n=2: pairing codes are distinct and are exactly the Dyck words
PASS n=2: tree walks are distinct and are exactly the Dyck words
PASS n=2: peaks (UD) = leaves for every tree
PASS n=2: max height = tree depth for every tree
PASS n=2: returns to zero = number of root children
PASS n=2: max height = deepest arc nesting for every pairing
PASS n=3: matchings=5 dyck=5 trees=5 all equal
PASS n=3: pairing codes are distinct and are exactly the Dyck words
PASS n=3: tree walks are distinct and are exactly the Dyck words
PASS n=3: peaks (UD) = leaves for every tree
PASS n=3: max height = tree depth for every tree
PASS n=3: returns to zero = number of root children
PASS n=3: max height = deepest arc nesting for every pairing
PASS n=4: matchings=14 dyck=14 trees=14 all equal
PASS n=4: pairing codes are distinct and are exactly the Dyck words
PASS n=4: tree walks are distinct and are exactly the Dyck words
PASS n=4: peaks (UD) = leaves for every tree
PASS n=4: max height = tree depth for every tree
PASS n=4: returns to zero = number of root children
PASS n=4: max height = deepest arc nesting for every pairing
PASS n=5: matchings=42 dyck=42 trees=42 all equal
PASS n=5: pairing codes are distinct and are exactly the Dyck words
PASS n=5: tree walks are distinct and are exactly the Dyck words
PASS n=5: peaks (UD) = leaves for every tree
PASS n=5: max height = tree depth for every tree
PASS n=5: returns to zero = number of root children
PASS n=5: max height = deepest arc nesting for every pairing
PASS n=6: matchings=132 dyck=132 trees=132 all equal
PASS n=6: pairing codes are distinct and are exactly the Dyck words
PASS n=6: tree walks are distinct and are exactly the Dyck words
PASS n=6: peaks (UD) = leaves for every tree
PASS n=6: max height = tree depth for every tree
PASS n=6: returns to zero = number of root children
PASS n=6: max height = deepest arc nesting for every pairing
PASS counts are 1,1,2,5,14,42,132
PASS C(4)=5+2+2+5
PASS C(5)=14+5+4+5+14
PASS C(6)=42+14+10+10+14+42
PASS n=1: every Dyck word is the code of exactly one noncrossing pairing
PASS n=1: every Dyck word is the walk of exactly one ordered tree
PASS n=2: every Dyck word is the code of exactly one noncrossing pairing
PASS n=2: every Dyck word is the walk of exactly one ordered tree
PASS n=3: every Dyck word is the code of exactly one noncrossing pairing
PASS n=3: every Dyck word is the walk of exactly one ordered tree
PASS n=4: every Dyck word is the code of exactly one noncrossing pairing
PASS n=4: every Dyck word is the walk of exactly one ordered tree
PASS n=5: every Dyck word is the code of exactly one noncrossing pairing
PASS n=5: every Dyck word is the walk of exactly one ordered tree
PASS n=1: codes of ALL pairings (crossing allowed) are still exactly Dyck words
PASS n=2: codes of ALL pairings (crossing allowed) are still exactly Dyck words
PASS n=3: codes of ALL pairings (crossing allowed) are still exactly Dyck words
PASS n=4: codes of ALL pairings (crossing allowed) are still exactly Dyck words
PASS n=5: codes of ALL pairings (crossing allowed) are still exactly Dyck words

== K-1
PASS four dots: two pairings 12|34 and 14|23: ['12|34', '14|23']
PASS four dots with crossings allowed: three pairings
six-dot pairings: ['12|34|56', '12|36|45', '14|23|56', '16|23|45', '16|25|34']
PASS P1/P2: five six-dot pairings 12|34|56, 12|36|45, 14|23|56, 16|23|45, 16|25|34
PASS P2 guide: partner of 1 is 2,4,6 giving 2,1,2: {2: 2, 3: 0, 4: 1, 5: 0, 6: 2}
PASS P3: completions of (1, 4): ['14|23|56|78', '14|23|58|67']
PASS P3: completions of (1, 6): ['16|23|45|78', '16|25|34|78']
PASS P3: completions of (1, 3): []
PASS P3: completions of (1, 5): []
  chord 13: 1 dot(s) on one side, 5 on the other
  chord 15: 3 dot(s) on one side, 3 on the other
PASS P4: 14 eight-dot pairings, partner of 1 = 2,4,6,8 gives 5,2,2,5: {2: 5, 3: 0, 4: 2, 5: 0, 6: 2, 7: 0, 8: 5}
  dot 1: partner groups [2, 2, 5, 5]; 22 pairs of DIFFERENT pairings agree at this dot
  dot 2: partner groups [2, 2, 5, 5]; 22 pairs of DIFFERENT pairings agree at this dot
  dot 3: partner groups [2, 2, 5, 5]; 22 pairs of DIFFERENT pairings agree at this dot
  dot 4: partner groups [2, 2, 5, 5]; 22 pairs of DIFFERENT pairings agree at this dot
  dot 5: partner groups [2, 2, 5, 5]; 22 pairs of DIFFERENT pairings agree at this dot
  dot 6: partner groups [2, 2, 5, 5]; 22 pairs of DIFFERENT pairings agree at this dot
  dot 7: partner groups [2, 2, 5, 5]; 22 pairs of DIFFERENT pairings agree at this dot
  dot 8: partner groups [2, 2, 5, 5]; 22 pairs of DIFFERENT pairings agree at this dot
PASS K-1 P4 hint is not a duplicate test: 12|34|56|78 and 12|38|45|67 agree at dot 1 but differ
  two different eight-dot pairings can agree at up to 4 dots
PASS P5: 10 dots possible=True (expected True)
PASS P5: 10 dots, adjacent pairs 12|34|56|78|9-10 is a noncrossing pairing
PASS P5: 3 dots possible=False (expected False)
PASS P5: 4 dots possible=True (expected True)
PASS P5: 4 dots, adjacent pairs 12|34 is a noncrossing pairing
PASS P5: 5 dots possible=False (expected False)
PASS P5: 6 dots possible=True (expected True)
PASS P5: 6 dots, adjacent pairs 12|34|56 is a noncrossing pairing
PASS P5: 7 dots possible=False (expected False)
PASS P6: every 4-dot noncrossing pairing joins two circular neighbours
PASS   (4 dots: each has at least two such pairs)
PASS P6: every 6-dot noncrossing pairing joins two circular neighbours
PASS   (6 dots: each has at least two such pairs)
PASS P6: every 8-dot noncrossing pairing joins two circular neighbours
PASS   (8 dots: each has at least two such pairs)
PASS P6: every 10-dot noncrossing pairing joins two circular neighbours
PASS   (10 dots: each has at least two such pairs)
PASS P6: every 12-dot noncrossing pairing joins two circular neighbours
PASS   (12 dots: each has at least two such pairs)
  (with crossings allowed, 31 eight-dot pairings avoid neighbours, e.g. 13|24|57|68)

== Grades 2-3
PASS example ten dots 14|23|5-10|67|89 is noncrossing
PASS P2 example: 12|36|45|78 -> UDUUDDUD
PASS P2: 16|25|34 -> UUUDDD, heights [0, 1, 2, 3, 2, 1, 0], max height <= 3 (grid has 3 rows)
PASS P2: 14|23|56 -> UUDDUD, heights [0, 1, 2, 1, 0, 1, 0], max height <= 3 (grid has 3 rows)
PASS P2: 12|34|56 -> UDUDUD, heights [0, 1, 0, 1, 0, 1, 0], max height <= 3 (grid has 3 rows)
PASS P3: UUDUDD has exactly one noncrossing pairing 16|23|45: ['16|23|45']
  (UUDUDD: 3 crossing pairing(s) share this code)
PASS P3: UDUUDD has exactly one noncrossing pairing 12|36|45: ['12|36|45']
  (UDUUDD: 1 crossing pairing(s) share this code)
PASS P3: UUDDUUDD has exactly one noncrossing pairing 14|23|58|67: ['14|23|58|67']
  (UUDDUUDD: 3 crossing pairing(s) share this code)
PASS P3: UUUDUDDD has exactly one noncrossing pairing 18|27|34|56: ['18|27|34|56']
  (UUUDUDDD: 17 crossing pairing(s) share this code)
PASS P4: five Dyck paths with three U and three D: ['UDUDUD', 'UDUUDD', 'UUDDUD', 'UUDUDD', 'UUUDDD']
PASS P5: UUUDDUDD valid=True: (['18|25|34|67'], 12)
PASS P5: UDDUUDUD valid=False: ([], 0)
PASS P5: UUDUDUDD valid=True: (['18|23|45|67'], 8)
PASS P5: UUUUDDUD valid=False: ([], 0)
PASS P5 guide: UDDUUDUD has height -1 after letter 3: [0, 1, 0, -1, 0, 1, 0, 1, 0]
PASS P5 guide: UUUUDDUD has five U, three D, ends at height 2
PASS P6: 14 eight-dot pairings; 16 rows printed

== Grades 4-5
PASS example five-edge tree: root has two children, left has two leaf children, right has one leaf
PASS walk example: two-edge fork has code UDUD
PASS P1: five three-edge trees: ['UDUDUD', 'UDUUDD', 'UUDDUD', 'UUDUDD', 'UUUDDD']
PASS guide p.6: split by number of root children 1,2,3 -> 2,2,1: {3: 1, 2: 2, 1: 2}
  P2 path of four edges: UUUUDDDD (8 letters)
  P2 star of four leaves: UDUDUDUD (8 letters)
  P2 left child with two leaves, right leaf: UUDUDDUD (8 letters)
  P2 left leaf, right chain of three edges: UDUUUDDD (8 letters)
PASS P2 codes UUUUDDDD, UDUDUDUD, UUDUDDUD, UDUUUDDD
PASS P3: UUDDUD describes exactly one tree (((),), ()): [(((),), ())]
PASS P3: UDUUDD describes exactly one tree ((), ((),)): [((), ((),))]
PASS P3: UUDUDUDD describes exactly one tree (((), (), ()),): [(((), (), ()),)]
PASS P3: UUUDDUDD describes exactly one tree ((((),), ()),): [((((),), ()),)]
PASS P4: UUUUDDDD valid=True
PASS P4: UUDDDUUD valid=False
PASS P4: UDUDUUDD valid=True
PASS P4: UUDUDUDU valid=False
PASS P4: UUUDUDDD valid=True
PASS P4: DUUUDDUD valid=False
PASS P4 guide: UUDDDUUD first goes below zero at letter 5: 5
PASS P4 guide: DUUUDDUD first goes below zero at letter 1: 1
PASS P4 guide: UUDUDUDU finishes at height 2
PASS P5: 14 four-edge trees; 16 roots printed
PASS P6: 42 five-edge and 132 six-edge trees
PASS n=1: U P D Q (first return) builds each Dyck word exactly once
PASS n=2: U P D Q (first return) builds each Dyck word exactly once
PASS n=3: U P D Q (first return) builds each Dyck word exactly once
PASS n=4: U P D Q (first return) builds each Dyck word exactly once
PASS n=5: U P D Q (first return) builds each Dyck word exactly once
PASS n=6: U P D Q (first return) builds each Dyck word exactly once
PASS n=1: (first child subtree, rest) is a bijection to pairs of smaller trees
PASS n=2: (first child subtree, rest) is a bijection to pairs of smaller trees
PASS n=3: (first child subtree, rest) is a bijection to pairs of smaller trees
PASS n=4: (first child subtree, rest) is a bijection to pairs of smaller trees
PASS n=5: (first child subtree, rest) is a bijection to pairs of smaller trees
PASS n=6: (first child subtree, rest) is a bijection to pairs of smaller trees

== Return visit
PASS RV P1: RBRBRB unlike pairings ['12|34|56', '12|36|45', '14|23|56', '16|23|45', '16|25|34']
PASS RV P1: RRRBBB unlike pairings ['16|25|34']
PASS RV P1: RRBRBB unlike pairings ['16|23|45', '16|25|34']
PASS RV guide: unlike noncrossing pairing exists iff R and B counts agree (all words, N<=10)
PASS RV: ceiling-2 paths with 1 pairs = 2^(n-1) = 1: 1
PASS RV: ceiling-2 paths with 2 pairs = 2^(n-1) = 2: 2
PASS RV: ceiling-2 paths with 3 pairs = 2^(n-1) = 4: 4
PASS RV: ceiling-2 paths with 4 pairs = 2^(n-1) = 8: 8
PASS RV: ceiling-2 paths with 5 pairs = 2^(n-1) = 16: 16
PASS RV: ceiling-2 paths with 6 pairs = 2^(n-1) = 32: 32
PASS RV: ceiling-2 paths with 7 pairs = 2^(n-1) = 64: 64
PASS RV guide: ceilings 1,2,3,4 with four pairs give 1,8,13,14
PASS RV guide p.4: the eight listed ceiling-2 paths are exactly the right set
PASS RV guide: ceiling 3 excludes only UUUUDDDD
PASS RV P3: ceiling 2, five pairs -> 16
PASS RV guide: every ceiling-2 ground block is U (UD)^(r-1) D (n<=7)
PASS RV: swap graph on four-pair Dyck paths is connected
PASS RV P4: UDUDUDUD is 6 moves from UUUUDDDD: 6
PASS RV P4: UUDDUUDD is 4 moves from UUUUDDDD: 4
PASS RV P4: UUUDUDDD is 1 moves from UUUUDDDD: 1
PASS RV guide: distance to mountain = half the height gap = D-before-U count (n=1)
PASS RV guide: distance to mountain = half the height gap = D-before-U count (n=2)
PASS RV guide: distance to mountain = half the height gap = D-before-U count (n=3)
PASS RV guide: distance to mountain = half the height gap = D-before-U count (n=4)
PASS RV guide: distance to mountain = half the height gap = D-before-U count (n=5)
PASS RV guide: distance to mountain = half the height gap = D-before-U count (n=6)
PASS RV guide: printed 6-move route is legal, one swap per arrow: ['UDUDUDUD', 'UUDDUDUD', 'UUDUDDUD', 'UUUDDDUD', 'UUUDDUDD', 'UUUDUDDD', 'UUUUDDDD']
PASS RV guide: printed 4-move route is legal
PASS RV guide: UUUDUDDD -> UUUUDDDD by swapping its middle DU
PASS RV guide: alternating path height gap sums to twelve
PASS RV example: UDUUDD with letters 2,3 swapped is UUDUDD
PASS RV guide: every legal swap changes the score by exactly one (n<=5)
PASS RV extension (n=3): distance between any two paths = half the summed height gaps; 2 ordered pairs where the score difference is not the distance
PASS RV extension (n=4): distance between any two paths = half the summed height gaps; 42 ordered pairs where the score difference is not the distance
PASS RV extension (n=5): distance between any two paths = half the summed height gaps; 618 ordered pairs where the score difference is not the distance
PASS RV: ceiling-3 counts for n=1..6 are 1,2,5,13,34,89

FAILED: none
