--- page 1: 9 circles, stray dots 0
  circle at (164.4,238.1) r=20.0 mm, 4 dots, chords [(1, 2), (3, 4)], neighbour spacing 28.3 mm
  circle at (450.7,238.1) r=20.0 mm, 4 dots, chords [(1, 4), (2, 3)], neighbour spacing 28.3 mm
  circle at (371.3,436.5) r=15.0 mm, 6 dots, chords [], neighbour spacing 15.0 mm
  circle at (501.7,436.5) r=15.0 mm, 6 dots, chords [], neighbour spacing 15.0 mm
  circle at (172.9,532.9) r=32.0 mm, 6 dots, chords [], neighbour spacing 32.0 mm
  circle at (371.3,561.3) r=15.0 mm, 6 dots, chords [], neighbour spacing 15.0 mm
  circle at (501.7,561.3) r=15.0 mm, 6 dots, chords [], neighbour spacing 15.0 mm
  circle at (371.3,686.0) r=15.0 mm, 6 dots, chords [], neighbour spacing 15.0 mm
  circle at (501.7,686.0) r=15.0 mm, 6 dots, chords [], neighbour spacing 15.0 mm
PASS page 1: every circle regular, labelled 1..n clockwise from the top
PASS page 1: circles and printed chords as transcribed: [(4, [(1, 4), (2, 3)]), (4, [(1, 2), (3, 4)]), (6, []), (6, []), (6, []), (6, []), (6, []), (6, []), (6, [])]
--- page 2: 7 circles, stray dots 0
  circle at (306.1,303.3) r=40.0 mm, 6 dots, chords [], neighbour spacing 40.0 mm
  circle at (116.2,538.6) r=18.5 mm, 6 dots, chords [], neighbour spacing 18.5 mm
  circle at (306.1,538.6) r=18.5 mm, 6 dots, chords [], neighbour spacing 18.5 mm
  circle at (496.1,538.6) r=18.5 mm, 6 dots, chords [], neighbour spacing 18.5 mm
  circle at (116.2,680.3) r=18.5 mm, 6 dots, chords [], neighbour spacing 18.5 mm
  circle at (306.1,680.3) r=18.5 mm, 6 dots, chords [], neighbour spacing 18.5 mm
  circle at (496.1,680.3) r=18.5 mm, 6 dots, chords [], neighbour spacing 18.5 mm
PASS page 2: every circle regular, labelled 1..n clockwise from the top
PASS page 2: circles and printed chords as transcribed: [(6, []), (6, []), (6, []), (6, []), (6, []), (6, []), (6, [])]
--- page 3: 7 circles, stray dots 0
  circle at (306.1,303.3) r=40.0 mm, 8 dots, chords [], neighbour spacing 30.6 mm
  circle at (116.2,538.6) r=18.5 mm, 8 dots, chords [(1, 4)], neighbour spacing 14.2 mm
  circle at (306.1,538.6) r=18.5 mm, 8 dots, chords [(1, 4)], neighbour spacing 14.2 mm
  circle at (496.1,538.6) r=18.5 mm, 8 dots, chords [(1, 6)], neighbour spacing 14.2 mm
  circle at (116.2,680.3) r=18.5 mm, 8 dots, chords [(1, 6)], neighbour spacing 14.2 mm
  circle at (306.1,680.3) r=18.5 mm, 8 dots, chords [(1, 3)], neighbour spacing 14.2 mm
  circle at (496.1,680.3) r=18.5 mm, 8 dots, chords [(1, 5)], neighbour spacing 14.2 mm
PASS page 3: every circle regular, labelled 1..n clockwise from the top
PASS page 3: circles and printed chords as transcribed: [(8, []), (8, [(1, 4)]), (8, [(1, 4)]), (8, [(1, 6)]), (8, [(1, 6)]), (8, [(1, 3)]), (8, [(1, 5)])]
--- page 4: 7 circles, stray dots 0
  circle at (306.1,303.3) r=40.0 mm, 8 dots, chords [], neighbour spacing 30.6 mm
  circle at (116.2,538.6) r=18.5 mm, 8 dots, chords [], neighbour spacing 14.2 mm
  circle at (306.1,538.6) r=18.5 mm, 8 dots, chords [], neighbour spacing 14.2 mm
  circle at (496.1,538.6) r=18.5 mm, 8 dots, chords [], neighbour spacing 14.2 mm
  circle at (116.2,680.3) r=18.5 mm, 8 dots, chords [], neighbour spacing 14.2 mm
  circle at (306.1,680.3) r=18.5 mm, 8 dots, chords [], neighbour spacing 14.2 mm
  circle at (496.1,680.3) r=18.5 mm, 8 dots, chords [], neighbour spacing 14.2 mm
PASS page 4: every circle regular, labelled 1..n clockwise from the top
PASS page 4: circles and printed chords as transcribed: [(8, []), (8, []), (8, []), (8, []), (8, []), (8, []), (8, [])]
--- page 5: 6 circles, stray dots 0
  circle at (306.1,294.8) r=43.0 mm, 10 dots, chords [], neighbour spacing 26.6 mm
  circle at (116.2,538.6) r=18.5 mm, 3 dots, chords [], neighbour spacing 32.0 mm
  circle at (306.1,538.6) r=18.5 mm, 4 dots, chords [], neighbour spacing 26.2 mm
  circle at (496.1,538.6) r=18.5 mm, 5 dots, chords [], neighbour spacing 21.7 mm
  circle at (116.2,680.3) r=18.5 mm, 6 dots, chords [], neighbour spacing 18.5 mm
  circle at (306.1,680.3) r=18.5 mm, 7 dots, chords [], neighbour spacing 16.1 mm
PASS page 5: every circle regular, labelled 1..n clockwise from the top
PASS page 5: circles and printed chords as transcribed: [(10, []), (3, []), (4, []), (5, []), (6, []), (7, [])]
--- page 6: 5 circles, stray dots 0
  circle at (306.1,303.3) r=40.0 mm, 8 dots, chords [], neighbour spacing 30.6 mm
  circle at (172.9,538.6) r=18.5 mm, 8 dots, chords [], neighbour spacing 14.2 mm
  circle at (439.4,538.6) r=18.5 mm, 8 dots, chords [], neighbour spacing 14.2 mm
  circle at (172.9,680.3) r=18.5 mm, 8 dots, chords [], neighbour spacing 14.2 mm
  circle at (439.4,680.3) r=18.5 mm, 8 dots, chords [], neighbour spacing 14.2 mm
PASS page 6: every circle regular, labelled 1..n clockwise from the top
PASS page 6: circles and printed chords as transcribed: [(8, []), (8, []), (8, []), (8, []), (8, [])]

Labels almost as close to another circle as to their own (layout note, not a mathematical error):
  label "4" at (306,452) is 12.6 mm outside its own circle (r=40.0 mm) and 11.9 mm outside another circle's dot
  label "5" at (306,452) is 12.6 mm outside its own circle (r=40.0 mm) and 11.9 mm outside another circle's dot
  label "5" at (306,452) is 12.6 mm outside its own circle (r=40.0 mm) and 11.9 mm outside another circle's dot
  label "6" at (306,452) is 12.6 mm outside its own circle (r=43.0 mm) and 11.9 mm outside another circle's dot

== Solve the problems from the extracted circles
PASS page 1 example: both printed four-dot drawings are legal noncrossing pairings and different: [[(1, 2), (3, 4)], [(1, 4), (2, 3)]]
PASS page 1 example: the two printed pairings are all of them
PASS P1/P2: six-dot pairings = 5; page 1 has 1 large + 6 small, page 2 has 1 large + 6 small
  P3 printed chord (1, 4): 2 completion(s) ['14|23|56|78', '14|23|58|67']
  P3 printed chord (1, 4): 2 completion(s) ['14|23|56|78', '14|23|58|67']
  P3 printed chord (1, 6): 2 completion(s) ['16|23|45|78', '16|25|34|78']
  P3 printed chord (1, 6): 2 completion(s) ['16|23|45|78', '16|25|34|78']
  P3 printed chord (1, 3): 0 completion(s) []
  P3 printed chord (1, 5): 0 completion(s) []
PASS P3: each printed chord appears as often as it has completions, or once when it has none: ({(1, 4): 2, (1, 6): 2, (1, 3): 1, (1, 5): 1}, {(1, 4): 2, (1, 6): 2, (1, 3): 0, (1, 5): 0})
PASS P4: 14 eight-dot pairings, 7 circles printed (large mat + 6 records) plus blank paper
  P5 circle with 3 dots: 0 noncrossing pairings
  P5 circle with 4 dots: 2 noncrossing pairings
  P5 circle with 5 dots: 0 noncrossing pairings
  P5 circle with 6 dots: 5 noncrossing pairings
  P5 circle with 7 dots: 0 noncrossing pairings
  P5 circle with 10 dots: 42 noncrossing pairings
PASS P5: printed dot counts are 10,3,4,5,6,7
PASS P6: every eight-dot noncrossing pairing joins circular neighbours (answer: no)

FAILED: none
