== Page 1: rules example and Problem 1
  tree at (292,221): 6 nodes, code UUDUDDUUDD
  tree at (173,414): 1 nodes, code 
  tree at (439,414): 1 nodes, code 
  tree at (173,524): 1 nodes, code 
  tree at (439,524): 1 nodes, code 
  tree at (173,635): 1 nodes, code 
  tree at (439,635): 1 nodes, code 
PASS example tree: five edges, code UUDUDDUUDD (root: left child with two leaves, right child with one leaf)
PASS example: "root" label sits beside the filled root and nearer to it than to any other node: 16.9
PASS P1: 6 printed roots for 5 three-edge trees

== Page 2: walk example and Problem 2
  tree at (88,204): 3 nodes, code UDUD
  tree at (173,439): 5 nodes, code UUUUDDDD
  tree at (360,439): 5 nodes, code UDUDUDUD
  tree at (94,615): 5 nodes, code UUDUDDUD
  tree at (360,615): 5 nodes, code UDUUUDDD
PASS walk example tree is the two-edge fork UDUD
  arrows (number, letter, direction from root, edge): [(1, 'U', 'away', 'left'), (2, 'D', 'toward', 'left'), (3, 'U', 'away', 'right'), (4, 'D', 'toward', 'right')]
PASS walk arrows: 1 U away and 2 D back on the left edge, 3 U away and 4 D back on the right edge
PASS example grid: square cells, path UDUD from the filled start dot: ('UDUD', 4, 3)
PASS example grid: four step letters, each over its own step: (4, [])
PASS example: "Walk code: UDUD"
  P2 trees (top-left, top-right, bottom-left, bottom-right): ['UUUUDDDD', 'UDUDUDUD', 'UUDUDDUD', 'UDUUUDDD']
PASS P2: four 4-edge trees with codes UUUUDDDD, UDUDUDUD, UUDUDDUD, UDUUUDDD (guide key)
PASS P2: 32 code boxes (8 per tree)
PASS P2 guide features: length = 2 x edges, max height = depth, UD peaks = leaves, returns = root children (n<=6)

== Page 3: Problem 3
PASS P3: codes UUDDUD, UDUUDD, UUDUDUDD, UUUDDUDD: ['UUDDUD', 'UDUUDD', 'UUDUDUDD', 'UUUDDUDD']
  UUDDUD: 1 tree(s) [(((),), ())]
  UDUUDD: 1 tree(s) [((), ((),))]
  UUDUDUDD: 1 tree(s) [(((), (), ()),)]
  UUUDDUDD: 1 tree(s) [((((),), ()),)]
PASS P3: each code has exactly one tree
PASS P3: one printed root under each code

== Page 4: Problem 4
PASS P4: six printed codes: ['UUUUDDDD', 'UUDDDUUD', 'UDUDUUDD', 'UUDUDUDU', 'UUUDUDDD', 'DUUUDDUD']
  UUUUDDDD: heights [0, 1, 2, 3, 4, 3, 2, 1, 0] -> 1 tree(s)
  UUDDDUUD: heights [0, 1, 2, 1, 0, -1, 0, 1, 0] -> 0 tree(s)
  UDUDUUDD: heights [0, 1, 0, 1, 0, 1, 2, 1, 0] -> 1 tree(s)
  UUDUDUDU: heights [0, 1, 2, 1, 2, 1, 2, 1, 2] -> 0 tree(s)
  UUUDUDDD: heights [0, 1, 2, 3, 2, 3, 2, 1, 0] -> 1 tree(s)
  DUUUDDUD: heights [0, -1, 0, 1, 2, 1, 0, 1, 0] -> 0 tree(s)
PASS P4: valid exactly UUUUDDDD, UDUDUUDD, UUUDUDDD

== Pages 5-6: Problems 5 and 6
PASS P5: 16 printed roots for 14 four-edge trees
PASS P6: 42 five-edge and 132 six-edge trees

FAILED: none
