--- page 1: 8 dot rows, 0 grids, boxes {}
  row y=218.3: 10 dots (r=1.20 mm, spacing 18.0 mm), arcs 14|23|5-10|67|89
  row y=473.4: 6 dots (r=1.60 mm, spacing 24.0 mm), arcs -
  row y=581.1: 6 dots (r=1.20 mm, spacing 12.0 mm), arcs -
  row y=581.1: 6 dots (r=1.20 mm, spacing 12.0 mm), arcs -
  row y=652.0: 6 dots (r=1.20 mm, spacing 12.0 mm), arcs -
  row y=652.0: 6 dots (r=1.20 mm, spacing 12.0 mm), arcs -
  row y=722.8: 6 dots (r=1.20 mm, spacing 12.0 mm), arcs -
  row y=722.8: 6 dots (r=1.20 mm, spacing 12.0 mm), arcs -
PASS page 1: rows evenly spaced, labelled 1..n, arcs above the row; grids square with start/end dots
--- page 2: 4 dot rows, 4 grids, boxes {498.9: 6, 612.3: 6, 725.7: 6}
  row y=258.0: 8 dots (r=1.20 mm, spacing 10.2 mm), arcs 12|36|45|78
  row y=473.4: 6 dots (r=1.20 mm, spacing 12.0 mm), arcs 16|25|34
  row y=586.8: 6 dots (r=1.20 mm, spacing 12.0 mm), arcs 14|23|56
  row y=700.2: 6 dots (r=1.20 mm, spacing 12.0 mm), arcs 12|34|56
  grid y=292.0: 8 x 3 cells of 8.00 mm, path UDUUDDUD
  grid y=481.9: 6 x 3 cells of 8.00 mm, path None
  grid y=595.3: 6 x 3 cells of 8.00 mm, path None
  grid y=708.7: 6 x 3 cells of 8.00 mm, path None
PASS page 2: rows evenly spaced, labelled 1..n, arcs above the row; grids square with start/end dots
--- page 3: 4 dot rows, 4 grids, boxes {}
  row y=258.0: 6 dots (r=1.20 mm, spacing 10.3 mm), arcs -
  row y=405.4: 6 dots (r=1.20 mm, spacing 10.3 mm), arcs -
  row y=552.8: 8 dots (r=1.20 mm, spacing 10.3 mm), arcs -
  row y=700.2: 8 dots (r=1.20 mm, spacing 10.3 mm), arcs -
  grid y=258.0: 6 x 3 cells of 7.50 mm, path UUDUDD
  grid y=405.4: 6 x 3 cells of 7.50 mm, path UDUUDD
  grid y=552.8: 8 x 4 cells of 7.50 mm, path UUDDUUDD
  grid y=700.2: 8 x 4 cells of 7.50 mm, path UUUDUDDD
PASS page 3: rows evenly spaced, labelled 1..n, arcs above the row; grids square with start/end dots
--- page 4: 0 dot rows, 6 grids, boxes {}
  grid y=297.6: 6 x 3 cells of 10.00 mm, path None
  grid y=297.6: 6 x 3 cells of 10.00 mm, path None
  grid y=473.4: 6 x 3 cells of 10.00 mm, path None
  grid y=473.4: 6 x 3 cells of 10.00 mm, path None
  grid y=649.1: 6 x 3 cells of 10.00 mm, path None
  grid y=649.1: 6 x 3 cells of 10.00 mm, path None
PASS page 4: rows evenly spaced, labelled 1..n, arcs above the row; grids square with start/end dots
--- page 5: 4 dot rows, 0 grids, boxes {}
  row y=286.3: 8 dots (r=1.20 mm, spacing 11.4 mm), arcs -
  row y=422.4: 8 dots (r=1.20 mm, spacing 11.4 mm), arcs -
  row y=558.4: 8 dots (r=1.20 mm, spacing 11.4 mm), arcs -
  row y=694.5: 8 dots (r=1.20 mm, spacing 11.4 mm), arcs -
PASS page 5: rows evenly spaced, labelled 1..n, arcs above the row; grids square with start/end dots
--- page 6: 16 dot rows, 0 grids, boxes {}
  row y=198.4: 8 dots (r=1.05 mm, spacing 10.5 mm), arcs -
  row y=198.4: 8 dots (r=1.05 mm, spacing 10.5 mm), arcs -
  row y=272.1: 8 dots (r=1.05 mm, spacing 10.5 mm), arcs -
  row y=272.1: 8 dots (r=1.05 mm, spacing 10.5 mm), arcs -
  row y=345.8: 8 dots (r=1.05 mm, spacing 10.5 mm), arcs -
  row y=345.8: 8 dots (r=1.05 mm, spacing 10.5 mm), arcs -
  row y=419.5: 8 dots (r=1.05 mm, spacing 10.5 mm), arcs -
  row y=419.5: 8 dots (r=1.05 mm, spacing 10.5 mm), arcs -
  row y=493.2: 8 dots (r=1.05 mm, spacing 10.5 mm), arcs -
  row y=493.2: 8 dots (r=1.05 mm, spacing 10.5 mm), arcs -
  row y=566.9: 8 dots (r=1.05 mm, spacing 10.5 mm), arcs -
  row y=566.9: 8 dots (r=1.05 mm, spacing 10.5 mm), arcs -
  row y=640.6: 8 dots (r=1.05 mm, spacing 10.5 mm), arcs -
  row y=640.6: 8 dots (r=1.05 mm, spacing 10.5 mm), arcs -
  row y=714.3: 8 dots (r=1.05 mm, spacing 10.5 mm), arcs -
  row y=714.3: 8 dots (r=1.05 mm, spacing 10.5 mm), arcs -
PASS page 6: rows evenly spaced, labelled 1..n, arcs above the row; grids square with start/end dots

== Rules example and Problem 1 (page 1)
PASS page 1 example: one ten-dot row 14|23|5-10|67|89, noncrossing
PASS P1: 1 large + 6 small six-dot rows, all empty; 5 pairings exist: [24.0, 12.0, 12.0, 12.0, 12.0, 12.0, 12.0]

== Code example and Problem 2 (page 2)
PASS example row pairing and its code: ('12|36|45|78', 'UDUUDDUD')
PASS example: letters printed under the dots equal the code: UDUUDDUD
PASS example grid path equals the code: ['UDUUDDUD']
PASS example grid: 8 step letters, each above its own step and matching it: (8, [])
  P2 16|25|34 -> UUUDDD, heights [0, 1, 2, 3, 2, 1, 0], grid 6x3
PASS P2 16|25|34: noncrossing, path fits its 6x3 grid, never below 0, ends at 0
  P2 14|23|56 -> UUDDUD, heights [0, 1, 2, 1, 0, 1, 0], grid 6x3
PASS P2 14|23|56: noncrossing, path fits its 6x3 grid, never below 0, ends at 0
  P2 12|34|56 -> UDUDUD, heights [0, 1, 0, 1, 0, 1, 0], grid 6x3
PASS P2 12|34|56: noncrossing, path fits its 6x3 grid, never below 0, ends at 0
PASS P2: three rows of six letter boxes: {498.9: 6, 612.3: 6, 725.7: 6}
PASS P2 guide codes UUUDDD, UUDDUD, UDUDUD (top to bottom)

== Problem 3 (page 3)
  P3 path UUDUDD (6x3 grid) -> row of 6 dots; noncrossing pairings ['16|23|45']
PASS P3 UUDUDD: Dyck, row has 6 dots, exactly one noncrossing pairing
  P3 path UDUUDD (6x3 grid) -> row of 6 dots; noncrossing pairings ['12|36|45']
PASS P3 UDUUDD: Dyck, row has 6 dots, exactly one noncrossing pairing
  P3 path UUDDUUDD (8x4 grid) -> row of 8 dots; noncrossing pairings ['14|23|58|67']
PASS P3 UUDDUUDD: Dyck, row has 8 dots, exactly one noncrossing pairing
  P3 path UUUDUDDD (8x4 grid) -> row of 8 dots; noncrossing pairings ['18|27|34|56']
PASS P3 UUUDUDDD: Dyck, row has 8 dots, exactly one noncrossing pairing
PASS P3 guide answers 16|23|45, 12|36|45, 14|23|58|67, 18|27|34|56

== Problem 4 (page 4)
PASS P4: six empty 6x3 grids for the five paths

== Problem 5 (page 5)
PASS P5: the four printed codes: ['UUUDDUDD', 'UDDUUDUD', 'UUDUDUDD', 'UUUUDDUD']
  P5 UUUDDUDD: heights [0, 1, 2, 3, 2, 1, 2, 1, 0], valid=True, pairing ['18|25|34|67']
  P5 UDDUUDUD: heights [0, 1, 0, -1, 0, 1, 0, 1, 0], valid=False, pairing []
  P5 UUDUDUDD: heights [0, 1, 2, 1, 2, 1, 2, 1, 0], valid=True, pairing ['18|23|45|67']
  P5 UUUUDDUD: heights [0, 1, 2, 3, 4, 3, 2, 3, 2], valid=False, pairing []
PASS P5: two valid (18|25|34|67, 18|23|45|67), two invalid
PASS P5: four eight-dot rows

== Problem 6 (page 6)
PASS P6: sixteen empty eight-dot rows for 14 pairings

FAILED: none
