== Problem 1 (pages 1-2)
  page 1 board A (r=1.50 in): RBRBRB
  page 1 board B (r=1.50 in): RRRBBB
  page 1 board C (r=1.50 in): RRBRBB
PASS page 1: every counter on its circle at 60-degree places from the top, letter matches colour
PASS page 1: every board carries its arrangement (A RBRBRB, B RRRBBB, C RRBRBB clockwise from the top): [('A', 'RBRBRB'), ('B', 'RRRBBB'), ('C', 'RRBRBB')]
  page 2 board A (r=0.55 in): RBRBRB
  page 2 board A (r=0.55 in): RBRBRB
  page 2 board A (r=0.55 in): RBRBRB
  page 2 board A (r=0.55 in): RBRBRB
  page 2 board A (r=0.55 in): RBRBRB
  page 2 board A (r=0.55 in): RBRBRB
  page 2 board B (r=0.55 in): RRRBBB
  page 2 board B (r=0.55 in): RRRBBB
  page 2 board B (r=0.55 in): RRRBBB
  page 2 board B (r=0.55 in): RRRBBB
  page 2 board B (r=0.55 in): RRRBBB
  page 2 board B (r=0.55 in): RRRBBB
  page 2 board C (r=0.55 in): RRBRBB
  page 2 board C (r=0.55 in): RRBRBB
  page 2 board C (r=0.55 in): RRBRBB
  page 2 board C (r=0.55 in): RRBRBB
  page 2 board C (r=0.55 in): RRBRBB
  page 2 board C (r=0.55 in): RRBRBB
PASS page 2: every counter on its circle at 60-degree places from the top, letter matches colour
PASS page 2: every board carries its arrangement (A RBRBRB, B RRRBBB, C RRBRBB clockwise from the top): [('A', 'RBRBRB'), ('A', 'RBRBRB'), ('A', 'RBRBRB'), ('A', 'RBRBRB'), ('A', 'RBRBRB'), ('A', 'RBRBRB'), ('B', 'RRRBBB'), ('B', 'RRRBBB'), ('B', 'RRRBBB'), ('B', 'RRRBBB'), ('B', 'RRRBBB'), ('B', 'RRRBBB'), ('C', 'RRBRBB'), ('C', 'RRBRBB'), ('C', 'RRBRBB'), ('C', 'RRBRBB'), ('C', 'RRBRBB'), ('C', 'RRBRBB')]
  boards per arrangement (page 1, page 2): {'A': [1, 6], 'B': [1, 6], 'C': [1, 6]}
  A RBRBRB: 5 unlike pairings ['12|34|56', '12|36|45', '14|23|56', '16|23|45', '16|25|34']
PASS P1 A: 5 pairing(s) and 7 boards to record them
  B RRRBBB: 1 unlike pairings ['16|25|34']
PASS P1 B: 1 pairing(s) and 7 boards to record them
  C RRBRBB: 2 unlike pairings ['16|23|45', '16|25|34']
PASS P1 C: 2 pairing(s) and 7 boards to record them
PASS P1: counts 5, 1, 2

== Problems 2-3 (page 3)
  10 boards; unit 0.86 cm
PASS P2: ten 8-step boards, square cells, dashed ceiling exactly at height 2, labels 0 1 2, S and E dots: []
  ceiling-2 paths with four pairs: 8 ['UUDUDUDD', 'UUDUDDUD', 'UUDDUUDD', 'UUDDUDUD', 'UDUUDUDD', 'UDUUDDUD', 'UDUDUUDD', 'UDUDUDUD']
PASS P2: 8 paths for 10 boards
PASS P3: 16 ceiling-2 paths with five pairs

== Problem 4 (page 4)
  path at (79,156): UDUUDD, grid 6 x 2, cell 19.27 x 19.26 pt
  path at (391,156): UUDUDD, grid 6 x 2, cell 19.28 x 19.26 pt
  path at (100,309): UUUUDDDD, grid 8 x 4, cell 17.01 x 17.00 pt
  path at (107,455): UDUDUDUD, grid 8 x 4, cell 17.86 x 17.85 pt
  path at (107,578): UUDDUUDD, grid 8 x 4, cell 17.86 x 17.85 pt
  path at (107,675): UUUDUDDD, grid 8 x 4, cell 17.86 x 17.85 pt
PASS page 4: every path on square cells and inside its grid
PASS example: input path UDUUDD, output path UUDUDD: ('UDUUDD', 'UUDUDD')
PASS example: "Input:" and "Output:" letters match the drawn paths: ('UDUUDD', 'UUDUDD')
  blue marks (path, vertex indices, on the path): [('UDUUDD', [1.0, 2.0, 3.0], True), ('UUDUDD', [1.0, 2.0, 3.0], True)]
PASS example: blue marks cover steps 2-3 of each path (the swapped DU / UD)
PASS example: steps 2-3 read DU in the input and UD in the output
PASS example: the cards read D U -> U D: DUUD
PASS P4: target text and drawing both UUUUDDDD
  start drawn UDUDUDUD, label "UDUDUDUD", distance to target 6
PASS P4 start UDUDUDUD: label matches drawing
  start drawn UUDDUUDD, label "UUDDUUDD", distance to target 4
PASS P4 start UUDDUUDD: label matches drawing
  start drawn UUUDUDDD, label "UUUDUDDD", distance to target 1
PASS P4 start UUUDUDDD: label matches drawing
PASS P4 distances 6, 4, 1 in page order
  route areas (height in cm): [3.0, 3.0, 5.0]

FAILED: none
