== Guide p. 6: the five objects of size three
  UUUDDD: pairing UUUDDD , path UUUDDD , tree UUUDDD 
PASS p.6 UUUDDD: pairing, path and tree all have this code
  UUDUDD: pairing UUDUDD , path UUDUDD , tree UUDUDD 
PASS p.6 UUDUDD: pairing, path and tree all have this code
  UUDDUD: pairing UUDDUD , path UUDDUD , tree UUDDUD 
PASS p.6 UUDDUD: pairing, path and tree all have this code
  UDUUDD: pairing UDUUDD , path UDUUDD , tree UDUUDD 
PASS p.6 UDUUDD: pairing, path and tree all have this code
  UDUDUD: pairing UDUDUD , path UDUDUD , tree UDUDUD 
PASS p.6 UDUDUD: pairing, path and tree all have this code
PASS p.6: the five labels are the five Dyck words of length 6

== Guide p. 7: the complete collection of size four
  UDUDUDUD: pairing UDUDUDUD , tree UDUDUDUD 
PASS p.7 UDUDUDUD: pairing and tree have this code
  UDUDUUDD: pairing UDUDUUDD , tree UDUDUUDD 
PASS p.7 UDUDUUDD: pairing and tree have this code
  UDUUDDUD: pairing UDUUDDUD , tree UDUUDDUD 
PASS p.7 UDUUDDUD: pairing and tree have this code
  UDUUDUDD: pairing UDUUDUDD , tree UDUUDUDD 
PASS p.7 UDUUDUDD: pairing and tree have this code
  UDUUUDDD: pairing UDUUUDDD , tree UDUUUDDD 
PASS p.7 UDUUUDDD: pairing and tree have this code
  UUDDUDUD: pairing UUDDUDUD , tree UUDDUDUD 
PASS p.7 UUDDUDUD: pairing and tree have this code
  UUDDUUDD: pairing UUDDUUDD , tree UUDDUUDD 
PASS p.7 UUDDUUDD: pairing and tree have this code
  UUDUDDUD: pairing UUDUDDUD , tree UUDUDDUD 
PASS p.7 UUDUDDUD: pairing and tree have this code
  UUDUDUDD: pairing UUDUDUDD , tree UUDUDUDD 
PASS p.7 UUDUDUDD: pairing and tree have this code
  UUDUUDDD: pairing UUDUUDDD , tree UUDUUDDD 
PASS p.7 UUDUUDDD: pairing and tree have this code
  UUUDDDUD: pairing UUUDDDUD , tree UUUDDDUD 
PASS p.7 UUUDDDUD: pairing and tree have this code
  UUUDDUDD: pairing UUUDDUDD , tree UUUDDUDD 
PASS p.7 UUUDDUDD: pairing and tree have this code
  UUUDUDDD: pairing UUUDUDDD , tree UUUDUDDD 
PASS p.7 UUUDUDDD: pairing and tree have this code
  UUUUDDDD: pairing UUUUDDDD , tree UUUUDDDD 
PASS p.7 UUUUDDDD: pairing and tree have this code
PASS p.7: the 14 labels are the 14 Dyck words of length 8

== Guide p. 8: Grades 4-5 Problem 3 drawings
  UUDDUD: tree UUDDUD 
PASS p.8 UUDDUD: drawn tree has this code
  UDUUDD: tree UDUUDD 
PASS p.8 UDUUDD: drawn tree has this code
  UUDUDUDD: tree UUDUDUDD 
PASS p.8 UUDUDUDD: drawn tree has this code
  UUUDDUDD: tree UUUDDUDD 
PASS p.8 UUUDDUDD: drawn tree has this code

== Every pairing record and U/D word in the guides' text
PASS base guide: "13|24 crosses" is stated as crossing
  week-12-facilitator.pdf: 17 distinct pairing records: ['12|34', '12|34|56', '12|36|45', '12|36|45|78', '13|24', '14|23', '14|23|5-10|67|89', '14|23|56', '14|23|56|78', '14|23|58|67', '16|23|45', '16|23|45|78', '16|25|34', '16|25|34|78', '18|23|45|67', '18|25|34|67', '18|27|34|56']
PASS week-12-facilitator.pdf: every pairing record is a complete noncrossing pairing of 1..2n: []
  week-12-facilitator.pdf: 25 distinct U/D words: ['DUUUDDUD', 'UDDUUDUD', 'UDUD', 'UDUDUD', 'UDUDUDUD', 'UDUDUUDD', 'UDUUDD', 'UDUUDDUD', 'UDUUDUDD', 'UDUUUDDD', 'UUDDDUUD', 'UUDDUD', 'UUDDUDUD', 'UUDDUUDD', 'UUDUDD', 'UUDUDDUD', 'UUDUDUDD', 'UUDUDUDU', 'UUDUUDDD', 'UUUDDD', 'UUUDDDUD', 'UUUDDUDD', 'UUUDUDDD', 'UUUUDDDD', 'UUUUDDUD']
    not Dyck: ['DUUUDDUD', 'UDDUUDUD', 'UUDDDUUD', 'UUDUDUDU', 'UUUUDDUD']
PASS week-12-facilitator.pdf: the only non-Dyck words are the ones the guide calls invalid: ['DUUUDDUD', 'UDDUUDUD', 'UUDDDUUD', 'UUDUDUDU', 'UUUUDDUD']
  week-12-return-visit-facilitator.pdf: 5 distinct pairing records: ['12|34|56', '12|36|45', '14|23|56', '16|23|45', '16|25|34']
PASS week-12-return-visit-facilitator.pdf: every pairing record is a complete noncrossing pairing of 1..2n: []
  week-12-return-visit-facilitator.pdf: 12 distinct U/D words: ['UDUDUDUD', 'UDUDUUDD', 'UDUUDDUD', 'UDUUDUDD', 'UUDDUDUD', 'UUDDUUDD', 'UUDUDDUD', 'UUDUDUDD', 'UUUDDDUD', 'UUUDDUDD', 'UUUDUDDD', 'UUUUDDDD']
    not Dyck: []
PASS week-12-return-visit-facilitator.pdf: the only non-Dyck words are the ones the guide calls invalid: []

FAILED: none
