NOTE P1 cards read from the PDF table (L face, R face): {'RR': {'L': 'R', 'R': 'R'}, 'RB': {'L': 'R', 'R': 'B'}, 'BB': {'L': 'B', 'R': 'B'}}
PASS P1: cards RR, RB, BB with RB showing R on its L face
PASS P1: 3 cards x 2 x 2 face tickets = 12 equally likely histories
PASS P1: red,red -> {'RR': 4, 'RB': 1}, RR best at 4/5
PASS P1: red,blue -> RB certain (only RB with L then R)
PASS guide: blue,red forces RB; blue,blue gives BB 4/5
PASS guide: one red clue alone gives RR 2/3
PASS guide: knowing the clues came from L then L would change the retained space (RR 1/2)
NOTE fresh card per clue (first card | red,red): {'RR': 6, 'RB': 3} -> P(first card RR) = 2/3, not 4/5
PASS guide P1 grid ['RR', 'RR', 'RR', 'RR', 'RR', 'RB', 'RR', 'RB', 'BR', 'BB', 'BB', 'BB', 'BB', 'BB', 'BB'] matches enumeration
PASS guide P1 extension: n red clues -> RR 2^n/(2^n+1); mixed colours force RB (n = 1..8)
FAIL guide overview: history-count expression printed as "322=12" (should be a product equal to 12; source guide.md has 3*2*2=12 and the renderer turns *2* into italics)
NOTE P2 Host A (prize, ticket, opens, switch wins): [(1, 2, 2, False), (1, 3, 3, False), (2, 2, 3, True), (2, 3, 3, True), (3, 2, 2, True), (3, 3, 2, True)]
NOTE P2 Host B (prize, ticket, opens, switch wins/None=discard): [(1, 2, 2, False), (1, 3, 3, False), (2, 2, None, None), (2, 3, 3, True), (3, 2, 2, True), (3, 3, None, None)]
PASS P2: Host A always opens an unchosen empty door
PASS P2: Host A switch wins 4/6 = 2/3
PASS P2: Host B keeps 4 histories, switch wins 2/4 = 1/2
PASS guide: before conditioning, blind switching wins 2/6 with 2/6 discarded
PASS guide P2 table matches enumeration (6 rows)
NOTE P2 door 2 opened: Host A switch 2/3, Host B switch 1/2
NOTE P2 door 3 opened: Host A switch 2/3, Host B switch 1/2
PASS guide P2 extension: door 3 opened -> A: prize 1 one history, prize 2 two (2/3); B: one each (1/2)
PASS guide P2 extension: tie rule "always open 2" keeps overall switch rate 2/3 (door 2 opened: 1/2; door 3 opened: 1)
PASS P3: blue report has 5 histories, 3 hide red -> red better at 3/5
PASS guide: red report gives red 6/7
PASS guide: reporter honest in 2/3 of rounds
PASS guide P3 report table matches ['R1', 'R', 'R', 'B', 'R2', 'R', 'R', 'B', 'R3', 'R', 'R', 'B', 'B', 'B', 'B', 'R']
PASS P3 redesign: four-ticket sets giving a blue-report tie: ['HHHF', 'HHFH', 'HFHH', 'FHHH'] (exactly three honest, one flip; any placement)
PASS guide: h for blue vs 3(4-h) for red tie exactly at h=3
PASS guide extension: blue report balanced <=> b*h = r*f (>0), by enumerating histories for r,b,h,f <= 4
PASS guide: perfect reporter -> blue report means blue for certain; zero-honesty -> opposite colour for certain
PASS guide: 3+2+3+2+3+1 = 14 tickets per kit
PASS guide: five-kit totals (70 tickets, 20 cards incl. 5 GB demos, 15 doors, 20 counters, 10 cups)

26 passed, 1 failed
