subsets of six tickets: 64
fair cups (4-5 P6): 16
cups with both bins empty (evenGroups true, no red clue): 8
two-ticket fair cups (K-1 P7, 2-3 P6): [(1, 3), (2, 3)]
three-ticket cups, red sometimes, always hides blue (K-1 P5): [(3, 4, 5), (3, 4, 6), (3, 5, 6)]
K-1 P5 under the red-face reading: [(3, 4, 5), (3, 4, 6), (3, 5, 6), (4, 5, 6)]
K-1 P4 add 4, red-face reading (hidden red, hidden blue): (1, 2)
K-1 P4 add 4, own-face reading: (1, 1)
K-1 P2 tying removals: [1, 2]
K-1 P1 pairs: [(1, 3), (2, 3), (4, 5), (4, 6)]
non-empty whole-card selections: 7
   RR (2, 0) 
   RB (0, 1) 
   BB (0, 0) 
   RR+RB (2, 1) 
   RR+BB (2, 0) 
   RB+BB (0, 1) 
   RR+RB+BB (2, 1) 
hidden-red bin values over whole cards: [0, 2]
hidden-blue bin values over whole cards: [0, 1]
copies, fair (2a = b) smallest: (1, 2)
copies, hidden red 3/4 smallest: (3, 2)
4-5 P3 odd -> [1, 3] (1, 1)
4-5 P3 even -> [2] (1, 0)
4-5 P3 3 or less -> [1, 2, 3] (2, 1)
bonus histories: 12 red-red: 5 of which RR: 4
bonus P3 tie at h = [3]
