PASS k-1: delivered PDF is byte-identical to source reference copy (adfd2a03c0ae68ac151cb801b6fc9266)
PASS grades-2-3: delivered PDF is byte-identical to source reference copy (ab1c7bf11462d6bdd912791d7ce51fd2)
PASS grades-4-5: delivered PDF is byte-identical to source reference copy (91a1ae7b422f5204d7335b8587409712)
PASS guide: delivered PDF is byte-identical to source reference copy (7f5a65e6377e4a73fef2f06441c7d8a0)
PASS bonus: delivered PDF is byte-identical to source reference copy (bfa28ecfcbd5c21cbede8b07a5f41c5d)
PASS bonus-guide: delivered PDF is byte-identical to source reference copy (34618e181170291aee2f2ee8b41b31bb)
PASS k-1: every one of 16 card faces shows a single letter R/B matching its fill colour
PASS k-1: all card faces have one size {(59.53, 79.37): 16} pt (= 2.10 x 2.80 cm; matching-size cards)
PASS k-1: every face has exactly one visible mark or a black cover, never both or neither
PASS k-1 p1: bracket under faces 1,2 is labelled "same card"
PASS k-1 p1: bracket under faces 3,4 is labelled "same card"
PASS k-1 p1: bracket under faces 5,6 is labelled "same card"
PASS k-1 p1: catalogue faces lie on one row
PASS k-1 p1: catalogue marks read 1..6 left to right
PASS k-1 p4: bracket under faces 1,2 is labelled "same card"
PASS k-1 p4: bracket under faces 3,4 is labelled "same card"
PASS k-1 p4: bracket under faces 5,6 is labelled "same card"
PASS k-1 p4: catalogue faces lie on one row
PASS k-1 p4: catalogue marks read 1..6 left to right
PASS k-1: 2 full catalogue diagrams found (pages [1, 4])
PASS k-1: all catalogue diagrams agree
NOTE k-1: catalogue colours {1: 'R', 2: 'R', 3: 'R', 4: 'B', 5: 'B', 6: 'B'}, partners {1: 2, 2: 1, 3: 4, 4: 3, 5: 6, 6: 5}
PASS k-1 p1: launch example has ticket 4, one covered face and one turned-over face
PASS k-1 p1: launch shows ticket 4 face colour B = catalogue colour of face 4
PASS k-1 p1: turned-over face is mark 3 (R) = catalogue partner of 4
PASS k-1 p1: launch captions "blue showing"/"red underneath" match the drawn faces
PASS k-1: one chooser page
PASS k-1 p3: chooser diagram shows ticket 1 and ticket 3, each with a covered face
PASS k-1 p3: chooser faces are red, as catalogue faces 1 and 3 are
PASS k-1: problems numbered consecutively [1, 2, 3, 4, 5, 6, 7]
PASS grades-2-3: every one of 16 card faces shows a single letter R/B matching its fill colour
PASS grades-2-3: all card faces have one size {(59.53, 79.37): 16} pt (= 2.10 x 2.80 cm; matching-size cards)
PASS grades-2-3: every face has exactly one visible mark or a black cover, never both or neither
PASS grades-2-3 p1: bracket under faces 1,2 is labelled "same card"
PASS grades-2-3 p1: bracket under faces 3,4 is labelled "same card"
PASS grades-2-3 p1: bracket under faces 5,6 is labelled "same card"
PASS grades-2-3 p1: catalogue faces lie on one row
PASS grades-2-3 p1: catalogue marks read 1..6 left to right
PASS grades-2-3 p4: bracket under faces 1,2 is labelled "same card"
PASS grades-2-3 p4: bracket under faces 3,4 is labelled "same card"
PASS grades-2-3 p4: bracket under faces 5,6 is labelled "same card"
PASS grades-2-3 p4: catalogue faces lie on one row
PASS grades-2-3 p4: catalogue marks read 1..6 left to right
PASS grades-2-3: 2 full catalogue diagrams found (pages [1, 4])
PASS grades-2-3: all catalogue diagrams agree
NOTE grades-2-3: catalogue colours {1: 'R', 2: 'R', 3: 'R', 4: 'B', 5: 'B', 6: 'B'}, partners {1: 2, 2: 1, 3: 4, 4: 3, 5: 6, 6: 5}
PASS grades-2-3 p1: launch example has ticket 4, one covered face and one turned-over face
PASS grades-2-3 p1: launch shows ticket 4 face colour B = catalogue colour of face 4
PASS grades-2-3 p1: turned-over face is mark 3 (R) = catalogue partner of 4
PASS grades-2-3 p1: launch captions "blue showing"/"red underneath" match the drawn faces
PASS grades-2-3: one chooser page
PASS grades-2-3 p3: chooser diagram shows ticket 1 and ticket 3, each with a covered face
PASS grades-2-3 p3: chooser faces are red, as catalogue faces 1 and 3 are
PASS grades-2-3: problems numbered consecutively [1, 2, 3, 4, 5, 6]
PASS grades-4-5: every one of 16 card faces shows a single letter R/B matching its fill colour
PASS grades-4-5: all card faces have one size {(59.53, 79.37): 16} pt (= 2.10 x 2.80 cm; matching-size cards)
PASS grades-4-5: every face has exactly one visible mark or a black cover, never both or neither
PASS grades-4-5 p1: bracket under faces 1,2 is labelled "same card"
PASS grades-4-5 p1: bracket under faces 3,4 is labelled "same card"
PASS grades-4-5 p1: bracket under faces 5,6 is labelled "same card"
PASS grades-4-5 p1: catalogue faces lie on one row
PASS grades-4-5 p1: catalogue marks read 1..6 left to right
PASS grades-4-5 p2: bracket under faces 1,2 is labelled "same card"
PASS grades-4-5 p2: bracket under faces 3,4 is labelled "same card"
PASS grades-4-5 p2: bracket under faces 5,6 is labelled "same card"
PASS grades-4-5 p2: catalogue faces lie on one row
PASS grades-4-5 p2: catalogue marks read 1..6 left to right
PASS grades-4-5: 2 full catalogue diagrams found (pages [1, 2])
PASS grades-4-5: all catalogue diagrams agree
NOTE grades-4-5: catalogue colours {1: 'R', 2: 'R', 3: 'R', 4: 'B', 5: 'B', 6: 'B'}, partners {1: 2, 2: 1, 3: 4, 4: 3, 5: 6, 6: 5}
PASS grades-4-5 p1: launch example has ticket 4, one covered face and one turned-over face
PASS grades-4-5 p1: launch shows ticket 4 face colour B = catalogue colour of face 4
PASS grades-4-5 p1: turned-over face is mark 3 (R) = catalogue partner of 4
PASS grades-4-5 p1: launch captions "blue showing"/"red underneath" match the drawn faces
PASS grades-4-5: one chooser page
PASS grades-4-5 p3: chooser diagram shows ticket 1 and ticket 3, each with a covered face
PASS grades-4-5 p3: chooser faces are red, as catalogue faces 1 and 3 are
PASS grades-4-5: problems numbered consecutively [1, 2, 3, 4, 5, 6, 7]
PASS all three bands use the same card catalogue
PASS k-1 p3 P5: answer slots are 3 groups of sizes [3, 3, 3]
PASS k-1 p4 P7: 2 answer boxes
PASS 2-3 p1 P1: ticket labels [1, 2, 3, 4, 5, 6]
PASS 4-5 p4 P6: ticket labels [1, 2, 3, 4, 5, 6]
PASS 4-5 p4 P6: ticket row carries numbers only (no colours given away)
PASS bonus: every one of 16 tokens has a label whose letter matches its fill colour
PASS bonus: every token is a circle (equal x and y extent)
NOTE bonus p1 token rows (top to bottom): [['G', 'B', 'G', 'B'], ['R', 'R'], ['R', 'B'], ['B', 'B']]
PASS bonus p1: launch card G/B; output two clues G then B
PASS bonus p1: table card rows RR, RB, BB
PASS bonus p1: "L face" caption sits under the G token, "R face" under the B token
PASS bonus p1: table columns [('L', 'L'), ('L', 'R'), ('R', 'L'), ('R', 'R')]
NOTE bonus p2 prize/ticket rows read from text: [('1', '2'), ('3', '2'), ('2', '3'), ('2', '3'), ('1', '2'), ('3', '2'), ('2', '3'), ('2', '3')]
PASS bonus p2: prize-ticket rows found
PASS bonus p2: both host tables list all six prize-ticket stories [('1', '2'), ('1', '3'), ('2', '2'), ('2', '3'), ('3', '2'), ('3', '3')]
PASS bonus p2: demo captions "choose P, prize R" and "Host A opens Q"
PASS bonus p2: prize star is on door R in the input picture
PASS bonus p2: input doors ['P', 'Q', 'R'], output doors ['P', 'empty', 'R'] (Q opened, P and R closed)
PASS bonus p2: the initial-choice dot is under door P in both pictures
NOTE bonus p3 tokens top to bottom: ['B', 'R', 'R1', 'R2', 'R3', 'B']
PASS bonus p3: demo hidden B -> report R; table rows R1, R2, R3, B
PASS bonus p3: table columns ['counter', 'H1', 'H2', 'F']
PASS bonus p3: demo ticket is F (flip)
PASS bonus p3: four numbered slots for the four redesigned tickets ['1', '2', '3', '4']

97 passed, 0 failed
