K-1 P1 (equal-height board)
  A, B = (Fraction(14, 5), Fraction(67, 5)) (Fraction(14, 1), Fraction(67, 5))  line y = 87/10  marks 3/5 81/5
  K-1 P1 AB: contact 42/5 = 8.40000, min^2 = 1069/5 (min 14.62190); scan contact 8.4000, scan min 14.62190; strictly inside marks: True
  mirror contacts 8.4 -/+ d give equal totals for d = 1, 2, 4, 7.8 (d = 7.8 puts both contacts on the end marks)
  guide M1 = 6.4: legs^2 = 35.05, 79.85  (guide: 35.05, 79.85)
K-1 P2 (two drawn guesses)
  K-1 P2 AB: contact 3473/525 = 6.61524, min^2 = 25909/100 (min 16.09627); scan contact 6.6152, scan min 16.09627; strictly inside marks: True
  drawn guess via x = 7/2: length 16.81075 (> min by 0.714 cm)
  drawn guess via x = 23/2: length 17.34708 (> min by 1.251 cm)
  B' = (Fraction(72, 5), Fraction(2, 1))  on sheet: True
Mirror board (K-1 P3, 2-3 P2, 4-5 P2)
  B and C are mirror images in y = 8.7 on all three pages; MB = MC exactly at 157 rational contacts and by symmetry at all
  straight AC crosses at x = 8751/1010 = 8.66436; |AC|^2 = 11261/50
  mirror AB: contact 8751/1010 = 8.66436, min^2 = 11261/50 (min 15.00733); scan contact 8.6643, scan min 15.00733; strictly inside marks: True
Unequal-height board (K-1 P4, 2-3 P3, 4-5 P3)
  k-1 AB: contact 63/10 = 6.30000, min^2 = 6201/25 (min 15.74929); scan contact 6.3000, scan min 15.74929; strictly inside marks: True
  grades-2-3 AB: contact 63/10 = 6.30000, min^2 = 6201/25 (min 15.74929); scan contact 6.3000, scan min 15.74929; strictly inside marks: True
  grades-4-5 AB: contact 63/10 = 6.30000, min^2 = 6201/25 (min 15.74929); scan contact 6.3000, scan min 15.74929; strictly inside marks: True
  legs^2 689/25, 2756/25; leg2 = 4*leg1: True; midpoint of feet 83/10; heights 17/5:34/5, runs 4:8
Compare board (K-1 P5, 2-3 P1, 4-5 P1)
  k-1 AB: contact 658/71 = 9.26761, min^2 = 3517/20 (min 13.26084); scan contact 9.2676, scan min 13.26084; strictly inside marks: True
  k-1 AC: contact 1646/295 = 5.57966, min^2 = 5081/25 (min 14.25623); scan contact 5.5797, scan min 14.25623; strictly inside marks: True
  grades-2-3 AB: contact 658/71 = 9.26761, min^2 = 3517/20 (min 13.26084); scan contact 9.2676, scan min 13.26084; strictly inside marks: True
  grades-2-3 AC: contact 1646/295 = 5.57966, min^2 = 5081/25 (min 14.25623); scan contact 5.5797, scan min 14.25623; strictly inside marks: True
  grades-4-5 AB: contact 658/71 = 9.26761, min^2 = 3517/20 (min 13.26084); scan contact 9.2676, scan min 13.26084; strictly inside marks: True
  grades-4-5 AC: contact 1646/295 = 5.57966, min^2 = 5081/25 (min 14.25623); scan contact 5.5797, scan min 14.25623; strictly inside marks: True
  AB route shorter (175.85 < 203.24); difference 0.995 cm. Direct |AB|^2 = 126.65, |AC|^2 = 76.96 (direct distance points the other way)
  longest legal AB route 18.385 > shortest AC 14.256: True
Vertical board (K-1 P6, 2-3 P4)
  k-1 AB: contact 2788/405 = 6.88395, min^2 = 221/2 (min 10.51190); scan contact 6.8840, scan min 10.51190; strictly inside marks: True
  k-1 AC: contact 9977/1150 = 8.67565, min^2 = 31181/100 (min 17.65814); scan contact 8.6756, scan min 17.65814; strictly inside marks: True
  k-1 BC: contact 2539/225 = 11.28444, min^2 = 12589/100 (min 11.22007); scan contact 11.2845, scan min 11.22007; strictly inside marks: True
  grades-2-3 AB: contact 2788/405 = 6.88395, min^2 = 221/2 (min 10.51190); scan contact 6.8840, scan min 10.51190; strictly inside marks: True
  grades-2-3 AC: contact 9977/1150 = 8.67565, min^2 = 31181/100 (min 17.65814); scan contact 8.6756, scan min 17.65814; strictly inside marks: True
  grades-2-3 BC: contact 2539/225 = 11.28444, min^2 = 12589/100 (min 11.22007); scan contact 11.2845, scan min 11.22007; strictly inside marks: True
  contact order bottom to top AB, AC, BC
Inverse board (K-1 P7, 2-3 P5, 4-5 P5)
  B = (Fraction(67, 5), Fraction(143, 10))  P = (Fraction(71, 10), Fraction(87, 10))  B' = (Fraction(67, 5), Fraction(31, 10))
  64030 grid starts above the line: 15 have best contact exactly P, all on the ray from P away from B': True; e.g. [(Fraction(7, 20), Fraction(147, 10)), (Fraction(4, 5), Fraction(143, 10)), (Fraction(5, 4), Fraction(139, 10))]
  t = 1/2: S = (79/20, 23/2), best contact 71/10, min 12.6437
  t = 1: S = (4/5, 143/10), best contact 71/10, min 16.8582
  ray leaves the 16.8 x 18.2 board frame at x = 0, y = 15.011; visible length 9.50 cm
Equal-minimum board (2-3 P6)
  2-3 P6 AB: contact 8 = 8.00000, min^2 = 164 (min 12.80625); scan contact 8.0000, scan min 12.80625; strictly inside marks: True
  2-3 P6 AC: contact 31/5 = 6.20000, min^2 = 164 (min 12.80625); scan contact 6.2000, scan min 12.80625; strictly inside marks: True
Shared-contact board (4-5 P4)
  4-5 P4 AB: contact 31/5 = 6.20000, min^2 = 6516/25 (min 16.14435); scan contact 6.2000, scan min 16.14435; strictly inside marks: True
  4-5 P4 CD: contact 31/5 = 6.20000, min^2 = 225 (min 15.00000); scan contact 6.2000, scan min 15.00000; strictly inside marks: True
  distance of C from leg AM 0.97 cm, of A from leg CM 1.08 cm, of D from leg MB 1.93 cm, of B from leg MD 2.15 cm
  (other pair AC: contact 2.674)
  (other pair AD: contact 5.303)
  (other pair BC: contact 7.129)
  (other pair BD: contact 13.253)
Restricted board (2-3 P7, 4-5 P6)
  grades-2-3 AB: contact 13/2 = 6.50000, min^2 = 288 (min 16.97056); scan contact 6.5000, scan min 16.97056; strictly inside marks: True
  grades-2-3: C 9/2, D 41/5, E 51/5, F 149/10; strict membership {'CD': True, 'EF': False, 'CF': True}; margins to C, D: 2, 17/10; distance to E: 37/10
  (not asked) best E-F contact 10.2000, length 17.7594 vs unrestricted 16.9706
  grades-4-5 AB: contact 13/2 = 6.50000, min^2 = 288 (min 16.97056); scan contact 6.5000, scan min 16.97056; strictly inside marks: True
  grades-4-5: C 9/2, D 41/5, E 51/5, F 149/10; strict membership {'CD': True, 'EF': False, 'CF': True}; margins to C, D: 2, 17/10; distance to E: 37/10
  (not asked) best E-F contact 10.2000, length 17.7594 vs unrestricted 16.9706
Uniqueness board (4-5 P7)
  4-5 P7 AB: contact 1157/110 = 10.51818, min^2 = 10413/50 (min 14.43122); scan contact 10.5182, scan min 14.43122; strictly inside marks: True
  route length strictly convex along the marked segment (positive second differences at 4001 points): unique contact
All same-side pairs on all 21 pages
  35 same-side pairs: every optimum strictly inside the end marks and every reflected finish on the working region
Guide p. 3 formula x = (va+ub)/(u+v), squared minimum (b-a)^2+(u+v)^2: used above and matched by the brute-force scans
