PDF p4 (guide p.3) proof (unequal board): scale 9.121 pt per board cm, 5 dots, 3 paths
   A: drawn (2.300,12.100) expected (2.300,12.100) ok; label 10.9 pt from dot
   B: drawn (14.300,15.500) expected (14.300,15.500) ok; label 10.9 pt from dot
   B′: drawn (14.300,1.900) expected (14.300,1.900) ok; label 11.1 pt from dot
   M*: drawn (6.300,8.700) expected (6.300,8.700) ok; label 12.0 pt from dot
   extra label M at (12.700,8.700)
   path (2.30,12.10) -> (6.30,8.70) -> (14.30,15.50)  dash [] lw 1.3
   path (2.30,12.10) -> (12.70,8.70) -> (14.30,1.90)  dash [1.5, 2] lw 1.0
   path (6.30,8.70) -> (14.30,1.90)  dash [4, 2] lw 0.9
PDF p5 (guide p.4) K-1 P1 equal: scale 9.121 pt per board cm, 4 dots, 2 paths
   A: drawn (2.800,13.400) expected (2.800,13.400) ok; label 10.9 pt from dot
   B: drawn (14.000,13.400) expected (14.000,13.400) ok; label 10.9 pt from dot
   M1: drawn (6.400,8.700) expected (6.400,8.700) ok; label 15.9 pt from dot
   M2: drawn (10.400,8.700) expected (10.400,8.700) ok; label 15.9 pt from dot
   path (2.80,13.40) -> (6.40,8.70) -> (14.00,13.40)  dash [] lw 1.2
   path (2.80,13.40) -> (10.40,8.70) -> (14.00,13.40)  dash [4, 2] lw 1.2
PDF p6 (guide p.5) K-1 P2 guesses: scale 9.121 pt per board cm, 4 dots, 4 paths
   A: drawn (2.200,12.500) expected (2.200,12.500) ok; label 10.9 pt from dot
   B: drawn (14.400,15.400) expected (14.400,15.400) ok; label 10.9 pt from dot
   B′: drawn (14.400,2.000) expected (14.400,2.000) ok; label 13.3 pt from dot
   M*: drawn (6.615,8.700) expected (6.615,8.700) ok; label 12.0 pt from dot
   path (2.20,12.50) -> (6.62,8.70) -> (14.40,15.40)  dash [] lw 1.3
   path (2.20,12.50) -> (3.50,8.70) -> (14.40,15.40)  dash [2, 2] lw 0.7
   path (2.20,12.50) -> (11.50,8.70) -> (14.40,15.40)  dash [2, 2] lw 0.7
   path (6.62,8.70) -> (14.40,2.00)  dash [4, 2] lw 0.9
PDF p7 (guide p.6) mirror: scale 9.121 pt per board cm, 4 dots, 2 paths
   A: drawn (2.400,14.400) expected (2.400,14.400) ok; label 10.9 pt from dot
   B: drawn (13.500,13.100) expected (13.500,13.100) ok; label 10.9 pt from dot
   C: drawn (13.500,4.300) expected (13.500,4.300) ok; label 11.0 pt from dot
   extra label M at (7.000,8.700)
   path (2.40,14.40) -> (7.00,8.70) -> (13.50,13.10)  dash [] lw 1.2
   path (7.00,8.70) -> (13.50,4.30)  dash [4, 2] lw 1.2
PDF p8 (guide p.7) unequal: scale 9.121 pt per board cm, 4 dots, 2 paths
   A: drawn (2.300,12.100) expected (2.300,12.100) ok; label 10.9 pt from dot
   B: drawn (14.300,15.500) expected (14.300,15.500) ok; label 10.9 pt from dot
   B′: drawn (14.300,1.900) expected (14.300,1.900) ok; label 11.1 pt from dot
   M*: drawn (6.300,8.700) expected (6.300,8.700) ok; label 12.0 pt from dot
   path (2.30,12.10) -> (6.30,8.70) -> (14.30,15.50)  dash [] lw 1.3
   path (6.30,8.70) -> (14.30,1.90)  dash [4, 2] lw 0.9
PDF p9 (guide p.8) compare: scale 9.121 pt per board cm, 7 dots, 4 paths
   A: drawn (2.800,12.800) expected (2.800,12.800) ok; label 10.9 pt from dot
   B: drawn (14.000,11.700) expected (14.000,11.700) ok; label 10.9 pt from dot
   C: drawn (10.800,16.400) expected (10.800,16.400) ok; label 11.0 pt from dot
   B′: drawn (14.000,5.700) expected (14.000,5.700) ok; label 13.3 pt from dot
   C′: drawn (10.800,1.000) expected (10.800,1.000) ok; label 11.1 pt from dot
   AB: drawn (9.268,8.700) expected (9.268,8.700) ok; label 12.0 pt from dot
   AC: drawn (5.580,8.700) expected (5.580,8.700) ok; label 12.0 pt from dot
   path (2.80,12.80) -> (9.27,8.70) -> (14.00,11.70)  dash [] lw 1.3
   path (2.80,12.80) -> (5.58,8.70) -> (10.80,16.40)  dash [] lw 1.3
   path (9.27,8.70) -> (14.00,5.70)  dash [4, 2] lw 0.9
   path (5.58,8.70) -> (10.80,1.00)  dash [4, 2] lw 0.9
PDF p11 (guide p.10) inverse: scale 9.121 pt per board cm, 5 dots, 3 paths
   B: drawn (13.400,14.300) expected (13.400,14.300) ok; label 10.9 pt from dot
   P: drawn (7.100,8.700) expected (7.100,8.700) ok; label 7.3 pt from dot
   B′: drawn (13.400,3.100) expected (13.400,3.100) ok; label 11.7 pt from dot
   S1: drawn (3.950,11.500) expected (3.950,11.500) ok; label 16.1 pt from dot
   S2: drawn (0.800,14.300) expected (0.800,14.300) ok; label 16.1 pt from dot
   path (0.80,14.30) -> (7.10,8.70) -> (13.40,14.30)  dash [] lw 1.2
   path (0.80,14.30) -> (13.40,3.10)  dash [4, 2] lw 1.2
   path (3.95,11.50) -> (7.10,8.70)  dash [] lw 1.8
PDF p12 (guide p.11) lengthtie: scale 9.121 pt per board cm, 7 dots, 4 paths
   A: drawn (3.000,12.700) expected (3.000,12.700) ok; label 10.9 pt from dot
   B: drawn (13.000,12.700) expected (13.000,12.700) ok; label 10.9 pt from dot
   C: drawn (11.000,14.700) expected (11.000,14.700) ok; label 11.0 pt from dot
   B′: drawn (13.000,4.700) expected (13.000,4.700) ok; label 13.3 pt from dot
   C′: drawn (11.000,2.700) expected (11.000,2.700) ok; label 13.3 pt from dot
   AB: drawn (8.000,8.700) expected (8.000,8.700) ok; label 12.0 pt from dot
   AC: drawn (6.200,8.700) expected (6.200,8.700) ok; label 12.0 pt from dot
   path (3.00,12.70) -> (8.00,8.70) -> (13.00,12.70)  dash [] lw 1.3
   path (3.00,12.70) -> (6.20,8.70) -> (11.00,14.70)  dash [] lw 1.3
   path (8.00,8.70) -> (13.00,4.70)  dash [4, 2] lw 0.9
   path (6.20,8.70) -> (11.00,2.70)  dash [4, 2] lw 0.9
PDF p13 (guide p.12) matching: scale 9.121 pt per board cm, 7 dots, 4 paths
   A: drawn (2.200,12.300) expected (2.200,12.300) ok; label 16.1 pt from dot
   B: drawn (14.200,15.900) expected (14.200,15.900) ok; label 10.9 pt from dot
   C: drawn (2.200,12.300) expected (3.200,12.700) MISMATCH; label 11.6 pt from dot
   D: drawn (12.200,16.700) expected (12.200,16.700) ok; label 11.2 pt from dot
   B′: drawn (14.200,1.500) expected (14.200,1.500) ok; label 11.1 pt from dot
   D′: drawn (14.200,1.500) expected (12.200,0.700) MISMATCH; label 8.8 pt from dot
   M*: drawn (6.200,8.700) expected (6.200,8.700) ok; label 12.0 pt from dot
   path (2.20,12.30) -> (6.20,8.70) -> (14.20,15.90)  dash [] lw 1.3
   path (3.20,12.70) -> (6.20,8.70) -> (12.20,16.70)  dash [] lw 1.3
   path (6.20,8.70) -> (14.20,1.50)  dash [4, 2] lw 0.9
   path (6.20,8.70) -> (12.20,0.70)  dash [4, 2] lw 0.9
PDF p14 (guide p.13) restricted: scale 9.121 pt per board cm, 8 dots, 2 paths
   A: drawn (2.500,12.700) expected (2.500,12.700) ok; label 10.9 pt from dot
   B: drawn (14.500,16.700) expected (14.500,16.700) ok; label 10.9 pt from dot
   C: drawn (4.500,8.700) expected (4.500,8.700) ok; label 11.7 pt from dot
   D: drawn (8.200,8.700) expected (8.200,8.700) ok; label 11.7 pt from dot
   E: drawn (10.200,8.700) expected (10.200,8.700) ok; label 11.7 pt from dot
   F: drawn (14.900,8.700) expected (14.900,8.700) ok; label 11.7 pt from dot
   B′: drawn (14.500,0.700) expected (14.500,0.700) ok; label 11.1 pt from dot
   M*: drawn (6.500,8.700) expected (6.500,8.700) ok; label 12.0 pt from dot
   path (2.50,12.70) -> (6.50,8.70) -> (14.50,16.70)  dash [] lw 1.3
   path (6.50,8.70) -> (14.50,0.70)  dash [4, 2] lw 0.9
PDF p15 (guide p.14) unique: scale 9.121 pt per board cm, 5 dots, 3 paths
   A: drawn (3.200,15.600) expected (3.200,15.600) ok; label 10.9 pt from dot
   B: drawn (13.700,11.700) expected (13.700,11.700) ok; label 10.9 pt from dot
   B′: drawn (13.700,5.700) expected (13.700,5.700) ok; label 13.3 pt from dot
   M*: drawn (10.518,8.700) expected (10.518,8.700) ok; label 12.0 pt from dot
   extra label M at (7.400,8.700)
   path (3.20,15.60) -> (10.52,8.70) -> (13.70,11.70)  dash [] lw 1.3
   path (3.20,15.60) -> (7.40,8.70) -> (13.70,5.70)  dash [1.5, 2] lw 1.0
   path (10.52,8.70) -> (13.70,5.70)  dash [4, 2] lw 0.9
PDF p10 (guide p.9) vertical board, three views; boundary lines at page x [131.3, 306.0, 480.7]
   AB A: drawn (3.100,2.500) expected (3.100,2.500) ok; label 13.5 pt from dot
   AB B: drawn (5.600,9.200) expected (5.600,9.200) ok; label 13.5 pt from dot
   AB B′: drawn (11.200,9.200) expected (11.200,9.200) ok; label 13.3 pt from dot
   AB M*: drawn (8.400,6.884) expected (8.400,6.884) ok; label 15.5 pt from dot
   AC A: drawn (3.100,2.500) expected (3.100,2.500) ok; label 13.5 pt from dot
   AC C: drawn (2.200,15.900) expected (2.200,15.900) ok; label 13.4 pt from dot
   AC C′: drawn (14.600,15.900) expected (14.600,15.900) ok; label 13.3 pt from dot
   AC M*: drawn (8.400,8.676) expected (8.400,8.676) ok; label 15.5 pt from dot
   BC B: drawn (5.600,9.200) expected (5.600,9.200) ok; label 13.5 pt from dot
   BC C: drawn (2.200,15.900) expected (2.200,15.900) ok; label 13.4 pt from dot
   BC C′: drawn (14.600,15.900) expected (14.600,15.900) ok; label 13.3 pt from dot
   BC M*: drawn (8.400,11.284) expected (8.400,11.284) ok; label 15.5 pt from dot
TOTAL label-to-nearest-dot mismatches: 2 (every dot itself is drawn at its computed position; see the paths and the label distances below)
Guide p.12 (4-5 P4) label-to-dot distances in printed points (label box centre to dot centre):
   label C: A dot 11.6 pt, C dot 14.8 pt, B′ dot 157.5 pt, D′ dot 150.5 pt  -> nearest dot is A  (NOT its own dot)
   label A: A dot 16.1 pt, C dot 25.7 pt, B′ dot 151.2 pt, D′ dot 141.7 pt  -> nearest dot is A
   label B′: A dot 150.2 pt, C dot 145.5 pt, B′ dot 11.1 pt, D′ dot 30.6 pt  -> nearest dot is B′
   label D′: A dot 141.5 pt, C dot 137.9 pt, B′ dot 8.8 pt, D′ dot 11.4 pt  -> nearest dot is B′  (NOT its own dot)
