bonus p1: grid step 56.692 pt = 20.00 mm, board 160.0 mm wide; lower-left at (79.23,77.49) pt
   dots (grid units): (1.0, 3.0), (7.0, 5.0)
   heavy line (-0.0, 1.0) - (8.0, 1.0) width 0.80
   heavy line (-0.0, 7.0) - (8.0, 7.0) width 0.80
bonus p2: grid step 56.692 pt = 20.00 mm, board 160.0 mm wide; lower-left at (79.23,242.25) pt
   dots (grid units): (1.0, 3.0), (7.0, 5.0)
   heavy line (-0.0, 1.0) - (8.0, 1.0) width 0.80
   heavy line (-0.0, 7.0) - (8.0, 7.0) width 0.80
bonus p3: grid step 56.692 pt = 20.00 mm, board 160.0 mm wide; lower-left at (79.23,205.39) pt
   dots (grid units): (0.5, 1.0), (2.0, 1.0), (5.0, 1.0), (7.5, 1.0), (1.0, 3.0), (7.0, 5.0)
   heavy line (0.5, 1.0) - (2.0, 1.0) width 2.99
   heavy line (5.0, 1.0) - (7.5, 1.0) width 2.99
bonus p4: grid step 56.692 pt = 20.00 mm, board 160.0 mm wide; lower-left at (79.23,222.16) pt
   dots (grid units): (-0.0, 3.0), (8.0, 3.0)
   rectangle (2.0, 2.0) to (6.0, 5.0)
bonus p5: grid step 56.692 pt = 20.00 mm, board 160.0 mm wide; lower-left at (79.23,242.25) pt
   dots (grid units): (-0.0, 3.5), (8.0, 3.5)
   rectangle (2.0, 2.0) to (6.0, 5.0)
P1 lower then upper: images (Fraction(7, 1), Fraction(9, 1)), (Fraction(7, 1), Fraction(-7, 1)); contacts first wall x = 11/5, second wall x = 29/5; min^2 = 136 (min 11.66190)
   brute force over both contacts: min 11.66190 at (2.2000, 5.8000)
P2 upper then lower: images (Fraction(7, 1), Fraction(-3, 1)), (Fraction(7, 1), Fraction(17, 1)); contacts first wall x = 19/7, second wall x = 37/7; min^2 = 232 (min 15.23155)
   brute force over both contacts: min 15.23155 at (2.7143, 5.2857)
   136 < 232: lower-then-upper is shorter (guide and overview agree)
   guide height formula: H = 6, hA = 2, hB = 4: LU vertical 10, UL vertical 14 (matches)
practice visual: B' = (Fraction(4, 1), Fraction(14, 5)) (printed (4, 2.8)), N' = (Fraction(3, 1), Fraction(-2, 1)) (printed (3, -2)), B'' = (Fraction(4, 1), Fraction(-14, 5)) (printed (4, -2.8))
   lengths preserved; the unfolded path is bent (not a task answer), as the guide says
practice visual dots in panel-1 units (panel 2 adds 6.5 to x; panel 3 adds (13.3, 2.1)): [(0.4, 1.0), (1.0, -0.0), (3.0, 2.0), (4.0, 1.2), (5.96, 1.0), (6.9, 1.0), (7.5, -0.0), (9.5, 2.0), (10.5, 2.8), (12.56, 1.0), (13.7, 3.1), (14.3, 2.1), (16.3, 0.1), (17.3, -0.7)]
   expected A, M, N, B / A, M, N, B' / A, M, N', B'' all found: True []
P3 window [1/2, 2]: best contact x = 2.00000, length 8.63919
P3 window [5, 15/2]: best contact x = 5.00000, length 8.94427
   unrestricted best contact x = 3.00000
   left winner sqrt5+sqrt41 = 8.6392 < right winner 4 sqrt5 = 8.9443: unique optimum (2, 1)
P4 (A = (Fraction(0, 1), Fraction(3, 1)), B = (Fraction(8, 1), Fraction(3, 1))): 8 legal corner sequences; shortest 8.47214 via [('2', '2'), ('6', '2')]; number of shortest: 1
     8.47214  (2,2) (6,2)
     9.65685  (2,5) (6,5)
     12.06450  (2,2) (6,2) (6,5)
     12.06450  (2,2) (2,5) (6,5)
   direct segment legal? False
P5 (A = (Fraction(0, 1), Fraction(7, 2)), B = (Fraction(8, 1), Fraction(7, 2))): 8 legal corner sequences; shortest 9.00000 via [('2', '2'), ('6', '2')]; number of shortest: 2
     9.00000  (2,2) (6,2)
     9.00000  (2,5) (6,5)
     12.00000  (2,2) (6,2) (6,5)
     12.00000  (2,2) (2,5) (6,5)
   direct segment legal? False
guide rule "tie exactly at mid-height, lower wins below, upper above" holds for 31 heights from 2 to 5
