k-1 p1: line h from (0.600,8.700) to (16.200,8.700), length 15.600 cm; end marks 2
    A: (2.800, 13.400)  label 0.36 cm away
    B: (14.000, 13.400)  label 0.36 cm away
k-1 p2: line h from (0.600,8.700) to (16.200,8.700), length 15.600 cm; end marks 2
    A: (2.200, 12.500)  label 0.36 cm away
    B: (14.400, 15.400)  label 0.36 cm away
    drawn route: (2.200,12.500) -> (3.500,8.700) -> (14.400,15.400)
    drawn route: (2.200,12.500) -> (11.500,8.700) -> (14.400,15.400)  dashed
k-1 p3: line h from (0.600,8.700) to (16.200,8.700), length 15.600 cm; end marks 2
    A: (2.400, 14.400)  label 0.36 cm away
    B: (13.500, 13.100)  label 0.36 cm away
    C: (13.500, 4.300)  label 0.36 cm away
k-1 p4: line h from (0.600,8.700) to (16.200,8.700), length 15.600 cm; end marks 2
    A: (2.300, 12.100)  label 0.36 cm away
    B: (14.300, 15.500)  label 0.36 cm away
k-1 p5: line h from (0.600,8.700) to (16.200,8.700), length 15.600 cm; end marks 2
    A: (2.800, 12.800)  label 0.36 cm away
    B: (14.000, 11.700)  label 0.36 cm away
    C: (10.800, 16.400)  label 0.36 cm away
k-1 p6: line v from (8.400,0.600) to (8.400,17.600), length 17.000 cm; end marks 2
    A: (3.100, 2.500)  label 0.36 cm away
    B: (5.600, 9.200)  label 0.36 cm away
    C: (2.200, 15.900)  label 0.36 cm away
k-1 p7: line h from (0.600,8.700) to (16.200,8.700), length 15.600 cm; end marks 2
    B: (13.400, 14.300)  label 0.36 cm away
    P: (7.100, 8.700)  label 0.40 cm away
k-1: guide board-data packet_map checked against the PDF dots
grades-2-3 p1: line h from (0.600,8.700) to (16.200,8.700), length 15.600 cm; end marks 2
    A: (2.800, 12.800)  label 0.36 cm away
    B: (14.000, 11.700)  label 0.36 cm away
    C: (10.800, 16.400)  label 0.36 cm away
grades-2-3 p2: line h from (0.600,8.700) to (16.200,8.700), length 15.600 cm; end marks 2
    A: (2.400, 14.400)  label 0.36 cm away
    B: (13.500, 13.100)  label 0.36 cm away
    C: (13.500, 4.300)  label 0.36 cm away
grades-2-3 p3: line h from (0.600,8.700) to (16.200,8.700), length 15.600 cm; end marks 2
    A: (2.300, 12.100)  label 0.36 cm away
    B: (14.300, 15.500)  label 0.36 cm away
grades-2-3 p4: line v from (8.400,0.600) to (8.400,17.600), length 17.000 cm; end marks 2
    A: (3.100, 2.500)  label 0.36 cm away
    B: (5.600, 9.200)  label 0.36 cm away
    C: (2.200, 15.900)  label 0.36 cm away
grades-2-3 p5: line h from (0.600,8.700) to (16.200,8.700), length 15.600 cm; end marks 2
    B: (13.400, 14.300)  label 0.36 cm away
    P: (7.100, 8.700)  label 0.40 cm away
grades-2-3 p6: line h from (0.600,8.700) to (16.200,8.700), length 15.600 cm; end marks 2
    A: (3.000, 12.700)  label 0.36 cm away
    B: (13.000, 12.700)  label 0.36 cm away
    C: (11.000, 14.700)  label 0.36 cm away
grades-2-3 p7: line h from (0.600,8.700) to (16.200,8.700), length 15.600 cm; end marks 2
    A: (2.500, 12.700)  label 0.36 cm away
    B: (14.500, 16.700)  label 0.36 cm away
    C: (4.500, 8.700)  label 0.40 cm away
    D: (8.200, 8.700)  label 0.40 cm away
    E: (10.200, 8.700)  label 0.40 cm away
    F: (14.900, 8.700)  label 0.40 cm away
grades-2-3: guide board-data packet_map checked against the PDF dots
grades-4-5 p1: line h from (0.600,8.700) to (16.200,8.700), length 15.600 cm; end marks 2
    A: (2.800, 12.800)  label 0.36 cm away
    B: (14.000, 11.700)  label 0.36 cm away
    C: (10.800, 16.400)  label 0.36 cm away
grades-4-5 p2: line h from (0.600,8.700) to (16.200,8.700), length 15.600 cm; end marks 2
    A: (2.400, 14.400)  label 0.36 cm away
    B: (13.500, 13.100)  label 0.36 cm away
    C: (13.500, 4.300)  label 0.36 cm away
grades-4-5 p3: line h from (0.600,8.700) to (16.200,8.700), length 15.600 cm; end marks 2
    A: (2.300, 12.100)  label 0.36 cm away
    B: (14.300, 15.500)  label 0.36 cm away
grades-4-5 p4: line h from (0.600,8.700) to (16.200,8.700), length 15.600 cm; end marks 2
    A: (2.200, 12.300)  label 0.36 cm away
    B: (14.200, 15.900)  label 0.36 cm away
    C: (3.200, 12.700)  label 0.36 cm away
    D: (12.200, 16.700)  label 0.36 cm away
grades-4-5 p5: line h from (0.600,8.700) to (16.200,8.700), length 15.600 cm; end marks 2
    B: (13.400, 14.300)  label 0.36 cm away
    P: (7.100, 8.700)  label 0.40 cm away
grades-4-5 p6: line h from (0.600,8.700) to (16.200,8.700), length 15.600 cm; end marks 2
    A: (2.500, 12.700)  label 0.36 cm away
    B: (14.500, 16.700)  label 0.36 cm away
    C: (4.500, 8.700)  label 0.40 cm away
    D: (8.200, 8.700)  label 0.40 cm away
    E: (10.200, 8.700)  label 0.40 cm away
    F: (14.900, 8.700)  label 0.40 cm away
grades-4-5 p7: line h from (0.600,8.700) to (16.200,8.700), length 15.600 cm; end marks 2
    A: (3.200, 15.600)  label 0.36 cm away
    B: (13.700, 11.700)  label 0.36 cm away
grades-4-5: guide board-data packet_map checked against the PDF dots
