PASS 4 student pages
PASS p1 y=159.7: walker centred over a lamp (offset 0.00 pt)
INFO p1 y=160 n=9 diam=1.8mm labels=['-2', '-1', '0', '-2', '-1', '0', '-2', '-1', '0'] lit=[-1] walker=-2 gap=7.4mm
PASS p1 y=160: lamps are round (w = h)
PASS p1 y=160: equal lamp spacing within each demo street
PASS p1 y=301.9: walker centred over a lamp (offset 0.00 pt)
INFO p1 y=302 n=9 diam=13.0mm labels=['-4', '-3', '-2', '-1', '0', '1', '2', '3', '4'] lit=[] walker=0 gap=19.0mm
PASS p1 y=302: lamps are round (w = h)
PASS p1 y=302: equal lamp spacing
PASS p1 y=379.0: walker centred over a lamp (offset 0.00 pt)
INFO p1 y=379 n=9 diam=2.4mm labels=['-4', '-3', '-2', '-1', '0', '1', '2', '3', '4'] lit=[1] walker=1 gap=6.3mm
PASS p1 y=379: lamps are round (w = h)
PASS p1 y=379: equal lamp spacing
PASS p1 y=469.9: walker centred over a lamp (offset 0.00 pt)
INFO p1 y=470 n=9 diam=2.4mm labels=['-4', '-3', '-2', '-1', '0', '1', '2', '3', '4'] lit=[-1, 1] walker=1 gap=6.3mm
PASS p1 y=470: lamps are round (w = h)
PASS p1 y=470: equal lamp spacing
PASS p1 y=560.8: walker centred over a lamp (offset 0.00 pt)
INFO p1 y=561 n=9 diam=2.4mm labels=['-4', '-3', '-2', '-1', '0', '1', '2', '3', '4'] lit=[0, 2] walker=0 gap=6.3mm
PASS p1 y=561: lamps are round (w = h)
PASS p1 y=561: equal lamp spacing
PASS p2 y=133.2: walker centred over a lamp (offset 0.00 pt)
INFO p2 y=133 n=9 diam=13.0mm labels=['-4', '-3', '-2', '-1', '0', '1', '2', '3', '4'] lit=[] walker=0 gap=19.0mm
PASS p2 y=133: lamps are round (w = h)
PASS p2 y=133: equal lamp spacing
PASS p2 y=221.2: walker centred over a lamp (offset 0.00 pt)
INFO p2 y=221 n=9 diam=2.4mm labels=['-4', '-3', '-2', '-1', '0', '1', '2', '3', '4'] lit=[-2, 0, 2] walker=-2 gap=6.3mm
PASS p2 y=221: lamps are round (w = h)
PASS p2 y=221: equal lamp spacing
PASS p2 y=337.3: walker centred over a lamp (offset 0.00 pt)
INFO p2 y=337 n=9 diam=2.4mm labels=['-4', '-3', '-2', '-1', '0', '1', '2', '3', '4'] lit=[-2, 0, 2] walker=0 gap=6.3mm
PASS p2 y=337: lamps are round (w = h)
PASS p2 y=337: equal lamp spacing
PASS p2 y=453.4: walker centred over a lamp (offset 0.00 pt)
INFO p2 y=453 n=9 diam=2.4mm labels=['-4', '-3', '-2', '-1', '0', '1', '2', '3', '4'] lit=[-2, 0, 2] walker=2 gap=6.3mm
PASS p2 y=453: lamps are round (w = h)
PASS p2 y=453: equal lamp spacing
PASS p3 y=133.2: walker centred over a lamp (offset 0.00 pt)
INFO p3 y=133 n=9 diam=13.0mm labels=['-4', '-3', '-2', '-1', '0', '1', '2', '3', '4'] lit=[-1, 0, 1] walker=0 gap=19.0mm
PASS p3 y=133: lamps are round (w = h)
PASS p3 y=133: equal lamp spacing
PASS p3 y=317.2: walker centred over a lamp (offset 0.00 pt)
INFO p3 y=317 n=9 diam=13.0mm labels=['-4', '-3', '-2', '-1', '0', '1', '2', '3', '4'] lit=[] walker=0 gap=19.0mm
PASS p3 y=317: lamps are round (w = h)
PASS p3 y=317: equal lamp spacing
INFO p4 y=115 n=9 diam=3.4mm labels=['-4', '-3', '-2', '-1', '0', '1', '2', '3', '4'] lit=[] walker=None gap=11.0mm
PASS p4 y=115: lamps are round (w = h)
PASS p4 y=115: equal lamp spacing
INFO p4 y=219 n=9 diam=3.4mm labels=['-4', '-3', '-2', '-1', '0', '1', '2', '3', '4'] lit=[] walker=None gap=11.0mm
PASS p4 y=219: lamps are round (w = h)
PASS p4 y=219: equal lamp spacing
INFO p4 y=323 n=9 diam=3.4mm labels=['-4', '-3', '-2', '-1', '0', '1', '2', '3', '4'] lit=[] walker=None gap=11.0mm
PASS p4 y=323: lamps are round (w = h)
PASS p4 y=323: equal lamp spacing
INFO page 1: 5 circle rows
INFO page 2: 4 circle rows
INFO page 3: 2 circle rows
INFO page 4: 3 circle rows
PASS demo start: lit [], walker ['-2']; expected lit [], walker -2
PASS demo after R: lit [], walker ['-1']; expected lit [], walker -1
PASS demo after RF: lit ['-1'], walker ['-1']; expected lit [-1], walker -1
PASS page 1: 4 nine-lamp streets (expected 4)
PASS P1 large street: labels -4..4 = True, lit [], walker 0; expected lit [], walker 0
PASS P1 A: labels -4..4 = True, lit [1], walker 1; expected lit [1], walker 1
PASS P1 B: labels -4..4 = True, lit [-1, 1], walker 1; expected lit [-1, 1], walker 1
PASS P1 C: labels -4..4 = True, lit [0, 2], walker 0; expected lit [0, 2], walker 0
PASS page 2: 4 nine-lamp streets (expected 4)
PASS P2 large street: labels -4..4 = True, lit [], walker 0; expected lit [], walker 0
PASS P2 A: labels -4..4 = True, lit [-2, 0, 2], walker -2; expected lit [-2, 0, 2], walker -2
PASS P2 B: labels -4..4 = True, lit [-2, 0, 2], walker 0; expected lit [-2, 0, 2], walker 0
PASS P2 C: labels -4..4 = True, lit [-2, 0, 2], walker 2; expected lit [-2, 0, 2], walker 2
PASS page 3: 2 nine-lamp streets (expected 2)
PASS P3 target: labels -4..4 = True, lit [-1, 0, 1], walker 0; expected lit [-1, 0, 1], walker 0
PASS P3 workspace: labels -4..4 = True, lit [], walker 0; expected lit [], walker 0
PASS page 4: 3 nine-lamp streets (expected 3)
PASS P4 L blank: labels -4..4 = True, lit [], walker None; expected lit [], walker None
PASS P4 R blank: labels -4..4 = True, lit [], walker None; expected lit [], walker None
PASS P4 F blank: labels -4..4 = True, lit [], walker None; expected lit [], walker None
PASS large lamp diameter {13.0} mm (guide: "about 13 mm")
PASS 4 large streets (P1, P2, P3 target, P3 workspace)

62 checks, 0 failures
