== k-1: 7 pages
  p1: problems [1, 2]; header 'Week 6 / Code breaking / K–1'; footer 'Bellingham Math Circle / Week 6 / F06-K-v4 1'
     block green triangle       n=3 convex=True sides=[1.0, 1.0, 1.0] angles=[60.0, 60.0, 60.0] area=1.0 triangles
     block blue rhombus         n=4 convex=True sides=[1.0, 1.0, 1.0, 1.0] angles=[60.0, 120.0, 60.0, 120.0] area=2.0 triangles
     block red trapezoid        n=4 convex=True sides=[2.0, 1.0, 1.0, 1.0] angles=[59.99, 60.0, 120.0, 120.01] area=3.0 triangles
     block yellow hexagon       n=6 convex=True sides=[1.0, 1.0, 1.0, 1.0, 1.0, 1.0] angles=[120.0, 120.01, 119.99, 120.0, 120.0, 120.0] area=6.0 triangles
     block green triangle       n=3 convex=True sides=[1.0, 1.0, 1.0] angles=[60.0, 60.0, 60.0] area=1.0 triangles
     block blue rhombus         n=4 convex=True sides=[1.0, 1.0, 1.0, 1.0] angles=[60.0, 120.01, 59.99, 120.0] area=2.0 triangles
     block red trapezoid        n=4 convex=True sides=[2.0, 1.0, 1.0, 1.0] angles=[59.99, 60.0, 120.0, 120.01] area=3.0 triangles
     block yellow hexagon       n=6 convex=True sides=[1.0, 1.0, 1.0, 1.0, 1.0, 1.0] angles=[120.0, 120.0, 120.0, 120.0, 120.0, 120.0] area=6.0 triangles
     block purple chevron       n=6 convex=False sides=[1.0, 1.0, 1.0, 1.0, 1.0, 1.0] angles=[60.0, 120.0, 120.0, 120.0, 60.0, 240.0] area=4.0 triangles
     block pink right triangle  n=3 convex=True sides=[1.732, 2.0, 1.0] angles=[90.0, 30.0, 60.0] area=2.0 triangles
     block teal kite            n=4 convex=True sides=[1.732, 1.0, 1.0, 1.732] angles=[60.0, 90.0, 120.0, 90.0] area=3.999 triangles
     block gray dart            n=4 convex=False sides=[1.0, 1.0, 1.732, 1.732] angles=[30.0, 240.0, 30.0, 60.0] area=2.0 triangles
     scales used on page: [(1.0, 1.0)]
  p2: problems [3, 4]; header 'Week 6 / Code breaking / K–1'; footer 'Bellingham Math Circle / Week 6 / F06-K-v4 2'
     block green triangle       n=3 convex=True sides=[1.0, 1.0, 1.0] angles=[60.0, 60.0, 60.0] area=1.0 triangles
     block blue rhombus         n=4 convex=True sides=[1.0, 1.0, 1.0, 1.0] angles=[60.0, 120.01, 59.99, 120.0] area=2.0 triangles
     block red trapezoid        n=4 convex=True sides=[2.0, 1.0, 1.0, 1.0] angles=[59.99, 60.0, 120.0, 120.01] area=3.0 triangles
     block yellow hexagon       n=6 convex=True sides=[1.0, 1.0, 1.0, 1.0, 1.0, 1.0] angles=[120.0, 120.0, 120.0, 120.0, 120.0, 120.0] area=6.0 triangles
     block purple chevron       n=6 convex=False sides=[1.0, 1.0, 1.0, 1.0, 1.0, 1.0] angles=[60.0, 120.0, 120.0, 120.0, 60.0, 240.0] area=4.0 triangles
     block pink right triangle  n=3 convex=True sides=[1.732, 2.0, 1.0] angles=[90.0, 30.0, 60.0] area=2.0 triangles
     block teal kite            n=4 convex=True sides=[1.732, 1.0, 1.0, 1.732] angles=[60.0, 90.0, 120.0, 90.0] area=3.999 triangles
     block gray dart            n=4 convex=False sides=[1.0, 1.0, 1.732, 1.732] angles=[30.0, 240.0, 30.0, 60.0] area=2.0 triangles
     scales used on page: [(1.0, 1.0)]
  p3: problems [5]; header 'Week 6 / Code breaking / K–1'; footer 'Bellingham Math Circle / Week 6 / F06-K-v4 3'
     trays: slots per row [4, 4, 4] (12 slots)
  p4: problems [6]; header 'Week 6 / Code breaking / K–1'; footer 'Bellingham Math Circle / Week 6 / F06-K-v4 4'
     board: above fold [2, 2] slots, below [2, 2, 2]; secret stroke [1.79]pt (others [0.8]); columns aligned True; 2 triangle outlines, sides [1.0] in, angles [60.0]; triangle x [3.525, 4.725] vs slot x [3.525, 4.725]; 3 score boxes [1.0] in; slot radius [0.52]
  p5: problems [7]; header 'Week 6 / Code breaking / K–1'; footer 'Bellingham Math Circle / Week 6 / F06-K-v4 5'
     K-1 drawn tests: [[('RR', 2)], [('RY', 0)], [('RR', 1)], [('RR', 1), ('YR', 0)], [('RY', 1), ('RR', 0)]]; counter colour matches letter: True
     trays: slots per row [4, 4, 4, 4, 4] (20 slots)
  p6: problems [8]; header 'Week 6 / Code breaking / K–1'; footer 'Bellingham Math Circle / Week 6 / F06-K-v4 6'
     trays: slots per row [6, 6, 6, 6, 6] (30 slots)
  p7: problems [9]; header 'Week 6 / Code breaking / K–1'; footer 'Bellingham Math Circle / Week 6 / F06-K-v4 7'
     board: above fold [3, 3] slots, below [3, 3, 3, 3]; secret stroke [1.79]pt (others [0.8]); columns aligned True; 3 triangle outlines, sides [1.0] in, angles [60.0]; triangle x [2.925, 4.125, 5.325] vs slot x [2.925, 4.125, 5.325]; 4 score boxes [1.0] in; slot radius [0.52]
== grades-2-3: 10 pages
  p1: problems [1]; header 'Week 6 / Code breaking / Grades 2–3'; footer 'Bellingham Math Circle / Week 6 / F06-M-v4 1'
     block green triangle       n=3 convex=True sides=[1.0, 1.0, 1.0] angles=[59.99, 60.01, 60.0] area=1.0 triangles
     block blue rhombus         n=4 convex=True sides=[1.0, 1.0, 1.0, 1.0] angles=[60.0, 120.0, 60.0, 120.0] area=2.001 triangles
     block red trapezoid        n=4 convex=True sides=[2.0, 1.0, 1.0, 1.0] angles=[60.01, 60.0, 120.0, 119.99] area=3.001 triangles
     block yellow hexagon       n=6 convex=True sides=[1.0, 1.0, 1.0, 1.0, 1.0, 1.0] angles=[120.0, 119.99, 120.02, 119.99, 120.0, 120.0] area=6.001 triangles
     block purple chevron       n=6 convex=False sides=[1.0, 1.0, 1.0, 1.0, 1.0, 1.0] angles=[60.01, 119.99, 120.0, 120.0, 60.0, 240.0] area=4.001 triangles
     block pink right triangle  n=3 convex=True sides=[1.732, 2.0, 1.0] angles=[90.0, 30.0, 60.0] area=2.001 triangles
     block teal kite            n=4 convex=True sides=[1.732, 1.0, 1.0, 1.732] angles=[60.0, 90.0, 120.0, 90.0] area=4.001 triangles
     block gray dart            n=4 convex=False sides=[1.0, 1.0, 1.732, 1.732] angles=[29.99, 240.02, 29.99, 59.99] area=2.0 triangles
     scales used on page: [(1.0, 1.0)]
  p2: problems [2, 3]; header 'Week 6 / Code breaking / Grades 2–3'; footer 'Bellingham Math Circle / Week 6 / F06-M-v4 2'
     block green triangle       n=3 convex=True sides=[1.0, 1.0, 1.0] angles=[60.0, 60.0, 60.0] area=1.0 triangles
     block blue rhombus         n=4 convex=True sides=[1.0, 1.0, 1.0, 1.0] angles=[60.0, 120.0, 60.0, 120.0] area=2.0 triangles
     block red trapezoid        n=4 convex=True sides=[2.0, 1.0, 1.0, 1.0] angles=[60.0, 60.0, 120.0, 120.0] area=2.999 triangles
     block yellow hexagon       n=6 convex=True sides=[1.0, 1.0, 1.0, 1.0, 1.0, 1.0] angles=[120.0, 120.0, 120.0, 120.0, 120.0, 120.0] area=5.999 triangles
     block purple chevron       n=6 convex=False sides=[1.0, 1.0, 1.0, 1.0, 1.0, 1.0] angles=[60.0, 120.0, 120.0, 120.0, 60.0, 240.0] area=3.999 triangles
     block pink right triangle  n=3 convex=True sides=[1.732, 2.0, 1.0] angles=[90.0, 30.0, 60.0] area=2.0 triangles
     block teal kite            n=4 convex=True sides=[1.732, 1.0, 1.0, 1.732] angles=[60.0, 90.0, 120.0, 90.0] area=3.999 triangles
     block gray dart            n=4 convex=False sides=[1.0, 1.0, 1.732, 1.732] angles=[30.0, 240.0, 30.0, 60.0] area=2.0 triangles
     scales used on page: [(1.0, 1.0)]
  p3: problems [4]; header 'Week 6 / Code breaking / Grades 2–3'; footer 'Bellingham Math Circle / Week 6 / F06-M-v4 3'
     board: above fold [2, 2] slots, below [2, 2, 2]; secret stroke [1.79]pt (others [0.8]); columns aligned True; 2 triangle outlines, sides [1.0] in, angles [60.0]; triangle x [3.525, 4.725] vs slot x [3.525, 4.725]; 3 score boxes [1.0] in; slot radius [0.52]
  p4: problems [5]; header 'Week 6 / Code breaking / Grades 2–3'; footer 'Bellingham Math Circle / Week 6 / F06-M-v4 4'
     record-table cells: 60 of side [0.4] in
  p5: problems [6]; header 'Week 6 / Code breaking / Grades 2–3'; footer 'Bellingham Math Circle / Week 6 / F06-M-v4 5'
     board: above fold [3, 3] slots, below [3, 3, 3, 3]; secret stroke [1.79]pt (others [0.8]); columns aligned True; 3 triangle outlines, sides [1.0, 1.0001] in, angles [60.0]; triangle x [2.925, 4.125, 5.325] vs slot x [2.925, 4.125, 5.325]; 4 score boxes [1.0] in; slot radius [0.52]
  p6: problems [7]; header 'Week 6 / Code breaking / Grades 2–3'; footer 'Bellingham Math Circle / Week 6 / F06-M-v4 6'
     records: [[('RRR', 2)], [('RYR', 1), ('YYR', 2)], [('RYY', 2), ('YRY', 2), ('RRR', 2)], [('RRY', 2), ('RYR', 2), ('YRR', 2)], [('RRR', 3), ('RYR', 1)]]; cell fills by letter: {'R': [[246, 207, 212]], 'Y': [[252, 233, 161]]}
     record-table cells: 11 of side [0.34] in
  p7: problems [8]; header 'Week 6 / Code breaking / Grades 2–3'; footer 'Bellingham Math Circle / Week 6 / F06-M-v4 7'
     record-table cells: 72 of side [0.4] in
  p8: problems [9]; header 'Week 6 / Code breaking / Grades 2–3'; footer 'Bellingham Math Circle / Week 6 / F06-M-v4 8'
     record-table cells: 72 of side [0.4] in
  p9: problems [10]; header 'Week 6 / Code breaking / Grades 2–3'; footer 'Bellingham Math Circle / Week 6 / F06-M-v4 9'
     board: above fold [4, 4] slots, below [4, 4, 4, 4]; secret stroke [1.79]pt (others [0.8]); columns aligned True; 4 triangle outlines, sides [1.0, 1.0001] in, angles [60.0]; triangle x [2.325, 3.525, 4.725, 5.925] vs slot x [2.325, 3.525, 4.725, 5.925]; 4 score boxes [1.0] in; slot radius [0.52]
  p10: problems [11]; header 'Week 6 / Code breaking / Grades 2–3'; footer 'Bellingham Math Circle / Week 6 / F06-M-v4 10'
     record-table cells: 90 of side [0.4] in
== grades-4-5: 9 pages
  p1: problems [1]; header 'Week 6 / Code breaking / Grades 4–5'; footer 'Bellingham Math Circle / Week 6 / F06-U-v4 1'
  p2: problems [2]; header 'Week 6 / Code breaking / Grades 4–5'; footer 'Bellingham Math Circle / Week 6 / F06-U-v4 2'
     board: above fold [3, 3] slots, below [3, 3, 3, 3]; secret stroke [1.79]pt (others [0.8]); columns aligned True; 3 triangle outlines, sides [1.0] in, angles [60.0]; triangle x [2.925, 4.125, 5.325] vs slot x [2.925, 4.125, 5.325]; 4 score boxes [1.0] in; slot radius [0.52]
  p3: problems [3]; header 'Week 6 / Code breaking / Grades 4–5'; footer 'Bellingham Math Circle / Week 6 / F06-U-v4 3'
     records: [[('RRY', 2), ('RYR', 2), ('YRR', 2)], [('RRR', 2), ('RYY', 2)], [('RRYY', 3), ('YRYR', 1), ('RRRY', 2)], [('RRYY', 2), ('RYRY', 2), ('RYYR', 2)], [('RYRY', 1), ('RRYY', 3), ('YYYY', 2)]]; cell fills by letter: {'R': [[246, 207, 212]], 'Y': [[252, 233, 161]]}
     record-table cells: 14 of side [0.34] in
  p4: problems [4]; header 'Week 6 / Code breaking / Grades 4–5'; footer 'Bellingham Math Circle / Week 6 / F06-U-v4 4'
     record-table cells: 96 of side [0.34] in
  p5: problems [5]; header 'Week 6 / Code breaking / Grades 4–5'; footer 'Bellingham Math Circle / Week 6 / F06-U-v4 5'
     board: above fold [4, 4] slots, below [4, 4, 4, 4]; secret stroke [1.79]pt (others [0.8]); columns aligned True; 4 triangle outlines, sides [1.0] in, angles [60.0]; triangle x [2.325, 3.525, 4.725, 5.925] vs slot x [2.325, 3.525, 4.725, 5.925]; 4 score boxes [1.0] in; slot radius [0.52]
  p6: problems [6]; header 'Week 6 / Code breaking / Grades 4–5'; footer 'Bellingham Math Circle / Week 6 / F06-U-v4 6'
     record-table cells: 90 of side [0.34] in
  p7: problems [7, 8]; header 'Week 6 / Code breaking / Grades 4–5'; footer 'Bellingham Math Circle / Week 6 / F06-U-v4 7'
     record-table cells: 64 of side [0.34] in
  p8: problems [9]; header 'Week 6 / Code breaking / Grades 4–5'; footer 'Bellingham Math Circle / Week 6 / F06-U-v4 8'
     record-table cells: 90 of side [0.34] in
  p9: problems [10]; header 'Week 6 / Code breaking / Grades 4–5'; footer 'Bellingham Math Circle / Week 6 / F06-U-v4 9'
     record-table cells: 108 of side [0.34] in
== return-visit: 3 pages
  p1: problems [1]; header 'Week 6 / Code breaking / Grades 2–5'; footer 'Bellingham Math Circle / Week 6 / F06-RV-v1 1'
     rectangles (w,h in): [(0.98, 0.62), (3.05, 1.35), (6.68, 2.25)]
  p2: problems [2]; header 'Week 6 / Code breaking / Grades 4–5'; footer 'Bellingham Math Circle / Week 6 / F06-RV-v1 2'
     rectangles (w,h in): [(6.68, 3.02)]
  p3: problems [3]; header 'Week 6 / Code breaking / Grades 2–5'; footer 'Bellingham Math Circle / Week 6 / F06-RV-v1 3'
     rectangles (w,h in): [(6.65, 3.5)]
     counters left to right: [(3.66, 'Y'), (4.03, 'R'), (4.54, 'R'), (5.78, 'Y'), (6.15, 'R'), (6.52, 'R')]
     counter fills: [('R', (218, 94, 83)), ('Y', (247, 212, 83))]
