== K p.1: problems [1]
  Plaunch card label=['1'] dots=1 min gap dot->bottom border=32.52pt
  Plaunch card label=['4'] dots=4 min gap dot->bottom border=21.75pt
  Plaunch board target=['3'] left disks=[['1']] right disks=[['4']] right pan=True '='x1 sizes [223.9, 87.9] [223.9, 87.9]
  P1 card label=['1'] dots=1 min gap dot->bottom border=32.52pt
  P1 card label=['3'] dots=3 min gap dot->bottom border=32.52pt
  P1 board target=['2'] left disks=[] right disks=[] right pan=True '='x1 sizes [223.9, 87.9] [223.9, 87.9]
  P1 board target=['4'] left disks=[] right disks=[] right pan=True '='x1 sizes [223.9, 87.9] [223.9, 87.9]
== K p.2: problems [2]
  P2 card label=['1'] dots=1 min gap dot->bottom border=32.52pt
  P2 card label=['2'] dots=2 min gap dot->bottom border=32.52pt
  P2 strip box ['1']
  P2 strip box ['2']
  P2 strip box ['3']
  P2 strip box ['4']
  P2 strip box ['5']
  P2 board target=['3'] left disks=[] right disks=[] right pan=True '='x1 sizes [223.9, 87.9] [223.9, 87.9]
  P2 board target=['4'] left disks=[] right disks=[] right pan=True '='x1 sizes [223.9, 87.9] [223.9, 87.9]
  P2 board target=['5'] left disks=[] right disks=[] right pan=True '='x1 sizes [223.9, 87.9] [223.9, 87.9]
== K p.3: problems [3]
  P3 card label=['1'] dots=1 min gap dot->bottom border=32.52pt
  P3 card label=['4'] dots=4 min gap dot->bottom border=21.75pt
  P3 card label=['1'] dots=1 min gap dot->bottom border=32.52pt
  P3 card label=['3'] dots=3 min gap dot->bottom border=32.52pt
  P3 strip box ['1']
  P3 strip box ['2']
  P3 strip box ['3']
  P3 strip box ['4']
  P3 strip box ['5']
  P3 strip box ['6']
  P3 board target=['2'] left disks=[] right disks=[] right pan=True '='x1 sizes [223.9, 87.9] [223.9, 87.9]
  P3 board target=['5'] left disks=[] right disks=[] right pan=True '='x1 sizes [223.9, 87.9] [223.9, 87.9]
  ruled lines per problem: {3: 4}
== K p.4: problems [4]
  P4 card label=['1'] dots=1 min gap dot->bottom border=32.52pt
  P4 card label=['2'] dots=2 min gap dot->bottom border=32.52pt
  P4 card label=['3'] dots=3 min gap dot->bottom border=32.52pt
  P4 card label=['4'] dots=4 min gap dot->bottom border=21.75pt
  P4 board target=['2'] left disks=[] right disks=[] right pan=True '='x1 sizes [223.9, 87.9] [223.9, 87.9]
  P4 board target=['4'] left disks=[] right disks=[] right pan=True '='x1 sizes [223.9, 87.9] [223.9, 87.9]
  ruled lines per problem: {4: 5}
== K p.5: problems [5]
  P5 card label=['1'] dots=1 min gap dot->bottom border=32.52pt
  P5 card label=['3'] dots=3 min gap dot->bottom border=32.52pt
  P5 card label=['8'] dots=8 min gap dot->bottom border=10.98pt
  P5 card label=['9'] dots=9 min gap dot->bottom border=10.98pt
  P5 card label=['10'] dots=10 min gap dot->bottom border=0.21pt
  P5 strip box ['5']
  P5 strip box ['6']
  P5 strip box ['7']
  P5 strip box ['8']
  P5 strip box ['9']
  P5 strip box ['10']
  P5 strip box ['11']
  P5 strip box ['12']
  P5 strip box ['13']
  P5 board target=['5'] left disks=[] right disks=[] right pan=True '='x1 sizes [223.9, 87.9] [223.9, 87.9]
  P5 board target=['13'] left disks=[] right disks=[] right pan=True '='x1 sizes [223.9, 87.9] [223.9, 87.9]
  ruled lines per problem: {5: 2}
== 23 p.1: problems [1]
  Plaunch card label=['1'] dots=1 min gap dot->bottom border=32.52pt
  Plaunch card label=['4'] dots=4 min gap dot->bottom border=21.75pt
  Plaunch board target=['3'] left disks=[['1']] right disks=[['4']] right pan=True '='x1 sizes [223.9, 87.9] [223.9, 87.9]
  P1 strip box ['1']
  P1 strip box ['2']
  P1 strip box ['3']
  P1 strip box ['4']
  P1 strip box ['5']
  P1 strip box ['6']
  P1 label '1 and 2'
  P1 strip box ['1']
  P1 strip box ['2']
  P1 strip box ['3']
  P1 strip box ['4']
  P1 strip box ['5']
  P1 strip box ['6']
  P1 label '1 and 3'
  P1 strip box ['1']
  P1 strip box ['2']
  P1 strip box ['3']
  P1 strip box ['4']
  P1 strip box ['5']
  P1 strip box ['6']
  P1 label '1 and 4'
  P1 board target=['2'] left disks=[] right disks=[] right pan=True '='x1 sizes [223.9, 87.9] [223.9, 87.9]
== 23 p.2: problems [2]
  P2 card label=['1'] dots=1 min gap dot->bottom border=32.52pt
  P2 card label=['3'] dots=3 min gap dot->bottom border=32.52pt
  P2 strip box ['1']
  P2 strip box ['2']
  P2 strip box ['3']
  P2 strip box ['4']
  P2 strip box ['5']
  P2 strip box ['6']
  P2 strip box ['7']
  P2 strip box ['8']
  P2 strip box ['9']
  P2 strip box ['10']
  P2 strip box ['11']
  P2 strip box ['12']
  P2 strip box ['13']
  P2 board target=['5'] left disks=[] right disks=[] right pan=True '='x1 sizes [223.9, 87.9] [223.9, 87.9]
  P2 board target=['8'] left disks=[] right disks=[] right pan=True '='x1 sizes [223.9, 87.9] [223.9, 87.9]
  P2 board target=['13'] left disks=[] right disks=[] right pan=True '='x1 sizes [223.9, 87.9] [223.9, 87.9]
== 23 p.3: problems [3]
  P3 label '1, 3, 8'
  P3 label '1, 3, 9'
  P3 label '1, 3, 10'
  ruled lines per problem: {3: 12}
== 23 p.4: problems [4]
  P4 label '1, 3, 8'
  P4 board target=['4'] left disks=[] right disks=[] right pan=True '='x1 sizes [223.9, 87.9] [223.9, 87.9]
  P4 board target=['4'] left disks=[] right disks=[] right pan=True '='x1 sizes [223.9, 87.9] [223.9, 87.9]
  P4 label '1, 3, 9'
  P4 board target=['4'] left disks=[] right disks=[] right pan=True '='x1 sizes [223.9, 87.9] [223.9, 87.9]
  ruled lines per problem: {4: 4}
== 23 p.5: problems [5, 6]
  ruled lines per problem: {5: 7, 6: 7}
== 45 p.1: problems [1]
  Plaunch card label=['1'] dots=1 min gap dot->bottom border=32.52pt
  Plaunch card label=['4'] dots=4 min gap dot->bottom border=21.75pt
  Plaunch board target=['3'] left disks=[['1']] right disks=[['4']] right pan=True '='x1 sizes [223.9, 87.9] [223.9, 87.9]
  P1 board target=['2'] left disks=[] right disks=[] right pan=True '='x1 sizes [223.9, 87.9] [223.9, 87.9]
  P1 board target=['4'] left disks=[] right disks=[] right pan=True '='x1 sizes [223.9, 87.9] [223.9, 87.9]
  ruled lines per problem: {1: 1}
== 45 p.2: problems [2]
  P2 strip box ['1']
  P2 strip box ['2']
  P2 strip box ['3']
  P2 strip box ['4']
  P2 strip box ['5']
  P2 strip box ['6']
  P2 strip box ['7']
  P2 strip box ['8']
  P2 strip box ['9']
  P2 strip box ['10']
  P2 strip box ['11']
  P2 strip box ['12']
  P2 strip box ['13']
  P2 strip box ['14']
  P2 strip box ['15']
  P2 board target=['5'] left disks=[] right disks=[] right pan=True '='x1 sizes [223.9, 87.9] [223.9, 87.9]
  P2 board target=['7'] left disks=[] right disks=[] right pan=True '='x1 sizes [223.9, 87.9] [223.9, 87.9]
  ruled lines per problem: {2: 3}
== 45 p.3: problems [3]
  P3 board target=['4'] left disks=[] right disks=[] right pan=True '='x1 sizes [223.9, 87.9] [223.9, 87.9]
  P3 board target=['7'] left disks=[] right disks=[] right pan=True '='x1 sizes [223.9, 87.9] [223.9, 87.9]
  ruled lines per problem: {3: 7}
== 45 p.4: problems [4, 5]
  ruled lines per problem: {4: 8, 5: 5}
== 45 p.5: problems [6, 7]
  ruled lines per problem: {6: 7, 7: 6}
-- 0 FAIL line(s)
