A. geometry
PASS student packet has 4 pages (4)
  cut-out 6.000 x 2.400 in; horizontal lines at y=[372.71, 415.91, 459.11, 502.31, 545.51]
PASS cut-out is 6 x 2.4 in at 100%
PASS dotted lines at quarter heights [0.25, 0.5, 0.75]
PASS A and B on the rims, vertically aligned at mid-width (half a turn from the seam)
PASS seam example enters left edge at y=195.66; exit line y=195.66 (dotted guide), tip x=410.1
PASS P-segment reaches right edge at y=195.66 (entry 195.66)
PASS page-2 example: exit and entry at same height
PASS page-2 lifted line crosses copy boundary at the same height (160.43)
PASS lifted endpoint is exactly one copy width right (winding +1)
PASS lift board: B copies at k+1/2 for k=[-1.0, 0.0, 1.0, 2.0], A at 0.5
PASS lift board: B copies at k+1/2 for k=[-1.0, 0.0, 1.0, 2.0], A at 0.5
  twist arrow at height 0.250: shift 0.247 turn
  twist arrow at height 0.500: shift 0.497 turn
  twist arrow at height 0.750: shift 0.747 turn
  twist arrow at height 1.000: shift 0.997 turn
PASS twist arrows: shift (in turns) equals height fraction at 1/4,1/2,3/4,1
PASS twisted straight route ends one copy right (full turn at top)
B. winding
PASS PL upward routes: signed seam crossings = endpoint copy number (+2, -1) for 2197 wiggly routes each
C. twists
PASS T_k fixes both rims pointwise, k=-4..4
PASS T_j T_k = T_(j+k) on sample points
PASS T_-k inverts T_k
PASS twist T_k adds k to winding of PL routes
  words of length 2-4: 28; ending windings [-4, -3, -2, -1, 0, 1, 2, 3, 4]; max |winding| 4
PASS guide examples ++- -> +, +-- -> -, +--+ -> empty: {'++-': 1, '+--': -1, '+--+': 0}
PASS six-twist identity words: 20 (guide says 20)
D. upward minima
PASS straight lifts give |a-b|-1 interior crossings for all a!=b in -8..8
PASS equal windings: bowed copy x+t(1-t)/4 has no interior meeting
  exhaustive PL (3 interior knots, step 1/2, |D|<=6): min crossings by |a-b|: {0: 0, 1: 0, 2: 1, 3: 2, 4: 3, 5: 4}
PASS upward-route minimum = max(|a-b|-1,0) for |a-b|=0..5
E. general arcs
  grid 4x3: windings [-3, -2, -1, 0, 1, 2, 3]; path counts [1, 110, 644, 958, 644, 110, 1]
  min shared interior vertices: {(-3, -3): 99, (-3, -2): 8, (-3, -1): 4, (-3, 0): 3, (-3, 1): 4, (-3, 2): 8, (-3, 3): 12, (-2, -2): 4, (-2, -1): 1, (-2, 0): 1, (-2, 1): 2, (-2, 2): 4, (-2, 3): 8, (-1, -1): 0, (-1, 0): 0, (-1, 1): 1, (-1, 2): 2, (-1, 3): 4, (0, 0): 0, (0, 1): 0, (0, 2): 1, (0, 3): 3, (1, 1): 0, (1, 2): 1, (1, 3): 4, (2, 2): 4, (2, 3): 8, (3, 3): 99}
PASS general simple arcs (grid model): intersections >= max(|a-b|-1,0) for every winding pair
  bound attained in grid for pairs: [(-2, 0), (-2, 1), (-1, -1), (-1, 0), (-1, 1), (-1, 2), (0, 0), (0, 1), (0, 2), (1, 1)]
F. printed answers
PASS guide Problem 6 table {(0, 1): 0, (0, 2): 1, (0, 3): 2, (-1, 1): 1, (-1, 2): 2, (2, 4): 1}
PASS Problem 7: (2,7)->4, (5,5)->0
PASS guide one-route twist examples 1->2, 1->0, 0->0
PASS common twist preserves minimum
  straight winding-4 route length on the cutout cylinder: 24.1 in

0 failure(s)
