
==== K-1 (F03-K-v5)

-- arrow legibility in K-1: smallest crossing angle and arrowhead offset per drawn mat
  p1 mat1 n=3: 2 crossings, min angle 39 deg, max head offset 0.00 slot, end clearance 0.32 slot
  p1 mat2 n=3: 1 crossings, min angle 54 deg, max head offset 0.00 slot, end clearance 0.51 slot
  p2 mat1 n=4: 5 crossings, min angle 20 deg, max head offset 0.00 slot, end clearance 0.23 slot
  p2 mat2 n=4: 4 crossings, min angle 31 deg, max head offset 0.00 slot, end clearance 0.31 slot
  p3 mat1 n=4: 4 crossings, min angle 22 deg, max head offset 0.00 slot, end clearance 0.20 slot
  p3 mat2 n=5: 5 crossings, min angle 23 deg, max head offset 0.00 slot, end clearance 0.20 slot
  p7 mat1 n=4: 5 crossings, min angle 20 deg, max head offset 0.00 slot, end clearance 0.23 slot
P1
  [ok] machines: [[3, 1, 2], [1, 3, 2]]
  [ok] pictures: ['green', 'blue', 'red']
  [ok] turns: [3, 2]
  [ok] guide rows top: [['blue', 'red', 'green'], ['red', 'green', 'blue'], ['green', 'blue', 'red']]
  [ok] guide rows bottom: [['green', 'red', 'blue'], ['green', 'blue', 'red']]
P2
  [ok] turns: [4, 2]
  [ok] guide rows top: [['yellow', 'red', 'green', 'blue'], ['blue', 'green', 'yellow', 'red'], ['red', 'yellow', 'blue', 'green'], ['green', 'blue', 'red', 'yellow']]
  [ok] guide rows bottom: [['red', 'yellow', 'green', 'blue'], ['green', 'blue', 'red', 'yellow']]
  [ok] bottom loops (guide: green-red and blue-yellow swap): [(1, 3), (2, 4)]
P3
  [ok] turns: [3, 6]
  [ok] 4-slot loops (guide: red straight): [(1, 2, 4), (3,)]
  [ok] guide rows top: [['yellow', 'green', 'red', 'blue'], ['blue', 'yellow', 'red', 'green'], ['green', 'blue', 'red', 'yellow']]
  [ok] guide rows bottom: [['red', 'purple', 'green', 'blue', 'yellow'], ['green', 'yellow', 'red', 'purple', 'blue'], ['red', 'blue', 'green', 'yellow', 'purple'], ['green', 'purple', 'red', 'blue', 'yellow'], ['red', 'yellow', 'green', 'purple', 'blue'], ['green', 'blue', 'red', 'yellow', 'purple']]
  [ok] 5-slot home times (guide: green, red 2; blue, yellow, purple 3): [2, 3, 2, 3, 3]
P4: 2, 3, 4 turns on blank 4-slot mats
  [ok] blank mats: [(4, None), (4, None), (4, None)]
  [ok] 4-slot machines by turns (guide: 9 / 8 / 6): (9, 8, 6)
P5: only one block in a different slot
  [ok] machines with 1..7 slots moving exactly one block: 0
P6: undo on the second mat
  [ok] first machine: [4, 3, 1, 2]
  [ok] row after one turn (guide): ['red', 'yellow', 'blue', 'green']
  [ok] all answers (guide: only 1->3, 2->4, 3->2, 4->1): [[3, 4, 2, 1]]
P7: all 3-slot machines
  [ok] count: 6
  [ok] blank mats printed: 9
P8: 5-slot machines with 6 turns
  [ok] count (guide 20, 19 besides P3): (20, 19)
  [ok] loop sizes: {(2, 3)}
  [ok] guide examples take 6 turns: [6, 6]

==== Grades 2-3 (F03-M-v5)

-- arrow legibility in 2-3: smallest crossing angle and arrowhead offset per drawn mat
  p1 mat1 n=4: 4 crossings, min angle 27 deg, max head offset 0.24 slot, end clearance 0.20 slot
  p1 mat2 n=5: 7 crossings, min angle 20 deg, max head offset 0.24 slot, end clearance 0.15 slot
  p2 mat1 n=5: 5 crossings, min angle 24 deg, max head offset 0.24 slot, end clearance 0.13 slot
  p2 mat2 n=6: 8 crossings, min angle 20 deg, max head offset 0.24 slot, end clearance 0.18 slot
  p3 mat1 n=6: 6 crossings, min angle 23 deg, max head offset 0.24 slot, end clearance 0.27 slot
  p3 mat2 n=6: 11 crossings, min angle 17 deg, max head offset 0.24 slot, end clearance 0.14 slot
  p5 mat1 n=4: 3 crossings, min angle 31 deg, max head offset 0.24 slot, end clearance 0.34 slot
  p6 mat1 n=5: 7 crossings, min angle 19 deg, max head offset 0.24 slot, end clearance 0.15 slot
  p8 mat1 n=4: 1 crossings, min angle 47 deg, max head offset 0.00 slot, end clearance 0.45 slot
  p8 mat3 n=4: 1 crossings, min angle 47 deg, max head offset 0.00 slot, end clearance 0.45 slot
  p9 mat1 n=4: 3 crossings, min angle 25 deg, max head offset 0.24 slot, end clearance 0.15 slot
  p9 mat3 n=4: 3 crossings, min angle 25 deg, max head offset 0.24 slot, end clearance 0.15 slot
P1
  [ok] machines (guide): [[4, 2, 1, 3], [3, 5, 4, 1, 2]]
  [ok] home times / all: [[3, 1, 3, 3], 3, [3, 2, 3, 3, 2], 6]
P2
  [ok] machines (guide table): [[2, 5, 1, 4, 3], [4, 3, 6, 1, 2, 5], [4, 1, 6, 2, 3, 5], [5, 6, 3, 1, 4, 2]]
  [ok] loops (guide table): [[(1, 2, 5, 3), (4,)], [(1, 4), (2, 3, 6, 5)], [(1, 4, 2), (3, 6, 5)], [(1, 5, 4), (2, 6), (3,)]]
  [ok] turns (guide 4, 4, 3, 6): [4, 4, 3, 6]
  [ok] most loops on one machine (colours needed; guide asks for 3 per child): 3
  [ok] pictures on 6-slot mats: ['green', 'blue', 'red', 'yellow', 'purple', 'pink']
P3
  [ok] 5-slot turns possible: [1, 2, 3, 4, 5, 6]
  [ok] guide examples: [1, 2, 3, 4, 5, 6]
P4
  [ok] machines: [[2, 4, 1, 3], [5, 1, 4, 3, 2]]
  [ok] row after one turn (guide): [['red', 'green', 'yellow', 'blue'], ['blue', 'purple', 'yellow', 'red', 'green']]
  [ok] unique answers (guide): [[3, 1, 4, 2], [2, 5, 4, 3, 1]]
  [ok] same turns (guide 4 and 6): [4, 6]
P5
  [ok] 5-slot self-undoing machines (guide 26 = 1 + 10 + 15): (26, Counter({2: 15, 1: 10, 0: 1}))
  [ok] self-undoing <=> all loops of size 1 or 2: True
P6
  [ok] page 8 A=[2, 1, 3, 4] B=[1, 3, 2, 4]: rows A then B / B then A (guide): (['blue', 'red', 'green', 'yellow'], ['red', 'green', 'blue', 'yellow'])
  [ok] page 9 A=[3, 2, 1, 4] B=[1, 4, 3, 2]: rows A then B / B then A (guide): (['red', 'yellow', 'green', 'blue'], ['red', 'yellow', 'green', 'blue'])
P7
  [ok] 6-slot turns possible: [1, 2, 3, 4, 5, 6]
  [ok] splits of 6 (guide 11) and their lcms: [((6,), 6), ((5, 1), 5), ((4, 2), 4), ((4, 1, 1), 4), ((3, 3), 3), ((3, 2, 1), 6), ((3, 1, 1, 1), 3), ((2, 2, 2), 2), ((2, 2, 1, 1), 2), ((2, 1, 1, 1, 1), 2), ((1, 1, 1, 1, 1, 1), 1)]
  [ok] blank mats printed: 8
P8
  [ok] 7-slot turns possible: [1, 2, 3, 4, 5, 6, 7, 10, 12]
  [ok] more than 10 turns: loop sizes: {(3, 4)}
  [ok] guide example: 12
  [ok] splits of 7 (15); guide's nine listed values: (15, [7, 6, 10, 5, 12, 4, 3, 6, 6])
  [ok] the other six give 4 or less: (6, 4)

==== Grades 4-5 (F03-U-v5)

-- arrow legibility in 4-5: smallest crossing angle and arrowhead offset per drawn mat
  p1 mat1 n=5: 5 crossings, min angle 26 deg, max head offset 0.24 slot, end clearance 0.14 slot
  p1 mat2 n=5: 7 crossings, min angle 12 deg, max head offset 0.24 slot, end clearance 0.18 slot
  p2 mat1 n=6: 10 crossings, min angle 23 deg, max head offset 0.12 slot, end clearance 0.50 slot
  p2 mat2 n=6: 11 crossings, min angle 28 deg, max head offset 0.24 slot, end clearance 0.46 slot
  p2 mat3 n=7: 13 crossings, min angle 15 deg, max head offset 0.24 slot, end clearance 0.38 slot
  p2 mat4 n=7: 14 crossings, min angle 23 deg, max head offset 0.24 slot, end clearance 0.27 slot
  p2 mat5 n=8: 14 crossings, min angle 19 deg, max head offset 0.24 slot, end clearance 0.35 slot
  p2 mat6 n=8: 14 crossings, min angle 20 deg, max head offset 0.24 slot, end clearance 0.20 slot
  p6 mat1 n=4: 1 crossings, min angle 62 deg, max head offset 0.00 slot, end clearance 0.94 slot
  p6 mat2 n=4: 1 crossings, min angle 62 deg, max head offset 0.00 slot, end clearance 0.94 slot
  p6 mat5 n=4: 1 crossings, min angle 62 deg, max head offset 0.00 slot, end clearance 0.94 slot
  p6 mat6 n=4: 1 crossings, min angle 62 deg, max head offset 0.00 slot, end clearance 0.94 slot
  p6 mat9 n=4: 2 crossings, min angle 81 deg, max head offset 0.00 slot, end clearance 0.70 slot
  p6 mat10 n=4: 2 crossings, min angle 81 deg, max head offset 0.00 slot, end clearance 0.70 slot
  p7 mat1 n=4: 2 crossings, min angle 72 deg, max head offset 0.00 slot, end clearance 0.52 slot
  p7 mat2 n=4: 2 crossings, min angle 72 deg, max head offset 0.00 slot, end clearance 0.52 slot
  p7 mat7 n=4: 1 crossings, min angle 90 deg, max head offset 0.00 slot, end clearance 0.82 slot
  p7 mat8 n=4: 2 crossings, min angle 72 deg, max head offset 0.00 slot, end clearance 0.52 slot
P1
  [ok] machines (guide): [[3, 2, 5, 1, 4], [5, 4, 1, 2, 3]]
  [ok] home times / all (guide): [[4, 1, 4, 4, 4], 4, [3, 2, 3, 2, 3], 6]
P2
  [ok] loops (guide): [[(1, 3, 5), (2, 6, 4)], [(1, 5), (2, 3, 6), (4,)], [(1, 4, 7, 2, 5), (3, 6)], [(1, 4, 2, 7, 3, 5, 6)], [(1, 3, 2, 5, 7, 6), (4, 8)], [(1, 3, 6, 8), (2, 5, 7, 4)]]
  [ok] turns (guide 3, 6, 10, 7, 6, 4): [3, 6, 10, 7, 6, 4]
P3
  [ok] 5-slot turns (guide 1..6): [1, 2, 3, 4, 5, 6]
  [ok] blank mats: 9
P4
  [ok] max turns 6 and 7 slots (guide 6, 12): (6, 12)
  [ok] 6-slot record loop sizes (guide: 6 or 3+2+1): {(6,), (3, 2, 1)}
P5: perfect shuffles, by interleaving card lists
  [ok] 8 cards, one shuffle: ['A', '5', '2', '6', '3', '7', '4', '8']
  [ok] shuffles to return for 4, 6, 8, 10, 12 (guide 2, 4, 3, 6, 10): [2, 4, 3, 6, 10]
  [ok] 8-card machine (guide 1->1, 2->3, 3->5, 4->7, 5->2, 6->4, 7->6, 8->8): [1, 3, 5, 7, 2, 4, 6, 8]
  [ok] 8-card loops: [(1,), (2, 3, 5), (4, 7, 6), (8,)]
  [ok] mat labels: ['A', '2', '3', '4', '5', '6', '7', '8']
  [ok] dealing alternately onto a pile, top to bottom (guide 8,4,7,3,6,2,5,A): ['8', '4', '7', '3', '6', '2', '5', 'A']
P6
  [ok] pair 1 A=[2, 1, 3, 4] B=[1, 3, 2, 4]: A then B, B then A (guide): ([3, 1, 2, 4], [2, 3, 1, 4])
  [ok] pair 2 A=[2, 1, 3, 4] B=[1, 2, 4, 3]: A then B, B then A (guide): ([2, 1, 4, 3], [2, 1, 4, 3])
  [ok] pair 3 A=[2, 3, 1, 4] B=[1, 3, 4, 2]: A then B, B then A (guide): ([3, 4, 1, 2], [2, 1, 4, 3])
P7
  [ok] pair 1 A=[2, 3, 1, 4] B=[1, 4, 2, 3]: AB, undo A, undo B, undo AB (guide): ([4, 2, 1, 3], [3, 1, 2, 4], [1, 3, 4, 2], [3, 2, 4, 1])
  [ok]   undo AB = undo B then undo A; other order fails: (True, False)
  [ok] pair 2 A=[2, 1, 3, 4] B=[1, 3, 4, 2]: AB, undo A, undo B, undo AB (guide): ([3, 1, 4, 2], [2, 1, 3, 4], [1, 4, 2, 3], [2, 4, 1, 3])
  [ok]   undo AB = undo B then undo A; other order fails: (True, False)
P8
  [ok] derangements / commuting unordered pairs (guide 9 / 12): (9, 12)
  [ok] kinds (guide 3 / 3 / 6): {'two double swaps': 3, '4-loop and its square': 6, '4-loop and reverse': 3}
P9
  [ok] largest turns 1..10 by partitions (guide): [1, 2, 3, 4, 6, 6, 12, 15, 20, 30]
  [ok] brute force agrees for 1..8: [1, 2, 3, 4, 6, 6, 12, 15]
  [ok] record loop sizes 5..10 (guide 3+2; 6 or 3+2+1; 4+3; 5+3; 5+4; 5+3+2): {5: [(3, 2)], 6: [(3, 2, 1), (6,)], 7: [(4, 3)], 8: [(5, 3)], 9: [(5, 4)], 10: [(5, 3, 2)]}
  [ok] steps with no gain from 1 to 10 slots (guide: only 5 -> 6): [5]
P10
  [ok] 52 cards (guide 8): 8
  [ok] 52-card loop sizes (guide: six 8s, one 2, two fixed): Counter({8: 6, 1: 2, 2: 1})
  [ok] the 2-loop (guide 18 and 35): [(18, 35)]
  [ok] orbit of position 2 (guide 2,3,5,9,17,33,14,27): (2, 3, 5, 9, 17, 33, 14, 27)

==== Adult guide, other claims
launch: chairs 1->2, 2->1, 3->5, 5->4, 4->3
  [ok] who sits in chairs 1-5 after each switch (guide rows): [['blue', 'green', 'yellow', 'purple', 'red'], ['green', 'blue', 'purple', 'red', 'yellow'], ['blue', 'green', 'red', 'yellow', 'purple'], ['green', 'blue', 'yellow', 'purple', 'red'], ['blue', 'green', 'purple', 'red', 'yellow'], ['green', 'blue', 'red', 'yellow', 'purple']]
  [ok] home after 2: green, blue; after 3: red, yellow, purple: [2, 2, 3, 3, 3]
guide example mats (read from the guide PDF)
  [ok] P4 examples turns (captions 2, 3, 4): [2, 3, 4]
  [ok] P6 first machine / answer: [[4, 3, 1, 2], [3, 4, 2, 1]]
  [ok] P7 six machines, all different, turns (captions 1, 2, 2, 2, 3, 3): (6, [1, 2, 2, 2, 3, 3])
section 5
  [ok] return times on 7 slots (guide 1-7, 10, 12): [1, 2, 3, 4, 5, 6, 7, 10, 12]
perfect shuffles: out-shuffle order = order of 2 mod 2m-1; in-shuffle 52 cards needs 52
  [ok] order of 2 mod 2m-1 for 4,6,8,10,12,52 (guide 2,4,3,6,10,8): [2, 4, 3, 6, 10, 8]
  [ok] agrees with interleaving: [2, 4, 3, 6, 10, 8]
  [ok] in-shuffles for 52 cards (guide 52): 52
Elmsley: top card to position k (from 0): binary of k, in for 1, out for 0, read from the left
  [ok] positions 1..51 that fail: []
materials
  [ok] cubes: 25 + 30 + 20 = 75; green 5+5+4 = 14; pink 5: (75, 14, 5)
  [ok] pattern blocks (1 in sides): trapezoid 2, hexagon across corners 2, blue rhombus long diagonal 1.73: (2, 2, 1.73)

==== Guide rows read from the PDF vs rows computed from the student mats
  [ok] guide p3: launch chairs printed exactly as computed: True
  [ok] guide p4: K-1 P1 top printed exactly as computed: True
  [ok] guide p4: K-1 P1 bottom printed exactly as computed: True
  [ok] guide p4: K-1 P2 top printed exactly as computed: True
  [ok] guide p4: K-1 P2 bottom printed exactly as computed: True
  [ok] guide p4: K-1 P3 top printed exactly as computed: True
  [ok] guide p4: K-1 P3 bottom printed exactly as computed: True
  [ok] guide p5: K-1 P6 row after one turn printed exactly as computed: True
  [ok] guide p6: 2-3 P4 row after one turn of [2, 4, 1, 3] printed exactly as computed: True
  [ok] guide p6: 2-3 P4 row after one turn of [5, 1, 4, 3, 2] printed exactly as computed: True
  [ok] guide p6: 2-3 P6 page 8 A then B printed exactly as computed: True
  [ok] guide p6: 2-3 P6 page 8 B then A printed exactly as computed: True
  [ok] guide p6: 2-3 P6 page 9 A then B printed exactly as computed: True
  [ok] printed rows not accounted for: []

==== Geometry: slots square, block pictures regular, slot sizes
  week-03-k-1.pdf: slot sizes (in) {1.2: 122, 0.66: 54}; worst |w-h| 0.001 pt; green triangles max side ratio 1.001; yellow hexagons max side ratio 1.004
  [ok] week-03-k-1.pdf slots square, triangles equilateral, hexagons regular (within 1%): (True, True, True)
  week-03-grades-2-3.pdf: slot sizes (in) {1.2: 96, 1.15: 36, 0.48: 100, 0.4: 112, 0.55: 42}; worst |w-h| 0.001 pt; green triangles max side ratio 1.001; yellow hexagons max side ratio 1.004
  [ok] week-03-grades-2-3.pdf slots square, triangles equilateral, hexagons regular (within 1%): (True, True, True)
  week-03-grades-4-5.pdf: slot sizes (in) {1.2: 20, 0.38: 270, 0.4: 52, 0.55: 16, 0.42: 96, 0.48: 16}; worst |w-h| 0.073 pt; green triangles max side ratio 1.001; yellow hexagons max side ratio 1.004
  [ok] week-03-grades-4-5.pdf slots square, triangles equilateral, hexagons regular (within 1%): (True, True, True)

==== Return visit (companion, brief)
  [ok] P1 rows: fewest adjacent swaps by BFS (guide 2, 3, 9): [2, 3, 9]
  [ok] P1 hardest 5-card row distance (guide 54321, 10): 10
  [ok] inversions agree with BFS for all 5-card rows: True
  [ok] P2 reachable from 1234 (guide 8; 10 for five cards): (8, 10)
  [ok] P2 targets 3412, 2143 reachable; 1324, 2413 not: [True, True, False, False]
  [ok] P3 guide root [2, 3, 1] for output [2, 3, 1]: rows: ([3, 1, 2], True)
  [ok] P3 guide root [3, 4, 2, 1] for output [2, 1, 4, 3]: rows: ([4, 3, 1, 2], True)
  [ok] P3 guide root [2, 3, 1, 5, 6, 4] for output [2, 3, 1, 5, 6, 4]: rows: ([3, 1, 2, 6, 4, 5], True)
  [ok] P3 output 213 has no root: []
  [ok] targets with a root, 3/4/6 slots (guide 3, 12, 270): [3, 12, 270]

0 mismatches
