==================== week-03-k-1.pdf
p1 mat1 n=3 slot=1.20in perm=[3, 1, 2] pics=[green blue red] maxhead_off=0.00 labels=''
p1 mat2 n=3 slot=1.20in perm=[1, 3, 2] pics=[green blue red] maxhead_off=0.00 labels=''
p2 mat1 n=4 slot=1.20in perm=[3, 4, 2, 1] pics=[green blue red yellow] maxhead_off=0.00 labels=''
p2 mat2 n=4 slot=1.20in perm=[3, 4, 1, 2] pics=[green blue red yellow] maxhead_off=0.00 labels=''
p3 mat1 n=4 slot=1.20in perm=[2, 4, 3, 1] pics=[green blue red yellow] maxhead_off=0.00 labels=''
p3 mat2 n=5 slot=1.20in perm=[3, 4, 1, 5, 2] pics=[green blue red yellow purple] maxhead_off=0.00 labels=''
p4 mat1 n=4 slot=1.20in perm=blank pics=[green blue red yellow] maxhead_off=0.00 labels=''
p4 mat2 n=4 slot=1.20in perm=blank pics=[green blue red yellow] maxhead_off=0.00 labels=''
p5 mat1 n=4 slot=1.20in perm=blank pics=[green blue red yellow] maxhead_off=0.00 labels=''
p6 mat1 n=4 slot=1.20in perm=blank pics=[green blue red yellow] maxhead_off=0.00 labels=''
p6 mat2 n=4 slot=1.20in perm=blank pics=[green blue red yellow] maxhead_off=0.00 labels=''
p7 mat1 n=4 slot=1.20in perm=[4, 3, 1, 2] pics=[green blue red yellow] maxhead_off=0.00 labels=''
p7 mat2 n=4 slot=1.20in perm=blank pics=[green blue red yellow] maxhead_off=0.00 labels=''
p8 mat1 n=3 slot=0.66in perm=blank pics=[] maxhead_off=0.00 labels='Problem 7: Draw all the different'
p8 mat2 n=3 slot=0.66in perm=blank pics=[] maxhead_off=0.00 labels='the different machines with 3 slots. How many'
p8 mat3 n=3 slot=0.66in perm=blank pics=[] maxhead_off=0.00 labels='slots. How many are there?'
p8 mat4 n=3 slot=0.66in perm=blank pics=[] maxhead_off=0.00 labels=''
p8 mat5 n=3 slot=0.66in perm=blank pics=[] maxhead_off=0.00 labels=''
p8 mat6 n=3 slot=0.66in perm=blank pics=[] maxhead_off=0.00 labels=''
p8 mat7 n=3 slot=0.66in perm=blank pics=[] maxhead_off=0.00 labels=''
p8 mat8 n=3 slot=0.66in perm=blank pics=[] maxhead_off=0.00 labels=''
p8 mat9 n=3 slot=0.66in perm=blank pics=[] maxhead_off=0.00 labels=''
p9 mat1 n=5 slot=1.20in perm=blank pics=[green blue red yellow purple] maxhead_off=0.00 labels=''
p10 mat1 n=5 slot=1.20in perm=blank pics=[green blue red yellow purple] maxhead_off=0.00 labels=''
==================== week-03-grades-2-3.pdf
p1 mat1 n=4 slot=1.20in perm=[4, 2, 1, 3] pics=[green blue red yellow] maxhead_off=0.24 labels='all blocks'
p1 mat2 n=5 slot=1.20in perm=[3, 5, 4, 1, 2] pics=[green blue red yellow purple] maxhead_off=0.24 labels='all blocks'
p2 mat1 n=5 slot=1.20in perm=[2, 5, 1, 4, 3] pics=[green blue red yellow purple] maxhead_off=0.24 labels='predict check'
p2 mat2 n=6 slot=1.15in perm=[4, 3, 6, 1, 2, 5] pics=[green blue red yellow purple pink] maxhead_off=0.24 labels=''
p3 mat1 n=6 slot=1.15in perm=[4, 1, 6, 2, 3, 5] pics=[green blue red yellow purple pink] maxhead_off=0.24 labels=''
p3 mat2 n=6 slot=1.15in perm=[5, 6, 3, 1, 4, 2] pics=[green blue red yellow purple pink] maxhead_off=0.24 labels=''
p4 mat1 n=5 slot=0.48in perm=blank pics=[] maxhead_off=0.00 labels='1 turn'
p4 mat2 n=5 slot=0.48in perm=blank pics=[] maxhead_off=0.00 labels='2 turns'
p4 mat3 n=5 slot=0.48in perm=blank pics=[] maxhead_off=0.00 labels='3 turns'
p4 mat4 n=5 slot=0.48in perm=blank pics=[] maxhead_off=0.00 labels='4 turns'
p4 mat5 n=5 slot=0.48in perm=blank pics=[] maxhead_off=0.00 labels='5 turns'
p4 mat6 n=5 slot=0.48in perm=blank pics=[] maxhead_off=0.00 labels='6 turns'
p5 mat1 n=4 slot=1.20in perm=[2, 4, 1, 3] pics=[green blue red yellow] maxhead_off=0.24 labels=''
p5 mat2 n=4 slot=1.20in perm=blank pics=[green blue red yellow] maxhead_off=0.00 labels=''
p6 mat1 n=5 slot=1.20in perm=[5, 1, 4, 3, 2] pics=[green blue red yellow purple] maxhead_off=0.24 labels=''
p6 mat2 n=5 slot=1.20in perm=blank pics=[green blue red yellow purple] maxhead_off=0.00 labels=''
p7 mat1 n=5 slot=0.48in perm=blank pics=[] maxhead_off=0.00 labels='can you tell from its loops whether a machine undoes itself?'
p7 mat2 n=5 slot=0.48in perm=blank pics=[] maxhead_off=0.00 labels='itself? Explain.'
p7 mat3 n=5 slot=0.48in perm=blank pics=[] maxhead_off=0.00 labels=''
p7 mat4 n=5 slot=0.48in perm=blank pics=[] maxhead_off=0.00 labels=''
p8 mat1 n=4 slot=1.20in perm=[2, 1, 3, 4] pics=[green blue red yellow] maxhead_off=0.00 labels='A A then B'
p8 mat2 n=4 slot=0.40in perm=blank pics=[] maxhead_off=0.00 labels='A then B B then A'
p8 mat3 n=4 slot=1.20in perm=[1, 3, 2, 4] pics=[green blue red yellow] maxhead_off=0.00 labels='B B then A'
p9 mat1 n=4 slot=1.20in perm=[3, 2, 1, 4] pics=[green blue red yellow] maxhead_off=0.24 labels='A A then B'
p9 mat2 n=4 slot=0.40in perm=blank pics=[] maxhead_off=0.00 labels='A then B B then A'
p9 mat3 n=4 slot=1.20in perm=[1, 4, 3, 2] pics=[green blue red yellow] maxhead_off=0.24 labels='B B then A'
p10 mat1 n=6 slot=0.40in perm=blank pics=[] maxhead_off=0.00 labels='machine for each number you find, and explain why turns'
p10 mat2 n=6 slot=0.40in perm=blank pics=[] maxhead_off=0.00 labels='why no other number is possible. turns turns'
p10 mat3 n=6 slot=0.40in perm=blank pics=[] maxhead_off=0.00 labels='turns'
p10 mat4 n=6 slot=0.40in perm=blank pics=[] maxhead_off=0.00 labels='turns turns'
p10 mat5 n=6 slot=0.40in perm=blank pics=[] maxhead_off=0.00 labels='turns'
p10 mat6 n=6 slot=0.40in perm=blank pics=[] maxhead_off=0.00 labels='turns turns'
p10 mat7 n=6 slot=0.40in perm=blank pics=[] maxhead_off=0.00 labels='turns'
p10 mat8 n=6 slot=0.40in perm=blank pics=[] maxhead_off=0.00 labels='turns turns'
p11 mat1 n=7 slot=0.55in perm=blank pics=[] maxhead_off=0.00 labels='most turns a machine with 7 slots can take? Explain. turns'
p11 mat2 n=7 slot=0.55in perm=blank pics=[] maxhead_off=0.00 labels='turns'
p11 mat3 n=7 slot=0.55in perm=blank pics=[] maxhead_off=0.00 labels='turns'
==================== week-03-grades-4-5.pdf
p1 mat1 n=5 slot=1.20in perm=[3, 2, 5, 1, 4] pics=[green blue red yellow purple] maxhead_off=0.24 labels='all blocks'
p1 mat2 n=5 slot=1.20in perm=[5, 4, 1, 2, 3] pics=[green blue red yellow purple] maxhead_off=0.24 labels='all blocks'
p2 mat1 n=6 slot=0.38in perm=[3, 6, 5, 2, 1, 4] pics=[] maxhead_off=0.12 labels='blocks home.'
p2 mat2 n=6 slot=0.38in perm=[5, 3, 6, 4, 1, 2] pics=[] maxhead_off=0.24 labels=''
p2 mat3 n=7 slot=0.38in perm=[4, 5, 6, 7, 1, 3, 2] pics=[] maxhead_off=0.24 labels=''
p2 mat4 n=7 slot=0.38in perm=[4, 7, 5, 2, 6, 1, 3] pics=[] maxhead_off=0.24 labels=''
p2 mat5 n=8 slot=0.38in perm=[3, 5, 2, 8, 7, 1, 6, 4] pics=[] maxhead_off=0.24 labels=''
p2 mat6 n=8 slot=0.38in perm=[3, 5, 6, 2, 7, 8, 4, 1] pics=[] maxhead_off=0.24 labels=''
p3 mat1 n=5 slot=0.38in perm=blank pics=[] maxhead_off=0.00 labels='machine for each number you find, and explain'
p3 mat2 n=5 slot=0.38in perm=blank pics=[] maxhead_off=0.00 labels='you find, and explain why no other number is possible.'
p3 mat3 n=5 slot=0.38in perm=blank pics=[] maxhead_off=0.00 labels='number is possible.'
p3 mat4 n=5 slot=0.38in perm=blank pics=[] maxhead_off=0.00 labels=''
p3 mat5 n=5 slot=0.38in perm=blank pics=[] maxhead_off=0.00 labels=''
p3 mat6 n=5 slot=0.38in perm=blank pics=[] maxhead_off=0.00 labels=''
p3 mat7 n=5 slot=0.38in perm=blank pics=[] maxhead_off=0.00 labels=''
p3 mat8 n=5 slot=0.38in perm=blank pics=[] maxhead_off=0.00 labels=''
p3 mat9 n=5 slot=0.38in perm=blank pics=[] maxhead_off=0.00 labels=''
p4 mat1 n=6 slot=0.40in perm=blank pics=[] maxhead_off=0.00 labels='6 slots 7'
p4 mat2 n=7 slot=0.40in perm=blank pics=[] maxhead_off=0.00 labels='7 slots'
p4 mat3 n=6 slot=0.40in perm=blank pics=[] maxhead_off=0.00 labels=''
p4 mat4 n=7 slot=0.40in perm=blank pics=[] maxhead_off=0.00 labels=''
p5 mat1 n=8 slot=0.55in perm=blank pics=[] maxhead_off=0.00 labels='A 2 3 4 5 6 7 8'
p6 mat1 n=4 slot=0.38in perm=[2, 1, 3, 4] pics=[] maxhead_off=0.00 labels='A B'
p6 mat2 n=4 slot=0.38in perm=[1, 3, 2, 4] pics=[] maxhead_off=0.00 labels='B A then B'
p6 mat3 n=4 slot=0.38in perm=blank pics=[] maxhead_off=0.00 labels='A then B B then A'
p6 mat4 n=4 slot=0.38in perm=blank pics=[] maxhead_off=0.00 labels='B then A'
p6 mat5 n=4 slot=0.38in perm=[2, 1, 3, 4] pics=[] maxhead_off=0.00 labels='A B'
p6 mat6 n=4 slot=0.38in perm=[1, 2, 4, 3] pics=[] maxhead_off=0.00 labels='B A then B'
p6 mat7 n=4 slot=0.38in perm=blank pics=[] maxhead_off=0.00 labels='A then B B then A'
p6 mat8 n=4 slot=0.38in perm=blank pics=[] maxhead_off=0.00 labels='B then A'
p6 mat9 n=4 slot=0.38in perm=[2, 3, 1, 4] pics=[] maxhead_off=0.00 labels='A B'
p6 mat10 n=4 slot=0.38in perm=[1, 3, 4, 2] pics=[] maxhead_off=0.00 labels='B A then B'
p6 mat11 n=4 slot=0.38in perm=blank pics=[] maxhead_off=0.00 labels='A then B B then A'
p6 mat12 n=4 slot=0.38in perm=blank pics=[] maxhead_off=0.00 labels='B then A'
p7 mat1 n=4 slot=0.42in perm=[2, 3, 1, 4] pics=[] maxhead_off=0.00 labels='A B'
p7 mat2 n=4 slot=0.42in perm=[1, 4, 2, 3] pics=[] maxhead_off=0.00 labels='B A then'
p7 mat3 n=4 slot=0.42in perm=blank pics=[] maxhead_off=0.00 labels='A then B'
p7 mat4 n=4 slot=0.42in perm=blank pics=[] maxhead_off=0.00 labels='undoes A undoes'
p7 mat5 n=4 slot=0.42in perm=blank pics=[] maxhead_off=0.00 labels='undoes B undoes'
p7 mat6 n=4 slot=0.42in perm=blank pics=[] maxhead_off=0.00 labels='undoes (A then B)'
p7 mat7 n=4 slot=0.42in perm=[2, 1, 3, 4] pics=[] maxhead_off=0.00 labels='A B'
p7 mat8 n=4 slot=0.42in perm=[1, 3, 4, 2] pics=[] maxhead_off=0.00 labels='B A then'
p7 mat9 n=4 slot=0.42in perm=blank pics=[] maxhead_off=0.00 labels='A then B'
p7 mat10 n=4 slot=0.42in perm=blank pics=[] maxhead_off=0.00 labels='undoes A undoes'
p7 mat11 n=4 slot=0.42in perm=blank pics=[] maxhead_off=0.00 labels='undoes B undoes'
p7 mat12 n=4 slot=0.42in perm=blank pics=[] maxhead_off=0.00 labels='undoes (A then B)'
p8 mat1 n=4 slot=0.48in perm=blank pics=[] maxhead_off=0.00 labels='A'
p8 mat2 n=4 slot=0.48in perm=blank pics=[] maxhead_off=0.00 labels='B'
==================== week-03-facilitator.pdf
p4 mat1 n=4 slot=0.18in perm=[2, 1, 3, 4] pics=[green blue red yellow] maxhead_off=0.03 labels='two swaps at once). 3 turns: three cubes round (6 machines).'
p4 mat2 n=4 slot=0.18in perm=[2, 3, 1, 4] pics=[green blue red yellow] maxhead_off=0.04 labels='once). 3 turns: three cubes go round and Examples: turns 3 t'
p4 mat3 n=4 slot=0.18in perm=[2, 3, 4, 1] pics=[green blue red yellow] maxhead_off=0.22 labels='cubes go round and one goes straight turns 4 turns'
p5 mat1 n=4 slot=0.18in perm=[4, 3, 1, 2] pics=[green blue red yellow] maxhead_off=0.22 labels='the row is . The only answer: is the first machine with ever'
p5 mat2 n=4 slot=0.18in perm=[3, 4, 2, 1] pics=[green blue red yellow] maxhead_off=0.22 labels='only answer: 1→3, 2→4, 3→2, 4→1 every arrow reversed: answer'
p5 mat3 n=3 slot=0.18in perm=[1, 2, 3] pics=[green blue red] maxhead_off=0.00 labels='6 (nine mats are printed, so three (3 machines, 2 turns); al'
p5 mat4 n=3 slot=0.18in perm=[2, 1, 3] pics=[green blue red] maxhead_off=0.03 labels='are printed, so three stay empty). 2 turns); all three go ro'
p5 mat5 n=3 slot=0.18in perm=[1, 3, 2] pics=[green blue red] maxhead_off=0.03 labels='so three stay empty). Nobody moves three go round, one way o'
p5 mat6 n=3 slot=0.18in perm=[3, 2, 1] pics=[green blue red] maxhead_off=0.04 labels='stay empty). Nobody moves (1 turn); round, one way or the ot'
p5 mat7 n=3 slot=0.18in perm=[2, 3, 1] pics=[green blue red] maxhead_off=0.04 labels='Nobody moves (1 turn); two cubes swap the other (2 machines,'
p5 mat8 n=3 slot=0.18in perm=[3, 1, 2] pics=[green blue red] maxhead_off=0.04 labels='(1 turn); two cubes swap and one goes machines, 3 turns): 3 '
==================== week-03-return-visit.pdf
==================== week-03-return-visit-facilitator.pdf
