--- page 3
  y=169 x=67 [1:] blue green yellow purple red
  y=169 x=130 [2:] green blue purple red yellow
  y=169 x=194 [3:] blue green red yellow purple
  y=169 x=258 [4:] green blue yellow purple red
  y=169 x=321 [5:] blue green purple red yellow
  y=169 x=385 [6:] green blue red yellow purple
--- page 4
  y=165 x=208 [1:] blue red green
  y=165 x=252 [2:] red green blue
  y=165 x=296 [3:] green blue red
  y=165 x=464 [1:] green red blue
  y=165 x=508 [2:] green blue red
  y=286 x=167 [1:] yellow red green blue
  y=286 x=220 [2:] blue green yellow red
  y=286 x=274 [3:] red yellow blue green
  y=286 x=328 [4:] green blue red yellow
  y=286 x=464 [1:] red yellow green blue
  y=286 x=518 [2:] green blue red yellow
  y=367 x=167 [1:] yellow green red blue
  y=367 x=220 [2:] blue yellow red green
  y=367 x=274 [3:] green blue red yellow
  y=408 x=67 [1:] red purple green blue yellow
  y=408 x=130 [2:] green yellow red purple blue
  y=408 x=194 [3:] red blue green yellow purple
  y=408 x=258 [4:] green purple red blue yellow
  y=408 x=321 [5:] red yellow green purple blue
  y=408 x=385 [6:] green blue red yellow purple
  y=560 x=197 [?] green
  y=560 x=212 [?] blue
  y=560 x=228 [?] red
  y=560 x=244 [?] yellow
  y=560 x=279 [?] green
  y=560 x=294 [?] blue
  y=560 x=310 [?] red
  y=560 x=325 [?] yellow
  y=560 x=361 [?] green
  y=560 x=376 [?] blue
  y=560 x=392 [?] red
  y=560 x=407 [?] yellow
--- page 5
  y=182 x=202 [is] red yellow blue green
  y=213 x=219 [?] green
  y=213 x=234 [?] blue
  y=213 x=250 [?] red
  y=213 x=265 [?] yellow
  y=213 x=320 [?] green
  y=213 x=335 [?] blue
  y=213 x=351 [?] red
  y=213 x=366 [?] yellow
  y=402 x=137 [?] green
  y=402 x=153 [?] blue
  y=402 x=168 [?] red
  y=402 x=203 [?] green
  y=402 x=219 [?] blue
  y=402 x=234 [?] red
  y=402 x=259 [?] green
  y=402 x=274 [?] blue
  y=402 x=290 [?] red
  y=402 x=314 [?] green
  y=402 x=330 [?] blue
  y=402 x=345 [?] red
  y=402 x=381 [?] green
  y=402 x=396 [?] blue
  y=402 x=412 [?] red
  y=402 x=436 [?] green
  y=402 x=452 [?] blue
  y=402 x=467 [?] red
--- page 6
  y=423 x=296 [turn] red green yellow blue
  y=437 x=222 [turn] blue purple yellow red green
  y=625 x=389 [gives] blue red green yellow
  y=625 x=497 [gives] red green blue yellow
  y=639 x=380 [give] red yellow green blue
