
== k-1: 6 pages, 21 rings, 8 cards
PASS k-1 p1: 3-bead ring r=1.30cm regular (steps [120.0]), first bead at 12 o'clock
PASS k-1 p1: start arrow points at bead index 0 (0 = top)
PASS k-1 p1: direction arc is clockwise
PASS k-1 p1: beads do not overlap (centres 22.5 mm apart, bead 5.8 mm)
PASS k-1 p1: letters AAB agree with fills
     launch ring word from top = AAB; start at bead 0; clockwise readout = AAB
PASS k-1 p1: 3-bead ring r=1.30cm regular (steps [120.0]), first bead at 12 o'clock
PASS k-1 p1: start arrow points at bead index 1 (0 = top)
PASS k-1 p1: direction arc is clockwise
PASS k-1 p1: beads do not overlap (centres 22.5 mm apart, bead 5.8 mm)
PASS k-1 p1: letters AAB agree with fills
     launch ring word from top = AAB; start at bead 1; clockwise readout = ABA
PASS k-1 p1: 3-bead ring r=1.30cm regular (steps [120.0]), first bead at 12 o'clock
PASS k-1 p1: start arrow points at bead index 2 (0 = top)
PASS k-1 p1: direction arc is clockwise
PASS k-1 p1: beads do not overlap (centres 22.5 mm apart, bead 5.8 mm)
PASS k-1 p1: letters AAB agree with fills
     launch ring word from top = AAB; start at bead 2; clockwise readout = BAA
PASS k-1 p1: 3-bead ring r=3.65cm regular (steps [120.0]), first bead at 12 o'clock
PASS k-1 p1: start arrow points at bead index 0 (0 = top)
PASS k-1 p1: direction arc is clockwise
PASS k-1 p1: beads do not overlap (centres 63.2 mm apart, bead 8.4 mm)
PASS k-1 p1: 3-bead ring r=3.65cm regular (steps [120.0]), first bead at 12 o'clock
PASS k-1 p1: start arrow points at bead index 0 (0 = top)
PASS k-1 p1: direction arc is clockwise
PASS k-1 p1: beads do not overlap (centres 63.2 mm apart, bead 8.4 mm)
PASS k-1 p3: 4-bead ring r=3.65cm regular (steps [90.0]), first bead at 12 o'clock
PASS k-1 p3: start arrow points at bead index 0 (0 = top)
PASS k-1 p3: direction arc is clockwise
PASS k-1 p3: beads do not overlap (centres 51.6 mm apart, bead 8.4 mm)
PASS k-1 p3: 4-bead ring r=3.65cm regular (steps [90.0]), first bead at 12 o'clock
PASS k-1 p3: start arrow points at bead index 0 (0 = top)
PASS k-1 p3: direction arc is clockwise
PASS k-1 p3: beads do not overlap (centres 51.6 mm apart, bead 8.4 mm)
PASS k-1 p3: 4-bead ring r=3.65cm regular (steps [90.0]), first bead at 12 o'clock
PASS k-1 p3: start arrow points at bead index 0 (0 = top)
PASS k-1 p3: direction arc is clockwise
PASS k-1 p3: beads do not overlap (centres 51.6 mm apart, bead 8.4 mm)
PASS k-1 p3: 4-bead ring r=3.65cm regular (steps [90.0]), first bead at 12 o'clock
PASS k-1 p3: start arrow points at bead index 0 (0 = top)
PASS k-1 p3: direction arc is clockwise
PASS k-1 p3: beads do not overlap (centres 51.6 mm apart, bead 8.4 mm)
PASS k-1 p4: 4-bead ring r=3.65cm regular (steps [90.0]), first bead at 12 o'clock
PASS k-1 p4: start arrow points at bead index 0 (0 = top)
PASS k-1 p4: direction arc is clockwise
PASS k-1 p4: beads do not overlap (centres 51.6 mm apart, bead 8.4 mm)
PASS k-1 p4: 4-bead ring r=3.65cm regular (steps [90.0]), first bead at 12 o'clock
PASS k-1 p4: start arrow points at bead index 0 (0 = top)
PASS k-1 p4: direction arc is clockwise
PASS k-1 p4: beads do not overlap (centres 51.6 mm apart, bead 8.4 mm)
PASS k-1 p4: 4-bead ring r=3.65cm regular (steps [90.0]), first bead at 12 o'clock
PASS k-1 p4: start arrow points at bead index 0 (0 = top)
PASS k-1 p4: direction arc is clockwise
PASS k-1 p4: beads do not overlap (centres 51.6 mm apart, bead 8.4 mm)
PASS k-1 p4: 4-bead ring r=3.65cm regular (steps [90.0]), first bead at 12 o'clock
PASS k-1 p4: start arrow points at bead index 0 (0 = top)
PASS k-1 p4: direction arc is clockwise
PASS k-1 p4: beads do not overlap (centres 51.6 mm apart, bead 8.4 mm)
PASS k-1 p5: 5-bead ring r=3.65cm regular (steps [72.0]), first bead at 12 o'clock
PASS k-1 p5: start arrow points at bead index 0 (0 = top)
PASS k-1 p5: direction arc is clockwise
PASS k-1 p5: beads do not overlap (centres 42.9 mm apart, bead 8.4 mm)
PASS k-1 p5: 5-bead ring r=3.65cm regular (steps [72.0]), first bead at 12 o'clock
PASS k-1 p5: start arrow points at bead index 0 (0 = top)
PASS k-1 p5: direction arc is clockwise
PASS k-1 p5: beads do not overlap (centres 42.9 mm apart, bead 8.4 mm)
PASS k-1 p5: 5-bead ring r=3.65cm regular (steps [72.0]), first bead at 12 o'clock
PASS k-1 p5: start arrow points at bead index 0 (0 = top)
PASS k-1 p5: direction arc is clockwise
PASS k-1 p5: beads do not overlap (centres 42.9 mm apart, bead 8.4 mm)
PASS k-1 p5: 5-bead ring r=3.65cm regular (steps [72.0]), first bead at 12 o'clock
PASS k-1 p5: start arrow points at bead index 0 (0 = top)
PASS k-1 p5: direction arc is clockwise
PASS k-1 p5: beads do not overlap (centres 42.9 mm apart, bead 8.4 mm)
PASS k-1 p6: 6-bead ring r=3.65cm regular (steps [60.0]), first bead at 12 o'clock
PASS k-1 p6: start arrow points at bead index 0 (0 = top)
PASS k-1 p6: direction arc is clockwise
PASS k-1 p6: beads do not overlap (centres 36.5 mm apart, bead 8.4 mm)
PASS k-1 p6: 6-bead ring r=3.65cm regular (steps [60.0]), first bead at 12 o'clock
PASS k-1 p6: start arrow points at bead index 0 (0 = top)
PASS k-1 p6: direction arc is clockwise
PASS k-1 p6: beads do not overlap (centres 36.5 mm apart, bead 8.4 mm)
PASS k-1 p6: 6-bead ring r=3.65cm regular (steps [60.0]), first bead at 12 o'clock
PASS k-1 p6: start arrow points at bead index 0 (0 = top)
PASS k-1 p6: direction arc is clockwise
PASS k-1 p6: beads do not overlap (centres 36.5 mm apart, bead 8.4 mm)
PASS k-1 p6: 6-bead ring r=3.65cm regular (steps [60.0]), first bead at 12 o'clock
PASS k-1 p6: start arrow points at bead index 0 (0 = top)
PASS k-1 p6: direction arc is clockwise
PASS k-1 p6: beads do not overlap (centres 36.5 mm apart, bead 8.4 mm)
PASS k-1 launch: printed labels ['AAB', 'ABA', 'BAA'] = computed readouts ['AAB', 'ABA', 'BAA']
PASS k-1 launch: all three pictures show the same fixed ring (AAB)
PASS k-1: 8 3-bead cards; card k shows word k in A<B binary order (all 8 words once)
PASS k-1: every 3-bead card has one row, "start" above the first bead and a left-to-right arrow
PASS k-1: every 3-bead card letter agrees with its fill
PASS k-1: card numbers 1..8

== grades-2-3: 5 pages, 11 rings, 40 cards
PASS grades-2-3 p1: 3-bead ring r=1.30cm regular (steps [120.0]), first bead at 12 o'clock
PASS grades-2-3 p1: start arrow points at bead index 0 (0 = top)
PASS grades-2-3 p1: direction arc is clockwise
PASS grades-2-3 p1: beads do not overlap (centres 22.5 mm apart, bead 5.8 mm)
PASS grades-2-3 p1: letters AAB agree with fills
     launch ring word from top = AAB; start at bead 0; clockwise readout = AAB
PASS grades-2-3 p1: 3-bead ring r=1.30cm regular (steps [120.0]), first bead at 12 o'clock
PASS grades-2-3 p1: start arrow points at bead index 1 (0 = top)
PASS grades-2-3 p1: direction arc is clockwise
PASS grades-2-3 p1: beads do not overlap (centres 22.5 mm apart, bead 5.8 mm)
PASS grades-2-3 p1: letters AAB agree with fills
     launch ring word from top = AAB; start at bead 1; clockwise readout = ABA
PASS grades-2-3 p1: 3-bead ring r=1.30cm regular (steps [120.0]), first bead at 12 o'clock
PASS grades-2-3 p1: start arrow points at bead index 2 (0 = top)
PASS grades-2-3 p1: direction arc is clockwise
PASS grades-2-3 p1: beads do not overlap (centres 22.5 mm apart, bead 5.8 mm)
PASS grades-2-3 p1: letters AAB agree with fills
     launch ring word from top = AAB; start at bead 2; clockwise readout = BAA
PASS grades-2-3 p1: 3-bead ring r=3.65cm regular (steps [120.0]), first bead at 12 o'clock
PASS grades-2-3 p1: start arrow points at bead index 0 (0 = top)
PASS grades-2-3 p1: direction arc is clockwise
PASS grades-2-3 p1: beads do not overlap (centres 63.2 mm apart, bead 8.4 mm)
PASS grades-2-3 p1: 3-bead ring r=3.65cm regular (steps [120.0]), first bead at 12 o'clock
PASS grades-2-3 p1: start arrow points at bead index 0 (0 = top)
PASS grades-2-3 p1: direction arc is clockwise
PASS grades-2-3 p1: beads do not overlap (centres 63.2 mm apart, bead 8.4 mm)
PASS grades-2-3 p3: 4-bead ring r=3.65cm regular (steps [90.0]), first bead at 12 o'clock
PASS grades-2-3 p3: start arrow points at bead index 0 (0 = top)
PASS grades-2-3 p3: direction arc is clockwise
PASS grades-2-3 p3: beads do not overlap (centres 51.6 mm apart, bead 8.4 mm)
PASS grades-2-3 p3: 4-bead ring r=3.65cm regular (steps [90.0]), first bead at 12 o'clock
PASS grades-2-3 p3: start arrow points at bead index 0 (0 = top)
PASS grades-2-3 p3: direction arc is clockwise
PASS grades-2-3 p3: beads do not overlap (centres 51.6 mm apart, bead 8.4 mm)
PASS grades-2-3 p3: 4-bead ring r=3.65cm regular (steps [90.0]), first bead at 12 o'clock
PASS grades-2-3 p3: start arrow points at bead index 0 (0 = top)
PASS grades-2-3 p3: direction arc is clockwise
PASS grades-2-3 p3: beads do not overlap (centres 51.6 mm apart, bead 8.4 mm)
PASS grades-2-3 p3: 4-bead ring r=3.65cm regular (steps [90.0]), first bead at 12 o'clock
PASS grades-2-3 p3: start arrow points at bead index 0 (0 = top)
PASS grades-2-3 p3: direction arc is clockwise
PASS grades-2-3 p3: beads do not overlap (centres 51.6 mm apart, bead 8.4 mm)
PASS grades-2-3 p5: 5-bead ring r=3.65cm regular (steps [72.0]), first bead at 12 o'clock
PASS grades-2-3 p5: start arrow points at bead index 0 (0 = top)
PASS grades-2-3 p5: direction arc is clockwise
PASS grades-2-3 p5: beads do not overlap (centres 42.9 mm apart, bead 8.4 mm)
PASS grades-2-3 p5: 5-bead ring r=3.65cm regular (steps [72.0]), first bead at 12 o'clock
PASS grades-2-3 p5: start arrow points at bead index 0 (0 = top)
PASS grades-2-3 p5: direction arc is clockwise
PASS grades-2-3 p5: beads do not overlap (centres 42.9 mm apart, bead 8.4 mm)
PASS grades-2-3 launch: printed labels ['AAB', 'ABA', 'BAA'] = computed readouts ['AAB', 'ABA', 'BAA']
PASS grades-2-3 launch: all three pictures show the same fixed ring (AAB)
PASS grades-2-3: 8 3-bead cards; card k shows word k in A<B binary order (all 8 words once)
PASS grades-2-3: every 3-bead card has one row, "start" above the first bead and a left-to-right arrow
PASS grades-2-3: every 3-bead card letter agrees with its fill
PASS grades-2-3: card numbers 1..8
PASS grades-2-3: 32 5-bead cards; card k shows word k in A<B binary order (all 32 words once)
PASS grades-2-3: every 5-bead card has one row, "start" above the first bead and a left-to-right arrow
PASS grades-2-3: every 5-bead card letter agrees with its fill
PASS grades-2-3: card numbers 1..32

== grades-4-5: 5 pages, 9 rings, 40 cards
PASS grades-4-5 p1: 3-bead ring r=1.30cm regular (steps [120.0]), first bead at 12 o'clock
PASS grades-4-5 p1: start arrow points at bead index 0 (0 = top)
PASS grades-4-5 p1: direction arc is clockwise
PASS grades-4-5 p1: beads do not overlap (centres 22.5 mm apart, bead 5.8 mm)
PASS grades-4-5 p1: letters AAB agree with fills
     launch ring word from top = AAB; start at bead 0; clockwise readout = AAB
PASS grades-4-5 p1: 3-bead ring r=1.30cm regular (steps [120.0]), first bead at 12 o'clock
PASS grades-4-5 p1: start arrow points at bead index 1 (0 = top)
PASS grades-4-5 p1: direction arc is clockwise
PASS grades-4-5 p1: beads do not overlap (centres 22.5 mm apart, bead 5.8 mm)
PASS grades-4-5 p1: letters AAB agree with fills
     launch ring word from top = AAB; start at bead 1; clockwise readout = ABA
PASS grades-4-5 p1: 3-bead ring r=1.30cm regular (steps [120.0]), first bead at 12 o'clock
PASS grades-4-5 p1: start arrow points at bead index 2 (0 = top)
PASS grades-4-5 p1: direction arc is clockwise
PASS grades-4-5 p1: beads do not overlap (centres 22.5 mm apart, bead 5.8 mm)
PASS grades-4-5 p1: letters AAB agree with fills
     launch ring word from top = AAB; start at bead 2; clockwise readout = BAA
PASS grades-4-5 p1: 3-bead ring r=3.65cm regular (steps [120.0]), first bead at 12 o'clock
PASS grades-4-5 p1: start arrow points at bead index 0 (0 = top)
PASS grades-4-5 p1: direction arc is clockwise
PASS grades-4-5 p1: beads do not overlap (centres 63.2 mm apart, bead 8.4 mm)
PASS grades-4-5 p1: 3-bead ring r=3.65cm regular (steps [120.0]), first bead at 12 o'clock
PASS grades-4-5 p1: start arrow points at bead index 0 (0 = top)
PASS grades-4-5 p1: direction arc is clockwise
PASS grades-4-5 p1: beads do not overlap (centres 63.2 mm apart, bead 8.4 mm)
PASS grades-4-5 p3: 4-bead ring r=3.65cm regular (steps [90.0]), first bead at 12 o'clock
PASS grades-4-5 p3: start arrow points at bead index 0 (0 = top)
PASS grades-4-5 p3: direction arc is clockwise
PASS grades-4-5 p3: beads do not overlap (centres 51.6 mm apart, bead 8.4 mm)
PASS grades-4-5 p3: 4-bead ring r=3.65cm regular (steps [90.0]), first bead at 12 o'clock
PASS grades-4-5 p3: start arrow points at bead index 0 (0 = top)
PASS grades-4-5 p3: direction arc is clockwise
PASS grades-4-5 p3: beads do not overlap (centres 51.6 mm apart, bead 8.4 mm)
PASS grades-4-5 p3: 4-bead ring r=3.65cm regular (steps [90.0]), first bead at 12 o'clock
PASS grades-4-5 p3: start arrow points at bead index 0 (0 = top)
PASS grades-4-5 p3: direction arc is clockwise
PASS grades-4-5 p3: beads do not overlap (centres 51.6 mm apart, bead 8.4 mm)
PASS grades-4-5 p3: 4-bead ring r=3.65cm regular (steps [90.0]), first bead at 12 o'clock
PASS grades-4-5 p3: start arrow points at bead index 0 (0 = top)
PASS grades-4-5 p3: direction arc is clockwise
PASS grades-4-5 p3: beads do not overlap (centres 51.6 mm apart, bead 8.4 mm)
PASS grades-4-5 launch: printed labels ['AAB', 'ABA', 'BAA'] = computed readouts ['AAB', 'ABA', 'BAA']
PASS grades-4-5 launch: all three pictures show the same fixed ring (AAB)
PASS grades-4-5: 8 3-bead cards; card k shows word k in A<B binary order (all 8 words once)
PASS grades-4-5: every 3-bead card has one row, "start" above the first bead and a left-to-right arrow
PASS grades-4-5: every 3-bead card letter agrees with its fill
PASS grades-4-5: card numbers 1..8
PASS grades-4-5: 32 5-bead cards; card k shows word k in A<B binary order (all 32 words once)
PASS grades-4-5: every 5-bead card has one row, "start" above the first bead and a left-to-right arrow
PASS grades-4-5: every 5-bead card letter agrees with its fill
PASS grades-4-5: card numbers 1..32

== bonus: 5 pages
PASS bonus p1: 8-ring r=1.05cm regular, first spot at 12 o'clock; spot 4.4 mm, adjacent centres 8.0 mm; label=a letters=AABABBBB
PASS bonus p1: 8-ring r=1.05cm regular, first spot at 12 o'clock; spot 4.4 mm, adjacent centres 8.0 mm; label=b letters=ABBBBABA
PASS bonus p1: 8-ring r=1.05cm regular, first spot at 12 o'clock; spot 4.4 mm, adjacent centres 8.0 mm; label=c letters=BAABABBB
PASS bonus p1: 8-ring r=1.05cm regular, first spot at 12 o'clock; spot 4.4 mm, adjacent centres 8.0 mm; label=d letters=AABBABBB
PASS bonus p1: 8-ring r=1.05cm regular, first spot at 12 o'clock; spot 4.4 mm, adjacent centres 8.0 mm; label=e letters=ABBBABBA
PASS bonus p1: 8-ring r=1.05cm regular, first spot at 12 o'clock; spot 4.4 mm, adjacent centres 8.0 mm; label=f letters=BBAABBAB
PASS bonus p1: 8-ring r=3.30cm regular, first spot at 12 o'clock; spot 24.0 mm, adjacent centres 25.3 mm; label=None letters=--------
PASS bonus p2: 4-ring r=2.10cm regular, first spot at 12 o'clock; spot 24.0 mm, adjacent centres 29.7 mm; label=None letters=----
PASS bonus p2: 5-ring r=2.40cm regular, first spot at 12 o'clock; spot 24.0 mm, adjacent centres 28.2 mm; label=None letters=-----
PASS bonus p2: 6-ring r=2.60cm regular, first spot at 12 o'clock; spot 24.0 mm, adjacent centres 26.0 mm; label=None letters=------
PASS bonus p3: 5-ring r=2.40cm regular, first spot at 12 o'clock; spot 24.0 mm, adjacent centres 28.2 mm; label=None letters=-----
PASS bonus p3: 5-ring r=1.15cm regular, first spot at 12 o'clock; spot 5.6 mm, adjacent centres 13.5 mm; label=None letters=-----
PASS bonus p3: 5-ring r=1.15cm regular, first spot at 12 o'clock; spot 5.6 mm, adjacent centres 13.5 mm; label=None letters=-----
PASS bonus p3: 5-ring r=1.15cm regular, first spot at 12 o'clock; spot 5.6 mm, adjacent centres 13.5 mm; label=None letters=-----
PASS bonus p3: 5-ring r=1.15cm regular, first spot at 12 o'clock; spot 5.6 mm, adjacent centres 13.5 mm; label=None letters=-----
PASS bonus p3: 5-ring r=1.15cm regular, first spot at 12 o'clock; spot 5.6 mm, adjacent centres 13.5 mm; label=None letters=-----
PASS bonus p3: 5-ring r=1.15cm regular, first spot at 12 o'clock; spot 5.6 mm, adjacent centres 13.5 mm; label=None letters=-----
PASS bonus p3: 5-ring r=1.15cm regular, first spot at 12 o'clock; spot 5.6 mm, adjacent centres 13.5 mm; label=None letters=-----
PASS bonus p3: 5-ring r=1.15cm regular, first spot at 12 o'clock; spot 5.6 mm, adjacent centres 13.5 mm; label=None letters=-----
PASS bonus p4: 4-ring r=2.10cm regular, first spot at 12 o'clock; spot 24.0 mm, adjacent centres 29.7 mm; label=None letters=----
PASS bonus p4 window example: ring ABAAB (clockwise from top), start at index 4; first window BAB (page shows BAB)
NOTE bonus p4 window example: start bead is the last bead in drawing order, so B-A-B crosses the top-of-list gap; its 3-windows are ['BAB', 'ABA', 'BAA', 'AAB', 'ABA']
PASS bonus p5: 8-ring r=3.30cm regular, first spot at 12 o'clock; spot 24.0 mm, adjacent centres 25.3 mm; label=None letters=--------
PASS bonus p5: 8-ring r=1.10cm regular, first spot at 12 o'clock; spot 5.2 mm, adjacent centres 8.4 mm; label=None letters=--------
PASS bonus p5: 8-ring r=1.10cm regular, first spot at 12 o'clock; spot 5.2 mm, adjacent centres 8.4 mm; label=None letters=--------

223 passed, 0 failed
