== Rotation group of the regular tetrahedron
ok   all 24 vertex permutations are isometries of the regular tetrahedron
ok   12 of them are proper rotations (det +1), identity included
ok   proper rotations are exactly the even vertex permutations
     rotation angles (deg: count): {0: 1, 120: 8, 180: 3}
ok   types: identity 1, 120/240-degree vertex-axis turns 8, 180-degree edge-axis turns 3
ok   120-degree turns fix one vertex (vertex axis); half-turns fix none (edge-midpoint axis)
ok   4 destinations for one vertex x 3 placements of the rest = 12
ok   24 four-letter labellings fall into 2 rotation classes of 12 (4-5 P6 answer 2)
ok   a reflection carries one class to the other
ok   no non-identity rotation fixes a four-distinct-letter labelling (orbit size 12)
ok   all 12 A,A,B,C labellings are one rotation class (K-1 P4 / 2-3 P5 answer: no unmatched pair)
ok   all AABB labellings form one class too
ok   all AAAB labellings form one class too
ok   all AAAA labellings form one class too

== Tetrahedron drawings in the student TeX
ok   k-1 p1 fig1 ABCD: exact orthographic regular tetrahedron (ortho err 1.3e-16), dashed = 3 edges to far vertex, far vertex inside front face
ok   k-1 p1 fig2 ADBC: exact orthographic regular tetrahedron (ortho err 4.0e-16), dashed = 3 edges to far vertex, far vertex inside front face
ok   k-1 p1 fig3 ABCD: exact orthographic regular tetrahedron (ortho err 2.8e-16), dashed = 3 edges to far vertex, far vertex inside front face
ok   k-1 p1 fig4 ABCD: exact orthographic regular tetrahedron (ortho err 2.2e-16), dashed = 3 edges to far vertex, far vertex inside front face
ok   k-1 p2 fig1 ABCD: exact orthographic regular tetrahedron (ortho err 2.3e-16), dashed = 3 edges to far vertex, far vertex inside front face
ok   k-1 p2 fig2 ACBD: exact orthographic regular tetrahedron (ortho err 1.5e-16), dashed = 3 edges to far vertex, far vertex inside front face
ok   k-1 p3 fig1 ABCC: exact orthographic regular tetrahedron (ortho err 2.3e-16), dashed = 3 edges to far vertex, far vertex inside front face
ok   k-1 p3 fig2 ACBC: exact orthographic regular tetrahedron (ortho err 1.5e-16), dashed = 3 edges to far vertex, far vertex inside front face
ok   k-1 p4 fig1 AABC: exact orthographic regular tetrahedron (ortho err 2.3e-16), dashed = 3 edges to far vertex, far vertex inside front face
ok   k-1 p4 fig2 ABAC: exact orthographic regular tetrahedron (ortho err 1.5e-16), dashed = 3 edges to far vertex, far vertex inside front face
ok   grades-2-3 p1 fig1 ABCD: exact orthographic regular tetrahedron (ortho err 1.3e-16), dashed = 3 edges to far vertex, far vertex inside front face
ok   grades-2-3 p1 fig2 ADBC: exact orthographic regular tetrahedron (ortho err 4.0e-16), dashed = 3 edges to far vertex, far vertex inside front face
ok   grades-2-3 p1 fig3 ABCD: exact orthographic regular tetrahedron (ortho err 2.8e-16), dashed = 3 edges to far vertex, far vertex inside front face
ok   grades-2-3 p1 fig4 ABCD: exact orthographic regular tetrahedron (ortho err 2.2e-16), dashed = 3 edges to far vertex, far vertex inside front face
ok   grades-2-3 p2 fig1 ABCD: exact orthographic regular tetrahedron (ortho err 2.3e-16), dashed = 3 edges to far vertex, far vertex inside front face
ok   grades-2-3 p2 fig2 ACBD: exact orthographic regular tetrahedron (ortho err 1.5e-16), dashed = 3 edges to far vertex, far vertex inside front face
ok   grades-2-3 p3 fig1 ABCC: exact orthographic regular tetrahedron (ortho err 2.3e-16), dashed = 3 edges to far vertex, far vertex inside front face
ok   grades-2-3 p3 fig2 ACBC: exact orthographic regular tetrahedron (ortho err 1.5e-16), dashed = 3 edges to far vertex, far vertex inside front face
ok   grades-2-3 p4 fig1 AABC: exact orthographic regular tetrahedron (ortho err 2.3e-16), dashed = 3 edges to far vertex, far vertex inside front face
ok   grades-2-3 p4 fig2 ABAC: exact orthographic regular tetrahedron (ortho err 1.5e-16), dashed = 3 edges to far vertex, far vertex inside front face
ok   grades-4-5 p1 fig1 ABCD: exact orthographic regular tetrahedron (ortho err 1.3e-16), dashed = 3 edges to far vertex, far vertex inside front face
ok   grades-4-5 p1 fig2 ADBC: exact orthographic regular tetrahedron (ortho err 4.0e-16), dashed = 3 edges to far vertex, far vertex inside front face
ok   grades-4-5 p1 fig3 ABCD: exact orthographic regular tetrahedron (ortho err 2.8e-16), dashed = 3 edges to far vertex, far vertex inside front face
ok   grades-4-5 p1 fig4 ABCD: exact orthographic regular tetrahedron (ortho err 2.2e-16), dashed = 3 edges to far vertex, far vertex inside front face
ok   grades-4-5 p2 fig1 ABCD: exact orthographic regular tetrahedron (ortho err 2.3e-16), dashed = 3 edges to far vertex, far vertex inside front face
ok   grades-4-5 p2 fig2 ACBD: exact orthographic regular tetrahedron (ortho err 1.5e-16), dashed = 3 edges to far vertex, far vertex inside front face
ok   grades-4-5 p3 fig1 ABCD: exact orthographic regular tetrahedron (ortho err 1.3e-16), dashed = 3 edges to far vertex, far vertex inside front face
     grades-4-5 p3 fig2: view-from-A diagram, labels ['B', 'C', 'D', 'A']
     grades-4-5 p3 fig3: view-from-A diagram, labels ['', '', '', 'A']
     grades-4-5 p3 fig4: view-from-A diagram, labels ['', '', '', 'A']
ok   grades-4-5 p4 fig1 ABCC: exact orthographic regular tetrahedron (ortho err 2.3e-16), dashed = 3 edges to far vertex, far vertex inside front face
ok   grades-4-5 p4 fig2 ACBC: exact orthographic regular tetrahedron (ortho err 1.5e-16), dashed = 3 edges to far vertex, far vertex inside front face
ok   grades-4-5 p5 fig1 ____: exact orthographic regular tetrahedron (ortho err 1.6e-16), dashed = 3 edges to far vertex, far vertex inside front face

== Every drawn model, read as [apex, lower-left, lower-right, far]
     k-1 p1 fig1: ABCD
     k-1 p1 fig2: ADBC
     k-1 p1 fig3: ABCD
     k-1 p1 fig4: ABCD
     k-1 p2 fig1: ABCD
     k-1 p2 fig2: ACBD
     k-1 p3 fig1: ABCC
     k-1 p3 fig2: ACBC
     k-1 p4 fig1: AABC
     k-1 p4 fig2: ABAC
     grades-2-3 p1 fig1: ABCD
     grades-2-3 p1 fig2: ADBC
     grades-2-3 p1 fig3: ABCD
     grades-2-3 p1 fig4: ABCD
     grades-2-3 p2 fig1: ABCD
     grades-2-3 p2 fig2: ACBD
     grades-2-3 p3 fig1: ABCC
     grades-2-3 p3 fig2: ACBC
     grades-2-3 p4 fig1: AABC
     grades-2-3 p4 fig2: ABAC
     grades-4-5 p1 fig1: ABCD
     grades-4-5 p1 fig2: ADBC
     grades-4-5 p1 fig3: ABCD
     grades-4-5 p1 fig4: ABCD
     grades-4-5 p2 fig1: ABCD
     grades-4-5 p2 fig2: ACBD
     grades-4-5 p3 fig1: ABCD
     grades-4-5 p4 fig1: ABCC
     grades-4-5 p4 fig2: ACBC

== Problem-by-problem decisions from the drawn geometry
ok   k-1 p1 turn demo reads ABCD -> ADBC
ok   k-1 p1 "after the turn" is a proper rotation of "before the turn"
ok   k-1 p1 demo: the turn is 120.0 degrees and keeps A at the apex ("turn around A")
ok   k-1 P1 copies are both ABCD (true copies)
ok   grades-2-3 p1 turn demo reads ABCD -> ADBC
ok   grades-2-3 p1 "after the turn" is a proper rotation of "before the turn"
ok   grades-2-3 p1 demo: the turn is 120.0 degrees and keeps A at the apex ("turn around A")
ok   grades-2-3 P1 copies are both ABCD (true copies)
ok   grades-4-5 p1 turn demo reads ABCD -> ADBC
ok   grades-4-5 p1 "after the turn" is a proper rotation of "before the turn"
ok   grades-4-5 p1 demo: the turn is 120.0 degrees and keeps A at the apex ("turn around A")
ok   grades-4-5 P1 copies are both ABCD (true copies)
ok   K-1 P2: ABCD | ACBD mirror pair cannot match (answer no)
ok   K-1 P3: ABCC | ACBC match (answer yes); drawn letters are D->C on the P2 pair
ok   K-1 P4: printed AABC | ABAC pair matches; no A,A,B,C pair fails (one class)
ok   2-3 P2: mirror pair cannot match
ok   2-3 P4: printed D->C pair matches
ok   2-3 P5: printed AABC | ABAC pair matches
ok   4-5 P2: mirror pair cannot match
ok   4-5 P4: printed D->C pair matches
ok   4-5 P5: bare frame drawn with four blank vertex circles

== Exhaustive testing as a proof (guide p1 "A finite list of unsuccessful turns alone is not an impossibility proof")
ok   once A is aligned only 3 rotations remain (identity and the two turns about A); all 3 fail on the mirror pair, so trying those three turns is a complete impossibility proof
ok   equivalently, all 12 rotations fail: an exhaustive finite list does prove impossibility

== Merges of two letters on the drawn mirror pair (2-3 P4, 4-5 P4, guide p1/p4/p5)
     merge AB keeping A: match
     merge AB keeping B: match
     merge AC keeping A: match
     merge AC keeping C: match
     merge AD keeping A: match
     merge AD keeping D: match
     merge BC keeping B: match
     merge BC keeping C: match
     merge BD keeping B: match
     merge BD keeping D: match
     merge CD keeping C: match
     merge CD keeping D: match
ok   all 6 pairwise merges (either retained name) let the mirror pair match
ok   guide p5: for each vertex pair a reflection swaps them, fixing the other two and the pair midpoint

== 2-3 P6 (change one A on each AABC model to D) and the guide key
     printed P5 pair: AABC ABAC
ok   2-3 P6: first model top A->D, second top A->D: no match (guide says no match)
ok   2-3 P6: first model top A->D, second right A->D: match (guide says match)
ok   2-3 P6: first model left A->D, second right A->D: no match (guide says no match)
ok   2-3 P6: first model left A->D, second top A->D: match (guide says match)
ok   2-3 P6: both outcomes are reachable (answer yes and yes)
ok   2-3 P6: for every A,A,B,C pair a partner might have built, both outcomes are reachable

== Guide keys on rotations about the A axis
ok   K-1 P3 key / pretest step 4: exactly one of the two one-third turns about the A axis turns ABCC into ACBC (found [120]); both C vertices then match

== 4-5 P3 view from A
ok   4-5 P3 model drawing is ABCD
     looking from A: model B,C,D anticlockwise; mirror clockwise; printed view anticlockwise
ok   4-5 P3: printed view from A (B lower left, C lower right, D top) has the true handedness; the mirror reverses it (guide: "B, D, C counterclockwise")
ok   4-5 P3 view: D top, B lower-left, C lower-right as the README states
ok   4-5 P3 view triangle sides 4.528, 4.528, 4.600 cm: equilateral within 1.6% and A at its centre
ok   4-5 P3: two blank view diagrams with only A filled

== Markers needed for the merges (guide p2: "category markers A, B, C, D with duplicate As and Cs")
     merge AB: extra marker needed of A or B; available with duplicate As/Cs: yes (A)
     merge AC: extra marker needed of A or C; available with duplicate As/Cs: yes (A/C)
     merge AD: extra marker needed of A or D; available with duplicate As/Cs: yes (A)
     merge BC: extra marker needed of B or C; available with duplicate As/Cs: yes (C)
     merge BD: extra marker needed of B or D; available with duplicate As/Cs: NO
     merge CD: extra marker needed of C or D; available with duplicate As/Cs: yes (C)
ok   only the B-D merge cannot be built from duplicate As and Cs (found ['BD'])
NOTE the B-D merge (listed in the guide key for 2-3 P4 and required by "every choice" in 4-5 P4) needs a duplicate B or D, or removing both markers so the two corners are equally blank

== 4-5 P6 if "four different letters" may be any letters
     letters chosen from 4: 2 classes
     letters chosen from 5: 10 classes
     letters chosen from 26: 29900 classes
NOTE the intended answer 2 assumes the four letters are A, B, C, D (the kit letters)

== Delivered PDFs: letters at the TeX positions, problem text, numbering
ok   k-1: PDF has 4 pages, TeX 4
ok   k-1: all 40 printed vertex letters sit at their TeX coordinates in the PDF
ok   k-1: problems numbered 1..5 consecutively
ok   k-1 P1: TeX text appears verbatim in the PDF
ok   k-1 P2: TeX text appears verbatim in the PDF
ok   k-1 P3: TeX text appears verbatim in the PDF
ok   k-1 P4: TeX text appears verbatim in the PDF
ok   k-1 P5: TeX text appears verbatim in the PDF
ok   grades-2-3: PDF has 4 pages, TeX 4
ok   grades-2-3: all 40 printed vertex letters sit at their TeX coordinates in the PDF
ok   grades-2-3: problems numbered 1..6 consecutively
ok   grades-2-3 P1: TeX text appears verbatim in the PDF
ok   grades-2-3 P2: TeX text appears verbatim in the PDF
ok   grades-2-3 P3: TeX text appears verbatim in the PDF
ok   grades-2-3 P4: TeX text appears verbatim in the PDF
ok   grades-2-3 P5: TeX text appears verbatim in the PDF
ok   grades-2-3 P6: TeX text appears verbatim in the PDF
ok   grades-4-5: PDF has 5 pages, TeX 5
ok   grades-4-5: all 42 printed vertex letters sit at their TeX coordinates in the PDF
ok   grades-4-5: problems numbered 1..6 consecutively
ok   grades-4-5 P1: TeX text appears verbatim in the PDF
ok   grades-4-5 P2: TeX text appears verbatim in the PDF
ok   grades-4-5 P3: TeX text appears verbatim in the PDF
ok   grades-4-5 P4: TeX text appears verbatim in the PDF
ok   grades-4-5 P5: TeX text appears verbatim in the PDF
ok   grades-4-5 P6: TeX text appears verbatim in the PDF
ok   guide text contains: "exactly 12 proper rotational symmetries"
ok   guide text contains: "eight 120°/240° vertex-axis rotations"
ok   guide text contains: "three 180° opposite-edge-axis rotations"
ok   guide text contains: "two rotational classes of 12"
ok   guide text contains: "all assignments of the multiset A, A, B, C are rotationally equivalent"
ok   guide text contains: "AB, AC, AD, BC, BD and CD"
ok   guide text contains: "The mirror reads B, D, C counterclockwise"
ok   guide text contains: "1 + 8 + 3 = 12"
ok   guide text contains: "4 × 3 = 12"
ok   guide text contains: "duplicate As and Cs"
ok   guide text contains: "5 / 6 / 6 problems"
ok   guide text contains: "Change the top A on both to D: the new pair does not match"
ok   guide text contains: "Change the top A on the first and the front-right A on the second: it matches"
ok   problem counts {'k-1': 5, 'grades-2-3': 6, 'grades-4-5': 6} match the guide status line 5 / 6 / 6

0 failure(s)
