== Bonus page 1: worked example and Problem 1
PASS example picture 110/001/100 = A1,A2,B3,C1
     d1: C1
     d2: B1,C2
     d3: A1,B2,C3
     d4: A2,B3
     d5: A3
PASS dashed lines and labels: d1=C1, d2=B1,C2, d3=A1,B2,C3, d4=A2,B3, d5=A3 (column minus row = -2..2)
PASS example shadows (1, 0, 1, 2, 0) match the printed table 1,0,1,2,0
PASS printed table reads 1 0 1 2 0
PASS P1 working grid carries the same d-lines
PASS P1 working grid carries the same d-lines
     100/010/001: d1..d5 = (0, 0, 3, 0, 0)
     100/001/010: d1..d5 = (0, 1, 1, 1, 0)
     010/100/001: d1..d5 = (0, 1, 1, 1, 0)
     010/001/100: d1..d5 = (1, 0, 0, 2, 0)
     001/100/010: d1..d5 = (0, 2, 0, 0, 1)
     001/010/100: d1..d5 = (1, 0, 1, 0, 1)
PASS exactly one colliding pair: [('100/001/010', '010/100/001')] -> P1 answer "yes"
     (aside) all 512 boards: 8 classes share rows, columns and diagonals

== Bonus page 2: Problem 2 candidates and adaptive minimum
     candidate 1 (6.4 mm cells): 100/010/001
     candidate 2 (6.4 mm cells): 100/001/010
     candidate 3 (6.4 mm cells): 010/100/001
     candidate 4 (6.4 mm cells): 010/001/100
     candidate 5 (6.4 mm cells): 001/100/010
     candidate 6 (6.4 mm cells): 001/010/100
PASS candidates 1-6 are columns (1,2,3),(1,3,2),(2,1,3),(2,3,1),(3,1,2),(3,2,1) as the guide numbers them
PASS adaptive worst-case minimum = 3 (two questions give at most 4 histories < 6)
PASS guide strategy A1 -> (B2) / A2 -> B1 identifies every candidate in <= 3

== Bonus page 3: Problem 3 prechosen questions
     1 cells: 0 separating sets of 9
     2 cells: 0 separating sets of 36
     3 cells: 0 separating sets of 84
     4 cells: 81 separating sets of 126
     5 cells: 117 separating sets of 126
PASS prechosen minimum = 4
PASS guide set A1,A2,B1,B2 separates all six
PASS each cell is occupied in exactly 2 of the 6 (so 3 cells give total weight 6 < 0+1+1+1+2+2 = 7: a short proof)
PASS every 3-cell set fails, exactly by the guide cases: unqueried-rectangle pair, or (transversal) the two pictures avoiding all three cells

== Bonus page 4: Problem 4 margin boards
PASS P1/P3/P4 working cells: [22.0] mm, square (guide: 22 mm)
PASS rows (3, 3, 0) cols (3, 3, 0): 0 picture(s) []
       k largest rows need [3, 6, 6]; capacity sum min(k, c_j) = [2, 4, 6]
PASS rows (3, 2, 1) cols (2, 2, 2): 3 picture(s) ['111/110/001', '111/101/010', '111/011/100']
       k largest rows need [3, 5, 6]; capacity sum min(k, c_j) = [3, 6, 6]
PASS rows (2, 2, 2) cols (3, 3, 0): 1 picture(s) ['110/110/110']
       k largest rows need [2, 4, 6]; capacity sum min(k, c_j) = [2, 4, 6]
PASS rows (3, 3, 1) cols (3, 3, 1): 0 picture(s) []
       k largest rows need [3, 6, 7]; capacity sum min(k, c_j) = [3, 5, 7]
PASS capacity bound holds for every one of the 512 binary 3x3 boards (necessary)
     (aside) with equal totals the capacity bound is also sufficient on 3x3 (Gale-Ryser): True
