======================================================================
week-25-k-1.pdf
  page 1: 2 boards
    2x2 cell [22.01]x[21.98, 22.01] mm  labels AB/12  rows[-,-] cols[-,-]  picture 11/00
    2x2 cell [22.01]x[21.98, 22.01] mm  labels AB/12  rows[2,0] cols[1,1]  picture 11/00
  page 2: 6 boards
    2x2 cell [22.01]x[22.01] mm  labels AB/12  rows[1,1] cols[1,1]  picture 00/00
    2x2 cell [21.98, 22.01]x[22.01] mm  labels AB/12  rows[1,1] cols[1,1]  picture 00/00
    2x3 cell [21.98, 22.01]x[21.98, 22.01] mm  labels AB/123  rows[1,1] cols[1,0,1]  picture 000/000
    2x3 cell [21.98, 22.01]x[21.98, 22.01] mm  labels AB/123  rows[1,1] cols[1,0,1]  picture 000/000
    2x3 cell [21.98, 22.01]x[21.98, 22.01] mm  labels AB/123  rows[2,1] cols[1,1,1]  picture 000/000
    2x3 cell [21.98, 22.01]x[21.98, 22.01] mm  labels AB/123  rows[2,1] cols[1,1,1]  picture 000/000
  page 3: 6 boards
    2x3 cell [21.98, 22.01]x[21.98, 22.01] mm  labels AB/123  rows[1,2] cols[1,1,1]  picture 000/000
    2x3 cell [21.98, 22.01]x[21.98, 22.01] mm  labels AB/123  rows[2,1] cols[1,1,1]  picture 000/000
    2x3 cell [21.98, 22.01]x[21.98, 22.01] mm  labels AB/123  rows[1,2] cols[1,1,1]  picture 000/000
    2x3 cell [21.98, 22.01]x[21.98, 22.01] mm  labels AB/123  rows[2,1] cols[1,1,1]  picture 000/000
    2x3 cell [21.98, 22.01]x[21.98, 22.01] mm  labels AB/123  rows[1,2] cols[1,1,1]  picture 000/000
    2x3 cell [21.98, 22.01]x[21.98, 22.01] mm  labels AB/123  rows[2,1] cols[1,1,1]  picture 000/000
  page 4: 4 boards
    3x3 cell [21.98, 22.01]x[21.98, 22.01] mm  labels ABC/123  rows[1,1,1] cols[1,1,1]  picture 000/000/000
    3x3 cell [21.98, 22.01]x[21.98, 22.01] mm  labels ABC/123  rows[1,1,1] cols[1,1,1]  picture 000/000/000
    3x3 cell [21.98, 22.01]x[21.98, 22.01] mm  labels ABC/123  rows[1,1,1] cols[1,1,1]  picture 000/000/000
    3x3 cell [21.98, 22.01]x[21.98, 22.01] mm  labels ABC/123  rows[1,1,1] cols[1,1,1]  picture 000/000/000
  page 5: 4 boards
    3x3 cell [21.98, 22.01]x[21.98, 22.01] mm  labels ABC/123  rows[1,1,1] cols[1,1,1]  picture 000/000/000
    3x3 cell [21.98, 22.01]x[21.98, 22.01] mm  labels ABC/123  rows[1,1,1] cols[1,1,1]  picture 000/000/000
    2x3 cell [21.98, 22.01]x[21.98, 22.01] mm  labels AB/123  rows[3,1] cols[2,1,1]  picture 000/000
    2x3 cell [21.98, 22.01]x[21.98, 22.01] mm  labels AB/123  rows[3,1] cols[2,1,1]  picture 000/000
  page 6: 4 boards
    3x3 cell [21.98, 22.01]x[21.98, 22.01] mm  labels ABC/123  rows[2,1,0] cols[2,1,0]  picture 000/000/000
    3x3 cell [21.98, 22.01]x[21.98, 22.01] mm  labels ABC/123  rows[2,1,0] cols[2,1,0]  picture 000/000/000
    3x3 cell [21.98, 22.01]x[21.98, 22.01] mm  labels ABC/123  rows[2,1,1] cols[2,1,1]  picture 000/000/000
    3x3 cell [21.98, 22.01]x[21.98, 22.01] mm  labels ABC/123  rows[2,1,1] cols[2,1,1]  picture 000/000/000
  page 7: 4 boards
    2x3 cell [21.98, 22.01]x[21.98, 22.01] mm  labels AB/123  rows[,] cols[,,]  picture 000/000
    2x3 cell [21.98, 22.01]x[21.98, 22.01] mm  labels AB/123  rows[,] cols[,,]  picture 000/000
    3x3 cell [21.98, 22.01]x[21.98, 22.01] mm  labels ABC/123  rows[,,] cols[,,]  picture 000/000/000
    3x3 cell [21.98, 22.01]x[21.98, 22.01] mm  labels ABC/123  rows[,,] cols[,,]  picture 000/000/000
  page 8: 4 boards
    2x3 cell [21.98, 22.01]x[21.98, 22.01] mm  labels AB/123  rows[,] cols[,,]  picture 000/000
    2x3 cell [21.98, 22.01]x[21.98, 22.01] mm  labels AB/123  rows[,] cols[,,]  picture 000/000
    3x3 cell [21.98, 22.01]x[21.98, 22.01] mm  labels ABC/123  rows[,,] cols[,,]  picture 000/000/000
    3x3 cell [21.98, 22.01]x[21.98, 22.01] mm  labels ABC/123  rows[,,] cols[,,]  picture 000/000/000
======================================================================
week-25-grades-2-3.pdf
  page 1: 6 boards
    2x3 cell [21.98, 22.01]x[22.01] mm  labels AB/123  rows[2,1] cols[1,1,1]  picture 000/000
    2x3 cell [21.98, 22.01]x[22.01] mm  labels AB/123  rows[2,1] cols[1,1,1]  picture 000/000
    2x3 cell [21.98, 22.01]x[21.98, 22.01] mm  labels AB/123  rows[3,1] cols[2,1,1]  picture 000/000
    2x3 cell [21.98, 22.01]x[21.98, 22.01] mm  labels AB/123  rows[3,1] cols[2,1,1]  picture 000/000
    2x3 cell [21.98, 22.01]x[21.98, 22.01] mm  labels AB/123  rows[2,2] cols[2,1,1]  picture 000/000
    2x3 cell [21.98, 22.01]x[21.98, 22.01] mm  labels AB/123  rows[2,2] cols[2,1,1]  picture 000/000
  page 2: 4 boards
    3x3 cell [21.98, 22.01]x[21.98, 22.01] mm  labels ABC/123  rows[2,1,1] cols[2,1,1]  picture 000/000/000
    3x3 cell [21.98, 22.01]x[21.98, 22.01] mm  labels ABC/123  rows[2,1,1] cols[2,1,1]  picture 000/000/000
    3x3 cell [21.98, 22.01]x[21.98, 22.01] mm  labels ABC/123  rows[2,1,1] cols[2,1,1]  picture 000/000/000
    3x3 cell [21.98, 22.01]x[21.98, 22.01] mm  labels ABC/123  rows[2,1,1] cols[2,1,1]  picture 000/000/000
  page 3: 4 boards
    3x3 cell [21.98, 22.01]x[21.98, 22.01] mm  labels ABC/123  rows[2,1,1] cols[2,1,1]  picture 000/000/000
    3x3 cell [21.98, 22.01]x[21.98, 22.01] mm  labels ABC/123  rows[2,1,1] cols[2,1,1]  picture 000/000/000
    3x3 cell [21.98, 22.01]x[21.98, 22.01] mm  labels ABC/123  rows[1,0,1] cols[1,0,1]  picture 100/000/001
    3x3 cell [21.98, 22.01]x[21.98, 22.01] mm  labels ABC/123  rows[1,0,1] cols[1,0,1]  picture 000/000/000
  page 4: 6 boards
    2x2 cell [7.97, 8.01]x[8.01] mm  labels AB/12  rows[1,1] cols[1,1]  picture 10/01
    2x2 cell [7.97, 8.01]x[8.01] mm  labels AB/12  rows[1,1] cols[1,1]  picture 01/10
    3x3 cell [21.98, 22.01]x[21.98, 22.01] mm  labels ABC/123  rows[2,1,0] cols[2,1,0]  picture 110/100/000
    3x3 cell [21.98, 22.01]x[21.98, 22.01] mm  labels ABC/123  rows[1,0,1] cols[1,0,1]  picture 100/000/001
    3x3 cell [21.98, 22.01]x[21.98, 22.01] mm  labels ABC/123  rows[2,1,1] cols[2,1,1]  picture 110/001/100
    3x3 cell [21.98, 22.01]x[21.98, 22.01] mm  labels ABC/123  rows[3,2,1] cols[3,2,1]  picture 111/110/100
  page 5: 3 boards
    2x4 cell [21.98, 22.01]x[21.98, 22.01] mm  labels AB/1234  rows[2,2] cols[1,1,1,1]  picture 1100/0011
    2x4 cell [21.98, 22.01]x[21.98, 22.01] mm  labels AB/1234  rows[2,2] cols[1,1,1,1]  picture 0000/0000
    2x4 cell [21.98, 22.01]x[22.01] mm  labels AB/1234  rows[2,2] cols[1,1,1,1]  picture 0000/0000
  page 6: 4 boards
    2x3 cell [21.98, 22.01]x[22.01] mm  labels AB/123  rows[,] cols[,,]  picture 000/000
    2x3 cell [21.98, 22.01]x[22.01] mm  labels AB/123  rows[,] cols[,,]  picture 000/000
    3x3 cell [21.98, 22.01]x[21.98, 22.01] mm  labels ABC/123  rows[,,] cols[,,]  picture 000/000/000
    3x3 cell [21.98, 22.01]x[21.98, 22.01] mm  labels ABC/123  rows[,,] cols[,,]  picture 000/000/000
======================================================================
week-25-grades-4-5.pdf
  page 1: 3 boards
    2x4 cell [21.98, 22.01]x[21.98, 22.01] mm  labels AB/1234  rows[2,2] cols[1,1,1,1]  picture 0000/0000
    2x4 cell [21.98, 22.01]x[21.98, 22.01] mm  labels AB/1234  rows[2,2] cols[1,1,1,1]  picture 0000/0000
    2x4 cell [21.98, 22.01]x[22.01] mm  labels AB/1234  rows[2,2] cols[1,1,1,1]  picture 0000/0000
  page 2: 3 boards
    2x4 cell [21.98, 22.01]x[21.98, 22.01] mm  labels AB/1234  rows[2,2] cols[1,1,1,1]  picture 0000/0000
    2x4 cell [21.98, 22.01]x[21.98, 22.01] mm  labels AB/1234  rows[2,2] cols[1,1,1,1]  picture 0000/0000
    2x4 cell [21.98, 22.01]x[22.01] mm  labels AB/1234  rows[2,2] cols[1,1,1,1]  picture 0000/0000
  page 3: 5 boards
    2x2 cell [7.97, 8.01]x[8.01] mm  labels AB/12  rows[1,1] cols[1,1]  picture 10/01
    2x2 cell [7.97, 8.01]x[8.01] mm  labels AB/12  rows[1,1] cols[1,1]  picture 01/10
    2x4 cell [20.0]x[19.97, 20.0] mm  labels AB/1234  rows[2,2] cols[1,1,1,1]  picture 0000/0000
    2x4 cell [20.0]x[20.0] mm  labels AB/1234  rows[2,2] cols[1,1,1,1]  picture 0000/0000
    2x4 cell [20.0]x[20.0] mm  labels AB/1234  rows[2,2] cols[1,1,1,1]  picture 0000/0000
  page 4: 2 boards
    2x6 cell [21.98, 22.01]x[22.01] mm  labels AB/123456  rows[3,3] cols[1,1,1,1,1,1]  picture 111000/000111
    2x6 cell [21.98, 22.01]x[21.98, 22.01] mm  labels AB/123456  rows[3,3] cols[1,1,1,1,1,1]  picture 000111/111000
  page 5: 2 boards
    2x6 cell [21.98, 22.01]x[21.98, 22.01] mm  labels AB/123456  rows[3,3] cols[1,1,1,1,1,1]  picture 000000/000000
    2x6 cell [21.98, 22.01]x[21.98, 22.01] mm  labels AB/123456  rows[3,3] cols[1,1,1,1,1,1]  picture 000000/000000
  page 6: 2 boards
    2x6 cell [21.98, 22.01]x[21.98, 22.01] mm  labels AB/123456  rows[3,3] cols[2,1,0,1,1,1]  picture 110100/100011
    2x6 cell [21.98, 22.01]x[21.98, 22.01] mm  labels AB/123456  rows[3,3] cols[2,1,0,1,1,1]  picture 100011/110100
  page 7: 2 boards
    2x6 cell [21.98, 22.01]x[21.98, 22.01] mm  labels AB/123456  rows[,] cols[,,,,,]  picture 000000/000000
    2x6 cell [21.98, 22.01]x[21.98, 22.01] mm  labels AB/123456  rows[,] cols[,,,,,]  picture 000000/000000
======================================================================
week-25-facilitator.pdf
  page 3: 2 boards
    2x3 cell [8.82]x[8.82] mm  labels AB/123  rows[2,1] cols[1,1,1]  picture 101/010
    2x3 cell [8.82]x[8.82] mm  labels AB/123  rows[2,1] cols[1,1,1]  picture 110/001
  page 4: 7 boards
    2x2 cell [9.17]x[9.17] mm  labels AB/12  rows[1,1] cols[1,1]  picture 10/01
    2x2 cell [9.17]x[9.17] mm  labels AB/12  rows[1,1] cols[1,1]  picture 01/10
    2x3 cell [8.47]x[8.47] mm  labels AB/123  rows[1,1] cols[1,0,1]  picture 100/001
    2x3 cell [8.47]x[8.47] mm  labels AB/123  rows[1,1] cols[1,0,1]  picture 001/100
    2x3 cell [7.76]x[7.76] mm  labels AB/123  rows[2,1] cols[1,1,1]  picture 110/001
    2x3 cell [7.76]x[7.76] mm  labels AB/123  rows[2,1] cols[1,1,1]  picture 101/010
    2x3 cell [7.76]x[7.76] mm  labels AB/123  rows[2,1] cols[1,1,1]  picture 011/100
  page 5: 6 boards
    2x3 cell [8.82]x[8.82] mm  labels AB/123  rows[1,2] cols[1,1,1]  picture 100/011
    2x3 cell [8.82]x[8.82] mm  labels AB/123  rows[1,2] cols[1,1,1]  picture 010/101
    2x3 cell [8.82]x[8.82] mm  labels AB/123  rows[1,2] cols[1,1,1]  picture 001/110
    2x3 cell [8.82]x[8.82] mm  labels AB/123  rows[2,1] cols[1,1,1]  picture 011/100
    2x3 cell [8.82]x[8.82] mm  labels AB/123  rows[2,1] cols[1,1,1]  picture 101/010
    2x3 cell [8.82]x[8.82] mm  labels AB/123  rows[2,1] cols[1,1,1]  picture 110/001
  page 6: 6 boards
    3x3 cell [9.52]x[9.52] mm  labels ABC/123  rows[1,1,1] cols[1,1,1]  picture 100/010/001
    3x3 cell [9.52]x[9.52] mm  labels ABC/123  rows[1,1,1] cols[1,1,1]  picture 100/001/010
    3x3 cell [9.52]x[9.52] mm  labels ABC/123  rows[1,1,1] cols[1,1,1]  picture 010/100/001
    3x3 cell [9.52]x[9.52] mm  labels ABC/123  rows[1,1,1] cols[1,1,1]  picture 010/001/100
    3x3 cell [9.52]x[9.52] mm  labels ABC/123  rows[1,1,1] cols[1,1,1]  picture 001/100/010
    3x3 cell [9.52]x[9.52] mm  labels ABC/123  rows[1,1,1] cols[1,1,1]  picture 001/010/100
  page 7: 7 boards
    2x3 cell [8.82]x[8.82] mm  labels AB/123  rows[3,1] cols[2,1,1]  picture 111/100
    3x3 cell [8.82]x[8.82] mm  labels ABC/123  rows[2,1,0] cols[2,1,0]  picture 110/100/000
    3x3 cell [7.76]x[7.76] mm  labels ABC/123  rows[2,1,1] cols[2,1,1]  picture 011/100/100
    3x3 cell [7.76]x[7.76] mm  labels ABC/123  rows[2,1,1] cols[2,1,1]  picture 101/010/100
    3x3 cell [7.76]x[7.76] mm  labels ABC/123  rows[2,1,1] cols[2,1,1]  picture 101/100/010
    3x3 cell [7.76]x[7.76] mm  labels ABC/123  rows[2,1,1] cols[2,1,1]  picture 110/001/100
    3x3 cell [7.76]x[7.76] mm  labels ABC/123  rows[2,1,1] cols[2,1,1]  picture 110/100/001
  page 8: 6 boards
    2x3 cell [7.76]x[7.76] mm  labels AB/123  rows[3,1] cols[2,1,1]  picture 111/100
    2x3 cell [7.76]x[7.76] mm  labels AB/123  rows[2,2] cols[2,1,1]  picture 110/101
    2x3 cell [7.76]x[7.76] mm  labels AB/123  rows[2,2] cols[2,1,1]  picture 101/110
    3x3 cell [7.76]x[7.76] mm  labels ABC/123  rows[3,1,0] cols[2,1,1]  picture 111/100/000
    3x3 cell [7.76]x[7.76] mm  labels ABC/123  rows[2,1,1] cols[2,1,1]  picture 110/001/100
    3x3 cell [7.76]x[7.76] mm  labels ABC/123  rows[2,1,1] cols[2,1,1]  picture 101/010/100
  page 9: 6 boards
    2x3 cell [8.82]x[8.82] mm  labels AB/123  rows[2,1] cols[1,1,1]  picture 011/100
    2x3 cell [8.82]x[8.82] mm  labels AB/123  rows[2,1] cols[1,1,1]  picture 101/010
    2x3 cell [8.82]x[8.82] mm  labels AB/123  rows[2,1] cols[1,1,1]  picture 110/001
    2x3 cell [8.82]x[8.82] mm  labels AB/123  rows[3,1] cols[2,1,1]  picture 111/100
    2x3 cell [8.82]x[8.82] mm  labels AB/123  rows[2,2] cols[2,1,1]  picture 110/101
    2x3 cell [8.82]x[8.82] mm  labels AB/123  rows[2,2] cols[2,1,1]  picture 101/110
  page 10: 5 boards
    3x3 cell [9.17]x[9.17] mm  labels ABC/123  rows[2,1,1] cols[2,1,1]  picture 011/100/100
    3x3 cell [9.17]x[9.17] mm  labels ABC/123  rows[2,1,1] cols[2,1,1]  picture 101/010/100
    3x3 cell [9.17]x[9.17] mm  labels ABC/123  rows[2,1,1] cols[2,1,1]  picture 101/100/010
    3x3 cell [9.17]x[9.17] mm  labels ABC/123  rows[2,1,1] cols[2,1,1]  picture 110/001/100
    3x3 cell [9.17]x[9.17] mm  labels ABC/123  rows[2,1,1] cols[2,1,1]  picture 110/100/001
  page 11: 6 boards
    3x3 cell [7.41]x[7.41] mm  labels ABC/123  rows[1,0,1] cols[1,0,1]  picture 100/000/001
    3x3 cell [7.41]x[7.41] mm  labels ABC/123  rows[1,0,1] cols[1,0,1]  picture 001/000/100
    3x3 cell [7.41]x[7.41] mm  labels ABC/123  rows[2,1,0] cols[2,1,0]  picture 110/100/000
    3x3 cell [7.41]x[7.41] mm  labels ABC/123  rows[1,0,1] cols[1,0,1]  picture 100/000/001
    3x3 cell [7.41]x[7.41] mm  labels ABC/123  rows[2,1,1] cols[2,1,1]  picture 110/001/100
    3x3 cell [7.41]x[7.41] mm  labels ABC/123  rows[3,2,1] cols[3,2,1]  picture 111/110/100
  page 12: 5 boards
    2x4 cell [8.11]x[8.11] mm  labels AB/1234  rows[2,2] cols[1,1,1,1]  picture 1100/0011
    2x4 cell [8.11]x[8.11] mm  labels AB/1234  rows[2,2] cols[1,1,1,1]  picture 0110/1001
    2x4 cell [8.11]x[8.11] mm  labels AB/1234  rows[2,2] cols[1,1,1,1]  picture 0011/1100
    2x3 cell [8.11]x[8.11] mm  labels AB/123  rows[3,1] cols[2,1,1]  picture 111/100
    3x3 cell [8.11]x[8.11] mm  labels ABC/123  rows[3,1,0] cols[2,1,1]  picture 111/100/000
  page 13: 6 boards
    2x4 cell [8.11]x[8.11] mm  labels AB/1234  rows[2,2] cols[1,1,1,1]  picture 1100/0011
    2x4 cell [8.11]x[8.11] mm  labels AB/1234  rows[2,2] cols[1,1,1,1]  picture 1010/0101
    2x4 cell [8.11]x[8.11] mm  labels AB/1234  rows[2,2] cols[1,1,1,1]  picture 1001/0110
    2x4 cell [8.11]x[8.11] mm  labels AB/1234  rows[2,2] cols[1,1,1,1]  picture 0110/1001
    2x4 cell [8.11]x[8.11] mm  labels AB/1234  rows[2,2] cols[1,1,1,1]  picture 0101/1010
    2x4 cell [8.11]x[8.11] mm  labels AB/1234  rows[2,2] cols[1,1,1,1]  picture 0011/1100
  page 14: 4 boards
    2x6 cell [9.52]x[9.52] mm  labels AB/123456  rows[3,3] cols[1,1,1,1,1,1]  picture 111000/000111
    2x6 cell [9.52]x[9.52] mm  labels AB/123456  rows[3,3] cols[1,1,1,1,1,1]  picture 011100/100011
    2x6 cell [9.52]x[9.52] mm  labels AB/123456  rows[3,3] cols[1,1,1,1,1,1]  picture 001110/110001
    2x6 cell [9.52]x[9.52] mm  labels AB/123456  rows[3,3] cols[1,1,1,1,1,1]  picture 000111/111000
  page 15: 6 boards
    2x6 cell [7.06]x[7.06] mm  labels AB/123456  rows[3,3] cols[2,1,0,1,1,1]  picture 110100/100011
    2x6 cell [7.06]x[7.06] mm  labels AB/123456  rows[3,3] cols[2,1,0,1,1,1]  picture 110010/100101
    2x6 cell [7.06]x[7.06] mm  labels AB/123456  rows[3,3] cols[2,1,0,1,1,1]  picture 110001/100110
    2x6 cell [7.06]x[7.06] mm  labels AB/123456  rows[3,3] cols[2,1,0,1,1,1]  picture 100110/110001
    2x6 cell [7.06]x[7.06] mm  labels AB/123456  rows[3,3] cols[2,1,0,1,1,1]  picture 100101/110010
    2x6 cell [7.06]x[7.06] mm  labels AB/123456  rows[3,3] cols[2,1,0,1,1,1]  picture 100011/110100
  page 16: 2 boards
    2x6 cell [8.82]x[8.82] mm  labels AB/123456  rows[3,3] cols[2,1,0,1,1,1]  picture 110100/100011
    2x6 cell [8.82]x[8.82] mm  labels AB/123456  rows[3,3] cols[2,1,0,1,1,1]  picture 100011/110100
  page 17: 2 boards
    3x3 cell [9.17]x[9.17] mm  labels ABC/123  rows[3,2,1] cols[3,2,1]  picture 111/110/100
    3x3 cell [9.17]x[9.17] mm  labels ABC/123  rows[2,1,1] cols[2,1,1]  picture 110/001/100
  page 18: 2 boards
    3x3 cell [8.11]x[8.11] mm  labels ABC/123  rows[1,1,1] cols[1,1,1]  picture 100/010/001
    3x3 cell [8.11]x[8.11] mm  labels ABC/123  rows[1,1,1] cols[1,1,1]  picture 100/001/010
