K1 P1a 2 ['01/10', '10/01']
K1 P1b 2 ['001/100', '100/001']
K1 P1c 3 ['011/100', '101/010', '110/001']
K1 P2L 3 ['001/110', '010/101', '100/011']
K1 P2R 3 ['011/100', '101/010', '110/001']
K1 P3 6 ['001/010/100', '001/100/010', '010/001/100', '010/100/001', '100/001/010', '100/010/001']
K1 P4 p5 1 ['111/100']
K1 P4 p6 top 1 ['110/100/000']
K1 P4 p6 bot 5 ['011/100/100', '101/010/100', '101/100/010', '110/001/100', '110/100/001']
23 P1a 3 ['011/100', '101/010', '110/001']
23 P1b 1 ['111/100']
23 P1c 2 ['101/110', '110/101']
23 P2 5 ['011/100/100', '101/010/100', '101/100/010', '110/001/100', '110/100/001']
45 P1 6 ['0011/1100', '0101/1010', '0110/1001', '1001/0110', '1010/0101', '1100/0011']
45 P4 6 ['100011/110100', '100101/110010', '100110/110001', '110001/100110', '110010/100101', '110100/100011']
launch 3 ['011/100', '101/010', '110/001']
23 P4 1100/0011->0011/1100 2
45 P3 3
45 P4 2
halved-vacated-cells lower bound violations: 0 of 21886
