PASS p1: four launch panels (4)
PASS p1 panel "start: memory 0": labels 0..3
PASS p1 panel "start: memory 0": robot dot at (0, 0) -> [(0.0, 0.0)]
FAIL p1 panel "start: memory 0": no move drawn -> found 1 segment(s) of total length 0.13 units and 1 arrowhead(s); head points up
PASS p1 panel "EE: memory 0": labels 0..3
PASS p1 panel "EE: memory 0": robot dot at (2, 0) -> [(2.0, 0.0)]
PASS p1 panel "EE: memory 0": drawn path [(0.0, 0.0), (1.87, 0.0)] matches [(0, 0), (2, 0)]
PASS p1 panel "EEN: memory 2": labels 0..3
PASS p1 panel "EEN: memory 2": robot dot at (2, 1) -> [(2.0, 1.0)]
PASS p1 panel "EEN: memory 2": drawn path [(-0.0, 0.0), (2.0, 0.0), (2.0, 0.87)] matches [(0, 0), (2, 0), (2, 1)]
PASS p1 panel "EENE: memory 2": labels 0..3
PASS p1 panel "EENE: memory 2": robot dot at (3, 1) -> [(3.0, 1.0)]
PASS p1 panel "EENE: memory 2": drawn path [(0.0, 0.0), (2.0, 0.0), (2.0, 1.0), (2.87, 1.0)] matches [(0, 0), (2, 0), (2, 1), (3, 1)]
PASS p1: one P1 board
PASS P1 board: square cells, unit 49.6 x 49.6 pt
PASS P1 board: column labels [0, 1, 2, 3]
PASS P1 board: one dot O at (0, 0) -> [(0.0, 0.0)]
PASS P1 board: one ring at (2, 2) -> [(2.0, 2.0)]
PASS P1: 7 answer lines for 6 routes
PASS P2 board: square cells, unit 60.9 x 60.9 pt
PASS P2 board: column labels [-2, -1, 0, 1, 2]
PASS P2 board: row labels bottom-to-top [-2, -1, 0, 1, 2]
PASS P2 board: one dot O at (0, 0) -> [(0.0, -0.0)]
PASS p3: four P3 boards
PASS P3 board 1: square cells (42.5 x 42.5)
PASS P3 board 1: column labels [0, 1, 2, 3]
PASS P3 board 1: one thick outline
PASS P3 board 1: outline on lattice points [(0, 0), (2, 0), (2, 1), (0, 1)]
PASS P3 board 1: start dot [(0, 0)] on the outline
   P3 board 1: corners [(0, 0), (2, 0), (2, 1), (0, 1)], memory CCW 2, CW -2, area 2
PASS P3 board 1: memories +2/-2
PASS P3 board 1: a 2-by-1 rectangle, left column 0
PASS P3 board 2: square cells (42.5 x 42.5)
PASS P3 board 2: column labels [2, 3, 4, 5]
PASS P3 board 2: one thick outline
PASS P3 board 2: outline on lattice points [(2, 0), (4, 0), (4, 1), (2, 1)]
PASS P3 board 2: start dot [(2, 0)] on the outline
   P3 board 2: corners [(2, 0), (4, 0), (4, 1), (2, 1)], memory CCW 2, CW -2, area 2
PASS P3 board 2: memories +2/-2
PASS P3 board 2: a 2-by-1 rectangle, left column 2
PASS P3 board 3: square cells (42.5 x 42.5)
PASS P3 board 3: column labels [-3, -2, -1, 0]
PASS P3 board 3: one thick outline
PASS P3 board 3: outline on lattice points [(-3, 0), (-1, 0), (-1, 1), (-3, 1)]
PASS P3 board 3: start dot [(-3, 0)] on the outline
   P3 board 3: corners [(-3, 0), (-1, 0), (-1, 1), (-3, 1)], memory CCW 2, CW -2, area 2
PASS P3 board 3: memories +2/-2
PASS P3 board 3: a 2-by-1 rectangle, left column -3
PASS P3 board 4: square cells (42.5 x 42.5)
PASS P3 board 4: column labels [0, 1, 2, 3]
PASS P3 board 4: one thick outline
PASS P3 board 4: outline on lattice points [(0, 0), (2, 0), (2, 1), (1, 1), (1, 2), (0, 2)]
PASS P3 board 4: start dot [(0, 0)] on the outline
   P3 board 4: corners [(0, 0), (2, 0), (2, 1), (1, 1), (1, 2), (0, 2)], memory CCW 3, CW -3, area 3
PASS P3 board 4: memories +3/-3
PASS P4 board: square cells, unit 51.0 x 51.0 pt
PASS P4 board: column labels [-1, 0, 1, 2, 3, 4]
PASS P4 board: row labels bottom-to-top [-1, 0, 1, 2, 3, 4]
PASS P4 board: one dot O at (0, 0) -> [(0.0, 0.0)]
PASS P4 board: one ring at (2, 2) -> [(2.0, 2.0)]
PASS p5: main strip has 21 ticks (21)
PASS p5: tick spacing 7.200 mm (guide: 7.2 mm)
PASS p5: labels -10..10 under the ticks
PASS p5: left extension 11 unlabelled ticks at 7.200 mm
PASS p5: right extension 11 unlabelled ticks at 7.200 mm
PASS p5: two extensions with one-tick overlap add 20 numbers (10..20 and -20..-10)
PASS p5: card grid 8 x 4 of 18.00 x 18.00 mm
PASS p5: card letters {'E': 8, 'W': 8, 'N': 8, 'S': 8}

64 checks, 1 failures
  FAILED: p1 panel "start: memory 0": no move drawn -> found 1 segment(s) of total length 0.13 units and 1 arrowhead(s); head points up
