PASS law (x,y,z)(a,b,c)=(x+a,y+b,z+c+xb) is matrix multiplication (125^2 pairs)
PASS associativity on 27^3 triples
PASS right multiplication by E/W/N/S generators reproduces the printed card rules
PASS states (0,0,k) are central
PASS inverse (-x,-y,-z+xy) (MATHEMATICS.md)
PASS guide p3: t=z-xy/2 turns the law into t+s+(xb-ya)/2
PASS p1 / guide p1 EENE example: EE->(2,0) m0, EEN->(2,1) m2, EENE->(3,1) m2 [[(2, 0, 0), (2, 1, 2), (3, 1, 2)]]
PASS guide p1: EN memory 1, NE memory 0 at (1,1)
PASS guide p2: at column -2, N takes 0 to -2, S returns to 0
P1 routes: {'EENN': 4, 'ENEN': 3, 'ENNE': 2, 'NEEN': 2, 'NENE': 1, 'NNEE': 0}
PASS P1: exactly 6 distinct routes
PASS P1: all routes end at the ring (2,2)
PASS P1: memories 0,1,2,2,3,4
PASS P1: five different memories
PASS guide P1 table matches
PASS guide P1: E-positions 12..34 give the six words in table order
PASS P1 routes stay on the printed 0..3 board
PASS P2: 24 orders of four distinct cards
PASS P2: every order returns to O
P2 distribution: {-1: 4, 0: 16, 1: 4}
PASS P2: possible memories exactly -1,0,1
PASS guide P2: counts 4,16,4
PASS guide P2 witnesses
PASS guide P2: visited columns in {0,1} or {-1,0} by first horizontal move
PASS P2 routes fit the -2..2 board
P3 rect a=0: EENWWS -> 2, NEESWW -> -2, shoelace 2
PASS P3 rect a=0: both walks return to the dot
PASS P3 rect a=0: memories = +/- signed area 2
PASS P3 rect a=0: same memory from every starting point on the loop
P3 rect a=2: EENWWS -> 2, NEESWW -> -2, shoelace 2
PASS P3 rect a=2: both walks return to the dot
PASS P3 rect a=2: memories = +/- signed area 2
PASS P3 rect a=2: same memory from every starting point on the loop
P3 rect a=-3: EENWWS -> 2, NEESWW -> -2, shoelace 2
PASS P3 rect a=-3: both walks return to the dot
PASS P3 rect a=-3: memories = +/- signed area 2
PASS P3 rect a=-3: same memory from every starting point on the loop
P3 L: EENWNWSS -> 3, NNESESWW -> -3, shoelace 3
PASS P3 L: both walks return to the dot
PASS P3 L: memories = +/- signed area 3
PASS P3 L: same memory from every starting point on the loop
PASS guide P3: EENWWS +2, reverse -2
PASS guide P3: L route EENWNWSS gives 3
PASS guide P3: L up-steps on columns 2,1, down-steps on column 0 [('N', 2), ('N', 1), ('S', 0), ('S', 0)]
PASS guide P3: 2-0, 4-2, (-1)-(-3) all 2
PASS guide P4: EEEENWNW ends at (2,2) with memory 7
PASS guide P4: EEEENWNW vertical-move memories [4, 7]
PASS guide P4: EEEENWNW stays on printed -1..4 board
PASS guide P4: EEEENWNW stays on the -10..10 strip
PASS guide P4: EEEENWNW uses 8 moves, <=8 cards of each kind
PASS guide P4: NNNENESS ends at (2,2) with memory -3
PASS guide P4: NNNENESS vertical-move memories [0, 0, 0, 1, -1, -3]
PASS guide P4: NNNENESS stays on printed -1..4 board
PASS guide P4: NNNENESS stays on the -10..10 strip
PASS guide P4: NNNENESS uses 8 moves, <=8 cards of each kind
PASS guide P4: after NNNEN at (1,4) memory 1
PASS guide P4 uniform plan: every k in -60..60 reaches (2,2) with memory k, stays in 0..2 square, first reaches ring at end
PASS NNEE adds 0
info: a shortest route to (2,2) with memory 7: EEEENWNW (length 8)
info: a shortest route to (2,2) with memory -3: NNNEEESW (length 8)
words length<=8: 87381 closed: 5341
PASS closed words <=8: memory = algebraic area (sum of winding numbers), incl. self-crossing/repeated
PASS 148 simple closed words <=8: memory = shoelace signed area (CCW +)
PASS closed words <=8: translation leaves memory unchanged
PASS open words <=7: signed area of path + straight chord = z - xy/2 (guide p1 convention)
PASS guide p3: EENN memory 4, symmetric height 2
PASS guide p3: two identical unit loops remember 2
PASS NESW is ENWS walked backward
PASS MATHEMATICS.md: 21,845 words of length <=7, 441 closed
PASS guide text: P1 six routes, five memories
PASS guide text: P1 table values 4 3 2 2 1 0
PASS guide text: P2 answer, witnesses, counts
PASS guide text: P3 answers
PASS guide text: P4 table
PASS guide text: apparatus sizes quoted
PASS student p1: example captions
PASS student p4: targets 7 and -3

68 checks, 0 failures
