PASS model: diagonal room has a corner at v0
PASS p1 board: 7 vertical and 7 horizontal lines (6x6 squares)  [7,7]
PASS p1 board: equal square spacing in x and y  [{0.76},{0.76}]
PASS p1: A dot at the centre of the board
PASS p1: board arrow starts at A and points east
PASS p1: label A next to the A dot  [0.37 in]
PASS p1 procedure panels: arrows face E, E, N (start, move, turn left)  [[0, 0, 90]]
PASS p2 board: 8 dots at the {8,4} vertices (independent model)  [max err 4.18e-05]
PASS p2 board: labels A..H sit at v0..v7 (counterclockwise)
PASS p2 board: 8 black edges, each a true geodesic between consecutive vertices  [8]
PASS p2 board: 16 grey stubs, each on the continuation of an incident side  [16 stubs, 0 unmatched strokes]
PASS p2 board: start arrow at A points along the road toward B  [-0.00 deg]
PASS p2 visual: start / arrive / turn-left arrows match the true tangents  [0.00, -0.00, -0.00]
PASS p2 visual: panel 3 is a +90 degree (left) turn from the arrival heading  [90.000000]
PASS p3 octagon board: 14 junction dots
PASS p3: all 14x14 hyperbolic distances between drawn dots equal the true two-room cluster  [max err 4.13e-04]
PASS p3: every outside edge has the {8,4} side length
PASS p3: no dot at the shared-wall midpoint (disk centre)
PASS p3: turn angles at the drawn dots are 12 x +90 (left) and 2 x 0 (straight)  [[0, 90, 90, 90, 90, 90, 90, 0, 90, 90, 90, 90, 90, 90]]
PASS p3: straight dots are A and the bottom of the shared wall  [[0, 7]]
PASS p3: start arrow at A points along the walk (rooms on the left)
PASS p3: octagon label A nearest the start dot
PASS p3: shared wall joins A to the lower straight dot
PASS p3: every octagon-board dot shows 4 branches at right angles (edges, wall, stubs)  [{0: 4, 1: 4, 2: 4, 3: 4, 4: 4, 5: 4, 6: 4, 7: 4, 8: 4, 9: 4, 10: 4, 11: 4, 12: 4, 13: 4}]
PASS guide p.2: closest two-room junction centres about 17.9 mm apart  [17.85 mm]
PASS p3 squares: 6 dots forming two equal squares  [side 1.1 in]
PASS p3 squares: arrow at top-middle dot pointing west
PASS p4: dotted map edge is a circle  [centre 4.250,5.200 r=2.920]
PASS p4: 8 complete streets = full geodesics of the 8 central sides, each ending on the map edge
PASS p4: heavy dashed street R is the geodesic of side v3-v4
PASS p4: P dot at v0
FAIL p4: label R is nearer the dashed street than any other street  [0:84.6mm, 1:52.7mm, 2:9.5mm, 3:16.2mm, 4:20.6mm, 5:62.2mm, 6:89.8mm, 7:97.7mm]
  suggested R label at disk (-0.66, 0): 0:79.9mm, 1:53.2mm, 2:16.1mm, 3:8.7mm, 4:16.1mm, 5:53.2mm, 6:79.9mm, 7:89.5mm
PASS p4 fix: at (-0.66, 0) the R label is nearest the dashed street and clear of it  [8.7 mm vs next 16.1 mm]
PASS p4: label P sits next to the P dot  [8.3 mm]
PASS p5: 4 rooms x 8 sides - 4 shared = 28 distinct sides in the model
PASS p5: every drawn side is a true side of the four rooms around v0 (28 matched)  [28 of 28 strokes]
p5 labels -> rooms: {'Home': ['DIAG'], 'A': ['NB7'], 'B': ['NB0'], '⋆': ['Home']}
PASS p5: each label lies in exactly one room, all four rooms labelled
PASS p5: Home and star are in opposite rooms (corner contact only)
PASS p5: A and B are the two rooms sharing a side with Home
PASS p5: the single dot is the shared corner
p5 example boxes: 3
PASS p5 example: three equal adjacent boxes C, D, E
PASS p5 example: arrow runs from box C to box E (two shared walls)
PASS guide PDF has 7 pages
PASS guide text contains "A, B, C, D, E, F, G, H, A"
PASS guide text contains "A, H, G, F, E, D, C, B, A"
PASS guide text contains "16 − 4 = 12"
PASS guide text contains "8 + 8 − 2 = 14"
PASS guide text contains "8 × 7 = 56"
PASS guide text contains "56 − 8 = 48"
PASS guide text contains "40 reached once and eight reached twice"
PASS guide text contains "layers 1, 4, 8"
PASS guide text contains "17.9 mm"
PASS guide text contains "five packets, 30 sheets"
PASS page 1: header and footer present
PASS page 2: header and footer present
PASS page 3: header and footer present
PASS page 4: header and footer present
PASS page 5: header and footer present
PASS page 6: header and footer present

59 checks, 1 failures
