PASS k1 Problem 1: source statement appears in the PDF: Pick up every counter in each town. Color the island where y
PASS k1 Problem 2: source statement appears in the PDF: Color every island where your token can start and still pick
PASS k1 Problem 3: source statement appears in the PDF: Can you pick up every counter? Put a check in the box if you
PASS k1 Problem 4: source statement appears in the PDF: Pick up every counter and end on the island where you starte
PASS k1 Problem 5: source statement appears in the PDF: Trace each picture with a colored pencil, without lifting th
PASS k1 Problem 6: source statement appears in the PDF: Nobody can pick up every counter in these towns. Draw one mo
PASS k1 Problem 7: source statement appears in the PDF: Join 4 hexagons with craft sticks into one town where your p
PASS k1 Problem 8: source statement appears in the PDF: Put two counters on one bridge and try to pick up every coun
PASS k1: islands drawn in source TeX = islands in PDF: (101, 101)
  k1: 8 problems in source; PDF md5 083f0b50409fae3230a1cee0fcc1ad2c
PASS g23 Problem 1: source statement appears in the PDF: In each town, find a walk that picks up every counter, and w
PASS g23 Problem 2: source statement appears in the PDF: In each town, find every island where a walk that picks up e
PASS g23 Problem 3: source statement appears in the PDF: For each town, decide without walking whether a walk can pic
PASS g23 Problem 4: source statement appears in the PDF: No walk picks up every counter in these towns. In each town,
PASS g23 Problem 5: source statement appears in the PDF: In each town, draw as few new bridges as you can so that a w
PASS g23 Problem 6: source statement appears in the PDF: How can you tell, without walking, whether a town has a walk
PASS g23 Problem 7: source statement appears in the PDF: Trace each picture with a colored pencil, without lifting th
PASS g23 Problem 8: source statement appears in the PDF: Build each of these towns with hexagons and craft sticks for
PASS g23 Problem 9: source statement appears in the PDF: Can you make a town with at least one bridge where a walk th
PASS g23 Problem 10: source statement appears in the PDF: A bridge can hold two counters, and then a walk can cross it
PASS g23: islands drawn in source TeX = islands in PDF: (96, 96)
  g23: 10 problems in source; PDF md5 a758a737a3acba24ecd6fcde604556e7
PASS g45 Problem 1: source statement appears in the PDF: In each town, find a walk that crosses every bridge exactly 
PASS g45 Problem 2: source statement appears in the PDF: In each town, find every island where a walk that crosses ev
PASS g45 Problem 3: source statement appears in the PDF: For each town, decide without walking it whether there is a 
PASS g45 Problem 4: source statement appears in the PDF: Write a rule that tells you, from a picture of a town, wheth
PASS g45 Problem 5: source statement appears in the PDF: In the city of K\"onigsberg, seven bridges joined four areas
PASS g45 Problem 6: source statement appears in the PDF: Can a town have exactly one island with an odd number of bri
PASS g45 Problem 7: source statement appears in the PDF: Trace each picture with a colored pencil, without lifting th
PASS g45 Problem 8: source statement appears in the PDF: Lee walked around the outside of this town: \mbox{A B C D E 
PASS g45 Problem 9: source statement appears in the PDF: Explain why a town in which every island has an even number 
PASS g45 Problem 10: source statement appears in the PDF: A truck must cross every bridge of a town at least once. Bef
PASS g45 Problem 11: source statement appears in the PDF: In the first town of Problem 10, explain why no route that e
PASS g45: islands drawn in source TeX = islands in PDF: (83, 83)
  g45: 11 problems in source; PDF md5 c0ab6ca04dcee2660b6ca5fa1c8ccf78

FAILURES: none
