PASS k1 p1 town 1: no two bands touch away from a shared island: []
PASS k1 p1 town 1: unlabelled (K-1)
PASS k1 p1 town 2: no two bands touch away from a shared island: []
PASS k1 p1 town 2: unlabelled (K-1)
PASS k1 p1 town 3: no two bands touch away from a shared island: []
PASS k1 p1 town 3: unlabelled (K-1)
PASS k1 p1 town 4: no two bands touch away from a shared island: []
PASS k1 p1 town 4: unlabelled (K-1)
PASS k1 p1 towns 1 and 2: island centres separated: 82.3
PASS k1 p1 towns 1 and 3: island centres separated: 144.5
PASS k1 p1 towns 1 and 4: island centres separated: 93.7
PASS k1 p1 towns 2 and 3: island centres separated: 74.9
PASS k1 p1 towns 2 and 4: island centres separated: 93.7
PASS k1 p1 towns 3 and 4: island centres separated: 104.0
PASS k1 p2 town 1: no two bands touch away from a shared island: []
PASS k1 p2 town 1: unlabelled (K-1)
PASS k1 p2 town 2: no two bands touch away from a shared island: []
PASS k1 p2 town 2: unlabelled (K-1)
PASS k1 p2 towns 1 and 2: island centres separated: 99.4
PASS k1 p3 town 1: no two bands touch away from a shared island: []
PASS k1 p3 town 1: unlabelled (K-1)
PASS k1 p3 town 2: no two bands touch away from a shared island: []
PASS k1 p3 town 2: unlabelled (K-1)
PASS k1 p3 town 3: no two bands touch away from a shared island: []
PASS k1 p3 town 3: unlabelled (K-1)
PASS k1 p3 towns 1 and 2: island centres separated: 160.8
PASS k1 p3 towns 1 and 3: island centres separated: 128.7
PASS k1 p3 towns 2 and 3: island centres separated: 128.7
PASS k1 p4 town 1: no two bands touch away from a shared island: []
PASS k1 p4 town 1: unlabelled (K-1)
PASS k1 p4 town 2: no two bands touch away from a shared island: []
PASS k1 p4 town 2: unlabelled (K-1)
PASS k1 p4 towns 1 and 2: island centres separated: 153.0
PASS k1 p5 town 1: no two bands touch away from a shared island: []
PASS k1 p5 town 1: unlabelled (K-1)
PASS k1 p5 town 2: no two bands touch away from a shared island: []
PASS k1 p5 town 2: unlabelled (K-1)
PASS k1 p5 town 3: no two bands touch away from a shared island: []
PASS k1 p5 town 3: unlabelled (K-1)
PASS k1 p5 towns 1 and 2: island centres separated: 158.7
PASS k1 p5 towns 1 and 3: island centres separated: 279.3
PASS k1 p5 towns 2 and 3: island centres separated: 120.5
PASS k1 p6 town 1: no two bands touch away from a shared island: []
PASS k1 p6 town 1: unlabelled (K-1)
PASS k1 p6 town 2: no two bands touch away from a shared island: []
PASS k1 p6 town 2: unlabelled (K-1)
PASS k1 p6 towns 1 and 2: island centres separated: 74.8
PASS k1 p9 town 1: no two bands touch away from a shared island: []
PASS k1 p9 town 1: unlabelled (K-1)
PASS k1 p9 town 2: no two bands touch away from a shared island: []
PASS k1 p9 town 2: unlabelled (K-1)
PASS k1 p9 towns 1 and 2: island centres separated: 74.8
PASS k1 p10 town 1: no two bands touch away from a shared island: []
PASS k1 p10 town 1: unlabelled (K-1)
PASS k1 p11 town 1: no two bands touch away from a shared island: []
PASS k1 p11 town 1: unlabelled (K-1)
PASS k1 p11 town 2: no two bands touch away from a shared island: []
PASS k1 p11 town 2: unlabelled (K-1)
PASS k1 p11 towns 1 and 2: island centres separated: 74.9
PASS k1 p12 town 1: no two bands touch away from a shared island: []
PASS k1 p12 town 1: unlabelled (K-1)
PASS g23 p1 town 1: no two bands touch away from a shared island: []
PASS g23 p1 town 1: labels unique, consecutive from A: ['A', 'B', 'C', 'D', 'E']
PASS g23 p1 town 2: no two bands touch away from a shared island: []
PASS g23 p1 town 2: labels unique, consecutive from A: ['A', 'B', 'C', 'D']
PASS g23 p1 town 3: no two bands touch away from a shared island: []
PASS g23 p1 town 3: labels unique, consecutive from A: ['A', 'B', 'C']
PASS g23 p1 towns 1 and 2: island centres separated: 119.5
PASS g23 p1 towns 1 and 3: island centres separated: 144.2
PASS g23 p1 towns 2 and 3: island centres separated: 144.2
PASS g23 p2 town 1: no two bands touch away from a shared island: []
PASS g23 p2 town 1: labels unique, consecutive from A: ['A', 'B', 'C', 'D', 'E', 'F']
PASS g23 p2 town 2: no two bands touch away from a shared island: []
PASS g23 p2 town 2: labels unique, consecutive from A: ['A', 'B', 'C', 'D', 'E', 'F']
PASS g23 p2 towns 1 and 2: island centres separated: 106.0
PASS g23 p3 town 1: no two bands touch away from a shared island: []
PASS g23 p3 town 1: labels unique, consecutive from A: ['A', 'B', 'C', 'D', 'E', 'F']
PASS g23 p3 town 2: no two bands touch away from a shared island: []
PASS g23 p3 town 2: labels unique, consecutive from A: ['A', 'B', 'C', 'D', 'E', 'F', 'G']
PASS g23 p3 towns 1 and 2: island centres separated: 106.0
PASS g23 p4 town 1: no two bands touch away from a shared island: []
PASS g23 p4 town 1: labels unique, consecutive from A: ['A', 'B', 'C', 'D', 'E', 'F']
PASS g23 p4 town 2: no two bands touch away from a shared island: []
PASS g23 p4 town 2: labels unique, consecutive from A: ['A', 'B', 'C']
PASS g23 p4 towns 1 and 2: island centres separated: 106.0
PASS g23 p5 town 1: no two bands touch away from a shared island: []
PASS g23 p5 town 1: labels unique, consecutive from A: ['A', 'B', 'C', 'D']
PASS g23 p5 town 2: no two bands touch away from a shared island: []
PASS g23 p5 town 2: labels unique, consecutive from A: ['A', 'B', 'C', 'D', 'E']
PASS g23 p5 towns 1 and 2: island centres separated: 106.0
PASS g23 p6 town 1: no two bands touch away from a shared island: []
PASS g23 p6 town 1: labels unique, consecutive from A: ['A', 'B', 'C', 'D']
PASS g23 p6 town 2: no two bands touch away from a shared island: []
PASS g23 p6 town 2: labels unique, consecutive from A: ['A', 'B', 'C', 'D', 'E', 'F']
PASS g23 p6 towns 1 and 2: island centres separated: 106.0
PASS g23 p7 town 1: no two bands touch away from a shared island: []
PASS g23 p7 town 1: labels unique, consecutive from A: ['A', 'B', 'C', 'D', 'E', 'F', 'G', 'H']
PASS g23 p7 town 2: no two bands touch away from a shared island: []
PASS g23 p7 town 2: labels unique, consecutive from A: ['A', 'B', 'C', 'D', 'E']
PASS g23 p7 town 3: no two bands touch away from a shared island: []
PASS g23 p7 town 3: labels unique, consecutive from A: ['A', 'B', 'C', 'D']
PASS g23 p7 towns 1 and 2: island centres separated: 150.3
PASS g23 p7 towns 1 and 3: island centres separated: 169.1
PASS g23 p7 towns 2 and 3: island centres separated: 160.4
PASS g23 p8 town 1: no two bands touch away from a shared island: []
PASS g23 p8 town 1: labels unique, consecutive from A: ['A', 'B', 'C', 'D', 'E', 'F']
PASS g23 p12 town 1: no two bands touch away from a shared island: []
PASS g23 p12 town 1: labels unique, consecutive from A: ['A', 'B', 'C', 'D']
PASS g23 p12 town 2: no two bands touch away from a shared island: []
PASS g23 p12 town 2: labels unique, consecutive from A: ['A', 'B', 'C', 'D']
PASS g23 p12 towns 1 and 2: island centres separated: 74.8
PASS g45 p1 town 1: no two bands touch away from a shared island: []
PASS g45 p1 town 1: labels unique, consecutive from A: ['A', 'B', 'C', 'D', 'E']
PASS g45 p1 town 2: no two bands touch away from a shared island: []
PASS g45 p1 town 2: labels unique, consecutive from A: ['A', 'B', 'C', 'D']
PASS g45 p1 town 3: no two bands touch away from a shared island: []
PASS g45 p1 town 3: labels unique, consecutive from A: ['A', 'B', 'C']
PASS g45 p1 towns 1 and 2: island centres separated: 119.5
PASS g45 p1 towns 1 and 3: island centres separated: 144.2
PASS g45 p1 towns 2 and 3: island centres separated: 144.2
PASS g45 p2 town 1: no two bands touch away from a shared island: []
PASS g45 p2 town 1: labels unique, consecutive from A: ['A', 'B', 'C', 'D', 'E', 'F']
PASS g45 p2 town 2: no two bands touch away from a shared island: []
PASS g45 p2 town 2: labels unique, consecutive from A: ['A', 'B', 'C', 'D', 'E', 'F']
PASS g45 p2 towns 1 and 2: island centres separated: 106.0
PASS g45 p3 town 1: no two bands touch away from a shared island: []
PASS g45 p3 town 1: labels unique, consecutive from A: ['A', 'B', 'C', 'D', 'E', 'F']
PASS g45 p3 town 2: no two bands touch away from a shared island: []
PASS g45 p3 town 2: labels unique, consecutive from A: ['A', 'B', 'C', 'D', 'E', 'F', 'G']
PASS g45 p3 towns 1 and 2: island centres separated: 106.0
PASS g45 p4 town 1: no two bands touch away from a shared island: []
PASS g45 p4 town 1: labels unique, consecutive from A: ['A', 'B', 'C', 'D', 'E', 'F', 'G', 'H']
PASS g45 p4 town 2: no two bands touch away from a shared island: []
PASS g45 p4 town 2: labels unique, consecutive from A: ['A', 'B', 'C', 'D', 'E']
PASS g45 p4 towns 1 and 2: island centres separated: 106.0
PASS g45 p5 town 1: no two bands touch away from a shared island: []
PASS g45 p5 town 1: labels unique, consecutive from A: ['A', 'B', 'C', 'D', 'E', 'F', 'G', 'H', 'I']
PASS g45 p9 town 1: no two bands touch away from a shared island: []
PASS g45 p9 town 1: labels unique, consecutive from A: ['A', 'B', 'C', 'D', 'E', 'F', 'G', 'H', 'I', 'J']
PASS g45 p11 town 1: no two bands touch away from a shared island: []
PASS g45 p11 town 1: labels unique, consecutive from A: ['A', 'B', 'C', 'D']
PASS g45 p11 town 2: no two bands touch away from a shared island: []
PASS g45 p11 town 2: labels unique, consecutive from A: ['A', 'B', 'C', 'D']
PASS g45 p11 towns 1 and 2: island centres separated: 102.2
PASS g45 p12 town 1: no two bands touch away from a shared island: []
PASS g45 p12 town 1: labels unique, consecutive from A: ['A', 'B', 'C', 'D', 'E', 'F']
PASS every band shows at least 3 cm between its islands (guide p. 2 claim): shortest 3.04 cm at k1 p1 town 2
PASS k1 p3: one check box per town: (3, 3)
PASS k1 p4: one check box per town: (2, 2)
PASS k1 p5: one check box per town: (3, 3)
PASS k1 p6: one check box per town: (2, 2)
PASS k1 p1 (3, 3): all bridges the same length (equal x/y scaling): 140.29-140.32 pt
PASS k1 p2 (6, 9): all bridges the same length (equal x/y scaling): 140.29-140.33 pt
PASS g23 p4 (6, 9): all bridges the same length (equal x/y scaling): 140.31-140.32 pt
PASS g45 p9 (10, 18): all bridges the same length (equal x/y scaling): 140.31-140.33 pt
PASS k1 p6 (7, 9): all bridges the same length (equal x/y scaling): 140.30-140.33 pt
PASS g23 p3 (7, 9): all bridges the same length (equal x/y scaling): 140.30-140.32 pt
PASS g45 p3 (7, 9): all bridges the same length (equal x/y scaling): 140.30-140.32 pt

FAILURES: none
---- bridges printed per page (guide p. 1: K-1 20 on p. 1; 2-3 22 on p. 7; 4-5 18 on p. 9)
  k1: p1 20, p2 16, p3 10, p4 12, p5 12, p6 17, p9 11, p10 6, p11 12, p12 8
PASS k1: busiest page is p1 with 20 bridges
  g23: p1 14, p2 13, p3 17, p4 13, p5 13, p6 9, p7 22, p8 5, p12 9
PASS g23: busiest page is p7 with 22 bridges
  g45: p1 14, p2 13, p3 17, p4 16, p5 13, p9 18, p11 9, p12 8
PASS g45: busiest page is p9 with 18 bridges
FAILURES (counts): none
