  guide figures read: p3 11, p4 8, p5 3
PASS every guide bridge ends at node centres
PASS K-1 P1 guide figure 1: same town and layout as a student town: student town 1, layout error 0.000
PASS K-1 P1 guide figure 1: filled islands = islands where a walk can start: (['i1', 'i2', 'i3'], ['i1', 'i2', 'i3'])
PASS K-1 P1 guide figure 2: same town and layout as a student town: student town 2, layout error 0.001
PASS K-1 P1 guide figure 2: filled islands = islands where a walk can start: (['i1', 'i2', 'i3', 'i4', 'i5'], ['i1', 'i2', 'i3', 'i4', 'i5'])
PASS K-1 P1 guide figure 3: same town and layout as a student town: student town 4, layout error 0.000
PASS K-1 P1 guide figure 3: filled islands = islands where a walk can start: (['i2', 'i3'], ['i2', 'i3'])
PASS K-1 P1 guide figure 4: same town and layout as a student town: student town 3, layout error 0.000
PASS K-1 P1 guide figure 4: filled islands = islands where a walk can start: (['i2', 'i3'], ['i2', 'i3'])
PASS K-1 P2 guide figure 1: same town and layout as a student town: student town 1, layout error 0.000
PASS K-1 P2 guide figure 1: filled islands = islands where a walk can start: (['i2', 'i5'], ['i2', 'i5'])
PASS K-1 P2 guide figure 2: same town and layout as a student town: student town 2, layout error 0.000
PASS K-1 P2 guide figure 2: filled islands = islands where a walk can start: (['i1', 'i2', 'i3', 'i4', 'i5', 'i6'], ['i1', 'i2', 'i3', 'i4', 'i5', 'i6'])
PASS K-1 P3 guide figure 1: same town and layout as a student town: student town 1, layout error 0.001
PASS K-1 P3 guide figure 1: filled islands = islands where a walk can start: ([], [])
PASS K-1 P3 guide figure 2: same town and layout as a student town: student town 2, layout error 0.000
PASS K-1 P3 guide figure 2: filled islands = islands where a walk can start: (['i1', 'i2'], ['i1', 'i2'])
PASS K-1 P3 guide figure 3: same town and layout as a student town: student town 3, layout error 0.001
PASS K-1 P3 guide figure 3: filled islands = islands where a walk can start: (['i1', 'i2'], ['i1', 'i2'])
PASS K-1 P3 guide figure 4: same town and layout as a student town: student town 4, layout error 0.000
PASS K-1 P3 guide figure 4: filled islands = islands where a walk can start: (['i2', 'i4'], ['i2', 'i4'])
PASS K-1 P3 guide figure 5: same town and layout as a student town: student town 5, layout error 0.001
PASS K-1 P3 guide figure 5: filled islands = islands where a walk can start: ([], [])
PASS K-1 P4 guide figure 1: same town and layout as a student town: student town 1, layout error 0.000
PASS K-1 P4 guide figure 1: filled islands = islands where a walk can start: (['i1', 'i2', 'i3'], ['i1', 'i2', 'i3'])
PASS K-1 P4 guide figure 2: same town and layout as a student town: student town 2, layout error 0.000
PASS K-1 P4 guide figure 2: filled islands = islands where a walk can start: (['i2', 'i3'], ['i2', 'i3'])
PASS K-1 P4 guide figure 3: same town and layout as a student town: student town 3, layout error 0.000
PASS K-1 P4 guide figure 3: filled islands = islands where a walk can start: (['i3', 'i4'], ['i3', 'i4'])
PASS K-1 P4 guide figure 4: same town and layout as a student town: student town 4, layout error 0.001
PASS K-1 P4 guide figure 4: filled islands = islands where a walk can start: (['i1', 'i2', 'i3', 'i4', 'i5', 'i6', 'i7'], ['i1', 'i2', 'i3', 'i4', 'i5', 'i6', 'i7'])
PASS K-1 P4 guide figure 5: same town and layout as a student town: student town 5, layout error 0.000
PASS K-1 P4 guide figure 5: filled islands = islands where a walk can start: (['i1', 'i2', 'i3', 'i4', 'i5', 'i6'], ['i1', 'i2', 'i3', 'i4', 'i5', 'i6'])
PASS K-1 P6 guide figure 1: same town and layout as a student town: student town 1, layout error 0.000
PASS K-1 P6 guide figure 1: filled islands = odd islands: (['i1', 'i2', 'i3', 'i4'], ['i1', 'i2', 'i3', 'i4'])
PASS K-1 P6 guide figure 1: the dashed new bridge makes a walk possible: [('i3', 'i4')]
PASS K-1 P6 guide figure 2: same town and layout as a student town: student town 2, layout error 0.000
PASS K-1 P6 guide figure 2: filled islands = odd islands: (['i1', 'i2', 'i4', 'i5'], ['i1', 'i2', 'i4', 'i5'])
PASS K-1 P6 guide figure 2: the dashed new bridge makes a walk possible: [('i1', 'i2')]
PASS K-1 P6 guide figure 3: same town and layout as a student town: student town 3, layout error 0.000
PASS K-1 P6 guide figure 3: filled islands = odd islands: (['i1', 'i2', 'i3', 'i4'], ['i1', 'i2', 'i3', 'i4'])
PASS K-1 P6 guide figure 3: the dashed new bridge makes a walk possible: [('i1', 'i2')]
PASS K-1 P8 guide figure 1: same town and layout as a student town: student town 1, layout error 0.001
PASS K-1 P8 guide figure 1: thick bridges = bridges where two counters work: ([('i1', 'i2'), ('i1', 'i3'), ('i1', 'i4'), ('i2', 'i3'), ('i2', 'i4'), ('i3', 'i4')], [('i1', 'i2'), ('i1', 'i3'), ('i1', 'i4'), ('i2', 'i3'), ('i2', 'i4'), ('i3', 'i4')])
PASS K-1 P8 guide figure 2: same town and layout as a student town: student town 2, layout error 0.000
PASS K-1 P8 guide figure 2: thick bridges = bridges where two counters work: ([('i2', 'i3'), ('i4', 'i5')], [('i2', 'i3'), ('i4', 'i5')])
PASS K-1 P8 guide figure 3: same town and layout as a student town: student town 3, layout error 0.000
PASS K-1 P8 guide figure 3: thick bridges = bridges where two counters work: ([('i1', 'i2'), ('i1', 'i4'), ('i2', 'i5'), ('i4', 'i5')], [('i1', 'i2'), ('i1', 'i4'), ('i2', 'i5'), ('i4', 'i5')])
  P5 dots at [(76.4, 284.4), (106.6, 284.4), (324.8, 261.8), (373.0, 261.8)]
PASS K-1 P5 guide dot at (76,284) sits where an odd number of lines meet: 3
PASS K-1 P5 guide dot at (107,284) sits where an odd number of lines meet: 3
PASS K-1 P5 guide dot at (325,262) sits where an odd number of lines meet: 3
PASS K-1 P5 guide dot at (373,262) sits where an odd number of lines meet: 3

FAILURES: none
