PASS RV p1 street A-B: exactly one arrowhead on it: [(0, 1, 0.8344371055955262)]
PASS RV p1 street A->B: one counter at its middle
PASS RV p1 street A->B: both ends in the same town panel
PASS RV p1 street B-C: exactly one arrowhead on it: [(1, 1, 0.8270433278584165)]
PASS RV p1 street B->C: one counter at its middle
PASS RV p1 street B->C: both ends in the same town panel
PASS RV p1 street C-A: exactly one arrowhead on it: [(2, 1, 0.8270486327207004)]
PASS RV p1 street C->A: one counter at its middle
PASS RV p1 street C->A: both ends in the same town panel
PASS RV p1 street A-B: exactly one arrowhead on it: [(3, 1, 0.8344371055955265)]
PASS RV p1 street A->B: one counter at its middle
PASS RV p1 street A->B: both ends in the same town panel
PASS RV p1 street A-C: exactly one arrowhead on it: [(4, 1, 0.8270486913500338)]
PASS RV p1 street A->C: one counter at its middle
PASS RV p1 street A->C: both ends in the same town panel
PASS RV p1 street B-C: exactly one arrowhead on it: [(5, 1, 0.8270433278584163)]
PASS RV p1 street B->C: one counter at its middle
PASS RV p1 street B->C: both ends in the same town panel
PASS RV p1 street A-B: exactly one arrowhead on it: [(6, 1, 0.8153506292386672)]
PASS RV p1 street A->B: one counter at its middle
PASS RV p1 street A->B: both ends in the same town panel
PASS RV p1 street B-C: exactly one arrowhead on it: [(7, 1, 0.8153506292386674)]
PASS RV p1 street B->C: one counter at its middle
PASS RV p1 street B->C: both ends in the same town panel
PASS RV p1 street C-D: exactly one arrowhead on it: [(8, 1, 0.8111523336641548)]
PASS RV p1 street C->D: one counter at its middle
PASS RV p1 street C->D: both ends in the same town panel
PASS RV p1 street A-B: exactly one arrowhead on it: [(9, 1, 0.8153506292386672)]
PASS RV p1 street A->B: one counter at its middle
PASS RV p1 street A->B: both ends in the same town panel
PASS RV p1 street C-B: exactly one arrowhead on it: [(10, 1, 0.8153505718817929)]
PASS RV p1 street C->B: one counter at its middle
PASS RV p1 street C->B: both ends in the same town panel
PASS RV p1 street C-D: exactly one arrowhead on it: [(11, 1, 0.811152333664155)]
PASS RV p1 street C->D: one counter at its middle
PASS RV p1 street C->D: both ends in the same town panel
  RV p1: 0 arrowheads not on a town street (launch example on p. 1)
PASS RV p2 street A-B: exactly one arrowhead on it: [(0, 1, 0.8446625231185333)]
PASS RV p2 street A->B: one counter at its middle
PASS RV p2 street A->B: both ends in the same town panel
PASS RV p2 street B-C: exactly one arrowhead on it: [(1, 1, 0.8286272581102451)]
PASS RV p2 street B->C: one counter at its middle
PASS RV p2 street B->C: both ends in the same town panel
PASS RV p2 street C-D: exactly one arrowhead on it: [(2, 1, 0.8446625231185333)]
PASS RV p2 street C->D: one counter at its middle
PASS RV p2 street C->D: both ends in the same town panel
PASS RV p2 street D-A: exactly one arrowhead on it: [(3, 1, 0.8286272581102451)]
PASS RV p2 street D->A: one counter at its middle
PASS RV p2 street D->A: both ends in the same town panel
PASS RV p2 street A-C: exactly one arrowhead on it: [(4, 1, 0.8461752658414176)]
PASS RV p2 street A->C: one counter at its middle
PASS RV p2 street A->C: both ends in the same town panel
PASS RV p2 street A-B: exactly one arrowhead on it: [(5, 1, 0.8446625231185333)]
PASS RV p2 street A->B: one counter at its middle
PASS RV p2 street A->B: both ends in the same town panel
PASS RV p2 street B-C: exactly one arrowhead on it: [(6, 1, 0.8286272581102451)]
PASS RV p2 street B->C: one counter at its middle
PASS RV p2 street B->C: both ends in the same town panel
PASS RV p2 street D-C: exactly one arrowhead on it: [(7, 1, 0.8446625231185333)]
PASS RV p2 street D->C: one counter at its middle
PASS RV p2 street D->C: both ends in the same town panel
PASS RV p2 street D-A: exactly one arrowhead on it: [(8, 1, 0.8286272581102451)]
PASS RV p2 street D->A: one counter at its middle
PASS RV p2 street D->A: both ends in the same town panel
PASS RV p2 street A-C: exactly one arrowhead on it: [(9, 1, 0.8461752658414176)]
PASS RV p2 street A->C: one counter at its middle
PASS RV p2 street A->C: both ends in the same town panel
  RV p2: 0 arrowheads not on a town street (launch example on p. 1)
PASS RV p3 street A-B: exactly one arrowhead on it: [(0, 1, 0.8312418509021292)]
PASS RV p3 street A->B: one counter at its middle
PASS RV p3 street A->B: both ends in the same town panel
PASS RV p3 street B-C: exactly one arrowhead on it: [(1, 1, 0.832395480223946)]
PASS RV p3 street B->C: one counter at its middle
PASS RV p3 street B->C: both ends in the same town panel
PASS RV p3 street C-A: exactly one arrowhead on it: [(2, 1, 0.8323979323364407)]
PASS RV p3 street C->A: one counter at its middle
PASS RV p3 street C->A: both ends in the same town panel
PASS RV p3 street D-E: exactly one arrowhead on it: [(3, 1, 0.8312418313702582)]
PASS RV p3 street D->E: one counter at its middle
PASS RV p3 street D->E: both ends in the same town panel
PASS RV p3 street E-F: exactly one arrowhead on it: [(4, 1, 0.8323954271456626)]
PASS RV p3 street E->F: one counter at its middle
PASS RV p3 street E->F: both ends in the same town panel
PASS RV p3 street F-D: exactly one arrowhead on it: [(5, 1, 0.8323979234404276)]
PASS RV p3 street F->D: one counter at its middle
PASS RV p3 street F->D: both ends in the same town panel
PASS RV p3 street A-B: exactly one arrowhead on it: [(6, 1, 0.838026272544356)]
PASS RV p3 street A->B: one counter at its middle
PASS RV p3 street A->B: both ends in the same town panel
PASS RV p3 street B-C: exactly one arrowhead on it: [(7, 1, 0.8286272581102451)]
PASS RV p3 street B->C: one counter at its middle
PASS RV p3 street B->C: both ends in the same town panel
PASS RV p3 street C-A: exactly one arrowhead on it: [(8, 1, 0.8380248388637912)]
PASS RV p3 street C->A: one counter at its middle
PASS RV p3 street C->A: both ends in the same town panel
PASS RV p3 street A-D: exactly one arrowhead on it: [(9, 1, 0.8380267715627158)]
PASS RV p3 street A->D: one counter at its middle
PASS RV p3 street A->D: both ends in the same town panel
PASS RV p3 street D-E: exactly one arrowhead on it: [(10, 1, 0.8286272581102451)]
PASS RV p3 street D->E: one counter at its middle
PASS RV p3 street D->E: both ends in the same town panel
PASS RV p3 street E-A: exactly one arrowhead on it: [(11, 1, 0.8380281638936967)]
PASS RV p3 street E->A: one counter at its middle
PASS RV p3 street E->A: both ends in the same town panel
  RV p3: 0 arrowheads not on a town street (launch example on p. 1)
  Town 1: islands ABC, streets AB BC CA
  Town 2: islands ABC, streets AB AC BC
  Town 3: islands ABCD, streets AB BC CD
  Town 4: islands ABCD, streets AB CB CD
  Town 5: islands ABCD, streets AB BC CD DA AC
  Town 6: islands ABCD, streets AB BC DC DA AC
  Town 7: islands ABCDEF, streets AB BC CA DE EF FD
  Town 8: islands ABCDE, streets AB BC CA AD DE EA
PASS RV P1 Town 1: closed (guide): {'A': {'A'}, 'B': {'B'}, 'C': {'C'}}
PASS RV P1 Town 1: guide word A,B,C,A follows the arrows over every street once
PASS RV P1 Town 1: any island can start
PASS RV P1 Town 2: none (guide): {}
PASS RV guide Town 2: out-in is +2 at A, -2 at C: {'A': 2, 'B': 0, 'C': -2}
PASS RV P1 Town 3: open (guide): {'A': {'D'}}
PASS RV P1 Town 3: guide word A,B,C,D follows the arrows over every street once
PASS RV P1 Town 3: unique start A and end D
PASS RV P1 Town 4: none (guide): {}
PASS RV guide Town 4: A,B,C,D differences +1,-2,+2,-1: {'A': 1, 'B': -2, 'C': 2, 'D': -1}
PASS RV P1 Town 5: open (guide): {'A': {'C'}}
PASS RV P1 Town 5: guide word A,B,C,D,A,C follows the arrows over every street once
PASS RV P1 Town 5: start A and end C
PASS RV P1 Town 6: none (guide): {}
PASS RV guide Town 6: A,D,C differences +1,+2,-3: {'A': 1, 'B': 0, 'C': -3, 'D': 2}
PASS RV P1 Town 7: none (guide): {}
PASS RV guide Town 7: both cycles balance but are disconnected
PASS RV P1 Town 8: closed (guide): {'A': {'A'}, 'B': {'B'}, 'C': {'C'}, 'D': {'D'}, 'E': {'E'}}
PASS RV P1 Town 8: guide word A,B,C,A,D,E,A follows the arrows over every street once
PASS RV P1 Town 8: any island can start
  launch example letters: [('X', 84), ('Y', 131), ('Z', 178), ('X', 257), ('Y', 304), ('Z', 351), ('X', 430), ('Y', 477), ('Z', 523)]
PASS RV launch: the ring sits on X, then Y, then Z: [(86, 'X'), (306, 'Y'), (526, 'Z')]
  launch dashed (used) streets: [(259, 306), (432, 479), (479, 526)]
PASS RV launch: used streets dashed: XY in panel 2; XY and YZ in panel 3
PASS RV p4: no arrowheads on the route-choice towns
PASS RV p4 Town 1 street AB: ends at island centres, one counter at middle
PASS RV p4 Town 1 street BC: ends at island centres, one counter at middle
PASS RV p4 Town 1 street CA: ends at island centres, one counter at middle
PASS RV p4 Town 1 street AD: ends at island centres, one counter at middle
PASS RV p4 Town 2 street AB: ends at island centres, one counter at middle
PASS RV p4 Town 2 street BC: ends at island centres, one counter at middle
PASS RV p4 Town 2 street CA: ends at island centres, one counter at middle
PASS RV p4 Town 2 street AD: ends at island centres, one counter at middle
PASS RV p4 Town 1: star next to island A: 21.2
PASS RV p4 Town 2: star next to island D: 21.2
  RV P2 Town 1: streets AB BC CA AD, star A, degrees {'A': 3, 'B': 2, 'C': 2, 'D': 1}
PASS RV P2 Town 1: star at A; safe first streets ['AB', 'AC'], unsafe ['AD'] (guide): ('A', ['AB', 'AC'], ['AD'])
PASS RV guide P2 Town 1: completion A,B,C,A,D is a walk over every street once
PASS RV guide P2 Town 1: completion A,C,B,A,D is a walk over every street once
  RV P2 Town 2: streets AB BC CA AD, star D, degrees {'A': 3, 'B': 2, 'C': 2, 'D': 1}
PASS RV P2 Town 2: star at D; safe first streets ['DA'], unsafe [] (guide): ('D', ['DA'], [])
PASS RV guide P2 Town 2: completion D,A,B,C,A is a walk over every street once
PASS RV p5: no arrowheads on the route-choice towns
PASS RV p5 Town 3 street AB: ends at island centres, one counter at middle
PASS RV p5 Town 3 street BC: ends at island centres, one counter at middle
PASS RV p5 Town 3 street CD: ends at island centres, one counter at middle
PASS RV p5 Town 3 street DA: ends at island centres, one counter at middle
PASS RV p5 Town 3 street AC: ends at island centres, one counter at middle
PASS RV p5 Town 4 street AB: ends at island centres, one counter at middle
PASS RV p5 Town 4 street BC: ends at island centres, one counter at middle
PASS RV p5 Town 4 street CA: ends at island centres, one counter at middle
PASS RV p5 Town 4 street AD: ends at island centres, one counter at middle
PASS RV p5 Town 4 street DE: ends at island centres, one counter at middle
PASS RV p5 Town 4 street EF: ends at island centres, one counter at middle
PASS RV p5 Town 4 street FD: ends at island centres, one counter at middle
PASS RV p5 Town 3: star next to island A: 20.3
PASS RV p5 Town 4: star next to island A: 21.2
  RV P2 Town 3: streets AB BC CD DA AC, star A, degrees {'A': 3, 'B': 2, 'C': 3, 'D': 2}
PASS RV P2 Town 3: star at A; safe first streets ['AB', 'AC', 'AD'], unsafe [] (guide): ('A', ['AB', 'AC', 'AD'], [])
PASS RV guide P2 Town 3: completion A,B,C,D,A,C is a walk over every street once
PASS RV guide P2 Town 3: completion A,D,C,B,A,C is a walk over every street once
PASS RV guide P2 Town 3: completion A,C,B,A,D,C is a walk over every street once
  RV P2 Town 4: streets AB BC CA AD DE EF FD, star A, degrees {'A': 3, 'B': 2, 'C': 2, 'D': 3, 'E': 2, 'F': 2}
PASS RV P2 Town 4: star at A; safe first streets ['AB', 'AC'], unsafe ['AD'] (guide): ('A', ['AB', 'AC'], ['AD'])
PASS RV guide P2 Town 4: completion A,B,C,A,D,E,F,D is a walk over every street once
PASS RV P3 row: fewest tiles = 10 (all binary rows searched): 10
PASS RV P3 circle: fewest tiles = 8 (all binary circles searched): 8
PASS RV guide: 0001011100 has windows 000,001,010,101,011,111,110,100
PASS RV guide: necklace 00010111 covers all eight, 110 and 100 across the join
PASS RV guide: two necklaces up to rotation, 00010111 and 00011101: ['00010111', '00011101']
PASS RV guide: 24 slips = 12 zeros and 12 ones for the eight passwords laid end to end
PASS RV guide: overlap map has two streets in and two out at each island and an Euler circuit
PASS RV guide: street order 000,001,...,100 is a circuit and spells 0001011100
PASS RV p6 example: frames read 01, 11, 10 as captioned: (['01', '11', '10'], ['01', '11', '10'])
PASS RV p7 example: clockwise from the 0 the circle reads 011, windows 01, 11, 10: 011
PASS RV p7 example: the join mark sits on the arc from the bottom-left 1 to the 0: (150, -150, -90)
PASS RV guide p. 1 theorem: closed iff balanced; open iff one +1 start, one -1 end, rest balanced (6413 connected digraphs, up to 4 islands, 5 streets): []
FAIL RV guide p. 3 "Open walks" as worded: one island at +1 and one at -1 always give a walk: streets AB CD CD BC CB, out-in {'A': 1, 'B': -1, 'C': 2, 'D': -2}, walk exists: False, augmented balances: False
FAIL base guide p. 7 as worded: in-degree = out-degree everywhere gives an Euler circuit: return-visit Town 7: balanced everywhere = True, closed walk = False

FAILURES: ['RV guide p. 3 "Open walks" as worded: one island at +1 and one at -1 always give a walk', 'base guide p. 7 as worded: in-degree = out-degree everywhere gives an Euler circuit']
