PASS k1 p7: 6 pictures found: 6
PASS k1 p7: no stroke end stops just short of, or just past, another stroke: []
  k1 p7 house: box 99x159 pt, 6 points, 10 pieces, degrees [2, 3, 3, 4, 4, 4], odd 2, one stroke True, strokes found 1
PASS k1 p7 house: connected, odd points = 2
PASS k1 p7 house: one stroke possible = True, fewest strokes = 1 (lower bound odd/2, decomposition found)
  k1 p7 house: box 99x159 pt, 6 points, 10 pieces, degrees [2, 3, 3, 4, 4, 4], odd 2, one stroke True, strokes found 1
PASS k1 p7 house: connected, odd points = 2
PASS k1 p7 house: one stroke possible = True, fewest strokes = 1 (lower bound odd/2, decomposition found)
  k1 p7 square-diamond: box 142x142 pt, 8 points, 12 pieces, degrees [2, 2, 2, 2, 4, 4, 4, 4], odd 0, one stroke True, strokes found 1
PASS k1 p7 square-diamond: connected, odd points = 0
PASS k1 p7 square-diamond: one stroke possible = True, fewest strokes = 1 (lower bound odd/2, decomposition found)
  k1 p7 square-diamond: box 142x142 pt, 8 points, 12 pieces, degrees [2, 2, 2, 2, 4, 4, 4, 4], odd 0, one stroke True, strokes found 1
PASS k1 p7 square-diamond: connected, odd points = 0
PASS k1 p7 square-diamond: one stroke possible = True, fewest strokes = 1 (lower bound odd/2, decomposition found)
  k1 p7 envelope: box 170x117 pt, 5 points, 8 pieces, degrees [3, 3, 3, 3, 4], odd 4, one stroke False, strokes found 2
PASS k1 p7 envelope: connected, odd points = 4
PASS k1 p7 envelope: one stroke possible = False, fewest strokes = 2 (lower bound odd/2, decomposition found)
  k1 p7 envelope: box 170x117 pt, 5 points, 8 pieces, degrees [3, 3, 3, 3, 4], odd 4, one stroke False, strokes found 2
PASS k1 p7 envelope: connected, odd points = 4
PASS k1 p7 envelope: one stroke possible = False, fewest strokes = 2 (lower bound odd/2, decomposition found)
PASS k1 p8: 6 pictures found: 6
PASS k1 p8: no stroke end stops just short of, or just past, another stroke: []
  k1 p8 circle-diameter: box 142x142 pt, 2 points, 3 pieces, degrees [3, 3], odd 2, one stroke True, strokes found 1
PASS k1 p8 circle-diameter: connected, odd points = 2
PASS k1 p8 circle-diameter: one stroke possible = True, fewest strokes = 1 (lower bound odd/2, decomposition found)
  k1 p8 circle-diameter: box 142x142 pt, 2 points, 3 pieces, degrees [3, 3], odd 2, one stroke True, strokes found 1
PASS k1 p8 circle-diameter: connected, odd points = 2
PASS k1 p8 circle-diameter: one stroke possible = True, fewest strokes = 1 (lower bound odd/2, decomposition found)
  k1 p8 wheel: box 142x142 pt, 5 points, 8 pieces, degrees [3, 3, 3, 3, 4], odd 4, one stroke False, strokes found 2
PASS k1 p8 wheel: connected, odd points = 4
PASS k1 p8 wheel: one stroke possible = False, fewest strokes = 2 (lower bound odd/2, decomposition found)
  k1 p8 wheel: box 142x142 pt, 5 points, 8 pieces, degrees [3, 3, 3, 3, 4], odd 4, one stroke False, strokes found 2
PASS k1 p8 wheel: connected, odd points = 4
PASS k1 p8 wheel: one stroke possible = False, fewest strokes = 2 (lower bound odd/2, decomposition found)
  k1 p8 triforce: box 159x137 pt, 6 points, 9 pieces, degrees [2, 2, 2, 4, 4, 4], odd 0, one stroke True, strokes found 1
PASS k1 p8 triforce: connected, odd points = 0
PASS k1 p8 triforce: one stroke possible = True, fewest strokes = 1 (lower bound odd/2, decomposition found)
  k1 p8 triforce: box 159x137 pt, 6 points, 9 pieces, degrees [2, 2, 2, 4, 4, 4], odd 0, one stroke True, strokes found 1
PASS k1 p8 triforce: connected, odd points = 0
PASS k1 p8 triforce: one stroke possible = True, fewest strokes = 1 (lower bound odd/2, decomposition found)
PASS g23 p8: 4 pictures found: 4
PASS g23 p8: no stroke end stops just short of, or just past, another stroke: []
  g23 p8 house: box 69x111 pt, 6 points, 10 pieces, degrees [2, 3, 3, 4, 4, 4], odd 2, one stroke True, strokes found 1
PASS g23 p8 house: connected, odd points = 2
PASS g23 p8 house: one stroke possible = True, fewest strokes = 1 (lower bound odd/2, decomposition found)
  g23 p8 house: box 69x111 pt, 6 points, 10 pieces, degrees [2, 3, 3, 4, 4, 4], odd 2, one stroke True, strokes found 1
PASS g23 p8 house: connected, odd points = 2
PASS g23 p8 house: one stroke possible = True, fewest strokes = 1 (lower bound odd/2, decomposition found)
  g23 p8 window: box 102x102 pt, 9 points, 12 pieces, degrees [2, 2, 2, 2, 3, 3, 3, 3, 4], odd 4, one stroke False, strokes found 2
PASS g23 p8 window: connected, odd points = 4
PASS g23 p8 window: one stroke possible = False, fewest strokes = 2 (lower bound odd/2, decomposition found)
  g23 p8 window: box 102x102 pt, 9 points, 12 pieces, degrees [2, 2, 2, 2, 3, 3, 3, 3, 4], odd 4, one stroke False, strokes found 2
PASS g23 p8 window: connected, odd points = 4
PASS g23 p8 window: one stroke possible = False, fewest strokes = 2 (lower bound odd/2, decomposition found)
PASS g23 p9: 8 pictures found: 8
PASS g23 p9: no stroke end stops just short of, or just past, another stroke: []
  g23 p9 star: box 102x97 pt, 10 points, 20 pieces, degrees [4, 4, 4, 4, 4, 4, 4, 4, 4, 4], odd 0, one stroke True, strokes found 1
PASS g23 p9 star: connected, odd points = 0
PASS g23 p9 star: one stroke possible = True, fewest strokes = 1 (lower bound odd/2, decomposition found)
  g23 p9 star: box 102x97 pt, 10 points, 20 pieces, degrees [4, 4, 4, 4, 4, 4, 4, 4, 4, 4], odd 0, one stroke True, strokes found 1
PASS g23 p9 star: connected, odd points = 0
PASS g23 p9 star: one stroke possible = True, fewest strokes = 1 (lower bound odd/2, decomposition found)
  g23 p9 envelope: box 119x82 pt, 5 points, 8 pieces, degrees [3, 3, 3, 3, 4], odd 4, one stroke False, strokes found 2
PASS g23 p9 envelope: connected, odd points = 4
PASS g23 p9 envelope: one stroke possible = False, fewest strokes = 2 (lower bound odd/2, decomposition found)
  g23 p9 envelope: box 119x82 pt, 5 points, 8 pieces, degrees [3, 3, 3, 3, 4], odd 4, one stroke False, strokes found 2
PASS g23 p9 envelope: connected, odd points = 4
PASS g23 p9 envelope: one stroke possible = False, fewest strokes = 2 (lower bound odd/2, decomposition found)
  g23 p9 rings: box 204x85 pt, 8 points, 16 pieces, degrees [4, 4, 4, 4, 4, 4, 4, 4], odd 0, one stroke True, strokes found 1
PASS g23 p9 rings: connected, odd points = 0
PASS g23 p9 rings: one stroke possible = True, fewest strokes = 1 (lower bound odd/2, decomposition found)
  g23 p9 rings: box 204x85 pt, 8 points, 16 pieces, degrees [4, 4, 4, 4, 4, 4, 4, 4], odd 0, one stroke True, strokes found 1
PASS g23 p9 rings: connected, odd points = 0
PASS g23 p9 rings: one stroke possible = True, fewest strokes = 1 (lower bound odd/2, decomposition found)
  g23 p9 square-diamond: box 102x102 pt, 8 points, 12 pieces, degrees [2, 2, 2, 2, 4, 4, 4, 4], odd 0, one stroke True, strokes found 1
PASS g23 p9 square-diamond: connected, odd points = 0
PASS g23 p9 square-diamond: one stroke possible = True, fewest strokes = 1 (lower bound odd/2, decomposition found)
  g23 p9 square-diamond: box 102x102 pt, 8 points, 12 pieces, degrees [2, 2, 2, 2, 4, 4, 4, 4], odd 0, one stroke True, strokes found 1
PASS g23 p9 square-diamond: connected, odd points = 0
PASS g23 p9 square-diamond: one stroke possible = True, fewest strokes = 1 (lower bound odd/2, decomposition found)
PASS g45 p7: 8 pictures found: 8
PASS g45 p7: no stroke end stops just short of, or just past, another stroke: []
  g45 p7 house: box 69x111 pt, 6 points, 10 pieces, degrees [2, 3, 3, 4, 4, 4], odd 2, one stroke True, strokes found 1
PASS g45 p7 house: connected, odd points = 2
PASS g45 p7 house: one stroke possible = True, fewest strokes = 1 (lower bound odd/2, decomposition found)
  g45 p7 house: box 69x111 pt, 6 points, 10 pieces, degrees [2, 3, 3, 4, 4, 4], odd 2, one stroke True, strokes found 1
PASS g45 p7 house: connected, odd points = 2
PASS g45 p7 house: one stroke possible = True, fewest strokes = 1 (lower bound odd/2, decomposition found)
  g45 p7 window: box 102x102 pt, 9 points, 12 pieces, degrees [2, 2, 2, 2, 3, 3, 3, 3, 4], odd 4, one stroke False, strokes found 2
PASS g45 p7 window: connected, odd points = 4
PASS g45 p7 window: one stroke possible = False, fewest strokes = 2 (lower bound odd/2, decomposition found)
  g45 p7 window: box 102x102 pt, 9 points, 12 pieces, degrees [2, 2, 2, 2, 3, 3, 3, 3, 4], odd 4, one stroke False, strokes found 2
PASS g45 p7 window: connected, odd points = 4
PASS g45 p7 window: one stroke possible = False, fewest strokes = 2 (lower bound odd/2, decomposition found)
  g45 p7 cube: box 108x108 pt, 10 points, 16 pieces, degrees [3, 3, 3, 3, 3, 3, 3, 3, 4, 4], odd 8, one stroke False, strokes found 4
PASS g45 p7 cube: connected, odd points = 8
PASS g45 p7 cube: one stroke possible = False, fewest strokes = 4 (lower bound odd/2, decomposition found)
  g45 p7 cube: box 108x108 pt, 10 points, 16 pieces, degrees [3, 3, 3, 3, 3, 3, 3, 3, 4, 4], odd 8, one stroke False, strokes found 4
PASS g45 p7 cube: connected, odd points = 8
PASS g45 p7 cube: one stroke possible = False, fewest strokes = 4 (lower bound odd/2, decomposition found)
  g45 p7 grid: box 102x102 pt, 16 points, 24 pieces, degrees [2, 2, 2, 2, 3, 3, 3, 3, 3, 3, 3, 3, 4, 4, 4, 4], odd 8, one stroke False, strokes found 4
PASS g45 p7 grid: connected, odd points = 8
PASS g45 p7 grid: one stroke possible = False, fewest strokes = 4 (lower bound odd/2, decomposition found)
  g45 p7 grid: box 102x102 pt, 16 points, 24 pieces, degrees [2, 2, 2, 2, 3, 3, 3, 3, 3, 3, 3, 3, 4, 4, 4, 4], odd 8, one stroke False, strokes found 4
PASS g45 p7 grid: connected, odd points = 8
PASS g45 p7 grid: one stroke possible = False, fewest strokes = 4 (lower bound odd/2, decomposition found)
PASS g45 p8: 4 pictures found: 4
PASS g45 p8: no stroke end stops just short of, or just past, another stroke: []
  g45 p8 rings: box 204x85 pt, 8 points, 16 pieces, degrees [4, 4, 4, 4, 4, 4, 4, 4], odd 0, one stroke True, strokes found 1
PASS g45 p8 rings: connected, odd points = 0
PASS g45 p8 rings: one stroke possible = True, fewest strokes = 1 (lower bound odd/2, decomposition found)
  g45 p8 rings: box 204x85 pt, 8 points, 16 pieces, degrees [4, 4, 4, 4, 4, 4, 4, 4], odd 0, one stroke True, strokes found 1
PASS g45 p8 rings: connected, odd points = 0
PASS g45 p8 rings: one stroke possible = True, fewest strokes = 1 (lower bound odd/2, decomposition found)
  g45 p8 star: box 102x97 pt, 10 points, 20 pieces, degrees [4, 4, 4, 4, 4, 4, 4, 4, 4, 4], odd 0, one stroke True, strokes found 1
PASS g45 p8 star: connected, odd points = 0
PASS g45 p8 star: one stroke possible = True, fewest strokes = 1 (lower bound odd/2, decomposition found)
  g45 p8 star: box 102x97 pt, 10 points, 20 pieces, degrees [4, 4, 4, 4, 4, 4, 4, 4, 4, 4], odd 0, one stroke True, strokes found 1
PASS g45 p8 star: connected, odd points = 0
PASS g45 p8 star: one stroke possible = True, fewest strokes = 1 (lower bound odd/2, decomposition found)
PASS every copy of house in every band has the same graph: {(6, 10, (2, 3, 3, 4, 4, 4))}
PASS every copy of square-diamond in every band has the same graph: {(8, 12, (2, 2, 2, 2, 4, 4, 4, 4))}
PASS every copy of envelope in every band has the same graph: {(5, 8, (3, 3, 3, 3, 4))}
PASS every copy of circle-diameter in every band has the same graph: {(2, 3, (3, 3))}
PASS every copy of wheel in every band has the same graph: {(5, 8, (3, 3, 3, 3, 4))}
PASS every copy of triforce in every band has the same graph: {(6, 9, (2, 2, 2, 4, 4, 4))}
PASS every copy of window in every band has the same graph: {(9, 12, (2, 2, 2, 2, 3, 3, 3, 3, 4))}
PASS every copy of star in every band has the same graph: {(10, 20, (4, 4, 4, 4, 4, 4, 4, 4, 4, 4))}
PASS every copy of rings in every band has the same graph: {(8, 16, (4, 4, 4, 4, 4, 4, 4, 4))}
PASS every copy of cube in every band has the same graph: {(10, 16, (3, 3, 3, 3, 3, 3, 3, 3, 4, 4))}
PASS every copy of grid in every band has the same graph: {(16, 24, (2, 2, 2, 2, 3, 3, 3, 3, 3, 3, 3, 3, 4, 4, 4, 4))}
PASS g23 p9 star in pentagon: 5 vertices on one circle, sides equal: [63.31, 63.31, 63.32, 63.32, 63.32, 102.44, 102.44, 102.44, 102.44, 102.44]
PASS g45 p8 star in pentagon: 5 vertices on one circle, sides equal: [63.31, 63.31, 63.32, 63.32, 63.33, 102.44, 102.45, 102.45, 102.45, 102.45]
PASS k1 p8 triforce: outer triangle equilateral: [158.75, 158.75, 158.74]

FAILURES: none
