==== K-1 ====
PASS k1 p1 reader: every band ends at two island centres, no band over another island: []
  K-1 P1 triangle: degrees i12 i22 i32; starts->ends i1->i1; i2->i2; i3->i3
PASS K-1 P1 triangle: a walk picking up every counter exists
  K-1 P1 bowtie: degrees i12 i22 i34 i42 i52; starts->ends i1->i1; i2->i2; i3->i3; i4->i4; i5->i5
PASS K-1 P1 bowtie: a walk picking up every counter exists
  K-1 P1 house: degrees i12 i23 i33 i42 i52; starts->ends i2->i3; i3->i2
PASS K-1 P1 house: a walk picking up every counter exists
  K-1 P1 diamond: degrees i12 i23 i33 i42; starts->ends i2->i3; i3->i2
PASS K-1 P1 diamond: a walk picking up every counter exists
PASS K-1 P1 triangle/bowtie: start anywhere (guide)
PASS K-1 P1 diamond: starts are exactly the two middle islands (guide picture): ['i2@(113,527)', 'i3@(253,527)']
PASS K-1 P1 house: starts are exactly the two upper corners of the square (guide picture): ['i2@(357,508)', 'i3@(498,508)']
PASS k1 p2 reader: every band ends at two island centres, no band over another island: []
PASS K-1 P2 two squares: starts are exactly the two middle islands: ['i2@(305,106)', 'i5@(305,246)']
PASS K-1 P2 two squares: walk from one middle island ends at the other
PASS K-1 P2 big triangle: every island, ending where it started
PASS k1 p3 reader: every band ends at two island centres, no band over another island: []
PASS k1 p4 reader: every band ends at two island centres, no band over another island: []
PASS K-1 P3 three-arm star: walk exists = False (guide: X): degrees i11 i23 i31 i41; none
PASS K-1 P3 two islands, three bridges: walk exists = True (guide: check): degrees i13 i23; i1->i2; i2->i1
PASS K-1 P3 triangle with tail: walk exists = True (guide: check): degrees i13 i21 i32 i42; i1->i2; i2->i1
PASS K-1 P3 square with centre, one diagonal: walk exists = True (guide: check): degrees i12 i23 i32 i43 i52; i2->i4; i4->i2
PASS K-1 P3 arc town: walk exists = False (guide: X): degrees i13 i23 i33 i43; none
PASS K-1 P3 two islands: both islands are starts ("any island")
PASS K-1 P3 triangle with tail: starts are the 3-bridge corner and the tail tip: ['i1@(270,460)', 'i2@(411,460)']
PASS K-1 P3 square with centre: starts are the two corners on the diagonal (top right, bottom left in guide): ['i2@(392,77)', 'i4@(154,316)']
PASS k1 p5 reader: every band ends at two island centres, no band over another island: []
PASS k1 p6 reader: every band ends at two island centres, no band over another island: []
PASS K-1 P4 row of two double bridges: closed walk = True: degrees i12 i24 i32; i1->i1; i2->i2; i3->i3
PASS K-1 P4 double then single: closed walk = False: degrees i12 i23 i31; i2->i3; i3->i2
PASS K-1 P4 double then single: every counter can still be picked up, ending elsewhere (guide "ends elsewhere")
PASS K-1 P4 square, doubled bottom: closed walk = False: degrees i12 i22 i33 i43; i3->i4; i4->i3
PASS K-1 P4 square, doubled bottom: every counter can still be picked up, ending elsewhere (guide "ends elsewhere")
PASS K-1 P4 three triangles (flower): closed walk = True: degrees i12 i22 i32 i46 i52 i62 i72; i1->i1; i2->i2; i3->i3; i4->i4; i5->i5; i6->i6; i7->i7
PASS K-1 P4 two squares, doubled middle rung: closed walk = True: degrees i12 i24 i32 i42 i54 i62; i1->i1; i2->i2; i3->i3; i4->i4; i5->i5; i6->i6
PASS K-1 P4 square with doubled bottom: filled islands are the two bottom corners (guide picture): ['i3@(185,598)', 'i4@(361,598)']
PASS k1 p9 reader: every band ends at two island centres, no band over another island: []
PASS K-1 P6 three-arm star: nobody can pick up every counter (as the page says)
PASS K-1 P6 three-arm star: exactly 6 single new bridges work, = the pairs of odd islands (guide): 6 work; odd ['i1@(305,124)', 'i2@(305,264)', 'i3@(184,334)', 'i4@(427,334)']
PASS K-1 P6 three-arm star: afterwards the starts are the two odd islands not joined (guide)
PASS K-1 P6 square with centre and both diagonals: nobody can pick up every counter (as the page says)
PASS K-1 P6 square with centre and both diagonals: exactly 6 single new bridges work, = the pairs of odd islands (guide): 6 work; odd ['i1@(186,409)', 'i2@(424,409)', 'i4@(186,647)', 'i5@(424,647)']
PASS K-1 P6 square with centre and both diagonals: afterwards the starts are the two odd islands not joined (guide)
PASS k1 p10 reader: every band ends at two island centres, no band over another island: []
PASS K-1 P6 square with two tails: nobody can pick up every counter (as the page says)
PASS K-1 P6 square with two tails: exactly 6 single new bridges work, = the pairs of odd islands (guide): 6 work; odd ['i1@(136,77)', 'i2@(475,77)', 'i3@(235,177)', 'i4@(375,177)']
PASS K-1 P6 square with two tails: afterwards the starts are the two odd islands not joined (guide)
PASS k1 p11 reader: every band ends at two island centres, no band over another island: []
PASS K-1 P8 arc town: bridges where two counters work = all (guide): 6 of 6: i1-i4, i1-i2, i1-i3, i4-i2, i4-i3, i2-i3
PASS K-1 P8 square with two tails: bridges where two counters work = tails (guide): 2 of 6: i4-i5, i2-i3
PASS k1 p12 reader: every band ends at two island centres, no band over another island: []
PASS K-1 P8 square with centre and both diagonals: bridges where two counters work = sides (guide): 4 of 8: i4-i5, i5-i2, i2-i1, i1-i4
==== Grades 2-3 and 4-5 ====
PASS g23 p1 reader: every band ends at two island centres, no band over another island: []
PASS 2-3 P1 house: starts B or C, ending at the other: B->C; C->B
PASS 2-3 P1 triangle with tail: starts A or C, ending at the other: A->C; C->A
PASS 2-3 P1 two double bridges: any island, closed: A->A; B->B; C->C
PASS 2-3 guide P1 example B A C B D E C is a walk in the house
PASS 2-3 guide P1 example A C B D C is a walk in the tail town
PASS 2-3 guide P1 example A B C B A is a walk in the doubles town
PASS g23 p2 reader: every band ends at two island centres, no band over another island: []
PASS g23 p3 reader: every band ends at two island centres, no band over another island: []
PASS 2-3 P2 town 1: none (D has 5 bridges; A, C, F have 1): A1 B2 C1 D5 E2 F1
PASS 2-3 P2 town 2: start A or D, end at the other: A->D; D->A
PASS 2-3 P2 town 3: start D or F, end at the other: D->F; F->D
PASS 2-3 P2 town 4: any island, closed: A->A; B->B; C->C; D->D; E->E; F->F; G->G
PASS 2-3 house bridge game: first player wins from A, D, E; second from B, C (guide p. 2): {'A': True, 'B': False, 'C': False, 'D': True, 'E': True}
PASS g45 p1 reader: every band ends at two island centres, no band over another island: []
PASS 4-5 P1 house: starts B or C, ending at the other: B->C; C->B
PASS 4-5 P1 triangle with tail: starts A or C, ending at the other: A->C; C->A
PASS 4-5 P1 two double bridges: any island, closed: A->A; B->B; C->C
PASS 4-5 guide P1 example B A C B D E C is a walk in the house
PASS 4-5 guide P1 example A C B D C is a walk in the tail town
PASS 4-5 guide P1 example A B C B A is a walk in the doubles town
PASS g45 p2 reader: every band ends at two island centres, no band over another island: []
PASS g45 p3 reader: every band ends at two island centres, no band over another island: []
PASS 4-5 P2 town 1: none (D has 5 bridges; A, C, F have 1): A1 B2 C1 D5 E2 F1
PASS 4-5 P2 town 2: start A or D, end at the other: A->D; D->A
PASS 4-5 P2 town 3: start D or F, end at the other: D->F; F->D
PASS 4-5 P2 town 4: any island, closed: A->A; B->B; C->C; D->D; E->E; F->F; G->G
PASS 4-5 house bridge game: first player wins from A, D, E; second from B, C (guide p. 2): {'A': True, 'B': False, 'C': False, 'D': True, 'E': True}
PASS g23 p4 reader: every band ends at two island centres, no band over another island: []
PASS g23 p5 reader: every band ends at two island centres, no band over another island: []
PASS 2-3 P3 big triangle: every island
PASS 2-3 P3 triangle with a double bridge: A and C: A->C; C->A
PASS 2-3 P3 arc town: none, all four odd: A3 B3 C3 D3
PASS 2-3 P3 square with three spokes: none, B C D E odd: A2 B3 C3 D3 E3
PASS g23 p6 reader: every band ends at two island centres, no band over another island: []
PASS g23 p7 reader: every band ends at two island centres, no band over another island: []
PASS 2-3 P4 star: no walk as printed; odd islands ABCD: A1 B3 C1 D1
PASS 2-3 P4 star: exactly the 6 bridges joining two odd islands work: 6
PASS 2-3 P4 star: walk then runs between the other two odd islands
PASS 2-3 guide P4 star: add C-D, walk A B C D B is valid
PASS 2-3 P4 square with tails: no walk as printed; odd islands BCDE: A2 B3 C1 D1 E3 F2
PASS 2-3 P4 square with tails: exactly the 6 bridges joining two odd islands work: 6
PASS 2-3 P4 square with tails: walk then runs between the other two odd islands
PASS 2-3 guide P4 square with tails: add B-E, walk C B E A B F E D is valid
PASS 2-3 P4 ladder: no walk as printed; odd islands BCFG: A2 B3 C3 D2 E2 F3 G3 H2
PASS 2-3 P4 ladder: exactly the 6 bridges joining two odd islands work: 6
PASS 2-3 P4 ladder: walk then runs between the other two odd islands
PASS 2-3 guide P4 ladder: add B-G, walk C B G C D H G F E A B F is valid
PASS g23 p8 reader: every band ends at two island centres, no band over another island: []
PASS 2-3 P5 house: fewest new bridges for a closed walk = 1, in 1 ways (guide): 1, 1 ways: BC
PASS 2-3 P5 arc town: fewest new bridges for a closed walk = 2, in 3 ways (guide): 2, 3 ways: AB+CD; AC+BD; AD+BC
PASS 2-3 P5 H town: fewest new bridges for a closed walk = 3, in 15 ways (guide): 3, 15 ways: AB+CD+EF; AB+CE+DF; AB+CF+DE; AC+BD+EF; AC+BE+DF; AC+BF+DE; AD+BC+EF; AD+BE+CF; AD+BF+CE; AE+BC+DF; AE+BD+CF; AE+BF+CD; AF+BC+DE; AF+BD+CE; AF+BE+CD
PASS g23 p12 reader: every band ends at two island centres, no band over another island: []
PASS 2-3 P10 arc town: fewest bridges with a second counter = 2, in 3 ways (guide): 2: BC+DA; BD+CA; BA+CD
PASS 2-3 P10 arc town: the solutions are exactly the pairs of bridges with no island in common
PASS 2-3 P10 three-arm star: fewest bridges with a second counter = 3, in 1 ways (guide): 3: BA+BC+BD
PASS g45 p4 reader: every band ends at two island centres, no band over another island: []
PASS g45 p5 reader: every band ends at two island centres, no band over another island: []
PASS 4-5 P3 2 by 4 ladder: none (B, C, F, G have 3): A2 B3 C3 D2 E2 F3 G3 H2
PASS 4-5 P3 bowtie: anywhere, ending where it started: A->A; B->B; C->C; D->D; E->E
PASS 4-5 P3 3 by 3 grid with B-D: F to H or H to F only: F->H; H->F
PASS 4-5 P3 grid: the diagonal joins B and D
PASS g45 p11 reader: every band ends at two island centres, no band over another island: []
PASS g45 p12 reader: every band ends at two island centres, no band over another island: []
PASS 4-5 P10 arc town: (closed, open) = (2, 1) (guide): closed 2: AD+BC; AB+DC; AC+DB | open 1: AD; AB; AC; DB; DC; BC
PASS 4-5 P10 arc town closed: exactly the 3 pairs of bridges with no island in common
PASS 4-5 P10 arc town open: any one bridge
PASS 4-5 P10 three-arm star: (closed, open) = (3, 1) (guide): closed 3: BA+BC+BD | open 1: BA; BC; BD
PASS 4-5 P10 star closed: all three bridges, the only way
PASS 4-5 P10 star open: any one bridge
PASS 4-5 P10 diagonals town: (closed, open) = (2, 0) (guide): closed 2: DE+EF; BD+BF | open 0: (none)
PASS 4-5 P10 diagonals town closed: D-E and E-F, or D-B and B-F, only
PASS 4-5 P11: arc town has four odd islands and no closed route with 1 extra counter
PASS g45 p9 reader: every band ends at two island centres, no band over another island: []
PASS 4-5 P8 Lee's walk A B C D E F G H I A uses 9 distinct drawn bridges
PASS 4-5 P8 the 9 inside bridges form triangles B I J, C E J, F H J: [('B', 'J'), ('B', 'I'), ('C', 'E'), ('C', 'J'), ('I', 'J'), ('J', 'E'), ('J', 'F'), ('J', 'H'), ('H', 'F')]
PASS 4-5 P8 guide walk A B J I B C J E C D E F J H F G H I A crosses every bridge once
PASS 4-5 P8 guide: 352 walks keep Lee's order and direction: 352 with direction kept, 448 with order only
PASS 4-5 P8 guide example is among them
  Euler circuits of Lee's town from A (all): 8064

FAILURES: none
