
== Delivered PDFs equal the reference copies in the source packages
PASS week-28-k-1.pdf == week-28/editable/reference-pdfs/k-1.pdf
PASS week-28-grades-2-3.pdf == week-28/editable/reference-pdfs/grades-2-3.pdf
PASS week-28-grades-4-5.pdf == week-28/editable/reference-pdfs/grades-4-5.pdf
PASS week-28-facilitator.pdf == week-28/editable/reference-pdfs/facilitator-guide.pdf
PASS week-28-bonus.pdf == source/week-28-bonus/reference-pdfs/week-28-bonus.pdf
PASS week-28-bonus-facilitator.pdf == source/week-28-bonus/reference-pdfs/week-28-bonus-facilitator.pdf

== k-1: disk diagrams against the problem text
PASS k-1 p1: 4 disks (expected 4)
PASS k-1 p1 disk ?: rays [0.0, 90.0, 180.0, 270.0] == [0.0, 90.0, 180.0, 270.0]
PASS k-1 p1 disk ?: labels read ???? (expected ????)
PASS k-1 p1 disk ?: ray numbers 1..4 clockwise from the top ray
PASS k-1 p1 disk ?: rays [0.0, 90.0, 180.0, 270.0] == [0.0, 90.0, 180.0, 270.0]
PASS k-1 p1 disk ?: labels read ???? (expected ????)
PASS k-1 p1 disk ?: ray numbers 1..4 clockwise from the top ray
PASS k-1 p1 disk ?: rays [0.0, 90.0, 180.0, 270.0] == [0.0, 90.0, 180.0, 270.0]
PASS k-1 p1 disk ?: labels read ???? (expected ????)
PASS k-1 p1 disk ?: ray numbers 1..4 clockwise from the top ray
PASS k-1 p1 disk ?: rays [0.0, 90.0, 180.0, 270.0] == [0.0, 90.0, 180.0, 270.0]
PASS k-1 p1 disk ?: labels read ???? (expected ????)
PASS k-1 p1 disk ?: ray numbers 1..4 clockwise from the top ray
PASS k-1 p2: 6 disks (expected 6)
PASS k-1 p2 disk A: rays [0.0, 90.0, 180.0, 270.0] == [0.0, 90.0, 180.0, 270.0]
PASS k-1 p2 disk A: letter A
PASS k-1 p2 disk A: labels read MMMV (expected MMMV)
PASS k-1 p2 disk A: ray numbers 1..4 clockwise from the top ray
PASS k-1 p2 disk B: rays [0.0, 90.0, 180.0, 270.0] == [0.0, 90.0, 180.0, 270.0]
PASS k-1 p2 disk B: letter B
PASS k-1 p2 disk B: labels read MMMM (expected MMMM)
PASS k-1 p2 disk B: ray numbers 1..4 clockwise from the top ray
PASS k-1 p2 disk C: rays [0.0, 90.0, 180.0, 270.0] == [0.0, 90.0, 180.0, 270.0]
PASS k-1 p2 disk C: letter C
PASS k-1 p2 disk C: labels read MVVV (expected MVVV)
PASS k-1 p2 disk C: ray numbers 1..4 clockwise from the top ray
PASS k-1 p2 disk D: rays [0.0, 90.0, 180.0, 270.0] == [0.0, 90.0, 180.0, 270.0]
PASS k-1 p2 disk D: letter D
PASS k-1 p2 disk D: labels read MMVV (expected MMVV)
PASS k-1 p2 disk D: ray numbers 1..4 clockwise from the top ray
PASS k-1 p2 disk E: rays [0.0, 90.0, 180.0, 270.0] == [0.0, 90.0, 180.0, 270.0]
PASS k-1 p2 disk E: letter E
PASS k-1 p2 disk E: labels read MMVM (expected MMVM)
PASS k-1 p2 disk E: ray numbers 1..4 clockwise from the top ray
PASS k-1 p2 disk F: rays [0.0, 90.0, 180.0, 270.0] == [0.0, 90.0, 180.0, 270.0]
PASS k-1 p2 disk F: letter F
PASS k-1 p2 disk F: labels read MVMV (expected MVMV)
PASS k-1 p2 disk F: ray numbers 1..4 clockwise from the top ray
PASS k-1 p3: 6 disks (expected 6)
PASS k-1 p3 disk ?: rays [0.0, 90.0, 180.0, 270.0] == [0.0, 90.0, 180.0, 270.0]
PASS k-1 p3 disk ?: labels read M??? (expected M???)
PASS k-1 p3 disk ?: ray numbers 1..4 clockwise from the top ray
PASS k-1 p3 disk ?: rays [0.0, 90.0, 180.0, 270.0] == [0.0, 90.0, 180.0, 270.0]
PASS k-1 p3 disk ?: labels read M??? (expected M???)
PASS k-1 p3 disk ?: ray numbers 1..4 clockwise from the top ray
PASS k-1 p3 disk ?: rays [0.0, 90.0, 180.0, 270.0] == [0.0, 90.0, 180.0, 270.0]
PASS k-1 p3 disk ?: labels read M??? (expected M???)
PASS k-1 p3 disk ?: ray numbers 1..4 clockwise from the top ray
PASS k-1 p3 disk ?: rays [0.0, 90.0, 180.0, 270.0] == [0.0, 90.0, 180.0, 270.0]
PASS k-1 p3 disk ?: labels read M??? (expected M???)
PASS k-1 p3 disk ?: ray numbers 1..4 clockwise from the top ray
PASS k-1 p3 disk ?: rays [0.0, 90.0, 180.0, 270.0] == [0.0, 90.0, 180.0, 270.0]
PASS k-1 p3 disk ?: labels read M??? (expected M???)
PASS k-1 p3 disk ?: ray numbers 1..4 clockwise from the top ray
PASS k-1 p3 disk ?: rays [0.0, 90.0, 180.0, 270.0] == [0.0, 90.0, 180.0, 270.0]
PASS k-1 p3 disk ?: labels read M??? (expected M???)
PASS k-1 p3 disk ?: ray numbers 1..4 clockwise from the top ray
PASS k-1 p4: 9 disks (expected 9)
PASS k-1 p4 disk A: rays [0.0, 90.0, 180.0, 270.0] == [0.0, 90.0, 180.0, 270.0]
PASS k-1 p4 disk A: letter A
PASS k-1 p4 disk A: labels read M?V? (expected M?V?)
PASS k-1 p4 disk A: ray numbers 1..4 clockwise from the top ray
PASS k-1 p4 disk ?: rays [0.0, 90.0, 180.0, 270.0] == [0.0, 90.0, 180.0, 270.0]
PASS k-1 p4 disk ?: labels read MM?? (expected MM??)
PASS k-1 p4 disk ?: ray numbers 1..4 clockwise from the top ray
PASS k-1 p4 disk ?: rays [0.0, 90.0, 180.0, 270.0] == [0.0, 90.0, 180.0, 270.0]
PASS k-1 p4 disk ?: labels read V?V? (expected V?V?)
PASS k-1 p4 disk ?: ray numbers 1..4 clockwise from the top ray
PASS k-1 p4 disk B: rays [0.0, 90.0, 180.0, 270.0] == [0.0, 90.0, 180.0, 270.0]
PASS k-1 p4 disk B: letter B
PASS k-1 p4 disk B: labels read M?V? (expected M?V?)
PASS k-1 p4 disk B: ray numbers 1..4 clockwise from the top ray
PASS k-1 p4 disk ?: rays [0.0, 90.0, 180.0, 270.0] == [0.0, 90.0, 180.0, 270.0]
PASS k-1 p4 disk ?: labels read MM?? (expected MM??)
PASS k-1 p4 disk ?: ray numbers 1..4 clockwise from the top ray
PASS k-1 p4 disk ?: rays [0.0, 90.0, 180.0, 270.0] == [0.0, 90.0, 180.0, 270.0]
PASS k-1 p4 disk ?: labels read V?V? (expected V?V?)
PASS k-1 p4 disk ?: ray numbers 1..4 clockwise from the top ray
PASS k-1 p4 disk C: rays [0.0, 90.0, 180.0, 270.0] == [0.0, 90.0, 180.0, 270.0]
PASS k-1 p4 disk C: letter C
PASS k-1 p4 disk C: labels read M?V? (expected M?V?)
PASS k-1 p4 disk C: ray numbers 1..4 clockwise from the top ray
PASS k-1 p4 disk ?: rays [0.0, 90.0, 180.0, 270.0] == [0.0, 90.0, 180.0, 270.0]
PASS k-1 p4 disk ?: labels read MM?? (expected MM??)
PASS k-1 p4 disk ?: ray numbers 1..4 clockwise from the top ray
PASS k-1 p4 disk ?: rays [0.0, 90.0, 180.0, 270.0] == [0.0, 90.0, 180.0, 270.0]
PASS k-1 p4 disk ?: labels read V?V? (expected V?V?)
PASS k-1 p4 disk ?: ray numbers 1..4 clockwise from the top ray
PASS k-1 p5: 10 disks (expected 10)
PASS k-1 p5 disk ?: rays [0.0, 90.0, 180.0, 270.0] == [0.0, 90.0, 180.0, 270.0]
PASS k-1 p5 disk ?: labels read ???? (expected ????)
PASS k-1 p5 disk ?: ray numbers 1..4 clockwise from the top ray
PASS k-1 p5 disk ?: rays [0.0, 90.0, 180.0, 270.0] == [0.0, 90.0, 180.0, 270.0]
PASS k-1 p5 disk ?: labels read ???? (expected ????)
PASS k-1 p5 disk ?: ray numbers 1..4 clockwise from the top ray
PASS k-1 p5 disk ?: rays [0.0, 90.0, 180.0, 270.0] == [0.0, 90.0, 180.0, 270.0]
PASS k-1 p5 disk ?: labels read ???? (expected ????)
PASS k-1 p5 disk ?: ray numbers 1..4 clockwise from the top ray
PASS k-1 p5 disk ?: rays [0.0, 90.0, 180.0, 270.0] == [0.0, 90.0, 180.0, 270.0]
PASS k-1 p5 disk ?: labels read ???? (expected ????)
PASS k-1 p5 disk ?: ray numbers 1..4 clockwise from the top ray
PASS k-1 p5 disk ?: rays [0.0, 90.0, 180.0, 270.0] == [0.0, 90.0, 180.0, 270.0]
PASS k-1 p5 disk ?: labels read ???? (expected ????)
PASS k-1 p5 disk ?: ray numbers 1..4 clockwise from the top ray
PASS k-1 p5 disk ?: rays [0.0, 90.0, 180.0, 270.0] == [0.0, 90.0, 180.0, 270.0]
PASS k-1 p5 disk ?: labels read ???? (expected ????)
PASS k-1 p5 disk ?: ray numbers 1..4 clockwise from the top ray
PASS k-1 p5 disk ?: rays [0.0, 90.0, 180.0, 270.0] == [0.0, 90.0, 180.0, 270.0]
PASS k-1 p5 disk ?: labels read ???? (expected ????)
PASS k-1 p5 disk ?: ray numbers 1..4 clockwise from the top ray
PASS k-1 p5 disk ?: rays [0.0, 90.0, 180.0, 270.0] == [0.0, 90.0, 180.0, 270.0]
PASS k-1 p5 disk ?: labels read ???? (expected ????)
PASS k-1 p5 disk ?: ray numbers 1..4 clockwise from the top ray
PASS k-1 p5 disk ?: rays [0.0, 90.0, 180.0, 270.0] == [0.0, 90.0, 180.0, 270.0]
PASS k-1 p5 disk ?: labels read ???? (expected ????)
PASS k-1 p5 disk ?: ray numbers 1..4 clockwise from the top ray
PASS k-1 p5 disk ?: rays [0.0, 90.0, 180.0, 270.0] == [0.0, 90.0, 180.0, 270.0]
PASS k-1 p5 disk ?: labels read ???? (expected ????)
PASS k-1 p5 disk ?: ray numbers 1..4 clockwise from the top ray
PASS k-1 p6: 8 disks (expected 8)
PASS k-1 p6 disk A: rays [0.0, 90.0, 180.0, 270.0] == [0.0, 90.0, 180.0, 270.0]
PASS k-1 p6 disk A: letter A
PASS k-1 p6 disk A: labels read MMMV (expected MMMV)
PASS k-1 p6 disk A: ray numbers 1..4 clockwise from the top ray
PASS k-1 p6 disk B: rays [0.0, 90.0, 180.0, 270.0] == [0.0, 90.0, 180.0, 270.0]
PASS k-1 p6 disk B: letter B
PASS k-1 p6 disk B: labels read MMVM (expected MMVM)
PASS k-1 p6 disk B: ray numbers 1..4 clockwise from the top ray
PASS k-1 p6 disk C: rays [0.0, 90.0, 180.0, 270.0] == [0.0, 90.0, 180.0, 270.0]
PASS k-1 p6 disk C: letter C
PASS k-1 p6 disk C: labels read MVMM (expected MVMM)
PASS k-1 p6 disk C: ray numbers 1..4 clockwise from the top ray
PASS k-1 p6 disk D: rays [0.0, 90.0, 180.0, 270.0] == [0.0, 90.0, 180.0, 270.0]
PASS k-1 p6 disk D: letter D
PASS k-1 p6 disk D: labels read VMMM (expected VMMM)
PASS k-1 p6 disk D: ray numbers 1..4 clockwise from the top ray
PASS k-1 p6 disk E: rays [0.0, 90.0, 180.0, 270.0] == [0.0, 90.0, 180.0, 270.0]
PASS k-1 p6 disk E: letter E
PASS k-1 p6 disk E: labels read MVVV (expected MVVV)
PASS k-1 p6 disk E: ray numbers 1..4 clockwise from the top ray
PASS k-1 p6 disk F: rays [0.0, 90.0, 180.0, 270.0] == [0.0, 90.0, 180.0, 270.0]
PASS k-1 p6 disk F: letter F
PASS k-1 p6 disk F: labels read VMVV (expected VMVV)
PASS k-1 p6 disk F: ray numbers 1..4 clockwise from the top ray
PASS k-1 p6 disk G: rays [0.0, 90.0, 180.0, 270.0] == [0.0, 90.0, 180.0, 270.0]
PASS k-1 p6 disk G: letter G
PASS k-1 p6 disk G: labels read VVMV (expected VVMV)
PASS k-1 p6 disk G: ray numbers 1..4 clockwise from the top ray
PASS k-1 p6 disk H: rays [0.0, 90.0, 180.0, 270.0] == [0.0, 90.0, 180.0, 270.0]
PASS k-1 p6 disk H: letter H
PASS k-1 p6 disk H: labels read VVVM (expected VVVM)
PASS k-1 p6 disk H: ray numbers 1..4 clockwise from the top ray

== grades-2-3: disk diagrams against the problem text
PASS grades-2-3 p2: 4 disks (expected 4)
PASS grades-2-3 p2 disk A: rays [0.0, 90.0, 180.0, 270.0] == [0.0, 90.0, 180.0, 270.0]
PASS grades-2-3 p2 disk A: letter A
PASS grades-2-3 p2 disk B: rays [0.0, 45.0, 135.0, 225.0] == [0, 45, 135, 225]
PASS grades-2-3 p2 disk B: letter B
PASS grades-2-3 p2 disk C: rays [0.0, 60.0, 180.0, 300.0] == [0, 60, 180, 300]
PASS grades-2-3 p2 disk C: letter C
PASS grades-2-3 p2 disk D: rays [0.0, 30.0, 90.0, 240.0] == [0, 30, 90, 240]
PASS grades-2-3 p2 disk D: letter D
PASS grades-2-3 p3: 4 disks (expected 4)
PASS grades-2-3 p3 disk A: rays [0.0, 90.0, 180.0, 270.0] == [0.0, 90.0, 180.0, 270.0]
PASS grades-2-3 p3 disk A: letter A
PASS grades-2-3 p3 disk A: labels read ???? (expected ????)
PASS grades-2-3 p3 disk A: ray numbers 1..4 clockwise from the top ray
PASS grades-2-3 p3 disk B: rays [0.0, 45.0, 135.0, 225.0] == [0, 45, 135, 225]
PASS grades-2-3 p3 disk B: letter B
PASS grades-2-3 p3 disk B: labels read ???? (expected ????)
PASS grades-2-3 p3 disk B: ray numbers 1..4 clockwise from the top ray
PASS grades-2-3 p3 disk C: rays [0.0, 60.0, 180.0, 300.0] == [0, 60, 180, 300]
PASS grades-2-3 p3 disk C: letter C
PASS grades-2-3 p3 disk C: labels read ???? (expected ????)
PASS grades-2-3 p3 disk C: ray numbers 1..4 clockwise from the top ray
PASS grades-2-3 p3 disk D: rays [0.0, 30.0, 90.0, 240.0] == [0, 30, 90, 240]
PASS grades-2-3 p3 disk D: letter D
PASS grades-2-3 p3 disk D: labels read ???? (expected ????)
PASS grades-2-3 p3 disk D: ray numbers 1..4 clockwise from the top ray
PASS grades-2-3 p4: 4 disks (expected 4)
PASS grades-2-3 p4 disk A: rays [0.0, 90.0, 180.0] == [0, 90, 180]
PASS grades-2-3 p4 disk A: letter A
PASS grades-2-3 p4 disk B: rays [0.0, 60.0, 180.0] == [0, 60, 180]
PASS grades-2-3 p4 disk B: letter B
PASS grades-2-3 p4 disk C: rays [0.0, 30.0, 180.0] == [0, 30, 180]
PASS grades-2-3 p4 disk C: letter C
PASS grades-2-3 p4 disk D: rays [0.0, 120.0, 180.0] == [0, 120, 180]
PASS grades-2-3 p4 disk D: letter D
PASS grades-2-3 p5: 10 disks (expected 10)
PASS grades-2-3 p5 disk ?: rays [0.0, 90.0, 180.0, 270.0] == [0.0, 90.0, 180.0, 270.0]
PASS grades-2-3 p5 disk ?: labels read ???? (expected ????)
PASS grades-2-3 p5 disk ?: ray numbers 1..4 clockwise from the top ray
PASS grades-2-3 p5 disk ?: rays [0.0, 90.0, 180.0, 270.0] == [0.0, 90.0, 180.0, 270.0]
PASS grades-2-3 p5 disk ?: labels read ???? (expected ????)
PASS grades-2-3 p5 disk ?: ray numbers 1..4 clockwise from the top ray
PASS grades-2-3 p5 disk ?: rays [0.0, 90.0, 180.0, 270.0] == [0.0, 90.0, 180.0, 270.0]
PASS grades-2-3 p5 disk ?: labels read ???? (expected ????)
PASS grades-2-3 p5 disk ?: ray numbers 1..4 clockwise from the top ray
PASS grades-2-3 p5 disk ?: rays [0.0, 90.0, 180.0, 270.0] == [0.0, 90.0, 180.0, 270.0]
PASS grades-2-3 p5 disk ?: labels read ???? (expected ????)
PASS grades-2-3 p5 disk ?: ray numbers 1..4 clockwise from the top ray
PASS grades-2-3 p5 disk ?: rays [0.0, 90.0, 180.0, 270.0] == [0.0, 90.0, 180.0, 270.0]
PASS grades-2-3 p5 disk ?: labels read ???? (expected ????)
PASS grades-2-3 p5 disk ?: ray numbers 1..4 clockwise from the top ray
PASS grades-2-3 p5 disk ?: rays [0.0, 90.0, 180.0, 270.0] == [0.0, 90.0, 180.0, 270.0]
PASS grades-2-3 p5 disk ?: labels read ???? (expected ????)
PASS grades-2-3 p5 disk ?: ray numbers 1..4 clockwise from the top ray
PASS grades-2-3 p5 disk ?: rays [0.0, 90.0, 180.0, 270.0] == [0.0, 90.0, 180.0, 270.0]
PASS grades-2-3 p5 disk ?: labels read ???? (expected ????)
PASS grades-2-3 p5 disk ?: ray numbers 1..4 clockwise from the top ray
PASS grades-2-3 p5 disk ?: rays [0.0, 90.0, 180.0, 270.0] == [0.0, 90.0, 180.0, 270.0]
PASS grades-2-3 p5 disk ?: labels read ???? (expected ????)
PASS grades-2-3 p5 disk ?: ray numbers 1..4 clockwise from the top ray
PASS grades-2-3 p5 disk ?: rays [0.0, 90.0, 180.0, 270.0] == [0.0, 90.0, 180.0, 270.0]
PASS grades-2-3 p5 disk ?: labels read ???? (expected ????)
PASS grades-2-3 p5 disk ?: ray numbers 1..4 clockwise from the top ray
PASS grades-2-3 p5 disk ?: rays [0.0, 90.0, 180.0, 270.0] == [0.0, 90.0, 180.0, 270.0]
PASS grades-2-3 p5 disk ?: labels read ???? (expected ????)
PASS grades-2-3 p5 disk ?: ray numbers 1..4 clockwise from the top ray
PASS grades-2-3 p6: 4 disks (expected 4)
PASS grades-2-3 p6 disk ?: rays [0.0] == [0]
PASS grades-2-3 p6 disk ?: rays [0.0] == [0]
PASS grades-2-3 p6 disk ?: rays [0.0] == [0]
PASS grades-2-3 p6 disk ?: rays [0.0] == [0]

== grades-4-5: disk diagrams against the problem text
PASS grades-4-5 p1: 4 disks (expected 4)
PASS grades-4-5 p1 disk A: rays [0.0, 90.0, 180.0, 270.0] == [0.0, 90.0, 180.0, 270.0]
PASS grades-4-5 p1 disk A: letter A
PASS grades-4-5 p1 disk A: labels read ???? (expected ????)
PASS grades-4-5 p1 disk A: ray numbers 1..4 clockwise from the top ray
PASS grades-4-5 p1 disk B: rays [0.0, 45.0, 135.0, 225.0] == [0, 45, 135, 225]
PASS grades-4-5 p1 disk B: letter B
PASS grades-4-5 p1 disk B: labels read ???? (expected ????)
PASS grades-4-5 p1 disk B: ray numbers 1..4 clockwise from the top ray
PASS grades-4-5 p1 disk C: rays [0.0, 60.0, 180.0, 300.0] == [0, 60, 180, 300]
PASS grades-4-5 p1 disk C: letter C
PASS grades-4-5 p1 disk C: labels read ???? (expected ????)
PASS grades-4-5 p1 disk C: ray numbers 1..4 clockwise from the top ray
PASS grades-4-5 p1 disk D: rays [0.0, 30.0, 90.0, 240.0] == [0, 30, 90, 240]
PASS grades-4-5 p1 disk D: letter D
PASS grades-4-5 p1 disk D: labels read ???? (expected ????)
PASS grades-4-5 p1 disk D: ray numbers 1..4 clockwise from the top ray
PASS grades-4-5 p2: 3 disks (expected 3)
PASS grades-4-5 p2 disk A: rays [0.0, 120.0, 240.0] == [0, 120, 240]
PASS grades-4-5 p2 disk A: letter A
PASS grades-4-5 p2 disk B: rays [0.0, 60.0, 120.0, 180.0, 270.0] == [0, 60, 120, 180, 270]
PASS grades-4-5 p2 disk B: letter B
PASS grades-4-5 p2 disk C: rays [0.0, 30.0, 60.0, 120.0, 180.0, 240.0, 300.0] == [0, 30, 60, 120, 180, 240, 300]
PASS grades-4-5 p2 disk C: letter C
PASS grades-4-5 p3: 4 disks (expected 4)
PASS grades-4-5 p3 disk A: rays [0.0, 45.0, 135.0, 225.0] == [0, 45, 135, 225]
PASS grades-4-5 p3 disk A: letter A
PASS grades-4-5 p3 disk B: rays [0.0, 30.0, 60.0, 120.0, 180.0, 270.0] == [0, 30, 60, 120, 180, 270]
PASS grades-4-5 p3 disk B: letter B
PASS grades-4-5 p3 disk C: rays [0.0, 30.0, 60.0, 90.0, 150.0, 240.0] == [0, 30, 60, 90, 150, 240]
PASS grades-4-5 p3 disk C: letter C
PASS grades-4-5 p3 disk D: rays [0.0, 45.0, 90.0, 135.0, 180.0, 225.0, 270.0, 315.0] == [0, 45, 90, 135, 180, 225, 270, 315]
PASS grades-4-5 p3 disk D: letter D
PASS grades-4-5 p4: 10 disks (expected 10)
PASS grades-4-5 p4 disk ?: rays [0.0, 90.0, 180.0, 270.0] == [0.0, 90.0, 180.0, 270.0]
PASS grades-4-5 p4 disk ?: labels read ???? (expected ????)
PASS grades-4-5 p4 disk ?: ray numbers 1..4 clockwise from the top ray
PASS grades-4-5 p4 disk ?: rays [0.0, 90.0, 180.0, 270.0] == [0.0, 90.0, 180.0, 270.0]
PASS grades-4-5 p4 disk ?: labels read ???? (expected ????)
PASS grades-4-5 p4 disk ?: ray numbers 1..4 clockwise from the top ray
PASS grades-4-5 p4 disk ?: rays [0.0, 90.0, 180.0, 270.0] == [0.0, 90.0, 180.0, 270.0]
PASS grades-4-5 p4 disk ?: labels read ???? (expected ????)
PASS grades-4-5 p4 disk ?: ray numbers 1..4 clockwise from the top ray
PASS grades-4-5 p4 disk ?: rays [0.0, 90.0, 180.0, 270.0] == [0.0, 90.0, 180.0, 270.0]
PASS grades-4-5 p4 disk ?: labels read ???? (expected ????)
PASS grades-4-5 p4 disk ?: ray numbers 1..4 clockwise from the top ray
PASS grades-4-5 p4 disk ?: rays [0.0, 90.0, 180.0, 270.0] == [0.0, 90.0, 180.0, 270.0]
PASS grades-4-5 p4 disk ?: labels read ???? (expected ????)
PASS grades-4-5 p4 disk ?: ray numbers 1..4 clockwise from the top ray
PASS grades-4-5 p4 disk ?: rays [0.0, 90.0, 180.0, 270.0] == [0.0, 90.0, 180.0, 270.0]
PASS grades-4-5 p4 disk ?: labels read ???? (expected ????)
PASS grades-4-5 p4 disk ?: ray numbers 1..4 clockwise from the top ray
PASS grades-4-5 p4 disk ?: rays [0.0, 90.0, 180.0, 270.0] == [0.0, 90.0, 180.0, 270.0]
PASS grades-4-5 p4 disk ?: labels read ???? (expected ????)
PASS grades-4-5 p4 disk ?: ray numbers 1..4 clockwise from the top ray
PASS grades-4-5 p4 disk ?: rays [0.0, 90.0, 180.0, 270.0] == [0.0, 90.0, 180.0, 270.0]
PASS grades-4-5 p4 disk ?: labels read ???? (expected ????)
PASS grades-4-5 p4 disk ?: ray numbers 1..4 clockwise from the top ray
PASS grades-4-5 p4 disk ?: rays [0.0, 90.0, 180.0, 270.0] == [0.0, 90.0, 180.0, 270.0]
PASS grades-4-5 p4 disk ?: labels read ???? (expected ????)
PASS grades-4-5 p4 disk ?: ray numbers 1..4 clockwise from the top ray
PASS grades-4-5 p4 disk ?: rays [0.0, 90.0, 180.0, 270.0] == [0.0, 90.0, 180.0, 270.0]
PASS grades-4-5 p4 disk ?: labels read ???? (expected ????)
PASS grades-4-5 p4 disk ?: ray numbers 1..4 clockwise from the top ray
PASS grades-4-5 p5: 4 disks (expected 4)
PASS grades-4-5 p5 disk A: rays [0.0, 90.0, 180.0, 270.0] == [0.0, 90.0, 180.0, 270.0]
PASS grades-4-5 p5 disk A: letter A
PASS grades-4-5 p5 disk A: labels read MMMM (expected MMMM)
PASS grades-4-5 p5 disk A: ray numbers 1..4 clockwise from the top ray
PASS grades-4-5 p5 disk B: rays [0.0, 90.0, 180.0, 270.0] == [0.0, 90.0, 180.0, 270.0]
PASS grades-4-5 p5 disk B: letter B
PASS grades-4-5 p5 disk B: labels read VVVV (expected VVVV)
PASS grades-4-5 p5 disk B: ray numbers 1..4 clockwise from the top ray
PASS grades-4-5 p5 disk C: rays [0.0, 90.0, 180.0, 270.0] == [0.0, 90.0, 180.0, 270.0]
PASS grades-4-5 p5 disk C: letter C
PASS grades-4-5 p5 disk C: labels read MMVV (expected MMVV)
PASS grades-4-5 p5 disk C: ray numbers 1..4 clockwise from the top ray
PASS grades-4-5 p5 disk D: rays [0.0, 90.0, 180.0, 270.0] == [0.0, 90.0, 180.0, 270.0]
PASS grades-4-5 p5 disk D: letter D
PASS grades-4-5 p5 disk D: labels read MVMV (expected MVMV)
PASS grades-4-5 p5 disk D: ray numbers 1..4 clockwise from the top ray
PASS grades-4-5 p6: 1 disks (expected 1)
PASS grades-4-5 p6 disk ?: rays [0.0] == [0]

== K-1 Problem 4 tabs (rectangles with one letter each)
PASS tab rows A,B,C = ['MMVVVV', 'MMMVVV', 'MMMMVV']

== Grades 2-3 Problem 1 wedges
PASS wedge angles {'A': 30.0, 'B': 30.0, 'C': 60.0, 'D': 60.0, 'E': 90.0, 'F': 120.0, 'G': 150.0}
PASS all seven wedges have radius {2.25} cm (guide: 2.25 cm)
     half-turn template curves: [{'n': 62, 'start': (240.9, 494.7), 'end': (240.9, 494.7), 'bbox_cm': [4.5, 2.25]}]
PASS half-turn template is a semicircle of radius 2.25 cm (width 4.5 cm, height 2.25 cm)

== Grades 2-3 Problem 2 shaded sectors
PASS disk A: shaded sectors [1, 3] (1 and 3), sectors [90.0, 90.0, 90.0, 90.0], r=2.5 cm
PASS disk B: shaded sectors [1, 3] (1 and 3), sectors [45.0, 90.0, 90.0, 135.0], r=2.5 cm
PASS disk C: shaded sectors [1, 3] (1 and 3), sectors [60.0, 120.0, 120.0, 60.0], r=2.5 cm
PASS disk D: shaded sectors [1, 3] (1 and 3), sectors [30.0, 60.0, 150.0, 120.0], r=2.5 cm

== Grades 2-3 Problem 2 sector names A1..D4 sit in sectors 1..4 clockwise from the top ray
PASS disk A: {'A4': 4, 'A1': 1, 'A3': 3, 'A2': 2}
PASS disk B: {'B1': 1, 'B4': 4, 'B2': 2, 'B3': 3}
PASS disk C: {'C4': 4, 'C1': 1, 'C3': 3, 'C2': 2}
PASS disk D: {'D1': 1, 'D4': 4, 'D2': 2, 'D3': 3}

== Guide p12 six-wedge samples: ray numbers 1..6 clockwise from top
PASS rays [0.0, 30.0, 60.0, 120.0, 180.0, 270.0] numbering {1: (0, 0.0), 2: (1, 0.1), 3: (2, 0.2), 6: (5, 0.3), 4: (3, 0.2), 5: (4, 0.0)}
PASS rays [0.0, 30.0, 60.0, 120.0, 210.0, 300.0] numbering {1: (0, 0.0), 2: (1, 0.1), 6: (5, 0.2), 3: (2, 0.2), 4: (3, 0.2), 5: (4, 0.1)}
PASS rays [0.0, 30.0, 60.0, 150.0, 210.0, 270.0] numbering {1: (0, 0.0), 2: (1, 0.1), 3: (2, 0.2), 6: (5, 0.3), 5: (4, 0.1), 4: (3, 0.1)}
PASS rays [0.0, 30.0, 60.0, 150.0, 240.0, 300.0] numbering {1: (0, 0.0), 2: (1, 0.1), 6: (5, 0.2), 3: (2, 0.2), 5: (4, 0.2), 4: (3, 0.1)}

== Grades 2-3 Problem 4 ticks every 30 degrees
PASS disk A: ticks [0.0, 30.0, 60.0, 90.0, 120.0, 150.0, 180.0, 210.0, 240.0, 270.0, 300.0, 330.0]
PASS disk B: ticks [0.0, 30.0, 60.0, 90.0, 120.0, 150.0, 180.0, 210.0, 240.0, 270.0, 300.0, 330.0]
PASS disk C: ticks [0.0, 30.0, 60.0, 90.0, 120.0, 150.0, 180.0, 210.0, 240.0, 270.0, 300.0, 330.0]
PASS disk D: ticks [0.0, 30.0, 60.0, 90.0, 120.0, 150.0, 180.0, 210.0, 240.0, 270.0, 300.0, 330.0]

== Grades 2-3 Problem 6 wedges match the 2.4 cm disks
PASS wedges [('A', 30.0), ('A', 30.0), ('B', 60.0), ('B', 60.0), ('C', 90.0), ('C', 90.0)]
PASS wedge radius 2.4 cm = disk radius 2.4 cm

== Grades 4-5 degree labels sit in sectors of that size
PASS 4-5 p1 disk A: labels {0: [90], 1: [90], 2: [90], 3: [90]} vs drawn [90.0, 90.0, 90.0, 90.0]
PASS 4-5 p1 disk B: labels {0: [45], 1: [90], 2: [90], 3: [135]} vs drawn [45.0, 90.0, 90.0, 135.0]
PASS 4-5 p1 disk C: labels {0: [60], 1: [120], 2: [120], 3: [60]} vs drawn [60.0, 120.0, 120.0, 60.0]
PASS 4-5 p1 disk D: labels {0: [30], 1: [60], 2: [150], 3: [120]} vs drawn [30.0, 60.0, 150.0, 120.0]
PASS 4-5 p2 disk A: labels {0: [120], 1: [120], 2: [120]} vs drawn [120.0, 120.0, 120.0]
PASS 4-5 p2 disk B: labels {0: [60], 1: [60], 2: [60], 3: [90], 4: [90]} vs drawn [60.0, 60.0, 60.0, 90.0, 90.0]
PASS 4-5 p2 disk C: labels {0: [30], 1: [30], 2: [60], 3: [60], 4: [60], 5: [60], 6: [60]} vs drawn [30.0, 30.0, 60.0, 60.0, 60.0, 60.0, 60.0]
PASS 4-5 p3 disk A: labels {0: [45], 1: [90], 2: [90], 3: [135]} vs drawn [45.0, 90.0, 90.0, 135.0]
PASS 4-5 p3 disk B: labels {0: [30], 1: [30], 2: [60], 3: [60], 4: [90], 5: [90]} vs drawn [30.0, 30.0, 60.0, 60.0, 90.0, 90.0]
PASS 4-5 p3 disk C: labels {0: [30], 1: [30], 2: [30], 3: [60], 4: [90], 5: [120]} vs drawn [30.0, 30.0, 30.0, 60.0, 90.0, 120.0]
PASS 4-5 p3 disk D: labels {0: [45], 1: [45], 2: [45], 3: [45], 4: [45], 5: [45], 6: [45], 7: [45]} vs drawn [45.0, 45.0, 45.0, 45.0, 45.0, 45.0, 45.0, 45.0]

== Grades 4-5 Problem 3 shading = odd-position sectors
PASS disk A: shaded [1, 3]
PASS disk B: shaded [1, 3, 5]
PASS disk C: shaded [1, 3, 5]
PASS disk D: shaded [1, 3, 5, 7]

== Equal scaling: every disk outline has a square bounding box
PASS k-1: max |width-height| of disk outlines = 0.000 pt
PASS grades-2-3: max |width-height| of disk outlines = 0.000 pt
PASS grades-4-5: max |width-height| of disk outlines = 0.000 pt

== Guide diagrams
PASS guide p3 four witnesses read ['VVVM', 'VVMV', 'VMVV', 'MVVV']
     guide p7 catalog read [(None, 'MMMV'), (None, 'MMVM'), (None, 'MVMM'), (None, 'VMMM'), (None, 'MVVV'), (None, 'VMVV'), (None, 'VVMV'), (None, 'VVVM')]
PASS guide p7 catalog disks A-H carry the words printed beneath them
     guide p11 disk rays [0.0, 90.0, 180.0, 270.0] word VVVM dashed []
     guide p11 disk rays [0.0, 45.0, 135.0, 225.0] word ???? dashed []
     guide p11 disk rays [0.0, 60.0, 180.0, 300.0] word VVVM dashed []
     guide p11 disk rays [0.0, 30.0, 90.0, 240.0] word MVVV dashed []
     guide p11 disk rays [0.0, 90.0, 180.0, 270.0] word ???? dashed [270.0]
     guide p11 disk rays [0.0, 60.0, 180.0, 300.0] word ???? dashed [300.0]
     guide p11 disk rays [0.0, 30.0, 180.0, 330.0] word ???? dashed [330.0]
     guide p11 disk rays [0.0, 120.0, 180.0, 240.0] word ???? dashed [240.0]
PASS guide p11 P3 witnesses: A VVVM, B unlabeled, C VVVM, D MVVV
PASS guide p11 P3 disks have the printed ray angles
PASS guide p11 P4 completions: rays incl. added 270, 300, 330, 240
PASS guide p11 dashed (added) rays [[270.0], [300.0], [330.0], [240.0]]
PASS guide p12 six-wedge samples rays [[0.0, 30.0, 60.0, 120.0, 180.0, 270.0], [0.0, 30.0, 60.0, 120.0, 210.0, 300.0], [0.0, 30.0, 60.0, 150.0, 210.0, 270.0], [0.0, 30.0, 60.0, 150.0, 240.0, 300.0]]

== TikZ sources give the same ray angles as the PDFs
PASS k-1: TikZ ray sets equal PDF ray sets on every page
PASS grades-2-3: TikZ ray sets equal PDF ray sets on every page
PASS grades-4-5: TikZ ray sets equal PDF ray sets on every page

362 checks, 0 failures
