=== k-1: week-27-k-1.pdf
[ok  ] TeX source has 7 token pages, PDF has 7 pages
[ok  ] p1: 20 PDF tokens, 20 TeX tokens, 0 TeX tokens without an identical PDF token
  p1 Problem None:
    case 1: circles {'P': ['U', 'V']}  squares {'U': ['Q', 'P']}  shaded {'P': ['V'], 'U': ['Q']}  strip icons [12.7] mm
    board above strips PQ|VU solid=['PV', 'QU'] dashed=['PU'] icons 14.0 mm
    board above strips PQ|VU solid=['PV', 'QU'] dashed=['PU'] icons 14.0 mm
[ok  ] p2: 40 PDF tokens, 40 TeX tokens, 0 TeX tokens without an identical PDF token
  p2 Problem 1:
    case 1: circles {'A': ['X', 'Y'], 'B': ['Y', 'X']}  squares {'X': ['A', 'B'], 'Y': ['B', 'A']}  shaded {}  strip icons [20.1] mm
      board AB|XY solid=['AX', 'BY'] dashed=[] icons 20.1 mm
      board AB|XY solid=['AY', 'BX'] dashed=[] icons 20.1 mm
    case 2: circles {'A': ['X', 'Y'], 'B': ['X', 'Y']}  squares {'X': ['A', 'B'], 'Y': ['A', 'B']}  shaded {}  strip icons [20.1] mm
      board AB|XY solid=['AX', 'BY'] dashed=[] icons 20.1 mm
      board AB|XY solid=['AY', 'BX'] dashed=[] icons 20.1 mm
[ok  ] p3: 40 PDF tokens, 40 TeX tokens, 0 TeX tokens without an identical PDF token
  p3 Problem 2:
    case 1: circles {'A': ['X', 'Y'], 'B': ['Y', 'X']}  squares {'X': ['B', 'A'], 'Y': ['A', 'B']}  shaded {}  strip icons [20.1] mm
      board AB|XY solid=[] dashed=[] icons 20.1 mm
      board AB|XY solid=[] dashed=[] icons 20.1 mm
    case 2: circles {'A': ['Y', 'X'], 'B': ['X', 'Y']}  squares {'X': ['B', 'A'], 'Y': ['A', 'B']}  shaded {}  strip icons [20.1] mm
      board AB|XY solid=[] dashed=[] icons 20.1 mm
      board AB|XY solid=[] dashed=[] icons 20.1 mm
[ok  ] p4: 32 PDF tokens, 32 TeX tokens, 0 TeX tokens without an identical PDF token
  p4 Problem 3:
    case 1: circles {'A': ['Y', 'X'], 'B': ['Y', 'X']}  squares {'X': ['A', 'B'], 'Y': ['A', 'B']}  shaded {}  strip icons [20.1] mm
      board AB|XY solid=['AX', 'BY'] dashed=[] icons 20.1 mm
    case 2: circles {'A': ['Y', 'X'], 'B': ['X', 'Y']}  squares {'X': ['B', 'A'], 'Y': ['A', 'B']}  shaded {}  strip icons [20.1] mm
      board AB|XY solid=['AX', 'BY'] dashed=[] icons 20.1 mm
[ok  ] p5: 40 PDF tokens, 40 TeX tokens, 0 TeX tokens without an identical PDF token
  p5 Problem 4:
    case 1: circles {'A': ['X', 'Y'], 'B': ['Y', 'X']}  squares {'X': ['B', 'A'], 'Y': ['', '']}  shaded {}  strip icons [20.1] mm
      board AB|XY solid=['AX', 'BY'] dashed=[] icons 20.1 mm
      board AB|XY solid=['AY', 'BX'] dashed=[] icons 20.1 mm
    case 2: circles {'A': ['X', 'Y'], 'B': ['X', 'Y']}  squares {'X': ['B', 'A'], 'Y': ['', '']}  shaded {}  strip icons [20.1] mm
      board AB|XY solid=['AX', 'BY'] dashed=[] icons 20.1 mm
      board AB|XY solid=['AY', 'BX'] dashed=[] icons 20.1 mm
[ok  ] p6: 40 PDF tokens, 40 TeX tokens, 0 TeX tokens without an identical PDF token
  p6 Problem 5:
    case 1: circles {'A': ['', ''], 'B': ['', '']}  squares {'X': ['', ''], 'Y': ['', '']}  shaded {}  strip icons [20.1] mm
      board AB|XY solid=['AX', 'BY'] dashed=[] icons 20.1 mm
      board AB|XY solid=['AY', 'BX'] dashed=[] icons 20.1 mm
    case 2: circles {'A': ['', ''], 'B': ['', '']}  squares {'X': ['', ''], 'Y': ['', '']}  shaded {}  strip icons [20.1] mm
      board AB|XY solid=['AX', 'BY'] dashed=[] icons 20.1 mm
      board AB|XY solid=['AY', 'BX'] dashed=[] icons 20.1 mm
[ok  ] p7: 40 PDF tokens, 40 TeX tokens, 0 TeX tokens without an identical PDF token
  p7 Problem 6:
    case 1: circles {'A': ['', ''], 'B': ['', '']}  squares {'X': ['', ''], 'Y': ['', '']}  shaded {}  strip icons [20.1] mm
      board AB|XY solid=['AX', 'BY'] dashed=[] icons 20.1 mm
      board AB|XY solid=['AY', 'BX'] dashed=[] icons 20.1 mm
    case 2: circles {'A': ['', ''], 'B': ['', '']}  squares {'X': ['', ''], 'Y': ['', '']}  shaded {}  strip icons [20.1] mm
      board AB|XY solid=['AX', 'BY'] dashed=[] icons 20.1 mm
      board AB|XY solid=['AY', 'BX'] dashed=[] icons 20.1 mm
=== grades-2-3: week-27-grades-2-3.pdf
[ok  ] TeX source has 6 token pages, PDF has 6 pages
[ok  ] p1: 20 PDF tokens, 20 TeX tokens, 0 TeX tokens without an identical PDF token
  p1 Problem None:
    case 1: circles {'P': ['U', 'V']}  squares {'U': ['Q', 'P']}  shaded {'P': ['V'], 'U': ['Q']}  strip icons [12.7] mm
    board above strips PQ|VU solid=['PV', 'QU'] dashed=['PU'] icons 14.0 mm
    board above strips PQ|VU solid=['PV', 'QU'] dashed=['PU'] icons 14.0 mm
[ok  ] p2: 40 PDF tokens, 40 TeX tokens, 0 TeX tokens without an identical PDF token
  p2 Problem 1:
    case 1: circles {'A': ['X', 'Y'], 'B': ['X', 'Y']}  squares {'X': ['A', 'B'], 'Y': ['A', 'B']}  shaded {}  strip icons [13.0] mm
      board AB|XY solid=['AX', 'BY'] dashed=[] icons 13.0 mm
      board AB|XY solid=['AY', 'BX'] dashed=[] icons 13.0 mm
    case 2: circles {'A': ['X', 'Y'], 'B': ['Y', 'X']}  squares {'X': ['B', 'A'], 'Y': ['A', 'B']}  shaded {}  strip icons [13.0] mm
      board AB|XY solid=['AX', 'BY'] dashed=[] icons 13.0 mm
      board AB|XY solid=['AY', 'BX'] dashed=[] icons 13.0 mm
[ok  ] p3: 60 PDF tokens, 60 TeX tokens, 0 TeX tokens without an identical PDF token
  p3 Problem 2:
    case 1: circles {'A': ['X', 'Y', 'Z'], 'B': ['X', 'Z', 'Y'], 'C': ['Y', 'X', 'Z']}  squares {'X': ['C', 'B', 'A'], 'Y': ['A', 'C', 'B'], 'Z': ['B', 'A', 'C']}  shaded {}  strip icons [11.9] mm
      board ABC|XYZ solid=[] dashed=[] icons 9.9 mm
      board ABC|XYZ solid=[] dashed=[] icons 9.9 mm
      board ABC|XYZ solid=[] dashed=[] icons 9.9 mm
      board ABC|XYZ solid=[] dashed=[] icons 9.9 mm
      board ABC|XYZ solid=[] dashed=[] icons 9.9 mm
      board ABC|XYZ solid=[] dashed=[] icons 9.9 mm
[ok  ] p4: 60 PDF tokens, 60 TeX tokens, 0 TeX tokens without an identical PDF token
  p4 Problem 3:
    case 1: circles {'A': ['Z', 'X', 'Y'], 'B': ['Y', 'X', 'Z'], 'C': ['X', 'Y', 'Z']}  squares {'X': ['B', 'A', 'C'], 'Y': ['A', 'C', 'B'], 'Z': ['C', 'B', 'A']}  shaded {}  strip icons [11.9] mm
      board ABC|XYZ solid=[] dashed=[] icons 9.9 mm
      board ABC|XYZ solid=[] dashed=[] icons 9.9 mm
      board ABC|XYZ solid=[] dashed=[] icons 9.9 mm
      board ABC|XYZ solid=[] dashed=[] icons 9.9 mm
      board ABC|XYZ solid=[] dashed=[] icons 9.9 mm
      board ABC|XYZ solid=[] dashed=[] icons 9.9 mm
[ok  ] p5: 72 PDF tokens, 72 TeX tokens, 0 TeX tokens without an identical PDF token
  p5 Problem 4:
    case 1: circles {'A': ['W', 'X', 'Y', 'Z'], 'B': ['X', 'W', 'Z', 'Y'], 'C': ['Y', 'Z', 'W', 'X'], 'D': ['Z', 'Y', 'X', 'W']}  squares {'W': ['B', 'A', 'C', 'D'], 'X': ['A', 'B', 'D', 'C'], 'Y': ['D', 'C', 'A', 'B'], 'Z': ['C', 'D', 'B', 'A']}  shaded {}  strip icons [11.4] mm
      board ABCD|WXYZ solid=[] dashed=[] icons 10.4 mm
      board ABCD|WXYZ solid=[] dashed=[] icons 10.4 mm
      board ABCD|WXYZ solid=[] dashed=[] icons 10.4 mm
      board ABCD|WXYZ solid=[] dashed=[] icons 10.4 mm
[ok  ] p6: 36 PDF tokens, 36 TeX tokens, 0 TeX tokens without an identical PDF token
  p6 Problem 5:
    case 1: circles {'A': ['', '', ''], 'B': ['', '', ''], 'C': ['', '', '']}  squares {'X': ['', '', ''], 'Y': ['', '', ''], 'Z': ['', '', '']}  shaded {}  strip icons [11.9] mm
      board ABC|XYZ solid=[] dashed=[] icons 9.9 mm
      board ABC|XYZ solid=[] dashed=[] icons 9.9 mm
=== grades-4-5: week-27-grades-4-5.pdf
[ok  ] TeX source has 6 token pages, PDF has 6 pages
[ok  ] p1: 62 PDF tokens, 62 TeX tokens, 0 TeX tokens without an identical PDF token
  p1 Problem 1:
    case 1: circles {'A': ['X', 'Y'], 'B': ['Y', 'X']}  squares {'X': ['B', 'A'], 'Y': ['A', 'B']}  shaded {}  strip icons [10.9] mm
      board AB|XY solid=[] dashed=[] icons 10.7 mm
      board AB|XY solid=[] dashed=[] icons 10.7 mm
    case 2: circles {'A': ['X', 'Y', 'Z'], 'B': ['X', 'Z', 'Y'], 'C': ['Y', 'X', 'Z']}  squares {'X': ['C', 'B', 'A'], 'Y': ['A', 'C', 'B'], 'Z': ['B', 'A', 'C']}  shaded {}  strip icons [10.9] mm
      board ABC|XYZ solid=[] dashed=[] icons 9.9 mm
      board ABC|XYZ solid=[] dashed=[] icons 9.9 mm
      board ABC|XYZ solid=[] dashed=[] icons 9.9 mm
[ok  ] p2: 60 PDF tokens, 60 TeX tokens, 0 TeX tokens without an identical PDF token
  p2 Problem 2:
    case 1: circles {'A': ['X', 'W', 'Z', 'Y'], 'B': ['X', 'Y', 'W', 'Z'], 'C': ['X', 'Y', 'Z', 'W'], 'D': ['X', 'Y', 'W', 'Z']}  squares {'W': ['B', 'C', 'D', 'A'], 'X': ['D', 'B', 'A', 'C'], 'Y': ['B', 'C', 'A', 'D'], 'Z': ['B', 'D', 'A', 'C']}  shaded {}  strip icons [10.4] mm
      board ABCD|WXYZ solid=[] dashed=[] icons 9.7 mm
      board ABCD|WXYZ solid=[] dashed=[] icons 9.7 mm
    board above strips P|U solid=['PU'] dashed=[] icons 7.6 mm
    board above strips Q|U solid=['QU'] dashed=[] icons 7.6 mm
[ok  ] p3: 30 PDF tokens, 30 TeX tokens, 0 TeX tokens without an identical PDF token
  p3 Problem 3:
    case 1: circles {'A': ['', '', ''], 'B': ['', '', ''], 'C': ['', '', '']}  squares {'X': ['', '', ''], 'Y': ['', '', ''], 'Z': ['', '', '']}  shaded {}  strip icons [11.9] mm
      board ABC|XYZ solid=[] dashed=[] icons 11.7 mm
[ok  ] p4: 0 PDF tokens, 0 TeX tokens, 0 TeX tokens without an identical PDF token
  p4 Problem 4:
[ok  ] p5: 0 PDF tokens, 0 TeX tokens, 0 TeX tokens without an identical PDF token
  p5 Problem 5:
[ok  ] p6: 30 PDF tokens, 30 TeX tokens, 0 TeX tokens without an identical PDF token
  p6 Problem 6:
    case 1: circles {'A': ['', '', ''], 'B': ['', '', ''], 'C': ['', '', '']}  squares {'X': ['', '', ''], 'Y': ['', '', ''], 'Z': ['', '', '']}  shaded {}  strip icons [11.9] mm
      board ABC|XYZ solid=[] dashed=[] icons 10.7 mm
--- 0 failed check(s)
