==== K1 P1 {'A': (-2, 0), 'B': (2, 0)}
  cell A: bounded=False; in frame: (-3,-3) (0,-3) (0,3) (-3,3)
  cell B: bounded=False; in frame: (0,-3) (3,-3) (3,3) (0,3)
  AB: edge/ray from inf to inf
  vertices (>=3 nearest): {}
    probe (-2.5, 2.3): A   margin(2nd-1st, map units)=2.700  in=2.610
    probe (-1.4, 1.2): A   margin(2nd-1st, map units)=2.264  in=2.189
    probe (-0.55, 2.4): A   margin(2nd-1st, map units)=0.698  in=0.675
    probe (0, 2.6): AB   margin(2nd-1st, map units)=0.000  in=0.000
    probe (0.7, 1.3): B   margin(2nd-1st, map units)=1.158  in=1.120
    probe (2.4, 2.3): B   margin(2nd-1st, map units)=2.630  in=2.543
    probe (-2.55, -1.2): A   margin(2nd-1st, map units)=3.386  in=3.273
    probe (-1.3, -2.25): A   margin(2nd-1st, map units)=1.638  in=1.583
    probe (-0.5, -0.9): A   margin(2nd-1st, map units)=0.908  in=0.878
    probe (0, 0): AB   margin(2nd-1st, map units)=0.000  in=0.000
    probe (0, -2.5): AB   margin(2nd-1st, map units)=0.000  in=0.000
    probe (0.6, -2.05): B   margin(2nd-1st, map units)=0.829  in=0.801
    probe (1.5, -0.8): B   margin(2nd-1st, map units)=2.647  in=2.559
    probe (2.5, -2.3): B   margin(2nd-1st, map units)=2.700  in=2.610
    probe (2.65, 0.75): B   margin(2nd-1st, map units)=3.718  in=3.594
    probe (-2.55, 0.75): A   margin(2nd-1st, map units)=3.681  in=3.559
  counts Counter({'A': 7, 'B': 6, 'AB': 3})
==== K1 P2 / G45 P1 {'A': (-1.5, -1), 'B': (1.5, 1)}
  cell A: bounded=False; in frame: (-3,-3) (2,-3) (-2,3) (-3,3)
  cell B: bounded=False; in frame: (2,-3) (3,-3) (3,3) (-2,3)
  AB: edge/ray from inf to inf
  vertices (>=3 nearest): {}
==== K1 P3 {'A': (-2, 0), 'B': (0, 0), 'C': (2, 0)}
  cell A: bounded=False; in frame: (-3,-3) (-1,-3) (-1,3) (-3,3)
  cell B: bounded=False; in frame: (-1,-3) (1,-3) (1,3) (-1,3)
  cell C: bounded=False; in frame: (1,-3) (3,-3) (3,3) (1,3)
  AB: edge/ray from inf to inf
  AC: no shared point
  BC: edge/ray from inf to inf
  vertices (>=3 nearest): {}
==== K1 P4 / G23 P2 / G45 P2 {'A': (-2, 0), 'B': (2, 0), 'C': (0, 2)}
  cell A: bounded=False; in frame: (-3,-3) (0,-3) (0,0) (-3,3)
  cell B: bounded=False; in frame: (0,-3) (3,-3) (3,3) (0,0)
  cell C: bounded=False; in frame: (3,3) (-3,3) (0,0)
  AB: edge/ray from inf to (0,0)
  AC: edge/ray from (0,0) to inf
  BC: edge/ray from inf to (0,0)
  vertices (>=3 nearest): {'(0,0)': 'ABC'}
    probe (-2.5, 2.5): AC   margin(2nd-1st, map units)=0.000  in=0.000
    probe (-1.8, 1.2): A   margin(2nd-1st, map units)=0.753  in=0.728
    probe (0, 1): C   margin(2nd-1st, map units)=1.236  in=1.195
    probe (1.8, 1.2): B   margin(2nd-1st, map units)=0.753  in=0.728
    probe (2.5, 2.5): BC   margin(2nd-1st, map units)=0.000  in=0.000
    probe (-2.3, -1.5): A   margin(2nd-1st, map units)=2.658  in=2.570
    probe (-0.7, -1.5): A   margin(2nd-1st, map units)=1.104  in=1.067
    probe (0, -1): AB   margin(2nd-1st, map units)=0.000  in=0.000
    probe (1.3, -1.7): B   margin(2nd-1st, map units)=1.874  in=1.811
    probe (2.4, -0.9): B   margin(2nd-1st, map units)=2.779  in=2.687
    probe (0, 0): ABC   margin(2nd-1st, map units)=0.000  in=0.000
    probe (0, -2.4): AB   margin(2nd-1st, map units)=0.000  in=0.000
  counts Counter({'A': 3, 'B': 3, 'AB': 2, 'AC': 1, 'C': 1, 'BC': 1, 'ABC': 1})
==== K1 P5 / G23 P4 / G45 P4 {'A': (-2, 2), 'B': (2, 2), 'C': (2, -2), 'D': (-2, -2)}
  cell A: bounded=False; in frame: (0,0) (0,3) (-3,3) (-3,0)
  cell B: bounded=False; in frame: (3,0) (3,3) (0,3) (0,0)
  cell C: bounded=False; in frame: (0,-3) (3,-3) (3,0) (0,0)
  cell D: bounded=False; in frame: (-3,-3) (0,-3) (0,0) (-3,0)
  AB: edge/ray from (0,0) to inf
  AC: single point from (0,0) to (0,0)
  AD: edge/ray from inf to (0,0)
  BC: edge/ray from (0,0) to inf
  BD: single point from (0,0) to (0,0)
  CD: edge/ray from (0,0) to inf
  vertices (>=3 nearest): {'(0,0)': 'ABCD'}
==== K1 P6 / G23 P6 / G45 P5 {'A': (-2, 2), 'B': (2, 2), 'C': (2, -2), 'D': (-2, -2), 'E': (0, 0)}
  cell A: bounded=False; in frame: (0,2) (0,3) (-3,3) (-3,0) (-2,0)
  cell B: bounded=False; in frame: (3,0) (3,3) (0,3) (0,2) (2,0)
  cell C: bounded=False; in frame: (0,-3) (3,-3) (3,0) (2,0) (0,-2)
  cell D: bounded=False; in frame: (-3,-3) (0,-3) (0,-2) (-2,0) (-3,0)
  cell E: bounded=True; in frame: (0,-2) (2,0) (0,2) (-2,0)
     whole cell: (0,-2) (2,0) (0,2) (-2,0)
  AB: edge/ray from (0,2) to inf
  AC: no shared point
  AD: edge/ray from inf to (-2,0)
  AE: edge/ray from (-2,0) to (0,2)
  BC: edge/ray from (2,0) to inf
  BD: no shared point
  BE: edge/ray from (0,2) to (2,0)
  CD: edge/ray from (0,-2) to inf
  CE: edge/ray from (2,0) to (0,-2)
  DE: edge/ray from (0,-2) to (-2,0)
  vertices (>=3 nearest): {'(0,2)': 'ABE', '(-2,0)': 'ADE', '(2,0)': 'BCE', '(0,-2)': 'CDE'}
==== K1 P7 guide answer {'A': (-1.8, 1.2), 'B': (1.8, -1.2), 'C': (0, 0)}
  cell A: bounded=False; in frame: (7/10,3) (-3,3) (-3,-51/20)
  cell B: bounded=False; in frame: (-7/10,-3) (3,-3) (3,51/20)
  cell C: bounded=False; in frame: (-3,-3) (-7/10,-3) (3,51/20) (3,3) (7/10,3) (-3,-51/20)
  AB: no shared point
  AC: edge/ray from inf to inf
  BC: edge/ray from inf to inf
  vertices (>=3 nearest): {}
==== K1 P8 guide answer {'A': (0, 0), 'B': (-2, 0), 'C': (2, 0)}
  cell A: bounded=False; in frame: (-1,-3) (1,-3) (1,3) (-1,3)
  cell B: bounded=False; in frame: (-3,-3) (-1,-3) (-1,3) (-3,3)
  cell C: bounded=False; in frame: (1,-3) (3,-3) (3,3) (1,3)
  AB: edge/ray from inf to inf
  AC: edge/ray from inf to inf
  BC: no shared point
  vertices (>=3 nearest): {}
==== G23 P1 {'A': (-1.5, -1.5), 'B': (1.5, 1.5)}
  cell A: bounded=False; in frame: (-3,-3) (3,-3) (-3,3)
  cell B: bounded=False; in frame: (3,-3) (3,3) (-3,3)
  AB: edge/ray from inf to inf
  vertices (>=3 nearest): {}
    probe (-2.4, 2.4): AB   margin(2nd-1st, map units)=0.000  in=0.000
    probe (-2, 1): A   margin(2nd-1st, map units)=0.986  in=0.953
    probe (-1, 2): B   margin(2nd-1st, map units)=0.986  in=0.953
    probe (0, 0): AB   margin(2nd-1st, map units)=0.000  in=0.000
    probe (1, -1): AB   margin(2nd-1st, map units)=0.000  in=0.000
    probe (2.4, -2.4): AB   margin(2nd-1st, map units)=0.000  in=0.000
    probe (-2.2, -0.4): A   margin(2nd-1st, map units)=2.855  in=2.760
    probe (-0.4, -2.2): A   margin(2nd-1st, map units)=2.855  in=2.760
    probe (-2.1, -2.5): A   margin(2nd-1st, map units)=4.215  in=4.075
    probe (0.2, 1.9): B   margin(2nd-1st, map units)=2.441  in=2.360
    probe (1.7, 0.2): B   margin(2nd-1st, map units)=2.308  in=2.231
    probe (2.4, 2.5): B   margin(2nd-1st, map units)=4.241  in=4.100
    probe (2.5, -0.6): B   margin(2nd-1st, map units)=1.774  in=1.715
    probe (-0.6, 2.5): B   margin(2nd-1st, map units)=1.774  in=1.715
  counts Counter({'B': 6, 'AB': 4, 'A': 4})
==== G23 P3 {'A': (-2, 0), 'B': (-0.5, 0), 'C': (2, 0)}
  cell A: bounded=False; in frame: (-3,-3) (-5/4,-3) (-5/4,3) (-3,3)
  cell B: bounded=False; in frame: (-5/4,-3) (3/4,-3) (3/4,3) (-5/4,3)
  cell C: bounded=False; in frame: (3/4,-3) (3,-3) (3,3) (3/4,3)
  AB: edge/ray from inf to inf
  AC: no shared point
  BC: edge/ray from inf to inf
  vertices (>=3 nearest): {}
==== G23 P5 {'A': (-2, -2), 'B': (2, -2), 'C': (2, 2), 'D': (-2, 1)}
  cell A: bounded=False; in frame: (-3,-3) (0,-3) (0,-1/2) (-3,-1/2)
  cell B: bounded=False; in frame: (0,-3) (3,-3) (3,0) (3/8,0) (0,-1/2)
  cell C: bounded=False; in frame: (3,0) (3,3) (-3/8,3) (3/8,0)
  cell D: bounded=False; in frame: (-3/8,3) (-3,3) (-3,-1/2) (0,-1/2) (3/8,0)
  AB: edge/ray from inf to (0,-1/2)
  AC: no shared point
  AD: edge/ray from (0,-1/2) to inf
  BC: edge/ray from inf to (3/8,0)
  BD: edge/ray from (3/8,0) to (0,-1/2)
  CD: edge/ray from inf to (3/8,0)
  vertices (>=3 nearest): {'(0,-1/2)': 'ABD', '(3/8,0)': 'BCD'}
==== G23 P7 guide answer {'A': (-2, 0), 'B': (2, 0), 'C': (0, 2), 'D': (0, -2.5)}
  cell A: bounded=False; in frame: (0,-9/20) (0,0) (-3,3) (-3,-57/20)
  cell B: bounded=False; in frame: (3,-57/20) (3,3) (0,0) (0,-9/20)
  cell C: bounded=False; in frame: (3,3) (-3,3) (0,0)
  cell D: bounded=False; in frame: (-3,-3) (3,-3) (3,-57/20) (0,-9/20) (-3,-57/20)
  AB: edge/ray from (0,-9/20) to (0,0)
  AC: edge/ray from (0,0) to inf
  AD: edge/ray from inf to (0,-9/20)
  BC: edge/ray from inf to (0,0)
  BD: edge/ray from (0,-9/20) to inf
  CD: no shared point
  vertices (>=3 nearest): {'(0,0)': 'ABC', '(0,-9/20)': 'ABD'}
==== G23 P7 rejected D=(0,-2) {'A': (-2, 0), 'B': (2, 0), 'C': (0, 2), 'D': (0, -2)}
  cell A: bounded=False; in frame: (-3,-3) (0,0) (-3,3)
  cell B: bounded=False; in frame: (3,-3) (3,3) (0,0)
  cell C: bounded=False; in frame: (3,3) (-3,3) (0,0)
  cell D: bounded=False; in frame: (-3,-3) (3,-3) (0,0)
  AB: single point from (0,0) to (0,0)
  AC: edge/ray from (0,0) to inf
  AD: edge/ray from inf to (0,0)
  BC: edge/ray from inf to (0,0)
  BD: edge/ray from (0,0) to inf
  CD: single point from (0,0) to (0,0)
  vertices (>=3 nearest): {'(0,0)': 'ABCD'}
==== G23 P8 guide answer {'A': (0, 0), 'B': (2, 0), 'C': (0, 2)}
  cell A: bounded=False; in frame: (-3,-3) (1,-3) (1,1) (-3,1)
  cell B: bounded=False; in frame: (1,-3) (3,-3) (3,3) (1,1)
  cell C: bounded=False; in frame: (3,3) (-3,3) (-3,1) (1,1)
  AB: edge/ray from inf to (1,1)
  AC: edge/ray from (1,1) to inf
  BC: edge/ray from inf to (1,1)
  vertices (>=3 nearest): {'(1,1)': 'ABC'}
==== G45 P3 {'A': (-2, -1), 'B': (2, -1), 'C': (0, 2), 'D': (0, 0)}
  cell A: bounded=False; in frame: (-3,-3) (0,-3) (0,-5/2) (-7/4,1) (-3,11/6)
  cell B: bounded=False; in frame: (0,-3) (3,-3) (3,11/6) (7/4,1) (0,-5/2)
  cell C: bounded=False; in frame: (3,11/6) (3,3) (-3,3) (-3,11/6) (-7/4,1) (7/4,1)
  cell D: bounded=True; in frame: (-7/4,1) (0,-5/2) (7/4,1)
     whole cell: (-7/4,1) (0,-5/2) (7/4,1)
  AB: edge/ray from inf to (0,-5/2)
  AC: edge/ray from (-7/4,1) to inf
  AD: edge/ray from (0,-5/2) to (-7/4,1)
  BC: edge/ray from inf to (7/4,1)
  BD: edge/ray from (7/4,1) to (0,-5/2)
  CD: edge/ray from (-7/4,1) to (7/4,1)
  vertices (>=3 nearest): {'(0,-5/2)': 'ABD', '(-7/4,1)': 'ACD', '(7/4,1)': 'BCD'}
==== G45 P6 guide answer {'A': (-2, 0), 'B': (0, 0), 'C': (2, 0), 'D': (0, 2), 'E': (0, -2)}
  cell A: bounded=False; in frame: (-3,-3) (-1,-1) (-1,1) (-3,3)
  cell B: bounded=True; in frame: (1,-1) (1,1) (-1,1) (-1,-1)
     whole cell: (1,-1) (1,1) (-1,1) (-1,-1)
  cell C: bounded=False; in frame: (3,-3) (3,3) (1,1) (1,-1)
  cell D: bounded=False; in frame: (3,3) (-3,3) (-1,1) (1,1)
  cell E: bounded=False; in frame: (-3,-3) (3,-3) (1,-1) (-1,-1)
  AB: edge/ray from (-1,-1) to (-1,1)
  AC: no shared point
  AD: edge/ray from (-1,1) to inf
  AE: edge/ray from inf to (-1,-1)
  BC: edge/ray from (1,-1) to (1,1)
  BD: edge/ray from (1,1) to (-1,1)
  BE: edge/ray from (-1,-1) to (1,-1)
  CD: edge/ray from inf to (1,1)
  CE: edge/ray from (1,-1) to inf
  DE: no shared point
  vertices (>=3 nearest): {'(-1,1)': 'ABD', '(-1,-1)': 'ABE', '(1,1)': 'BCD', '(1,-1)': 'BCE'}
==== G45 P7 guide answer {'A': (0, 0), 'B': (0, -2), 'C': (Fraction(24, 13), Fraction(16, 13)), 'D': (Fraction(-24, 13), Fraction(16, 13))}
  cell A: bounded=True; in frame: (-2,-1) (2,-1) (0,2)
     whole cell: (-2,-1) (2,-1) (0,2)
  cell B: bounded=False; in frame: (-3,-3) (3,-3) (3,-11/7) (2,-1) (-2,-1) (-3,-11/7)
  cell C: bounded=False; in frame: (3,-11/7) (3,3) (0,3) (0,2) (2,-1)
  cell D: bounded=False; in frame: (0,3) (-3,3) (-3,-11/7) (-2,-1) (0,2)
  AB: edge/ray from (-2,-1) to (2,-1)
  AC: edge/ray from (2,-1) to (0,2)
  AD: edge/ray from (0,2) to (-2,-1)
  BC: edge/ray from inf to (2,-1)
  BD: edge/ray from (-2,-1) to inf
  CD: edge/ray from inf to (0,2)
  vertices (>=3 nearest): {'(2,-1)': 'ABC', '(-2,-1)': 'ABD', '(0,2)': 'ACD'}
==== G45 P8 guide answer {'A': (0, 2), 'B': (0, -2.5)}
  cell A: bounded=False; in frame: (3,-1/4) (3,3) (-3,3) (-3,-1/4)
  cell B: bounded=False; in frame: (-3,-3) (3,-3) (3,-1/4) (-3,-1/4)
  AB: edge/ray from inf to inf
  vertices (>=3 nearest): {}
    probe (-2, 0): A   margin(2nd-1st, map units)=0.373  in=0.361
    probe (2, 0): A   margin(2nd-1st, map units)=0.373  in=0.361
    probe (0, 0): A   margin(2nd-1st, map units)=0.500  in=0.483
    probe (0, -2): B   margin(2nd-1st, map units)=3.500  in=3.383
  counts Counter({'A': 3, 'B': 1})
