# Week 49: geometry and printed data read from the delivered PDFs

## K-1  (week-49-k-1.pdf, 5 pages)
-- page 1: headings [1], loose arrows (not between stations) 0
   Pintro: 4 circles 14.0 mm, arrow order ABCD, arrows form one cycle: True, values ['1', '4', '2', '0'] gaps [(0, 1, 3), (3, 0, 1), (1, 2, 2), (2, 3, 2)]
   Pintro: 4 circles 14.0 mm, arrow order ABCD, arrows form one cycle: True, values ['3', '2', '2', '1']
   P1: 4 circles 10.0 mm, arrow order ????, arrows form one cycle: True, values ['1', '1', '0', '0']
   P1: 4 circles 10.0 mm, arrow order ????, arrows form one cycle: True, values ['1', '0', '1', '0']
   P1: 4 circles 10.0 mm, arrow order ????, arrows form one cycle: True, values ['2', '1', '0', '1']
   P1: 4 circles 10.0 mm, arrow order ????, arrows form one cycle: True, values ['0', '0', '0', '2']
-- page 2: headings [2], loose arrows (not between stations) 0
   P2: 4 squares 40.0 mm, arrow order ABCD, arrows form one cycle: True, values [None, None, None, None]
   P2: 4 squares 40.0 mm, arrow order ABCD, arrows form one cycle: True, values [None, None, None, None]
-- page 3: headings [3, 4], loose arrows (not between stations) 0
   P3: 4 circles 16.0 mm, arrow order ABCD, arrows form one cycle: True, values [None, None, None, None]
   P3: 4 circles 16.0 mm, arrow order ABCD, arrows form one cycle: True, values [None, None, None, None]
   P4: 4 circles 16.0 mm, arrow order ABCD, arrows form one cycle: True, values [None, None, None, None]
   P4: 4 circles 16.0 mm, arrow order ABCD, arrows form one cycle: True, values [None, None, None, None]
-- page 4: headings [5], loose arrows (not between stations) 0
   P5: 4 circles 12.0 mm, arrow order ABCD, arrows form one cycle: True, values ['1', '0', '0', '0']
   P5: 3 circles 12.0 mm, arrow order ABC, arrows form one cycle: True, values ['1', '0', '0']
   P5: 3 squares 40.0 mm, arrow order ABC, arrows form one cycle: True, values [None, None, None]
   P5: 3 squares 40.0 mm, arrow order ABC, arrows form one cycle: True, values [None, None, None]
-- page 5: headings [6], loose arrows (not between stations) 0
   P6: 4 circles 18.0 mm, arrow order ABCD, arrows form one cycle: True, values ['0', '1', '2', '4']
   P6: 4 circles 18.0 mm, arrow order ABCD, arrows form one cycle: True, values ['0', '1', '4', '2']

## 2-3  (week-49-grades-2-3.pdf, 5 pages)
-- page 1: headings [1], loose arrows (not between stations) 0
   Pintro: 4 circles 14.0 mm, arrow order ABCD, arrows form one cycle: True, values ['1', '4', '2', '0'] gaps [(0, 1, 3), (3, 0, 1), (1, 2, 2), (2, 3, 2)]
   Pintro: 4 circles 14.0 mm, arrow order ABCD, arrows form one cycle: True, values ['3', '2', '2', '1']
   P1: 4 circles 10.0 mm, arrow order ????, arrows form one cycle: True, values ['1', '1', '0', '0']
   P1: 4 circles 10.0 mm, arrow order ????, arrows form one cycle: True, values ['1', '0', '1', '0']
   P1: 4 circles 10.0 mm, arrow order ????, arrows form one cycle: True, values ['2', '1', '0', '1']
   P1: 4 circles 10.0 mm, arrow order ????, arrows form one cycle: True, values ['0', '0', '0', '2']
-- page 2: headings [2], loose arrows (not between stations) 0
   P2: 4 squares 40.0 mm, arrow order ABCD, arrows form one cycle: True, values [None, None, None, None]
   P2: 4 squares 40.0 mm, arrow order ABCD, arrows form one cycle: True, values [None, None, None, None]
-- page 3: headings [3], loose arrows (not between stations) 0
   P3: 4 circles 16.0 mm, arrow order ABCD, arrows form one cycle: True, values ['2', '0', '2', '0']
   P3: 4 circles 16.0 mm, arrow order ABCD, arrows form one cycle: True, values ['1', '1', '1', '0']
   P3: 4 circles 16.0 mm, arrow order ABCD, arrows form one cycle: True, values ['1', '1', '1', '1']
   P3: 4 circles 16.0 mm, arrow order ABCD, arrows form one cycle: True, values ['0', '0', '0', '2']
-- page 4: headings [4], loose arrows (not between stations) 0
   P4: 4 circles 12.0 mm, arrow order ABCD, arrows form one cycle: True, values ['1', '0', '0', '0']
   P4: 3 circles 12.0 mm, arrow order ABC, arrows form one cycle: True, values ['1', '0', '0']
   P4: 3 squares 40.0 mm, arrow order ABC, arrows form one cycle: True, values [None, None, None]
   P4: 3 squares 40.0 mm, arrow order ABC, arrows form one cycle: True, values [None, None, None]
-- page 5: headings [5, 6], loose arrows (not between stations) 0
   P5: 4 circles 18.0 mm, arrow order ABCD, arrows form one cycle: True, values ['0', '1', '2', '4']
   P5: 4 circles 18.0 mm, arrow order ABCD, arrows form one cycle: True, values ['0', '1', '4', '2']
   P6: 4 circles 16.0 mm, arrow order ABCD, arrows form one cycle: True, values ['0', '1', '2', '4']
   P6: 4 circles 16.0 mm, arrow order ABCD, arrows form one cycle: True, values [None, None, None, None]

## 4-5  (week-49-grades-4-5.pdf, 6 pages)
-- page 1: headings [1], loose arrows (not between stations) 0
   Pintro: 4 circles 14.0 mm, arrow order ABCD, arrows form one cycle: True, values ['1', '4', '2', '0'] gaps [(0, 1, 3), (3, 0, 1), (1, 2, 2), (2, 3, 2)]
   Pintro: 4 circles 14.0 mm, arrow order ABCD, arrows form one cycle: True, values ['3', '2', '2', '1']
   P1: 4 circles 10.0 mm, arrow order ????, arrows form one cycle: True, values ['1', '1', '0', '0']
   P1: 4 circles 10.0 mm, arrow order ????, arrows form one cycle: True, values ['1', '0', '1', '0']
   P1: 4 circles 10.0 mm, arrow order ????, arrows form one cycle: True, values ['2', '1', '0', '1']
   P1: 4 circles 10.0 mm, arrow order ????, arrows form one cycle: True, values ['0', '0', '0', '2']
-- page 2: headings [2], loose arrows (not between stations) 0
   P2: 4 squares 40.0 mm, arrow order ABCD, arrows form one cycle: True, values [None, None, None, None]
   P2: 4 squares 40.0 mm, arrow order ABCD, arrows form one cycle: True, values [None, None, None, None]
-- page 3: headings [3], loose arrows (not between stations) 0
   P3: 4 circles 16.0 mm, arrow order ABCD, arrows form one cycle: True, values ['2', '0', '2', '0']
   P3: 4 circles 16.0 mm, arrow order ABCD, arrows form one cycle: True, values ['1', '1', '1', '0']
   P3: 4 circles 16.0 mm, arrow order ABCD, arrows form one cycle: True, values ['1', '1', '1', '1']
   P3: 4 circles 16.0 mm, arrow order ABCD, arrows form one cycle: True, values ['0', '0', '0', '2']
-- page 4: headings [4], loose arrows (not between stations) 0
   P4: 4 circles 12.0 mm, arrow order ABCD, arrows form one cycle: True, values ['1', '0', '0', '0']
   P4: 3 circles 12.0 mm, arrow order ABC, arrows form one cycle: True, values ['1', '0', '0']
   P4: 3 squares 40.0 mm, arrow order ABC, arrows form one cycle: True, values [None, None, None]
   P4: 3 squares 40.0 mm, arrow order ABC, arrows form one cycle: True, values [None, None, None]
-- page 5: headings [5], loose arrows (not between stations) 0
   P5: 4 circles 16.0 mm, arrow order ABCD, arrows form one cycle: True, values ['E', 'O', 'E', 'E']
   P5: 4 circles 16.0 mm, arrow order ABCD, arrows form one cycle: True, values ['O', 'O', 'E', 'E']
   P5: 4 circles 18.0 mm, arrow order ABCD, arrows form one cycle: True, values [None, None, None, None]
   P5: 4 circles 18.0 mm, arrow order ABCD, arrows form one cycle: True, values [None, None, None, None]
-- page 6: headings [6, 7, 8], loose arrows (not between stations) 0
   P6: 4 circles 16.0 mm, arrow order ABCD, arrows form one cycle: True, values ['1', '4', '2', '0']
   P6: 4 circles 16.0 mm, arrow order ABCD, arrows form one cycle: True, values ['2', '8', '4', '0']

## bonus (3 pages)
-- page 1: record-table boxes 48
   Pintro: 4 circles 10.58 mm, labels/values [('A', '1'), ('B', '3'), ('C', '2'), ('D', '0')], edges []
   Pintro: 4 circles 10.58 mm, labels/values [('A', '2'), ('B', '1'), ('C', '2'), ('D', '1')], edges []
   P1: 4 squares 20.46 mm, labels/values [('A', '1'), ('B', '1'), ('C', '1'), ('D', '1')], edges [['A', 'B'], ['A', 'D'], ['B', 'C'], ['C', 'D']]
   P1: 4 squares 20.46 mm, labels/values [('A', '1'), ('B', '2'), ('C', '1'), ('D', '2')], edges [['A', 'B'], ['A', 'D'], ['B', 'C'], ['C', 'D']]
-- page 2: record-table boxes 126
   P2: 8 squares 21.87 mm, labels/values [('1', '1'), ('2', '0'), ('3', '0'), ('4', '0'), ('5', '0'), ('6', '0'), ('7', '0'), ('8', '0')], edges [['1', '2'], ['1', '8'], ['2', '3'], ['3', '4'], ['4', '5'], ['5', '6'], ['6', '7'], ['7', '8']]
   P2: 6 squares 21.87 mm, labels/values [('1', '1'), ('2', '0'), ('3', '0'), ('4', '1'), ('5', '0'), ('6', '0')], edges [['1', '2'], ['1', '6'], ['2', '3'], ['3', '4'], ['4', '5'], ['5', '6']]
-- page 3: record-table boxes 64
   Pintro: 4 circles 10.58 mm, labels/values [('A', '1'), ('B', '3'), ('C', '3'), ('D', '1')], edges []
   Pintro: 4 circles 10.58 mm, labels/values [('A', '+2'), ('B', '0'), ('C', '-2'), ('D', '0')], edges []
   P3: 4 circles 12.7 mm, labels/values [('A', '0'), ('B', '1'), ('C', '0'), ('D', '1')], edges []
   P3: 4 circles 12.7 mm, labels/values [('A', '0'), ('B', '0'), ('C', '1'), ('D', '1')], edges []

Summary: 0 FAIL line(s).
