== K p.1: Putyoureyedownatthetableaboutafootfromoneendofarowoftowersan
   tower pictures (heights left to right): [[1, 3, 2], [1, 3, 2], [3, 2, 1]]
   digit groups (cards/labels): [[1], [1, 2, 3]]
   open squares: 0
== K p.2: Problem2:Findeverydifferentwaytostandyourthreetowersinarow. 
   digit groups (cards/labels): []
   open squares: 72
== K p.3: Problem3:Buildarowofyourthreetowersthatshowsthetwonumbersone
   digit groups (cards/labels): [[1, 3], [2, 1], [3, 3], [2, 2], [1, 1], [1, 2]]
   open squares: 54
== K p.4: Problem4:Onepartnerhidesarowofthreetowersbehindafolderandsay
   tower pictures (heights left to right): [[2, 3, 1]]
   digit groups (cards/labels): []
   open squares: 55
== K p.5: Problem5:Putyourcubestogetherwithyourpartner’sandmaketowerso
   digit groups (cards/labels): [[1], [1], [1], [1], [1], [1], [1], [1]]
   open squares: 128
== K p.6: Problem6:Findanddraweveryrowofyourfourtowerswhereyousee2towe
   digit groups (cards/labels): [[2, 2], [2, 2], [2, 2], [2, 2], [2, 2], [2, 2], [2, 2], [2, 2]]
   open squares: 128
== K p.7: Problem7:Buildarowofyourfourtowersthatshowsthetwonumbersonea
   digit groups (cards/labels): [[2, 3], [1, 4], [3, 3], [3, 1], [4, 2], [1, 2]]
   open squares: 96
== M p.1: Lookalongarowoftowersfromoneend,withyoureyedownatthetableabo
   digit groups (cards/labels): [[1, 1, 2, 3]]
   open squares: 24
== M p.2: Problem2:Buildninetowersonthefirstgridwithyour18cubes,onetow
   grid n=3 cell=1.000 in (2.54 cm) at (80,181) spacing err 0.05 pt; boxes 12; clues {}
   grid n=3 cell=1.000 in (2.54 cm) at (316,471) spacing err 0.06 pt; boxes 12; clues {}
   digit groups (cards/labels): []
   open squares: 24
== M p.3: Problem3:Findthecitythatfitsthenumbersaroundeachgrid,andwrit
   grid n=3 cell=1.000 in (2.54 cm) at (198,133) spacing err 0.022 pt; boxes 0; clues {'T3': 3, 'T2': 1, 'L1': 2, 'R2': 2, 'R3': 1}
   grid n=3 cell=1.000 in (2.54 cm) at (198,427) spacing err 0.016 pt; boxes 0; clues {'L1': 2, 'L2': 1, 'R3': 2}
   digit groups (cards/labels): [[1], [3], [2], [2], [1], [2], [1], [2]]
   open squares: 0
== M p.4: 2 2 2
   grid n=3 cell=1.000 in (2.54 cm) at (186,120) spacing err 0.065 pt; boxes 0; clues {'T1': 2, 'T2': 2, 'T3': 2}
   grid n=3 cell=1.000 in (2.54 cm) at (186,414) spacing err 0.058 pt; boxes 0; clues {'R3': 2, 'B2': 2}
   digit groups (cards/labels): [[2, 2], [2], [2], [2]]
   open squares: 0
== M p.5: Problem4:Morethanonecityfitsthenumbersaroundthisgrid. Findev
   grid n=3 cell=1.000 in (2.54 cm) at (210,130) spacing err 0.053 pt; boxes 0; clues {'T1': 1, 'L3': 2}
   grid n=3 cell=0.551 in (1.40 cm) at (82,387) spacing err 0.078 pt; boxes 0; clues {}
   grid n=3 cell=0.551 in (1.40 cm) at (246,387) spacing err 0.116 pt; boxes 0; clues {}
   grid n=3 cell=0.551 in (1.40 cm) at (411,387) spacing err 0.073 pt; boxes 0; clues {}
   grid n=3 cell=0.551 in (1.40 cm) at (82,541) spacing err 0.063 pt; boxes 0; clues {}
   grid n=3 cell=0.551 in (1.40 cm) at (246,541) spacing err 0.1 pt; boxes 0; clues {}
   grid n=3 cell=0.551 in (1.40 cm) at (411,541) spacing err 0.057 pt; boxes 0; clues {}
   digit groups (cards/labels): [[1], [2]]
   open squares: 0
== M p.6: Problem5:Buildacitybehindafolder,outofyourpartner’ssight. Wr
   grid n=3 cell=1.000 in (2.54 cm) at (80,164) spacing err 0.056 pt; boxes 12; clues {}
   grid n=3 cell=1.000 in (2.54 cm) at (316,453) spacing err 0.066 pt; boxes 12; clues {}
   digit groups (cards/labels): []
   open squares: 24
== M p.7: BellinghamMathCircle/Week5/F05-M-v4 7
   grid n=3 cell=1.000 in (2.54 cm) at (80,131) spacing err 0.051 pt; boxes 12; clues {}
   grid n=3 cell=1.000 in (2.54 cm) at (316,443) spacing err 0.044 pt; boxes 12; clues {}
   digit groups (cards/labels): []
   open squares: 24
== M p.8: Problem6:Howmanydifferent3-by-3citiesarethere? Citiesthatare
   grid n=3 cell=0.394 in (1.00 cm) at (57,121) spacing err 0.096 pt; boxes 0; clues {}
   grid n=3 cell=0.394 in (1.00 cm) at (160,121) spacing err 0.096 pt; boxes 0; clues {}
   grid n=3 cell=0.394 in (1.00 cm) at (263,121) spacing err 0.102 pt; boxes 0; clues {}
   grid n=3 cell=0.394 in (1.00 cm) at (367,121) spacing err 0.096 pt; boxes 0; clues {}
   grid n=3 cell=0.394 in (1.00 cm) at (470,121) spacing err 0.096 pt; boxes 0; clues {}
   grid n=3 cell=0.394 in (1.00 cm) at (57,227) spacing err 0.097 pt; boxes 0; clues {}
   grid n=3 cell=0.394 in (1.00 cm) at (160,227) spacing err 0.097 pt; boxes 0; clues {}
   grid n=3 cell=0.394 in (1.00 cm) at (263,227) spacing err 0.103 pt; boxes 0; clues {}
   grid n=3 cell=0.394 in (1.00 cm) at (367,227) spacing err 0.097 pt; boxes 0; clues {}
   grid n=3 cell=0.394 in (1.00 cm) at (470,227) spacing err 0.097 pt; boxes 0; clues {}
   grid n=3 cell=0.394 in (1.00 cm) at (57,333) spacing err 0.1 pt; boxes 0; clues {}
   grid n=3 cell=0.394 in (1.00 cm) at (160,333) spacing err 0.1 pt; boxes 0; clues {}
   grid n=3 cell=0.394 in (1.00 cm) at (263,333) spacing err 0.106 pt; boxes 0; clues {}
   grid n=3 cell=0.394 in (1.00 cm) at (367,333) spacing err 0.1 pt; boxes 0; clues {}
   grid n=3 cell=0.394 in (1.00 cm) at (470,333) spacing err 0.1 pt; boxes 0; clues {}
   digit groups (cards/labels): []
   open squares: 0
== M p.9: Problem7:Addupthetwelvenumbersarounda3-by-3city. Whichtotals
   grid n=3 cell=0.591 in (1.50 cm) at (115,135) spacing err 0.059 pt; boxes 12; clues {}
   grid n=3 cell=0.591 in (1.50 cm) at (370,135) spacing err 0.062 pt; boxes 12; clues {}
   digit groups (cards/labels): []
   open squares: 24
== U p.1: Lookalongarowoftowersfromoneend,withyoureyedownatthetableabo
   digit groups (cards/labels): [[1, 1, 2, 3, 4], [1, 2], [2, 3], [3, 3], [2, 2], [1, 4], [1, 1], [3, 2], [4, 2]]
   open squares: 32
== U p.2: Problem2:Buildsixteentowersonthisgridwithyour40cubes,onetowe
   grid n=4 cell=1.000 in (2.54 cm) at (162,186) spacing err 0.012 pt; boxes 16; clues {}
   digit groups (cards/labels): []
   open squares: 16
== U p.3: Problem3:Findthecitythatfitsthenumbersaroundeachgrid,andwrit
   grid n=4 cell=0.669 in (1.70 cm) at (76,133) spacing err 0.127 pt; boxes 0; clues {'T4': 3, 'T1': 4, 'T3': 1, 'L1': 3, 'L2': 2, 'L3': 2, 'R3': 1, 'L4': 1, 'R4': 3, 'B2': 2, 'B3': 2, 'B4': 2}
   grid n=4 cell=0.669 in (1.70 cm) at (343,133) spacing err 0.133 pt; boxes 0; clues {'T1': 2, 'L1': 3, 'R1': 2, 'R2': 3, 'L2': 1, 'R4': 1, 'B1': 3, 'B3': 4}
   grid n=4 cell=0.669 in (1.70 cm) at (76,405) spacing err 0.06 pt; boxes 0; clues {'T1': 3, 'T2': 2, 'L1': 2, 'R2': 2, 'R4': 1, 'B2': 3}
   grid n=4 cell=0.669 in (1.70 cm) at (343,405) spacing err 0.066 pt; boxes 0; clues {'T3': 4, 'L1': 2, 'L2': 1, 'R2': 2, 'R3': 3, 'B1': 2}
   digit groups (cards/labels): [[4, 1, 3], [2], [3], [3, 2], [2], [1, 3], [2, 1], [1, 3], [1], [2, 2, 2], [3, 4], [3, 2], [4], [2], [2], [2], [1, 2], [3], [1], [3], [2]]
   open squares: 0
== U p.4: 3 2 2 2
   grid n=4 cell=0.669 in (1.70 cm) at (76,120) spacing err 0.08 pt; boxes 0; clues {'T2': 3, 'T4': 2, 'L3': 2, 'B1': 2, 'B3': 2}
   grid n=4 cell=0.669 in (1.70 cm) at (343,120) spacing err 0.086 pt; boxes 0; clues {'T1': 2, 'T3': 2, 'L2': 2, 'R4': 2}
   digit groups (cards/labels): [[3, 2], [2, 2], [2], [2], [2], [2, 2]]
   open squares: 0
== U p.5: Problem4:Morethanonecityfitsthenumbersaroundthisgrid. Findev
   grid n=4 cell=0.669 in (1.70 cm) at (222,130) spacing err 0.053 pt; boxes 0; clues {'T1': 4, 'L1': 4}
   grid n=4 cell=0.394 in (1.00 cm) at (85,361) spacing err 0.106 pt; boxes 0; clues {}
   grid n=4 cell=0.394 in (1.00 cm) at (249,361) spacing err 0.106 pt; boxes 0; clues {}
   grid n=4 cell=0.394 in (1.00 cm) at (414,361) spacing err 0.106 pt; boxes 0; clues {}
   grid n=4 cell=0.394 in (1.00 cm) at (85,503) spacing err 0.106 pt; boxes 0; clues {}
   grid n=4 cell=0.394 in (1.00 cm) at (249,503) spacing err 0.106 pt; boxes 0; clues {}
   grid n=4 cell=0.394 in (1.00 cm) at (414,503) spacing err 0.106 pt; boxes 0; clues {}
   digit groups (cards/labels): [[4], [4]]
   open squares: 0
== U p.6: Problem5:Buildacitybehindafolder,outofyourpartner’ssight. Wr
   grid n=4 cell=0.472 in (1.20 cm) at (110,161) spacing err 0.168 pt; boxes 16; clues {}
   grid n=4 cell=0.472 in (1.20 cm) at (366,161) spacing err 0.168 pt; boxes 16; clues {}
   grid n=4 cell=0.472 in (1.20 cm) at (110,399) spacing err 0.168 pt; boxes 16; clues {}
   grid n=4 cell=0.472 in (1.20 cm) at (366,399) spacing err 0.168 pt; boxes 16; clues {}
   digit groups (cards/labels): []
   open squares: 64
== U p.7: Problem6:Makeapuzzlewithonlythreenumbersaroundthegrid,noneof
   grid n=4 cell=0.472 in (1.20 cm) at (110,130) spacing err 0.168 pt; boxes 16; clues {}
   grid n=4 cell=0.472 in (1.20 cm) at (366,130) spacing err 0.168 pt; boxes 16; clues {}
   grid n=4 cell=0.512 in (1.30 cm) at (256,432) spacing err 0.102 pt; boxes 0; clues {'T1': 1, 'T2': 2, 'T3': 3, 'T4': 4, 'L1': 1, 'L2': 2, 'L3': 3, 'L4': 4}
   digit groups (cards/labels): [[7, 2, 4], [1, 2, 3, 4], [1], [2, 3, 4], [1], [2], [3], [4]]
   open squares: 32
== U p.8: Problem8:Thereare120differentrowsoffivetowers1,2,3,4,and5cub
   grid n=4 cell=0.472 in (1.20 cm) at (110,370) spacing err 0.103 pt; boxes 16; clues {}
   grid n=4 cell=0.472 in (1.20 cm) at (366,370) spacing err 0.103 pt; boxes 16; clues {}
   digit groups (cards/labels): [[9, 4, 4]]
   open squares: 32
== guide p.5: 7 grids
   n=3 at (449,90) cells 123/231/312 clues {'T1': 3, 'T2': 2, 'T3': 1, 'L1': 3, 'R1': 1, 'L2': 2, 'R2': 2, 'L3': 1, 'R3': 2, 'B1': 1, 'B2': 2, 'B3': 2}
   n=3 at (109,224) cells 231/312/123 clues {'T2': 1, 'T3': 3, 'L1': 2, 'R2': 2, 'R3': 1}
   n=3 at (182,224) cells 213/321/132 clues {'L1': 2, 'L2': 1, 'R3': 2}
   n=3 at (333,224) cells 123/231/312 clues {'R3': 2, 'B2': 2}
   n=3 at (164,455) cells 312/123/231 clues {'T1': 1, 'L3': 2}
   n=3 at (244,455) cells 321/132/213 clues {'T1': 1, 'L3': 2}
   n=3 at (324,455) cells 321/213/132 clues {'T1': 1, 'L3': 2}
== guide p.6: 18 grids
   n=3 at (102,102) cells 123/231/312 clues {}
   n=3 at (156,102) cells 123/312/231 clues {}
   n=3 at (209,102) cells 132/213/321 clues {}
   n=3 at (263,102) cells 132/321/213 clues {}
   n=3 at (316,102) cells 213/132/321 clues {}
   n=3 at (370,102) cells 213/321/132 clues {}
   n=3 at (102,154) cells 231/123/312 clues {}
   n=3 at (156,154) cells 231/312/123 clues {}
   n=3 at (209,154) cells 312/123/231 clues {}
   n=3 at (263,154) cells 312/231/123 clues {}
   n=3 at (316,154) cells 321/132/213 clues {}
   n=3 at (370,154) cells 321/213/132 clues {}
   n=4 at (109,660) cells 1342/2413/3124/4231 clues {'T1': 4, 'T3': 1, 'T4': 3, 'L1': 3, 'L2': 2, 'L3': 2, 'R3': 1, 'L4': 1, 'R4': 3, 'B2': 2, 'B3': 2, 'B4': 2}
   n=4 at (184,660) cells 1243/4132/3421/2314 clues {'T1': 2, 'L1': 3, 'R1': 2, 'L2': 1, 'R2': 3, 'R4': 1, 'B1': 3, 'B3': 4}
   n=4 at (260,660) cells 2143/3412/4321/1234 clues {'T1': 3, 'T2': 2, 'L1': 2, 'R2': 2, 'R4': 1, 'B2': 3}
   n=4 at (336,660) cells 3214/4123/1432/2341 clues {'T3': 4, 'L1': 2, 'L2': 1, 'R2': 2, 'R3': 3, 'B1': 2}
   n=4 at (412,660) cells 4231/1324/2143/3412 clues {'T2': 3, 'T4': 2, 'L3': 2, 'B1': 2, 'B3': 2}
   n=4 at (487,660) cells 2134/1423/4312/3241 clues {'T1': 2, 'T3': 2, 'L2': 2, 'R4': 2}
== guide p.7: 5 grids
   n=4 at (159,249) cells 1234/2143/3412/4321 clues {'T1': 4, 'L1': 4}
   n=4 at (251,249) cells 1234/2143/3421/4312 clues {'T1': 4, 'L1': 4}
   n=4 at (343,249) cells 1234/2341/3412/4123 clues {'T1': 4, 'L1': 4}
   n=4 at (435,249) cells 1234/2413/3142/4321 clues {'T1': 4, 'L1': 4}
   n=4 at (440,539) cells 1423/3214/4132/2341 clues {'T1': 3, 'T3': 3, 'L4': 3}
== guide p.8: 2 grids
   n=4 at (109,236) cells 1234/2143/3412/4321 clues {'T1': 4, 'T2': 2, 'T3': 2, 'T4': 1, 'L1': 4, 'R1': 1, 'L2': 2, 'R2': 2, 'L3': 2, 'R3': 2, 'L4': 1, 'R4': 4, 'B1': 1, 'B2': 2, 'B3': 2, 'B4': 4}
   n=4 at (188,236) cells 1234/2413/3142/4321 clues {'T1': 4, 'T2': 2, 'T3': 2, 'T4': 1, 'L1': 4, 'R1': 1, 'L2': 2, 'R2': 2, 'L3': 2, 'R3': 2, 'L4': 1, 'R4': 4, 'B1': 1, 'B2': 2, 'B3': 2, 'B4': 4}
