Row 3,1,2,4 on a 1-inch grid, eye at table level (e = 0): is the 4 visible over the 3?
  d =    6 in: visible strip of the 4 = 0.000 in
  d =    8 in: visible strip of the 4 = 0.000 in
  d =  8.9 in: visible strip of the 4 = 0.000 in
  d =  9.1 in: visible strip of the 4 = 0.000 in
  d =   10 in: visible strip of the 4 = 0.075 in
  d =   12 in: visible strip of the 4 = 0.180 in

1-inch grid, d=9 in, eye 0.0 in: n=3: 0 wrong [], thinnest seen strip 0.42 in; n=4: 2 wrong ['3124', '3214'], thinnest seen strip 0.00 in
1-inch grid, d=9 in, eye 0.5 in: n=3: 0 wrong [], thinnest seen strip 0.52 in; n=4: 0 wrong [], thinnest seen strip 0.17 in
1-inch grid, d=9 in, eye 1.0 in: n=3: 0 wrong [], thinnest seen strip 0.63 in; n=4: 0 wrong [], thinnest seen strip 0.33 in
1-inch grid, d=9 in, eye 1.5 in: n=3: 0 wrong [], thinnest seen strip 0.74 in; n=4: 0 wrong [], thinnest seen strip 0.50 in
1-inch grid, d=9 in, eye 2.0 in: n=3: 0 wrong [], thinnest seen strip 0.75 in; n=4: 0 wrong [], thinnest seen strip 0.66 in
1-inch grid, d=9 in, eye 2.5 in: n=3: 0 wrong [], thinnest seen strip 0.77 in; n=4: 0 wrong [], thinnest seen strip 0.75 in
1-inch grid, d=9 in, eye 3.0 in: n=3: 0 wrong [], thinnest seen strip 0.77 in; n=4: 0 wrong [], thinnest seen strip 0.77 in
1-inch grid, d=9 in, eye 3.5 in: n=3: 0 wrong [], thinnest seen strip 0.77 in; n=4: 0 wrong [], thinnest seen strip 0.77 in
1-inch grid, d=12 in, eye 0.0 in: n=3: 0 wrong [], thinnest seen strip 0.50 in; n=4: 0 wrong [], thinnest seen strip 0.18 in
1-inch grid, d=12 in, eye 0.5 in: n=3: 0 wrong [], thinnest seen strip 0.57 in; n=4: 0 wrong [], thinnest seen strip 0.30 in
1-inch grid, d=12 in, eye 1.0 in: n=3: 0 wrong [], thinnest seen strip 0.66 in; n=4: 0 wrong [], thinnest seen strip 0.44 in
1-inch grid, d=12 in, eye 1.5 in: n=3: 0 wrong [], thinnest seen strip 0.74 in; n=4: 0 wrong [], thinnest seen strip 0.56 in
1-inch grid, d=12 in, eye 2.0 in: n=3: 0 wrong [], thinnest seen strip 0.75 in; n=4: 0 wrong [], thinnest seen strip 0.67 in
1-inch grid, d=12 in, eye 2.5 in: n=3: 0 wrong [], thinnest seen strip 0.77 in; n=4: 0 wrong [], thinnest seen strip 0.75 in
1-inch grid, d=12 in, eye 3.0 in: n=3: 0 wrong [], thinnest seen strip 0.77 in; n=4: 0 wrong [], thinnest seen strip 0.75 in
1-inch grid, d=12 in, eye 3.5 in: n=3: 0 wrong [], thinnest seen strip 0.77 in; n=4: 0 wrong [], thinnest seen strip 0.77 in
towers touching, d=9 in, eye 0.0 in: n=3: 0 wrong [], thinnest seen strip 0.50 in; n=4: 0 wrong [], thinnest seen strip 0.18 in
towers touching, d=9 in, eye 0.5 in: n=3: 0 wrong [], thinnest seen strip 0.57 in; n=4: 0 wrong [], thinnest seen strip 0.30 in
towers touching, d=9 in, eye 1.0 in: n=3: 0 wrong [], thinnest seen strip 0.66 in; n=4: 0 wrong [], thinnest seen strip 0.44 in
towers touching, d=9 in, eye 1.5 in: n=3: 0 wrong [], thinnest seen strip 0.74 in; n=4: 0 wrong [], thinnest seen strip 0.56 in
towers touching, d=9 in, eye 2.0 in: n=3: 0 wrong [], thinnest seen strip 0.74 in; n=4: 0 wrong [], thinnest seen strip 0.67 in
towers touching, d=9 in, eye 2.5 in: n=3: 0 wrong [], thinnest seen strip 0.77 in; n=4: 0 wrong [], thinnest seen strip 0.75 in
towers touching, d=9 in, eye 3.0 in: n=3: 0 wrong [], thinnest seen strip 0.77 in; n=4: 0 wrong [], thinnest seen strip 0.75 in
towers touching, d=9 in, eye 3.5 in: n=3: 0 wrong [], thinnest seen strip 0.77 in; n=4: 0 wrong [], thinnest seen strip 0.77 in
towers touching, d=12 in, eye 0.0 in: n=3: 0 wrong [], thinnest seen strip 0.56 in; n=4: 0 wrong [], thinnest seen strip 0.31 in
towers touching, d=12 in, eye 0.5 in: n=3: 0 wrong [], thinnest seen strip 0.62 in; n=4: 0 wrong [], thinnest seen strip 0.42 in
towers touching, d=12 in, eye 1.0 in: n=3: 0 wrong [], thinnest seen strip 0.69 in; n=4: 0 wrong [], thinnest seen strip 0.51 in
towers touching, d=12 in, eye 1.5 in: n=3: 0 wrong [], thinnest seen strip 0.74 in; n=4: 0 wrong [], thinnest seen strip 0.60 in
towers touching, d=12 in, eye 2.0 in: n=3: 0 wrong [], thinnest seen strip 0.74 in; n=4: 0 wrong [], thinnest seen strip 0.69 in
towers touching, d=12 in, eye 2.5 in: n=3: 0 wrong [], thinnest seen strip 0.77 in; n=4: 0 wrong [], thinnest seen strip 0.75 in
towers touching, d=12 in, eye 3.0 in: n=3: 0 wrong [], thinnest seen strip 0.77 in; n=4: 0 wrong [], thinnest seen strip 0.75 in
towers touching, d=12 in, eye 3.5 in: n=3: 0 wrong [], thinnest seen strip 0.77 in; n=4: 0 wrong [], thinnest seen strip 0.77 in
