billiard-01 predict (2, 4, 1, 1) ('top-left', 1) OK
billiard-02 predict (2, 3, 1, 1) ('bottom-right', 3) OK
billiard-03 predict (6, 10, 1, 1) ('top-right', 6) OK
billiard-04 choose_width height 6 target top-right 2 valid widths [2] OK
billiard-05 choose_direction (1, 1) target bottom-right 3 valid [rise,run] [[2, 3], [4, 1]] OK
billiard-06 choose_direction (3, 2) target top-right 4 valid [rise,run] [[10, 3]] OK
billiard-07 predict (4, 3, 2, 1) ('bottom-right', 9) OK
billiard-08 choose_width height 6 target bottom-right 3 valid widths [4] OK
billiard-09 choose_direction (2, 3) target top-right 6 valid [rise,run] [[5, 2], [9, 10], [10, 4]] OK
billiard-10 choose_width height 8 target top-left 5 valid widths [4] OK
billiard-11 choose_direction (4, 3) target top-right 8 valid [rise,run] [[1, 12], [7, 4]] OK
billiard-12 choose_direction (3, 4) target bottom-right 9 valid [rise,run] [[8, 5]] OK
modes: {'predict': ['billiard-01', 'billiard-02', 'billiard-03', 'billiard-07'], 'choose_width': ['billiard-04', 'billiard-08', 'billiard-10'], 'choose_direction': ['billiard-05', 'billiard-06', 'billiard-09', 'billiard-11', 'billiard-12']}
instances: 12 mismatches: 0
instances with no valid setting (a can't answer): none
45-degree tables up to 14x14 with top-right 3 : none
45-degree tables up to 14x14 with bottom-right 10 : none
45-degree tables up to 14x14 with top-right 4 : [(1, 5), (2, 10), (5, 1), (10, 2)]
45-degree tables up to 14x14 with top-left 13 : [(1, 14), (7, 8), (11, 4), (13, 2)]
45-degree tables up to 14x14 with bottom-right 1 : [(2, 1), (4, 2), (6, 3), (8, 4), (10, 5), (12, 6), (14, 7)]
45-degree tables up to 40x40 returning to the start: none
