Part A. Boards read from the PDFs against my transcription
  ok       K-1 p1: 3 boards: found 3
  ok       K-1 p1 5 by 3 table: measured 5 x 3, cell [0.5, 0.5] in, walls True, thick []/[], dashed []/[], dots [[0, 0, 0.075]], label '', boxes []
  ok       K-1 p1 5 by 3 table: rules picture path follows the ball, arrow ends inside the table: [[0.0, 0.0], [1.0, 1.0], [2.0, 2.0], [3.0, 3.0], [3.892, 2.108]] vs simulation [(0, 0), (1, 1), (2, 2), (3, 3), (4, 2)]
  ok       K-1 p1 3 by 5 table: measured 3 x 5, cell [0.75, 0.75] in, walls True, thick []/[], dashed []/[], dots [[0, 0, 0.1]], label '', boxes []
  ok       K-1 p1 3 by 5 table: measured 3 x 5, cell [0.75, 0.75] in, walls True, thick []/[], dashed []/[], dots [[3, 0, 0.1]], label '', boxes []
  ok       K-1 p2: 6 boards: found 6
  ok       K-1 p2 2 by 2 table: measured 2 x 2, cell [0.75, 0.75] in, walls True, thick []/[], dashed []/[], dots [[0, 0, 0.1]], label '', boxes []
  ok       K-1 p2 1 by 3 table: measured 1 x 3, cell [0.75, 0.75] in, walls True, thick []/[], dashed []/[], dots [[0, 0, 0.1]], label '', boxes []
  ok       K-1 p2 2 by 1 table: measured 2 x 1, cell [0.75, 0.75] in, walls True, thick []/[], dashed []/[], dots [[0, 0, 0.1]], label '', boxes []
  ok       K-1 p2 2 by 3 table: measured 2 x 3, cell [0.75, 0.75] in, walls True, thick []/[], dashed []/[], dots [[0, 0, 0.1]], label '', boxes []
  ok       K-1 p2 3 by 3 table: measured 3 x 3, cell [0.75, 0.75] in, walls True, thick []/[], dashed []/[], dots [[0, 0, 0.1]], label '', boxes []
  ok       K-1 p2 3 by 2 table: measured 3 x 2, cell [0.75, 0.75] in, walls True, thick []/[], dashed []/[], dots [[0, 0, 0.1]], label '', boxes []
  ok       K-1 p3: 4 boards: found 4
  ok       K-1 p3 1 by 4 table: measured 1 x 4, cell [0.75, 0.75] in, walls True, thick []/[], dashed []/[], dots [[0, 0, 0.1]], label '', boxes [[0.65, 0.65, 0.5]]
  ok       K-1 p3 1 by 5 table: measured 1 x 5, cell [0.75, 0.75] in, walls True, thick []/[], dashed []/[], dots [[0, 0, 0.1]], label '', boxes [[0.65, 0.65, 0.5]]
  ok       K-1 p3 2 by 5 table: measured 2 x 5, cell [0.75, 0.75] in, walls True, thick []/[], dashed []/[], dots [[0, 0, 0.1]], label '', boxes [[0.65, 0.65, 1.0]]
  ok       K-1 p3 3 by 4 table: measured 3 x 4, cell [0.75, 0.75] in, walls True, thick []/[], dashed []/[], dots [[0, 0, 0.1]], label '', boxes [[0.65, 0.65, 1.5]]
  ok       K-1 p4: 3 boards: found 3
  ok       K-1 p4 1 by 2 table: measured 1 x 2, cell [0.75, 0.75] in, walls True, thick []/[], dashed []/[], dots [[0, 0, 0.1]], label '', boxes [[0.65, 0.65, 0.5]]
  ok       K-1 p4 2 by 4 table: measured 2 x 4, cell [0.75, 0.75] in, walls True, thick []/[], dashed []/[], dots [[0, 0, 0.1]], label '', boxes [[0.65, 0.65, 1.0]]
  ok       K-1 p4 3 by 6 table: measured 3 x 6, cell [0.75, 0.75] in, walls True, thick []/[], dashed []/[], dots [[0, 0, 0.1]], label '', boxes [[0.65, 0.65, 1.5]]
  ok       K-1 p5: 2 boards: found 2
  ok       K-1 p5 2 by 3 table: measured 2 x 3, cell [0.75, 0.75] in, walls True, thick []/[], dashed []/[], dots [[0, 0, 0.1]], label '', boxes [[0.65, 0.65, 1.0]]
  ok       K-1 p5 4 by 6 table: measured 4 x 6, cell [0.75, 0.75] in, walls True, thick []/[], dashed []/[], dots [[0, 0, 0.1]], label '', boxes [[0.65, 0.65, 2.0]]
  ok       K-1 p6: 6 boards: found 6
  ok       K-1 p6 3 by 3 blank: measured 3 x 3, cell [0.75, 0.75] in, walls False, thick []/[], dashed []/[], dots [[0, 0, 0.1]], label '', boxes []
  ok       K-1 p6 3 by 3 blank: measured 3 x 3, cell [0.75, 0.75] in, walls False, thick []/[], dashed []/[], dots [[0, 0, 0.1]], label '', boxes []
  ok       K-1 p6 3 by 3 blank: measured 3 x 3, cell [0.75, 0.75] in, walls False, thick []/[], dashed []/[], dots [[0, 0, 0.1]], label '', boxes []
  ok       K-1 p6 3 by 3 blank: measured 3 x 3, cell [0.75, 0.75] in, walls False, thick []/[], dashed []/[], dots [[0, 0, 0.1]], label '', boxes []
  ok       K-1 p6 3 by 3 blank: measured 3 x 3, cell [0.75, 0.75] in, walls False, thick []/[], dashed []/[], dots [[0, 0, 0.1]], label '', boxes []
  ok       K-1 p6 3 by 3 blank: measured 3 x 3, cell [0.75, 0.75] in, walls False, thick []/[], dashed []/[], dots [[0, 0, 0.1]], label '', boxes []
  ok       K-1 p7: 4 boards: found 4
  ok       K-1 p7 4 by 4 blank: measured 4 x 4, cell [0.75, 0.75] in, walls False, thick []/[], dashed []/[], dots [[0, 0, 0.1]], label '', boxes []
  ok       K-1 p7 4 by 4 blank: measured 4 x 4, cell [0.75, 0.75] in, walls False, thick []/[], dashed []/[], dots [[0, 0, 0.1]], label '', boxes []
  ok       K-1 p7 4 by 4 blank: measured 4 x 4, cell [0.75, 0.75] in, walls False, thick []/[], dashed []/[], dots [[0, 0, 0.1]], label '', boxes []
  ok       K-1 p7 4 by 4 blank: measured 4 x 4, cell [0.75, 0.75] in, walls False, thick []/[], dashed []/[], dots [[0, 0, 0.1]], label '', boxes []
  ok       K-1 p8: 6 boards: found 6
  ok       K-1 p8 2 by 2 fold: measured 2 x 2, cell [0.75, 0.75] in, walls True, thick []/[], dashed [1]/[], dots [[0, 0, 0.1]], label '', boxes []
  ok       K-1 p8 1 by 2 table: measured 1 x 2, cell [0.75, 0.75] in, walls True, thick []/[], dashed []/[], dots [[0, 0, 0.1]], label '', boxes []
  ok       K-1 p8 3 by 3 fold: measured 3 x 3, cell [0.75, 0.75] in, walls True, thick []/[], dashed [1, 2]/[], dots [[0, 0, 0.1]], label '', boxes []
  ok       K-1 p8 1 by 3 table: measured 1 x 3, cell [0.75, 0.75] in, walls True, thick []/[], dashed []/[], dots [[0, 0, 0.1]], label '', boxes []
  ok       K-1 p8 4 by 4 fold: measured 4 x 4, cell [0.75, 0.75] in, walls True, thick []/[], dashed [2]/[], dots [[0, 0, 0.1]], label '', boxes []
  ok       K-1 p8 2 by 4 table: measured 2 x 4, cell [0.75, 0.75] in, walls True, thick []/[], dashed []/[], dots [[0, 0, 0.1]], label '', boxes []
  ok       2-3 p1: 7 boards: found 7
  ok       2-3 p1 7 by 3 table: measured 7 x 3, cell [0.4, 0.4] in, walls True, thick []/[], dashed []/[], dots [[0, 0, 0.065]], label '7 by 3', boxes []
  ok       2-3 p1 7 by 3 table: printed label matches the drawn width and height: 7 by 3
  ok       2-3 p1 7 by 3 table: rules picture path follows the ball, arrow ends inside the table: [[0.0, 0.0], [1.0, 1.0], [2.0, 2.0], [3.0, 3.0], [4.0, 2.0], [4.865, 1.135]] vs simulation [(0, 0), (1, 1), (2, 2), (3, 3), (4, 2), (5, 1)]
  ok       2-3 p1 2 by 3 table: measured 2 x 3, cell [0.5, 0.5] in, walls True, thick []/[], dashed []/[], dots [[0, 0, 0.075]], label '2 by 3', boxes []
  ok       2-3 p1 2 by 3 table: printed label matches the drawn width and height: 2 by 3
  ok       2-3 p1 3 by 2 table: measured 3 x 2, cell [0.5, 0.5] in, walls True, thick []/[], dashed []/[], dots [[0, 0, 0.075]], label '3 by 2', boxes []
  ok       2-3 p1 3 by 2 table: printed label matches the drawn width and height: 3 by 2
  ok       2-3 p1 1 by 4 table: measured 1 x 4, cell [0.5, 0.5] in, walls True, thick []/[], dashed []/[], dots [[0, 0, 0.075]], label '1 by 4', boxes []
  ok       2-3 p1 1 by 4 table: printed label matches the drawn width and height: 1 by 4
  ok       2-3 p1 3 by 4 table: measured 3 x 4, cell [0.5, 0.5] in, walls True, thick []/[], dashed []/[], dots [[0, 0, 0.075]], label '3 by 4', boxes []
  ok       2-3 p1 3 by 4 table: printed label matches the drawn width and height: 3 by 4
  ok       2-3 p1 4 by 3 table: measured 4 x 3, cell [0.5, 0.5] in, walls True, thick []/[], dashed []/[], dots [[0, 0, 0.075]], label '4 by 3', boxes []
  ok       2-3 p1 4 by 3 table: printed label matches the drawn width and height: 4 by 3
  ok       2-3 p1 3 by 5 table: measured 3 x 5, cell [0.5, 0.5] in, walls True, thick []/[], dashed []/[], dots [[0, 0, 0.075]], label '3 by 5', boxes []
  ok       2-3 p1 3 by 5 table: printed label matches the drawn width and height: 3 by 5
  ok       2-3 p2: 6 boards: found 6
  ok       2-3 p2 1 by 2 table: measured 1 x 2, cell [0.5, 0.5] in, walls True, thick []/[], dashed []/[], dots [[0, 0, 0.075]], label '1 by 2', boxes []
  ok       2-3 p2 1 by 2 table: printed label matches the drawn width and height: 1 by 2
  ok       2-3 p2 2 by 4 table: measured 2 x 4, cell [0.5, 0.5] in, walls True, thick []/[], dashed []/[], dots [[0, 0, 0.075]], label '2 by 4', boxes []
  ok       2-3 p2 2 by 4 table: printed label matches the drawn width and height: 2 by 4
  ok       2-3 p2 3 by 6 table: measured 3 x 6, cell [0.5, 0.5] in, walls True, thick []/[], dashed []/[], dots [[0, 0, 0.075]], label '3 by 6', boxes []
  ok       2-3 p2 3 by 6 table: printed label matches the drawn width and height: 3 by 6
  ok       2-3 p2 1 by 3 table: measured 1 x 3, cell [0.5, 0.5] in, walls True, thick []/[], dashed []/[], dots [[0, 0, 0.075]], label '1 by 3', boxes []
  ok       2-3 p2 1 by 3 table: printed label matches the drawn width and height: 1 by 3
  ok       2-3 p2 2 by 6 table: measured 2 x 6, cell [0.5, 0.5] in, walls True, thick []/[], dashed []/[], dots [[0, 0, 0.075]], label '2 by 6', boxes []
  ok       2-3 p2 2 by 6 table: printed label matches the drawn width and height: 2 by 6
  ok       2-3 p2 4 by 6 table: measured 4 x 6, cell [0.5, 0.5] in, walls True, thick []/[], dashed []/[], dots [[0, 0, 0.075]], label '4 by 6', boxes []
  ok       2-3 p2 4 by 6 table: printed label matches the drawn width and height: 4 by 6
  ok       2-3 p3: 2 boards: found 2
  ok       2-3 p3 5 by 10 table: measured 5 x 10, cell [0.5, 0.5] in, walls True, thick []/[], dashed []/[], dots [[0, 0, 0.075]], label '5 by 10', boxes []
  ok       2-3 p3 5 by 10 table: printed label matches the drawn width and height: 5 by 10
  ok       2-3 p3 8 by 12 table: measured 8 x 12, cell [0.5, 0.5] in, walls True, thick []/[], dashed []/[], dots [[0, 0, 0.075]], label '8 by 12', boxes []
  ok       2-3 p3 8 by 12 table: printed label matches the drawn width and height: 8 by 12
  ok       2-3 p4: 4 boards: found 4
  ok       2-3 p4 6 by 6 blank: measured 6 x 6, cell [0.5, 0.5] in, walls False, thick []/[], dashed []/[], dots [[0, 0, 0.075]], label 'stops at the bottom right after 1 bounce', boxes []
  ok       2-3 p4 6 by 6 blank: measured 6 x 6, cell [0.5, 0.5] in, walls False, thick []/[], dashed []/[], dots [[0, 0, 0.075]], label 'stops at the top right after 4 bounces', boxes []
  ok       2-3 p4 6 by 6 blank: measured 6 x 6, cell [0.5, 0.5] in, walls False, thick []/[], dashed []/[], dots [[0, 0, 0.075]], label 'stops at the top left after 7 bounces', boxes []
  ok       2-3 p4 6 by 6 blank: measured 6 x 6, cell [0.5, 0.5] in, walls False, thick []/[], dashed []/[], dots [[0, 0, 0.075]], label 'stops at the top right after 3 bounces', boxes []
  ok       2-3 p5: 1 boards: found 1
  ok       2-3 p5 14 by 15 blank: measured 14 x 15, cell [0.5, 0.5] in, walls False, thick []/[], dashed []/[], dots [], label 'Bellingham Math Circle / Week 9 / F09-M-v4 5', boxes []
  ok       2-3 p6: 1 boards: found 1
  ok       2-3 p6 14 by 10 blank: measured 14 x 10, cell [0.5, 0.5] in, walls False, thick []/[], dashed []/[], dots [], label '', boxes []
  ok       2-3 p7: 4 boards: found 4
  ok       2-3 p7 6 by 6 sheet: measured 6 x 6, cell [0.5, 0.5] in, walls True, thick [2, 4]/[3], dashed []/[], dots [[0, 0, 0.075]], label '', boxes []
  ok       2-3 p7 2 by 3 table: measured 2 x 3, cell [0.5, 0.5] in, walls True, thick []/[], dashed []/[], dots [[0, 0, 0.075]], label '2 by 3', boxes []
  ok       2-3 p7 2 by 3 table: printed label matches the drawn width and height: 2 by 3
  ok       2-3 p7 3 by 3 sheet: measured 3 x 3, cell [0.5, 0.5] in, walls True, thick [1, 2]/[], dashed []/[], dots [[0, 0, 0.075]], label '', boxes []
  ok       2-3 p7 1 by 3 table: measured 1 x 3, cell [0.5, 0.5] in, walls True, thick []/[], dashed []/[], dots [[0, 0, 0.075]], label '1 by 3', boxes []
  ok       2-3 p7 1 by 3 table: printed label matches the drawn width and height: 1 by 3
  ok       2-3 p8: 1 boards: found 1
  ok       2-3 p8 14 by 10 blank: measured 14 x 10, cell [0.5, 0.5] in, walls False, thick []/[], dashed []/[], dots [], label '', boxes []
  ok       4-5 p1: 7 boards: found 7
  ok       4-5 p1 7 by 3 table: measured 7 x 3, cell [0.4, 0.4] in, walls True, thick []/[], dashed []/[], dots [[0, 0, 0.065]], label '7 by 3', boxes []
  ok       4-5 p1 7 by 3 table: printed label matches the drawn width and height: 7 by 3
  ok       4-5 p1 7 by 3 table: rules picture path follows the ball, arrow ends inside the table: [[0.0, 0.0], [1.0, 1.0], [2.0, 2.0], [3.0, 3.0], [4.0, 2.0], [4.865, 1.135]] vs simulation [(0, 0), (1, 1), (2, 2), (3, 3), (4, 2), (5, 1)]
  ok       4-5 p1 2 by 3 table: measured 2 x 3, cell [0.5, 0.5] in, walls True, thick []/[], dashed []/[], dots [[0, 0, 0.075]], label '2 by 3', boxes []
  ok       4-5 p1 2 by 3 table: printed label matches the drawn width and height: 2 by 3
  ok       4-5 p1 3 by 2 table: measured 3 x 2, cell [0.5, 0.5] in, walls True, thick []/[], dashed []/[], dots [[0, 0, 0.075]], label '3 by 2', boxes []
  ok       4-5 p1 3 by 2 table: printed label matches the drawn width and height: 3 by 2
  ok       4-5 p1 1 by 4 table: measured 1 x 4, cell [0.5, 0.5] in, walls True, thick []/[], dashed []/[], dots [[0, 0, 0.075]], label '1 by 4', boxes []
  ok       4-5 p1 1 by 4 table: printed label matches the drawn width and height: 1 by 4
  ok       4-5 p1 3 by 4 table: measured 3 x 4, cell [0.5, 0.5] in, walls True, thick []/[], dashed []/[], dots [[0, 0, 0.075]], label '3 by 4', boxes []
  ok       4-5 p1 3 by 4 table: printed label matches the drawn width and height: 3 by 4
  ok       4-5 p1 6 by 4 table: measured 6 x 4, cell [0.5, 0.5] in, walls True, thick []/[], dashed []/[], dots [[0, 0, 0.075]], label '6 by 4', boxes []
  ok       4-5 p1 6 by 4 table: printed label matches the drawn width and height: 6 by 4
  ok       4-5 p1 3 by 5 table: measured 3 x 5, cell [0.5, 0.5] in, walls True, thick []/[], dashed []/[], dots [[0, 0, 0.075]], label '3 by 5', boxes []
  ok       4-5 p1 3 by 5 table: printed label matches the drawn width and height: 3 by 5
  ok       4-5 p3: 1 boards: found 1
  ok       4-5 p3 14 by 16 blank: measured 14 x 16, cell [0.5, 0.5] in, walls False, thick []/[], dashed []/[], dots [], label '', boxes []
  ok       4-5 p4: 2 boards: found 2
  ok       4-5 p4 8 by 9 sheet: measured 8 x 9, cell [0.5, 0.5] in, walls True, thick [2, 4, 6]/[3, 6], dashed []/[], dots [[0, 0, 0.075]], label '', boxes []
  ok       4-5 p4 2 by 3 table: measured 2 x 3, cell [0.5, 0.5] in, walls True, thick []/[], dashed []/[], dots [[0, 0, 0.075]], label '2 by 3', boxes []
  ok       4-5 p4 2 by 3 table: printed label matches the drawn width and height: 2 by 3
  ok       4-5 p5: 1 boards: found 1
  ok       4-5 p5 13 by 13 blank: measured 13 x 13, cell [0.5, 0.5] in, walls False, thick []/[], dashed []/[], dots [[0, 0, 0.075]], label '', boxes []
  ok       4-5 p6: 1 boards: found 1
  ok       4-5 p6 6 by 10 table: measured 6 x 10, cell [0.5, 0.5] in, walls True, thick []/[], dashed []/[], dots [[0, 0, 0.075]], label '6 by 10', boxes []
  ok       4-5 p6 6 by 10 table: printed label matches the drawn width and height: 6 by 10
  ok       4-5 p7: 1 boards: found 1
  ok       4-5 p7 14 by 12 blank: measured 14 x 12, cell [0.5, 0.5] in, walls False, thick []/[], dashed []/[], dots [], label '', boxes []
  ok       K-1 p6: small pictures (dot, ring corner) top to bottom: [('bl', 'tl'), ('bl', 'br'), ('bl', 'tr')]
  ok       K-1 p7: small pictures (dot, ring corner) top to bottom: [('bl', 'bl')]
  ok       4-5 p2 chart: 6 by 6 square boxes: {'cols': 6, 'rows': 6, 'cell_w': 0.85, 'cell_h': 0.85}
  ok       4-5 p2 chart: widths 1-6 left to right under the columns, heights 1-6 bottom to top
  ok       4-5 p2 chart: "width" under the columns, "height" beside the rows
  ok       guide p4: 8 path thumbnails: found 8
  ok       guide p4 thumbnail left dot: drawn path = simulated path, dot, ring, caption: caption 'left dot (1) “Which Hints:', simulated top right 6
  ok       guide p4 thumbnail right dot: drawn path = simulated path, dot, ring, caption: caption 'right dot way were you', simulated top left 6
  ok       guide p4 thumbnail 2 by 2: drawn path = simulated path, dot, ring, caption: caption '2 by 2 top right, 0', simulated top right 0
  ok       guide p4 thumbnail 1 by 3: drawn path = simulated path, dot, ring, caption: caption '1 by 3 top right, 2', simulated top right 2
  ok       guide p4 thumbnail 2 by 1: drawn path = simulated path, dot, ring, caption: caption '2 by 1 bottom right, 1', simulated bottom right 1
  ok       guide p4 thumbnail 2 by 3: drawn path = simulated path, dot, ring, caption: caption '2 by 3 bottom right, 3', simulated bottom right 3
  ok       guide p4 thumbnail 3 by 3: drawn path = simulated path, dot, ring, caption: caption '3 by 3 top right, 0', simulated top right 0
  ok       guide p4 thumbnail 3 by 2: drawn path = simulated path, dot, ring, caption: caption '3 by 2 top left, 3', simulated top left 3
  ok       guide p5: 9 path thumbnails: found 9
  ok       guide p5 thumbnail 1 by 4: drawn path = simulated path, dot, ring, caption: caption '1 by 4 3 (top left)', simulated top left 3
  ok       guide p5 thumbnail 1 by 5: drawn path = simulated path, dot, ring, caption: caption '1 by 5 4 (top right)', simulated top right 4
  ok       guide p5 thumbnail 2 by 5: drawn path = simulated path, dot, ring, caption: caption '2 by 5 5 (bottom right)', simulated bottom right 5
  ok       guide p5 thumbnail 3 by 4: drawn path = simulated path, dot, ring, caption: caption '3 by 4 5 (top left)', simulated top left 5
  ok       guide p5 thumbnail 1 by 2: drawn path = simulated path, dot, ring, caption: caption '1 by 2 top left, 1', simulated top left 1
  ok       guide p5 thumbnail 2 by 4: drawn path = simulated path, dot, ring, caption: caption '2 by 4 top left, 1', simulated top left 1
  ok       guide p5 thumbnail 3 by 6: drawn path = simulated path, dot, ring, caption: caption '3 by 6 top left, 1', simulated top left 1
  ok       guide p5 thumbnail 2 by 3: drawn path = simulated path, dot, ring, caption: caption '2 by 3 bottom right, 3', simulated bottom right 3
  ok       guide p5 thumbnail 4 by 6: drawn path = simulated path, dot, ring, caption: caption '4 by 6 bottom right, 3', simulated bottom right 3

Part B. Student problems solved from the boards in the PDFs
 K-1
    P1 floor 3 by 5 from BL: top right, 6 bounces, 15 steps, crossings 4
    P1 floor 3 by 5 from BR: top left, 6 bounces, 15 steps, crossings 4
    P2 (p2): 2 by 2 TR 0; 1 by 3 TR 2; 2 by 1 BR 1; 2 by 3 BR 3; 3 by 3 TR 0; 3 by 2 TL 3
    P3 (p3): 1 by 4 TL 3; 1 by 5 TR 4; 2 by 5 BR 5; 3 by 4 TL 5
    P4 (p4): 1 by 2 TL 1; 2 by 4 TL 1; 3 by 6 TL 1
    P4 (p5): 2 by 3 BR 3; 4 by 6 BR 3
    P5 TL on a 3 by 3 grid: [(1, 2), (3, 2)]
  ok       K-1 P5 TL has a table on the 3 by 3 grid
    P5 BR on a 3 by 3 grid: [(2, 1), (2, 3)]
  ok       K-1 P5 BR has a table on the 3 by 3 grid
    P5 TR on a 3 by 3 grid: [(1, 1), (1, 3), (2, 2), (3, 1), (3, 3)]
  ok       K-1 P5 TR has a table on the 3 by 3 grid
  ok       K-1 P6: no table on the 4 by 4 grids returns to the dot: []
  ok       K-1 P7: 2 by 2 square folded on its dashed lines is the 1 by 2 table; the line to the far corner folds onto the whole ball path: panels [(0, 0), (1, 0)], folded = top left 1
  ok       K-1 P7: 3 by 3 square folded on its dashed lines is the 1 by 3 table; the line to the far corner folds onto the whole ball path: panels [(0, 0), (1, 0), (2, 0)], folded = top right 2
  ok       K-1 P7: 4 by 4 square folded on its dashed lines is the 2 by 4 table; the line to the far corner folds onto the whole ball path: panels [(0, 0), (1, 0)], folded = top left 1
 Grades 2-3
    P1: 2 by 3 BR 3; 3 by 2 TL 3; 1 by 4 TL 3; 3 by 4 TL 5; 4 by 3 BR 5; 3 by 5 TR 6
    P2: 1 by 2 TL 1; 2 by 4 TL 1; 3 by 6 TL 1; 1 by 3 TR 2; 2 by 6 TR 2; 4 by 6 BR 3
    P3: 5 by 10 TL 1; 8 by 12 BR 3
  ok       2-3 P4 label reads bottom right after 1
    P4 BR 1: on the 6 by 6 grid [(2, 1), (4, 2), (6, 3)]; all tables up to 60 by 60: [(2, 1), (4, 2), (6, 3), (8, 4), (10, 5), (12, 6), (14, 7), (16, 8), (18, 9), (20, 10), (22, 11), (24, 12), (26, 13), (28, 14), (30, 15), (32, 16), (34, 17), (36, 18), (38, 19), (40, 20), (42, 21), (44, 22), (46, 23), (48, 24), (50, 25), (52, 26), (54, 27), (56, 28), (58, 29), (60, 30)]
  ok       2-3 P4 label reads top right after 4
    P4 TR 4: on the 6 by 6 grid [(1, 5), (5, 1)]; all tables up to 60 by 60: [(1, 5), (2, 10), (3, 15), (4, 20), (5, 1), (5, 25), (6, 30), (7, 35), (8, 40), (9, 45), (10, 2), (10, 50), (11, 55), (12, 60), (15, 3), (20, 4), (25, 5), (30, 6), (35, 7), (40, 8), (45, 9), (50, 10), (55, 11), (60, 12)]
  ok       2-3 P4 label reads top left after 7
    P4 TL 7: on the 6 by 6 grid [(5, 4)]; all tables up to 60 by 60: [(1, 8), (2, 16), (3, 24), (4, 32), (5, 4), (5, 40), (6, 48), (7, 2), (7, 56), (10, 8), (14, 4), (15, 12), (20, 16), (21, 6), (25, 20), (28, 8), (30, 24), (35, 10), (35, 28), (40, 32), (42, 12), (45, 36), (49, 14), (50, 40), (55, 44), (56, 16), (60, 48)]
  ok       2-3 P4 label reads top right after 3
    P4 TR 3: on the 6 by 6 grid []; all tables up to 60 by 60: []
    P6 one bounce up to 6 by 6: [(1, 2), (2, 1), (2, 4), (3, 6), (4, 2), (6, 3)]
    P7 6 by 6 sheet of 2 by 3: crosses 3 thick lines [('x', 2), ('y', 3), ('x', 4)], passes through 4 tables [(0, 0), (1, 0), (1, 1), (2, 1)]; folded = 2 by 3 path bottom right 3
  ok       2-3 P7 6 by 6 sheet: copies of the 2 by 3 table; the line to the opposite corner folds onto the whole ball path; crossings = bounces
    P7 3 by 3 sheet of 1 by 3: crosses 2 thick lines [('x', 1), ('x', 2)], passes through 3 tables [(0, 0), (1, 0), (2, 0)]; folded = 1 by 3 path top right 2
  ok       2-3 P7 3 by 3 sheet: copies of the 1 by 3 table; the line to the opposite corner folds onto the whole ball path; crossings = bounces
  ok       2-3 P8 / 4-5 P7 / K-1 P6: no table up to 200 by 200 stops at the start corner
 Grades 4-5
    P1: 2 by 3 BR 3; 3 by 2 TL 3; 1 by 4 TL 3; 3 by 4 TL 5; 6 by 4 TL 3; 3 by 5 TR 6
    P2 h=6: TL 5  TR 2  TL 1  BR 3  TL 9  TR 0
    P2 h=5: TR 4  BR 5  TR 6  BR 7  TR 0  BR 9
    P2 h=4: TL 3  TL 1  TL 5  TR 0  TL 7  TL 3
    P2 h=3: TR 2  BR 3  TR 0  BR 5  TR 6  BR 1
    P2 h=2: TL 1  TR 0  TL 3  BR 1  TL 5  TR 2
    P2 h=1: TR 0  BR 1  TR 2  BR 3  TR 4  BR 5
    P3 8 by 9 sheet of 2 by 3: first crossing (6, 6), crosses [('x', 2), ('y', 3), ('x', 4)], tables [(0, 0), (1, 0), (1, 1), (2, 1)]
  ok       4-5 P3: the line on the sheet reaches a crossing of thick lines inside the sheet and folds to the 2 by 3 path
  ok       4-5 P4: the 4 by 3 sheet up to the first crossing fits the 13 by 13 grid: end (12, 12), grid 13 by 13
    P4 4 by 3 sheet: first crossing (12, 12) = 3 tables across, 4 up; crosses 5 thick lines; ball ('BR', 5)
  ok       4-5 P5: the six tables printed in the table
    P5: 6 by 10 TR 6; 8 by 12 BR 3; 12 by 9 BR 5; 7 by 5 TR 10; 5 by 8 TL 11; 20 by 30 BR 3; 6 by 10 takes 30 steps
    P6 TL 13: on the 14 by 12 grid [(7, 8), (11, 4), (13, 2)]; all up to 60 by 60 [(1, 14), (2, 28), (3, 42), (4, 56), (7, 8), (11, 4), (13, 2), (14, 16), (21, 24), (22, 8), (26, 4), (28, 32), (33, 12), (35, 40), (39, 6), (42, 48), (44, 16), (49, 56), (52, 8), (55, 20)]
    P6 TR 8: on the 14 by 12 grid [(1, 9), (3, 7), (7, 3), (9, 1), (14, 6)]; all up to 60 by 60 [(1, 9), (2, 18), (3, 7), (3, 27), (4, 36), (5, 45), (6, 14), (6, 54), (7, 3), (9, 1), (9, 21), (12, 28), (14, 6), (15, 35), (18, 2), (18, 42), (21, 9), (21, 49), (24, 56), (27, 3), (28, 12), (35, 15), (36, 4), (42, 18), (45, 5), (49, 21), (54, 6), (56, 24)]
    P6 BR 11: on the 14 by 12 grid [(2, 11), (4, 9), (6, 7), (8, 5), (10, 3), (12, 1)]; all up to 60 by 60 [(2, 11), (4, 9), (4, 22), (6, 7), (6, 33), (8, 5), (8, 18), (8, 44), (10, 3), (10, 55), (12, 1), (12, 14), (12, 27), (16, 10), (16, 36), (18, 21), (20, 6), (20, 45), (24, 2), (24, 15), (24, 28), (24, 54), (30, 9), (30, 35), (32, 20), (36, 3), (36, 42), (40, 12), (40, 25), (42, 49), (48, 4), (48, 30), (48, 56), (50, 15), (56, 35), (60, 5), (60, 18)]
    P6 BR 10: on the 14 by 12 grid []; all up to 60 by 60 []
  ok       4-5 P8: corner by parity of tables across/up and bounces = across + up - 2, all tables up to 60 by 60: []

Part C. The adult guide against the computation
  ok       2 by 3 and 4 by 6 both stop at the bottom right after 3 bounces.
  ok       A bigger copy of a table (both sides doubled or tripled) behaves exactly like the small one
  ok       Both walks end at the far opposite corner after 6 bounces
  ok       From the left dot: the far right corner, 6 bounces (15 steps). From the right dot: the far left corn...
  ok       The path crosses itself four times; the walker just keeps going.: {'lattice': [(1, 1), (1, 3), (2, 2), (2, 4)], 'centre': [], 'retraced': 0, 'count': 4}
  ok       A K–1 child stands on the dot and takes three slanted steps, landing on the right-hand wall.
  ok       use a block 3 tiles across and 5 tiles long
  ok       tape a rectangle 4½ ft by 7½ ft (1.35 m by 2.25 m), mark every 18 inches (45 cm) along all four side...
  ok       run 2 tape lines the long way and 4 across. That gives 3 by 5 squares of 18 inches, using about 60 f...: 57.0 ft of tape (single walls)
  NOTE     floor-grid tape: single walls use 57.0 ft; doubling the outside walls as step 3 suggests adds 24.0 ft, 81.0 ft in all, beyond the "about 60 ft" in the list (the second-colour option stays within it)
  ok       From the left dot: rope 1 square up (3 by 1) far right, 2 bounces; 2 up (3 by 2) far left, 3; 3 up (...
  ok       guide K-1 P2 answers (thumbnail captions, checked in Part A) cover the six page-2 tables
  ok       guide K-1 P3 answers 3, 4, 5, 5 for 1 by 4, 1 by 5, 2 by 5, 3 by 4: [(1, 4), (1, 5), (2, 5), (3, 4)]
  ok       On the one-square-wide tables the ball touches a wall at every step except the last.
  ok       guide K-1 P4 answers: 1 by 2, 2 by 4, 3 by 6 top left, 1; 2 by 3 and 4 by 6 bottom right, 3
  ok       Answer: Every table that fits the 3 by 3 grids. Top left: 1 by 2 or 3 by 2. Bottom right: 2 by 1 or ...
  ok       Top left: try one square wide and two tall. Bottom right: two wide and one tall. Top right: any squa...
  ok       Answer: There is none.
  ok       2 by 2 square: the 1 by 2 path (top left, 1 bounce). 3 by 3 square: the 1 by 3 path (top right, 2 bo...
  ok       These match the paths on pages 2 and 4.
  ok       stay with the small tables (2 by 2, 1 by 3 and 2 by 1 on page 2; 1 by 2 on page 4)
  ok       skip the 2 by 5, 3 by 4 and 4 by 6 tables and Problem 5.
  -- the "keep going up" rule of thumb (K-1 floor walk and hints)
  NOTE     K-1 P1 floor walk from BL: bounces: R at (3, 3) going up, T at (1, 5) going up, L at (0, 4) going down, R at (3, 1) going down, B at (2, 0) going down, L at (0, 2) going up. Side walls met while going down: 2; near-end (bottom) bounces: 1. The printed rule sends the walker the wrong way at each side wall met going down and has no rule for the near end.
  NOTE     K-1 P1 floor walk from BR: bounces: L at (0, 3) going up, T at (2, 5) going up, R at (3, 4) going down, L at (0, 1) going down, B at (1, 0) going down, R at (3, 2) going up. Side walls met while going down: 2; near-end (bottom) bounces: 1. The printed rule sends the walker the wrong way at each side wall met going down and has no rule for the near end.
  NOTE     K-1 p2 2 by 1: 1 bounces; side walls met going down (the hint gives a wrong move): none; top wall (the hint contradicts itself): ['T at (1, 1)']; bottom wall: none
  NOTE     K-1 p2 2 by 3: 3 bounces; side walls met going down (the hint gives a wrong move): ['L at (0, 2)']; top wall (the hint contradicts itself): ['T at (1, 3)']; bottom wall: none
  NOTE     K-1 p2 3 by 2: 3 bounces; side walls met going down (the hint gives a wrong move): ['R at (3, 1)']; top wall (the hint contradicts itself): ['T at (2, 2)']; bottom wall: ['B at (2, 0)']
  NOTE     K-1 p3 2 by 5: 5 bounces; side walls met going down (the hint gives a wrong move): ['R at (2, 4)', 'L at (0, 2)']; top wall (the hint contradicts itself): ['T at (1, 5)']; bottom wall: none
  NOTE     K-1 p3 3 by 4: 5 bounces; side walls met going down (the hint gives a wrong move): ['L at (0, 2)']; top wall (the hint contradicts itself): ['T at (2, 4)']; bottom wall: ['B at (2, 0)']
  NOTE     K-1 p5 2 by 3: 3 bounces; side walls met going down (the hint gives a wrong move): ['L at (0, 2)']; top wall (the hint contradicts itself): ['T at (1, 3)']; bottom wall: none
  NOTE     K-1 p5 4 by 6: 3 bounces; side walls met going down (the hint gives a wrong move): ['L at (0, 4)']; top wall (the hint contradicts itself): ['T at (2, 6)']; bottom wall: none
  NOTE     K-1 page 2 (Problem 2) in all: 9 bounces: 2 side walls met going down, 3 top-wall bounces, 1 bottom-wall bounce(s); the rest are side walls met going up
  ok       Answer: 2 by 3 BR 3; 3 by 2 TL 3; 1 by 4 TL 3; 3 by 4 TL 5; 4 by 3 BR 5; 3 by 5 TR 6.
  ok       Answer: 1 by 2, 2 by 4, 3 by 6: all TL 1. 1 by 3 and 2 by 6: TR 2. 4 by 6: BR 3 (it is 2 by 3 double...
  ok       5 by 10: TL 1 (1 by 2 made five times bigger). 8 by 12: BR 3 (2 by 3 made four times bigger).
  ok       BR after 1 bounce: 2 by 1, 4 by 2, 6 by 3. TR after 4: 1 by 5, 5 by 1. TL after 7: 5 by 4 only. TR a...
  ok       Even plus even is even, so a top right stop never has 3 bounces.
  ok       (The children can check: every TR on pages 1–2 has 2 or 6.): [6, 2, 2]
  ok       Check any table up to 6 by 6 in the chart in the 4–5 section below.
  ok       Answer: Exactly six tables: 1 by 2, 2 by 4, 3 by 6 (TL) and 2 by 1, 4 by 2, 6 by 3 (BR).
  ok       If the table is taller than it is wide, the first bounce is on the right wall, when the ball has gon...
  ok       a square table has no bounces.
  ok       Top sheet (6 by 6, copies of 2 by 3): the line crosses 3 thick lines inside the sheet; it passes thr...
  ok       Bottom sheet (3 by 3, copies of 1 by 3): crosses 2 thick lines, passes through all 3 tables, folds t...
  ok       cut out the 4 tables the line passes through as one piece
  ok       The ball only turns right around when it hits two walls at once, in a corner, and there it would alr...
  ok       Answer: 2 by 3 BR 3; 3 by 2 TL 3; 1 by 4 TL 3; 3 by 4 TL 5; 6 by 4 TL 3 (3 by 2 doubled); 3 by 5 TR ...
  ok       6 TL 5 TR 2 TL 1 BR 3 TL 9 TR 0
  ok       5 TR 4 BR 5 TR 6 BR 7 TR 0 BR 9
  ok       4 TL 3 TL 1 TL 5 TR 0 TL 7 TL 3
  ok       3 TR 2 BR 3 TR 0 BR 5 TR 6 BR 1
  ok       2 TL 1 TR 0 TL 3 BR 1 TL 5 TR 2
  ok       1 TR 0 BR 1 TR 2 BR 3 TR 4 BR 5
  ok       Tracing all 36 takes 303 diagonal steps: 303
  ok       the diagonal (squares) is TR 0; a box and its doubled box agree; height 1 gives TR for odd widths an...
  ok       Answer: The sheet is 8 by 9, copies of 2 by 3. The line first meets a crossing of thick lines at 6 s...
  ok       Answer: Thick lines every 4 squares across (4, 8, 12) and every 3 up (3, 6, 9, 12). The line first m...
  ok       On the 2 by 3 sheet, the line went 3 tables across and ended on the right.
  ok       Answer: 6 by 10 TR 6; 8 by 12 BR 3; 12 by 9 BR 5; 7 by 5 TR 10; 5 by 8 TL 11; 20 by 30 BR 3. Tracing...
  ok       TL after 13: 13 by 2, 11 by 4, 7 by 8 (also 1 by 14, which does not fit the grid).: on grid [(7, 8), (11, 4), (13, 2)]; all up to 60: [(1, 14), (2, 28), (3, 42), (4, 56), (7, 8), (11, 4), (13, 2), (14, 16), (21, 24), (22, 8), (26, 4), (28, 32), (33, 12), (35, 40), (39, 6), (42, 48), (44, 16), (49, 56), (52, 8), (55, 20)]
  ok       TR after 8: 9 by 1, 7 by 3, 3 by 7, 1 by 9, and 14 by 6.: on grid [(1, 9), (3, 7), (7, 3), (9, 1), (14, 6)]
  ok       BR after 11: 12 by 1, 10 by 3, 8 by 5, 6 by 7, 4 by 9, 2 by 11.: on grid [(2, 11), (4, 9), (6, 7), (8, 5), (10, 3), (12, 1)]
  ok       BR after 10: impossible.
  ok       With the sheet: bottom right means an odd number of tables across and an even number up, and bounces...
  ok       Choose tables across and tables up that add to 15.
  ok       Halfway there the line is at 2 tables across and 3 up, which is also a crossing of thick lines
  ok       Example: 12 by 9 shrinks to 4 by 3: 3 across (right), 4 up (bottom), 5 bounces.
  ok       The line on its sheet goes q tables across and p tables up. The ball stops on the right if q is odd ...
  ok       in Problem 5 do only the doubled tables (6 by 10, 8 by 12, 20 by 30).
  NOTE     4-5 struggling route: "doubled" is loose for 20 by 30 (2 by 3 times ten) and 8 by 12 (2 by 3 times four); all three are copies of a smaller table, which is the intended point. Not counted as a problem.
  ok       111 student sheets in all.: 111
  ok       the 36 tables of Problem 2 need 441 squares, one page has 224.: 441, 14 x 16
  ok       Measure the squares: 3/4 inch on the K–1 pages, 1/2 inch on the others.
  NOTE     square sizes on page 1: {'K-1': [0.5, 0.75, 0.75], '2-3': [0.4, 0.5, 0.5, 0.5, 0.5, 0.5, 0.5], '4-5': [0.4, 0.5, 0.5, 0.5, 0.5, 0.5, 0.5]}: the rules picture beside the opening text is 0.5 in on K-1 and 0.4 in on 2-3 and 4-5; every numbered problem uses 0.75 in (K-1) or 0.5 in (2-3, 4-5).
  ok       Put a counter on a corner of a K–1 square. It must not cover the next corner, 3/4 inch away.

Part D. General statements (section 5)
  ok       the bouncing path is the image of the straight line y = x under the folding map (φw , φh ), which is...
  ok       so it first stops at t = L = lcm(w, h).
  ok       L/w + L/h − 2 bounces.
  ok       Stopping at (0, 0) needs p and q both even, impossible for coprime p, q.
  ok       p + q − 2 is odd iff exactly one of p, q is even iff the ball stops TL or BR; TR means both odd, so ...
  ok       A table stops at a given corner after n bounces iff it is a multiple (kp, kq) of a coprime pair with...
  ok       One bounce: {p, q} = {1, 2}, one side twice the other.
  ok       On a sheet of copies, the diagonal first meets a crossing of copy walls at (L, L), after q tables ac...
  ok       Other slopes: direction (b, a) on a w by h table is slope 1 on an aw by bh table (rescale the
  ok       A box w × h × d works the same with lcm(w, h, d), and the ball still never returns home.
  NOTE     section 5 "cutting sequence (a Christoffel word)": for every table up to 24 by 24 the side/end sequence has p + q - 2 letters and is a palindrome (True); it equals the lower Christoffel word with its first and last letters removed (the central word) (True); it equals a whole Christoffel word for no table (True).
  -- section 6 claims to listen for (p. 10 table)
  ok       "It never comes back to the dot."
  ok       "A bigger copy ends in the same corner." / "Doubling both sides gives the same corner and bounces."
  ok       "Square tables go straight to the corner."
  ok       "One bounce means one side is twice the other."
  ok       "Top right always has an even number of bounces."
  ok       "Odd number of tables across means the right side." "Bounces are tables across plus tables up minus 2."
  ok       "It can't come home: both would be even and you could halve."

245 checks, 0 mismatches
