== K-1
  p1: 5 x 3 cells 0.5 x 0.5 in table dots=[(0, 0, 0.075)] path=[[(0.0, 0.0), (1.0, 1.0), (2.0, 2.0), (3.0, 3.0), (3.892, 2.108)], [(3.963, 2.037), (3.911, 2.176), (3.9, 2.1), (3.824, 2.089)]]
  p1: 3 x 5 cells 0.75 x 0.75 in table dots=[(0, 0, 0.1)]
  p1: 3 x 5 cells 0.75 x 0.75 in table dots=[(3, 0, 0.1)]
  p2: 1 x 3 cells 0.75 x 0.75 in table dots=[(0, 0, 0.1)]
  p2: 2 x 2 cells 0.75 x 0.75 in table dots=[(0, 0, 0.1)]
  p2: 2 x 1 cells 0.75 x 0.75 in table dots=[(0, 0, 0.1)]
  p2: 2 x 3 cells 0.75 x 0.75 in table dots=[(0, 0, 0.1)]
  p2: 3 x 3 cells 0.75 x 0.75 in table dots=[(0, 0, 0.1)]
  p2: 3 x 2 cells 0.75 x 0.75 in table dots=[(0, 0, 0.1)]
  p3: 1 x 5 cells 0.75 x 0.75 in table dots=[(0, 0, 0.1)] box=[(0.65, 0.65, 0.5)]
  p3: 2 x 5 cells 0.75 x 0.75 in table dots=[(0, 0, 0.1)] box=[(0.65, 0.65, 1.0)]
  p3: 1 x 4 cells 0.75 x 0.75 in table dots=[(0, 0, 0.1)] box=[(0.65, 0.65, 0.5)]
  p3: 3 x 4 cells 0.75 x 0.75 in table dots=[(0, 0, 0.1)] box=[(0.65, 0.65, 1.5)]
  p4: 3 x 6 cells 0.75 x 0.75 in table dots=[(0, 0, 0.1)] box=[(0.65, 0.65, 1.5)]
  p4: 2 x 4 cells 0.75 x 0.75 in table dots=[(0, 0, 0.1)] box=[(0.65, 0.65, 1.0)]
  p4: 1 x 2 cells 0.75 x 0.75 in table dots=[(0, 0, 0.1)] box=[(0.65, 0.65, 0.5)]
  p5: 4 x 6 cells 0.75 x 0.75 in table dots=[(0, 0, 0.1)] box=[(0.65, 0.65, 2.0)]
  p5: 2 x 3 cells 0.75 x 0.75 in table dots=[(0, 0, 0.1)] box=[(0.65, 0.65, 1.0)]
  p6: 3 x 3 cells 0.75 x 0.75 in blank dots=[(0, 0, 0.1)]
  p6: 3 x 3 cells 0.75 x 0.75 in blank dots=[(0, 0, 0.1)]
  p6: 3 x 3 cells 0.75 x 0.75 in blank dots=[(0, 0, 0.1)]
  p6: 3 x 3 cells 0.75 x 0.75 in blank dots=[(0, 0, 0.1)]
  p6: 3 x 3 cells 0.75 x 0.75 in blank dots=[(0, 0, 0.1)]
  p6: 3 x 3 cells 0.75 x 0.75 in blank dots=[(0, 0, 0.1)]
  p6: icon {'y': 562.2, 'side_in': (0.6, 0.6), 'ring': 'tl', 'dot': 'bl'}
  p6: icon {'y': 369.9, 'side_in': (0.6, 0.6), 'ring': 'br', 'dot': 'bl'}
  p6: icon {'y': 177.7, 'side_in': (0.6, 0.6), 'ring': 'tr', 'dot': 'bl'}
  p7: 4 x 4 cells 0.75 x 0.75 in blank dots=[(0, 0, 0.1)]
  p7: 4 x 4 cells 0.75 x 0.75 in blank dots=[(0, 0, 0.1)]
  p7: 4 x 4 cells 0.75 x 0.75 in blank dots=[(0, 0, 0.1)]
  p7: 4 x 4 cells 0.75 x 0.75 in blank dots=[(0, 0, 0.1)]
  p7: icon {'y': 613.3, 'side_in': (0.6, 0.6), 'ring': 'bl', 'dot': 'bl'}
  p8: 3 x 3 cells 0.75 x 0.75 in table dashed x=[1, 2] y=[] dots=[(0, 0, 0.1)]
  p8: 1 x 3 cells 0.75 x 0.75 in table dots=[(0, 0, 0.1)]
  p8: 2 x 2 cells 0.75 x 0.75 in table dashed x=[1] y=[] dots=[(0, 0, 0.1)]
  p8: 1 x 2 cells 0.75 x 0.75 in table dots=[(0, 0, 0.1)]
  p8: 4 x 4 cells 0.75 x 0.75 in table dashed x=[2] y=[] dots=[(0, 0, 0.1)]
  p8: 2 x 4 cells 0.75 x 0.75 in table dots=[(0, 0, 0.1)]
== 2-3
  p1: 7 x 3 cells 0.4 x 0.4 in table dots=[(0, 0, 0.065)] path=[[(0.0, 0.0), (1.0, 1.0), (2.0, 2.0), (3.0, 3.0), (4.0, 2.0), (4.865, 1.135)], [(4.954, 1.046), (4.888, 1.22), (4.874, 1.126), (4.78, 1.112)]] label='7 by 3'
  p1: 1 x 4 cells 0.5 x 0.5 in table dots=[(0, 0, 0.075)] label='1 by 4'
  p1: 2 x 3 cells 0.5 x 0.5 in table dots=[(0, 0, 0.075)] label='2 by 3'
  p1: 3 x 2 cells 0.5 x 0.5 in table dots=[(0, 0, 0.075)] label='3 by 2'
  p1: 3 x 5 cells 0.5 x 0.5 in table dots=[(0, 0, 0.075)] label='3 by 5'
  p1: 3 x 4 cells 0.5 x 0.5 in table dots=[(0, 0, 0.075)] label='3 by 4'
  p1: 4 x 3 cells 0.5 x 0.5 in table dots=[(0, 0, 0.075)] label='4 by 3'
  p2: 3 x 6 cells 0.5 x 0.5 in table dots=[(0, 0, 0.075)] label='3 by 6'
  p2: 2 x 4 cells 0.5 x 0.5 in table dots=[(0, 0, 0.075)] label='2 by 4'
  p2: 1 x 2 cells 0.5 x 0.5 in table dots=[(0, 0, 0.075)] label='1 by 2'
  p2: 2 x 6 cells 0.5 x 0.5 in table dots=[(0, 0, 0.075)] label='2 by 6'
  p2: 4 x 6 cells 0.5 x 0.5 in table dots=[(0, 0, 0.075)] label='4 by 6'
  p2: 1 x 3 cells 0.5 x 0.5 in table dots=[(0, 0, 0.075)] label='1 by 3'
  p3: 8 x 12 cells 0.5 x 0.5 in table dots=[(0, 0, 0.075)] label='8 by 12'
  p3: 5 x 10 cells 0.5 x 0.5 in table dots=[(0, 0, 0.075)] label='5 by 10'
  p4: 6 x 6 cells 0.5 x 0.5 in blank dots=[(0, 0, 0.075)] label='stops at the bottom right after 1 bounce'
  p4: 6 x 6 cells 0.5 x 0.5 in blank dots=[(0, 0, 0.075)] label='stops at the top right after 4 bounces'
  p4: 6 x 6 cells 0.5 x 0.5 in blank dots=[(0, 0, 0.075)] label='stops at the top left after 7 bounces'
  p4: 6 x 6 cells 0.5 x 0.5 in blank dots=[(0, 0, 0.075)] label='stops at the top right after 3 bounces'
  p5: 14 x 15 cells 0.5 x 0.5 in blank label='Bellingham Math Circle / Week 9 / F09-M-v4 5'
  p6: 14 x 10 cells 0.5 x 0.5 in blank
  p7: 6 x 6 cells 0.5 x 0.5 in table thick x=[2, 4] y=[3] dots=[(0, 0, 0.075)]
  p7: 2 x 3 cells 0.5 x 0.5 in table dots=[(0, 0, 0.075)] label='2 by 3'
  p7: 3 x 3 cells 0.5 x 0.5 in table thick x=[1, 2] y=[] dots=[(0, 0, 0.075)]
  p7: 1 x 3 cells 0.5 x 0.5 in table dots=[(0, 0, 0.075)] label='1 by 3'
  p8: 14 x 10 cells 0.5 x 0.5 in blank
== 4-5
  p1: 7 x 3 cells 0.4 x 0.4 in table dots=[(0, 0, 0.065)] path=[[(0.0, 0.0), (1.0, 1.0), (2.0, 2.0), (3.0, 3.0), (4.0, 2.0), (4.865, 1.135)], [(4.954, 1.046), (4.888, 1.22), (4.874, 1.126), (4.78, 1.112)]] label='7 by 3'
  p1: 1 x 4 cells 0.5 x 0.5 in table dots=[(0, 0, 0.075)] label='1 by 4'
  p1: 3 x 4 cells 0.5 x 0.5 in table dots=[(0, 0, 0.075)] label='3 by 4'
  p1: 2 x 3 cells 0.5 x 0.5 in table dots=[(0, 0, 0.075)] label='2 by 3'
  p1: 3 x 2 cells 0.5 x 0.5 in table dots=[(0, 0, 0.075)] label='3 by 2'
  p1: 3 x 5 cells 0.5 x 0.5 in table dots=[(0, 0, 0.075)] label='3 by 5'
  p1: 6 x 4 cells 0.5 x 0.5 in table dots=[(0, 0, 0.075)] label='6 by 4'
  p2: chart {'cols': 6, 'rows': 6, 'cell_w': 0.85, 'cell_h': 0.85}
  p3: 14 x 16 cells 0.5 x 0.5 in blank
  p4: 8 x 9 cells 0.5 x 0.5 in table thick x=[2, 4, 6] y=[3, 6] dots=[(0, 0, 0.075)]
  p4: 2 x 3 cells 0.5 x 0.5 in table dots=[(0, 0, 0.075)] label='2 by 3'
  p5: 13 x 13 cells 0.5 x 0.5 in blank dots=[(0, 0, 0.075)]
  p6: 6 x 10 cells 0.5 x 0.5 in table dots=[(0, 0, 0.075)] label='6 by 10'
  p7: 14 x 12 cells 0.5 x 0.5 in blank
== guide
  p4: 3 x 5 cells 0.14 x 0.14 in blank dots=[(0, 0, 0.034)] rings=[(3.0, 5.0)] path=[[(0.0, 0.0), (1.0, 1.0), (2.0, 2.0), (3.0, 3.0), (2.0, 4.0), (1.0, 5.0), (0.0, 4.0), (1.0, 3.0), (2.0, 2.0), (3.0, 1.0), (2.0, 0.0), (1.0, 1.0), (0.0, 2.0), (1.0, 3.0), (2.0, 4.0), (3.0, 5.0)]] label='left dot (1) “Which Hints: beside the child'
  p4: 3 x 5 cells 0.14 x 0.14 in blank dots=[(3, 0, 0.034)] rings=[(0.0, 5.0)] path=[[(3.0, 0.0), (2.0, 1.0), (1.0, 2.0), (0.0, 3.0), (1.0, 4.0), (2.0, 5.0), (3.0, 4.0), (2.0, 3.0), (1.0, 2.0), (0.0, 1.0), (1.0, 0.0), (2.0, 1.0), (3.0, 2.0), (2.0, 3.0), (1.0, 4.0), (0.0, 5.0)]] label='right dot way were you slanting saying each step: “slant,'
  p4: 2 x 2 cells 0.14 x 0.14 in blank dots=[(0, 0, 0.034)] rings=[(2.0, 2.0)] path=[[(0.0, 0.0), (1.0, 1.0), (2.0, 2.0)]] label='2 by 2 top right, 0 (1) “Put Hints:'
  p4: 1 x 3 cells 0.14 x 0.14 in blank dots=[(0, 0, 0.034)] rings=[(1.0, 3.0)] path=[[(0.0, 0.0), (1.0, 1.0), (0.0, 2.0), (1.0, 3.0)]] label='1 by 3 top right, 2 ball counter on'
  p4: 2 x 3 cells 0.14 x 0.14 in blank dots=[(0, 0, 0.034)] rings=[(2.0, 0.0)] path=[[(0.0, 0.0), (1.0, 1.0), (2.0, 2.0), (1.0, 3.0), (0.0, 2.0), (1.0, 1.0), (2.0, 0.0)]] label='2 by 3 bottom right, 3 does it cross first?”'
  p4: 3 x 3 cells 0.14 x 0.14 in blank dots=[(0, 0, 0.034)] rings=[(3.0, 3.0)] path=[[(0.0, 0.0), (1.0, 1.0), (2.0, 2.0), (3.0, 3.0)]] label='3 by 3 top right, 0 (2) Move the counter'
  p4: 3 x 2 cells 0.14 x 0.14 in blank dots=[(0, 0, 0.034)] rings=[(0.0, 2.0)] path=[[(0.0, 0.0), (1.0, 1.0), (2.0, 2.0), (3.0, 1.0), (2.0, 0.0), (1.0, 1.0), (0.0, 2.0)]] label='3 by 2 top left, 3 one square at a'
  p4: 2 x 1 cells 0.14 x 0.14 in blank dots=[(0, 0, 0.034)] rings=[(2.0, 0.0)] path=[[(0.0, 0.0), (1.0, 1.0), (2.0, 0.0)]] label='2 by 1 bottom right, 1 dot. Which square'
  p5: 1 x 4 cells 0.14 x 0.14 in blank dots=[(0, 0, 0.034)] rings=[(0.0, 4.0)] path=[[(0.0, 0.0), (1.0, 1.0), (0.0, 2.0), (1.0, 3.0), (0.0, 4.0)]] label='1 by 4 3 (top left) On the one-square-wide'
  p5: 1 x 5 cells 0.14 x 0.14 in blank dots=[(0, 0, 0.034)] rings=[(1.0, 5.0)] path=[[(0.0, 0.0), (1.0, 1.0), (0.0, 2.0), (1.0, 3.0), (0.0, 4.0), (1.0, 5.0)]] label='1 by 5 4 (top right) the ball touches'
  p5: 2 x 5 cells 0.14 x 0.14 in blank dots=[(0, 0, 0.034)] rings=[(2.0, 0.0)] path=[[(0.0, 0.0), (1.0, 1.0), (2.0, 2.0), (1.0, 3.0), (0.0, 4.0), (1.0, 5.0), (2.0, 4.0), (1.0, 3.0), (0.0, 2.0), (1.0, 1.0), (2.0, 0.0)]] label='2 by 5 5 (bottom right) step except the last.'
  p5: 3 x 4 cells 0.14 x 0.14 in blank dots=[(0, 0, 0.034)] rings=[(0.0, 4.0)] path=[[(0.0, 0.0), (1.0, 1.0), (2.0, 2.0), (3.0, 3.0), (2.0, 4.0), (1.0, 3.0), (0.0, 2.0), (1.0, 1.0), (2.0, 0.0), (3.0, 1.0), (2.0, 2.0), (1.0, 3.0), (0.0, 4.0)]] label='3 by 4 5 (top left)'
  p5: 3 x 6 cells 0.14 x 0.14 in blank dots=[(0, 0, 0.034)] rings=[(0.0, 6.0)] path=[[(0.0, 0.0), (1.0, 1.0), (2.0, 2.0), (3.0, 3.0), (2.0, 4.0), (1.0, 5.0), (0.0, 6.0)]] label='3 by 6 top left, 1 small one does.'
  p5: 4 x 6 cells 0.14 x 0.14 in blank dots=[(0, 0, 0.034)] rings=[(4.0, 0.0)] path=[[(0.0, 0.0), (1.0, 1.0), (2.0, 2.0), (3.0, 3.0), (4.0, 4.0), (3.0, 5.0), (2.0, 6.0), (1.0, 5.0), (0.0, 4.0), (1.0, 3.0), (2.0, 2.0), (3.0, 1.0), (4.0, 0.0)]] label='4 by 6 bottom right, 3'
  p5: 2 x 4 cells 0.14 x 0.14 in blank dots=[(0, 0, 0.034)] rings=[(0.0, 4.0)] path=[[(0.0, 0.0), (1.0, 1.0), (2.0, 2.0), (1.0, 3.0), (0.0, 4.0)]] label='2 by 4 top left, 1 does exactly what'
  p5: 1 x 2 cells 0.14 x 0.14 in blank dots=[(0, 0, 0.034)] rings=[(0.0, 2.0)] path=[[(0.0, 0.0), (1.0, 1.0), (0.0, 2.0)]] label='1 by 2 top left, 1 bigger copy'
  p5: 2 x 3 cells 0.14 x 0.14 in blank dots=[(0, 0, 0.034)] rings=[(2.0, 0.0)] path=[[(0.0, 0.0), (1.0, 1.0), (2.0, 2.0), (1.0, 3.0), (0.0, 2.0), (1.0, 1.0), (2.0, 0.0)]] label='2 by 3 bottom right, 3'
