K-1: week-09-k-1.pdf: 8 pages
  p1: fill 4, stroke 35
  p2: fill 6, stroke 45
  p3: fill 4, stroke 41
  p4: fill 3, stroke 30
  p5: fill 2, stroke 23
  p6: fill 9, stroke 54
  p7: fill 5, stroke 42
  p8: fill 6, stroke 53
2-3: week-09-grades-2-3.pdf: 8 pages
  p1: fill 8, stroke 70
  p2: fill 6, stroke 58
  p3: fill 2, stroke 41
  p4: fill 4, stroke 56
  p5: stroke 31
  p6: stroke 26
  p7: fill 4, stroke 44
  p8: stroke 26
4-5: week-09-grades-4-5.pdf: 8 pages
  p1: fill 8, stroke 73
  p2: stroke 14
  p3: stroke 32
  p4: fill 2, stroke 33
  p5: fill 1, stroke 28
  p6: fill 1, stroke 55
  p7: stroke 28
  p8: 
guide: week-09-facilitator.pdf: 10 pages
  p1: stroke 6
  p2: stroke 3
  p3: stroke 2
  p4: fill 8, stroke 83
  p5: fill 9, stroke 103
  p6: 
  p7: 
  p8: stroke 8
  p9: 
  p10: stroke 25
rv: week-09-return-visit.pdf: 7 pages
  p1: fill 13, stroke 31
  p2: fill 12, stroke 27
  p3: fill 12, stroke 25
  p4: fill 36, stroke 34
  p5: stroke 9
  p6: fill 10, stroke 28
  p7: fill 2, stroke 7
rv-guide: week-09-return-visit-facilitator.pdf: 5 pages
  p1: stroke 1
  p2: stroke 1
  p3: stroke 1
  p4: stroke 1
  p5: stroke 1
