  ok       K-1: Problem 1: Take turns walking as the ball on the floor grid. Walk once from each
  ok       K-1: Problem 2: Where does the ball stop on each table? Draw its path.
  ok       K-1: Problem 3: How many times does the ball bounce on each table? Write the number i
  ok       K-1: Problem 4: Draw the path on each table. Write the number of bounces in the box.
  ok       K-1: Problem 5: For each little picture, draw a table starting at the dot so that the
  ok       K-1: Problem 6: Can you draw a table where the ball comes back to the dot and stops t
  ok       K-1: Problem 7: With a ruler, draw a straight line from the dot to the far corner of 
  ok       K-1: The ball rolls on a table. It starts at the dot and rolls across the squares fro
  ok       K-1: walled boards in the source = walled boards in the PDF (24 / 24)
  ok       2-3: Problem 1: Trace the path on each table. Under each table, write the corner wher
  ok       2-3: Problem 2: Trace the path on each table, and write the corner where the ball sto
  ok       2-3: Problem 3: Before you trace these two tables, write the corner where you think t
  ok       2-3: Problem 4: On each grid, draw a table with its bottom left corner at the dot, so
  ok       2-3: Problem 5: Play this game with your partner. One player draws a table on the gri
  ok       2-3: Problem 6: Find every table no more than 6 squares wide and no more than 6 squar
  ok       2-3: Problem 7: With a ruler and a dark marker, draw a straight line from the dot to 
  ok       2-3: Problem 8: Is there a table where the ball stops at the corner it started from? 
  ok       2-3: The ball starts at the dot in the bottom left corner of a table and rolls up and
  ok       2-3: walled boards in the source = walled boards in the PDF (19 / 19)
  ok       4-5: Problem 1: Trace the path on each table. Under each table, write the corner wher
  ok       4-5: Problem 2: Find where the ball stops and how many times it bounces on every tabl
  ok       4-5: Problem 3: With a ruler and a dark marker, draw a straight line on the big sheet
  ok       4-5: Problem 4: On this grid, draw thick lines to make a sheet for the 4 by 3 table, 
  ok       4-5: Problem 5: Without tracing, find where the ball stops and how many times it boun
  ok       4-5: Problem 6: Find a table for each of these, or explain why there is none.
  ok       4-5: Problem 7: Explain why the ball never stops at the corner where it started.
  ok       4-5: Problem 8: Write a rule that tells where the ball stops and how many times it bo
  ok       4-5: The ball starts at the dot in the bottom left corner of a table and rolls up and
  ok       4-5: walled boards in the source = walled boards in the PDF (10 / 10)
0 mismatches
