PDF: lowell-math-circle-year-2/week-77/week-77-students.pdf pages 5
PASS student packet has 5 pages
PASS page 1 is US Letter
PASS page 2 is US Letter
PASS page 3 is US Letter
PASS page 4 is US Letter
PASS page 5 is US Letter
p1 square dots {'A': (65.2, 389.8), 'B': (241.0, 389.8), 'C': (241.0, 565.5), 'D': (65.2, 565.5)} edges {'AB': 'dashed', 'AC': 'dashed', 'AD': 'dashed', 'BC': 'dashed', 'CD': 'dashed'}
PASS p1: four dots labelled A-D next to their dots
PASS p1: present edges none solid, the rest dashed; no BD
PASS p1: square sides [6.2, 6.2, 6.2, 6.2] cm (6.2)
PASS p1: diagonal AC 8.77 cm
PASS p1: A top-left, B top-right, C bottom-right, D bottom-left
p2 square dots {'A': (347.3, 225.4), 'B': (523.0, 225.4), 'C': (523.0, 401.1), 'D': (347.3, 401.1)} edges {'AB': 'solid', 'AC': 'dashed', 'AD': 'dashed', 'BC': 'solid', 'CD': 'solid'}
PASS p2: four dots labelled A-D next to their dots
PASS p2: present edges ['AB', 'BC', 'CD'] solid, the rest dashed; no BD
PASS p2: square sides [6.2, 6.2, 6.2, 6.2] cm (6.2)
PASS p2: diagonal AC 8.77 cm
PASS p2: A top-left, B top-right, C bottom-right, D bottom-left
p4 square dots {'A': (347.3, 197.0), 'B': (523.0, 197.0), 'C': (523.0, 372.8), 'D': (347.3, 372.8)} edges {'AB': 'solid', 'AC': 'dashed', 'AD': 'dashed', 'BC': 'solid', 'CD': 'solid'}
PASS p4: four dots labelled A-D next to their dots
PASS p4: present edges ['AB', 'BC', 'CD'] solid, the rest dashed; no BD
PASS p4: square sides [6.2, 6.2, 6.2, 6.2] cm (6.2)
PASS p4: diagonal AC 8.77 cm
PASS p4: A top-left, B top-right, C bottom-right, D bottom-left
p3 joined dots {'A': (138.9, 201.3), 'B': (138.9, 365.7), 'C': (303.3, 283.5), 'D': (467.8, 201.3), 'E': (467.8, 365.7)} edges {'AB': 'dashed', 'AC': 'solid', 'AE': 'solid', 'BC': 'solid', 'BD': 'solid', 'CD': 'solid', 'CE': 'solid', 'DE': 'dashed'}
PASS p3: five dots labelled A-E
PASS p3: AC, BC, CD, CE solid; AB, DE dashed (matches text and guide)
p3: other dot pairs joined by a straight drawn line: {'AE': 'solid', 'BD': 'solid'} (A-C-E and B-C-D are straight lines through C)
PASS p3: AB = DE = 5.8 cm (guide's yarn strips)
PASS p3: board 11.6 cm wide
p5 fan dots {'A': (316.1, 164.4), 'B': (542.9, 164.4), 'C': (542.9, 391.2), 'D': (316.1, 391.2), 'O': (429.5, 277.8)} edges {'AB': 'solid', 'AC': 'solid', 'AD': 'solid', 'AO': 'solid', 'BC': 'solid', 'BD': 'solid', 'BO': 'solid', 'CD': 'solid', 'CO': 'solid', 'DO': 'solid'}
PASS p5: five dots labelled A-D and O
PASS p5: all eight edges solid (matches 'Start with all eight edges')
p5: other pairs: {'AC': 'solid', 'BD': 'solid'} (AC, BD are straight through O)
PASS p5: fan square sides [8.0, 8.0, 8.0, 8.0] cm (8)
PASS p5: O at the centre
PASS p1: one shaded (filled) launch triangle
PASS p1: X, Y, Z each label a different corner of the shaded triangle
p1 token row: ['XY', 'YZ', 'XY', 'YZ', 'XY', 'YZ', 'XZ', 'XZ']
PASS p1: tokens XY YZ -> XY YZ XY YZ XZ -> XZ

32 passed, 0 failed
