ok   student PDF has 4 pages

== Board on student p. 1
ok   145 dots in 29 columns x 5 rows (want 29 x 5)
ok   column pitch 16.560 pt = 0.2300 in = 5.84 mm (guide: 0.23 in, 5.84 mm)
ok   row pitch uniform 48.96 pt
ok   every column has a dot on every level (complete lattice)
ok   coordinate labels -4,-2,...,24 sit under their own columns
ok   level labels 0..4 are on their own rows
ok   step labels by level [(0, 1), (1, 2), (2, 4), (3, 8), (4, 16)] (want step 2^h on level h)
ok   start ring is at coordinate 0, level 0
ok   29 grey column lines join each column from level 0 to level 4
ok   5 row lines extend past both end columns (arrowheads: continuation)
ok   5 white label backings cover no dot []

== Board on student p. 2
ok   145 dots in 29 columns x 5 rows (want 29 x 5)
ok   column pitch 16.560 pt = 0.2300 in = 5.84 mm (guide: 0.23 in, 5.84 mm)
ok   row pitch uniform 48.96 pt
ok   every column has a dot on every level (complete lattice)
ok   coordinate labels -4,-2,...,24 sit under their own columns
ok   level labels 0..4 are on their own rows
ok   step labels by level [(0, 1), (1, 2), (2, 4), (3, 8), (4, 16)] (want step 2^h on level h)
ok   start ring is at coordinate 0, level 0
ok   29 grey column lines join each column from level 0 to level 4
ok   5 row lines extend past both end columns (arrowheads: continuation)
ok   5 white label backings cover no dot []

== Board on student p. 4
ok   145 dots in 29 columns x 5 rows (want 29 x 5)
ok   column pitch 16.560 pt = 0.2300 in = 5.84 mm (guide: 0.23 in, 5.84 mm)
ok   row pitch uniform 48.96 pt
ok   every column has a dot on every level (complete lattice)
ok   coordinate labels -4,-2,...,24 sit under their own columns
ok   level labels 0..4 are on their own rows
ok   step labels by level [(0, 1), (1, 2), (2, 4), (3, 8), (4, 16)] (want step 2^h on level h)
ok   start ring is at coordinate 0, level 0
ok   29 grey column lines join each column from level 0 to level 4
ok   5 row lines extend past both end columns (arrowheads: continuation)
ok   5 white label backings cover no dot []

== Worked example, student p. 1
ok   example nodes [(1, 0), (1, 1), (3, 1), (3, 0)], arrow labels ['U', 'R', 'D']
ok   replaying U, R, D under the rules from (1,0) gives every printed node

RESULT: all checks pass
