Week 47: editable sources vs delivered PDFs


== k-1
PASS  k-1: 5 TeX pages = 5 PDF pages
PASS  k-1 p1: Problem 1 statement in the TeX appears in the PDF ("Make different landscapes with these clues....")
PASS  k-1 p1: 1 task boards in TeX and PDF
PASS  k-1 p1 P1 board: TeX {'sites': 5, 'top': 4, 'dx': [22.0], 'dy': [20.0], 'clues': {'0': 1, '4': 1}, 'shaded': {}, 'star': None} == PDF
PASS  k-1 p1: 0 box rows in TeX and PDF
PASS  k-1 p2: Problem 2 statement in the TeX appears in the PDF ("Put the starred marker as high as you can, then as...")
PASS  k-1 p2: Problem 3 statement in the TeX appears in the PDF ("Move the right clue to 4. Find every landscape tha...")
PASS  k-1 p2: 1 task boards in TeX and PDF
PASS  k-1 p2 P2 board: TeX {'sites': 5, 'top': 4, 'dx': [22.0], 'dy': [20.0], 'clues': {'0': 0, '4': 2}, 'shaded': {}, 'star': 2} == PDF
PASS  k-1 p2 P3 row: TeX ['0', None, None, None, '4'] fixed [True, False, False, False, True] == PDF
PASS  k-1 p2: 1 box rows in TeX and PDF
PASS  k-1 p3: Problem 4 statement in the TeX appears in the PDF ("Which clues can go together? Build the ones that w...")
PASS  k-1 p3: 1 task boards in TeX and PDF
PASS  k-1 p3 P4 board: TeX {'sites': 5, 'top': 3, 'dx': [25.0], 'dy': [20.0], 'clues': {}, 'shaded': {}, 'star': None} == PDF
PASS  k-1 p3 P4 row: TeX ['0', None, '3', None, None] fixed [True, False, True, False, False] == PDF
PASS  k-1 p3 P4 row: TeX ['3', None, None, None, '0'] fixed [True, False, False, False, True] == PDF
PASS  k-1 p3 P4 row: TeX [None, '0', None, '3', None] fixed [False, True, False, True, False] == PDF
PASS  k-1 p3: 3 box rows in TeX and PDF
PASS  k-1 p4: Problem 5 statement in the TeX appears in the PDF ("Make three different landscapes with these clues....")
PASS  k-1 p4: 1 task boards in TeX and PDF
PASS  k-1 p4 P5 board: TeX {'sites': 7, 'top': 5, 'dx': [22.0], 'dy': [20.0], 'clues': {'0': 1, '4': 3, '6': 1}, 'shaded': {}, 'star': None} == PDF
PASS  k-1 p4 P5 row: TeX [None, None, None, None, None, None, None] fixed [False, False, False, False, False, False, False] == PDF
PASS  k-1 p4 P5 row: TeX [None, None, None, None, None, None, None] fixed [False, False, False, False, False, False, False] == PDF
PASS  k-1 p4: 2 box rows in TeX and PDF
PASS  k-1 p5: Problem 6 statement in the TeX appears in the PDF ("Move one white marker one level up or down in its ...")
PASS  k-1 p5: Problem 7 statement in the TeX appears in the PDF ("Replace the old clues with two new clues for a fri...")
PASS  k-1 p5: 1 task boards in TeX and PDF
PASS  k-1 p5 P6 board: TeX {'sites': 5, 'top': 3, 'dx': [22.0], 'dy': [20.0], 'clues': {'0': 1, '4': 1}, 'shaded': {}, 'star': None} == PDF
PASS  k-1 p5 P6 row: TeX ['1', '2', '1', '2', '1'] fixed [True, False, False, False, True] == PDF
PASS  k-1 p5 P6 row: TeX ['1', '0', '0', '0', '1'] fixed [True, False, False, False, True] == PDF
PASS  k-1 p5: 2 box rows in TeX and PDF

== grades-2-3
PASS  grades-2-3: 5 TeX pages = 5 PDF pages
PASS  grades-2-3 p1: Problem 1 statement in the TeX appears in the PDF ("Make four different landscapes with these clues. C...")
PASS  grades-2-3 p1: 1 task boards in TeX and PDF
PASS  grades-2-3 p1 P1 board: TeX {'sites': 5, 'top': 4, 'dx': [22.0], 'dy': [20.0], 'clues': {'0': 1, '4': 1}, 'shaded': {}, 'star': None} == PDF
PASS  grades-2-3 p1: 0 box rows in TeX and PDF
PASS  grades-2-3 p2: Problem 2 statement in the TeX appears in the PDF ("Which heights can the starred marker have? Make a ...")
PASS  grades-2-3 p2: Problem 3 statement in the TeX appears in the PDF ("Keep the left clue at 0. Choose a height for the r...")
PASS  grades-2-3 p2: 1 task boards in TeX and PDF
PASS  grades-2-3 p2 P2 board: TeX {'sites': 5, 'top': 4, 'dx': [22.0], 'dy': [20.0], 'clues': {'0': 0, '4': 2}, 'shaded': {}, 'star': 2} == PDF
PASS  grades-2-3 p2 P3 row: TeX ['0', None, None, None, None] fixed [True, False, False, False, True] == PDF
PASS  grades-2-3 p2: 1 box rows in TeX and PDF
PASS  grades-2-3 p3: Problem 4 statement in the TeX appears in the PDF ("Decide which clue sets can be completed. Build the...")
PASS  grades-2-3 p3: 1 task boards in TeX and PDF
PASS  grades-2-3 p3 P4 board: TeX {'sites': 5, 'top': 3, 'dx': [25.0], 'dy': [20.0], 'clues': {}, 'shaded': {}, 'star': None} == PDF
PASS  grades-2-3 p3 P4 row: TeX ['0', None, '3', None, None] fixed [True, False, True, False, False] == PDF
PASS  grades-2-3 p3 P4 row: TeX ['3', None, None, None, '0'] fixed [True, False, False, False, True] == PDF
PASS  grades-2-3 p3 P4 row: TeX [None, '0', None, '3', None] fixed [False, True, False, True, False] == PDF
PASS  grades-2-3 p3: 3 box rows in TeX and PDF
PASS  grades-2-3 p4: Problem 5 statement in the TeX appears in the PDF ("Make a landscape with the fewest blocks, then one ...")
PASS  grades-2-3 p4: 1 task boards in TeX and PDF
PASS  grades-2-3 p4 P5 board: TeX {'sites': 7, 'top': 5, 'dx': [22.0], 'dy': [20.0], 'clues': {'0': 1, '4': 3, '6': 1}, 'shaded': {}, 'star': None} == PDF
PASS  grades-2-3 p4 P5 row: TeX [None, None, None, None, None, None, None] fixed [False, False, False, False, False, False, False] == PDF
PASS  grades-2-3 p4 P5 row: TeX [None, None, None, None, None, None, None] fixed [False, False, False, False, False, False, False] == PDF
PASS  grades-2-3 p4: 2 box rows in TeX and PDF
PASS  grades-2-3 p5: Problem 6 statement in the TeX appears in the PDF ("Choose two clues on the seven-site board that forc...")
PASS  grades-2-3 p5: Problem 7 statement in the TeX appears in the PDF ("Two clues are 4 steps apart. One is height 1. Whic...")
PASS  grades-2-3 p5: 1 task boards in TeX and PDF
PASS  grades-2-3 p5 P6 board: TeX {'sites': 7, 'top': 6, 'dx': [22.0], 'dy': [20.0], 'clues': {}, 'shaded': {}, 'star': None} == PDF
PASS  grades-2-3 p5: 0 box rows in TeX and PDF

== grades-4-5
PASS  grades-4-5: 5 TeX pages = 5 PDF pages
PASS  grades-4-5 p1: Problem 1 statement in the TeX appears in the PDF ("Make four different landscapes with these clues. C...")
PASS  grades-4-5 p1: 1 task boards in TeX and PDF
PASS  grades-4-5 p1 P1 board: TeX {'sites': 5, 'top': 4, 'dx': [22.0], 'dy': [20.0], 'clues': {'0': 1, '4': 1}, 'shaded': {}, 'star': None} == PDF
PASS  grades-4-5 p1: 0 box rows in TeX and PDF
PASS  grades-4-5 p2: Problem 2 statement in the TeX appears in the PDF ("Which heights can the starred marker have? Make a ...")
PASS  grades-4-5 p2: Problem 3 statement in the TeX appears in the PDF ("Keep the left clue at 0. Choose a height for the r...")
PASS  grades-4-5 p2: 1 task boards in TeX and PDF
PASS  grades-4-5 p2 P2 board: TeX {'sites': 5, 'top': 4, 'dx': [22.0], 'dy': [20.0], 'clues': {'0': 0, '4': 2}, 'shaded': {}, 'star': 2} == PDF
PASS  grades-4-5 p2 P3 row: TeX ['0', None, None, None, None] fixed [True, False, False, False, True] == PDF
PASS  grades-4-5 p2: 1 box rows in TeX and PDF
PASS  grades-4-5 p3: Problem 4 statement in the TeX appears in the PDF ("Decide which clue sets can be completed. Build the...")
PASS  grades-4-5 p3: 1 task boards in TeX and PDF
PASS  grades-4-5 p3 P4 board: TeX {'sites': 5, 'top': 3, 'dx': [25.0], 'dy': [20.0], 'clues': {}, 'shaded': {}, 'star': None} == PDF
PASS  grades-4-5 p3 P4 row: TeX ['0', None, '3', None, None] fixed [True, False, True, False, False] == PDF
PASS  grades-4-5 p3 P4 row: TeX ['3', None, None, None, '0'] fixed [True, False, False, False, True] == PDF
PASS  grades-4-5 p3 P4 row: TeX [None, '0', None, '3', None] fixed [False, True, False, True, False] == PDF
PASS  grades-4-5 p3: 3 box rows in TeX and PDF
PASS  grades-4-5 p4: Problem 5 statement in the TeX appears in the PDF ("Make one landscape that is as low as possible at e...")
PASS  grades-4-5 p4: 1 task boards in TeX and PDF
PASS  grades-4-5 p4 P5 board: TeX {'sites': 7, 'top': 5, 'dx': [22.0], 'dy': [20.0], 'clues': {'0': 1, '4': 3, '6': 1}, 'shaded': {}, 'star': None} == PDF
PASS  grades-4-5 p4 P5 row: TeX [None, None, None, None, None, None, None] fixed [False, False, False, False, False, False, False] == PDF
PASS  grades-4-5 p4 P5 row: TeX [None, None, None, None, None, None, None] fixed [False, False, False, False, False, False, False] == PDF
PASS  grades-4-5 p4: 2 box rows in TeX and PDF
PASS  grades-4-5 p5: Problem 6 statement in the TeX appears in the PDF ("A single clue is fixed at height 2. The shaded mar...")
PASS  grades-4-5 p5: Problem 7 statement in the TeX appears in the PDF ("A row has at least one clue. Suppose every pair of...")
PASS  grades-4-5 p5: 1 task boards in TeX and PDF
PASS  grades-4-5 p5 P6 board: TeX {'sites': 7, 'top': 5, 'dx': [22.0], 'dy': [20.0], 'clues': {'3': 2}, 'shaded': {'1': [0, 1, 2, 3, 4], '2': [1, 2, 3], '4': [1, 2, 3], '5': [0, 1, 2, 3, 4]}, 'star': None} == PDF
PASS  grades-4-5 p5: 0 box rows in TeX and PDF

== bonus builder literals vs PDF
PASS  build.py: row A=0,D=3; rings of 5 with clues A=0,D=3 and A=0,D=2
PASS  build.py: Start 1,2,3,2,1,0,1 and Finish 1,0,1,2,3,2,1
PASS  PDF start/finish rows agree
PASS  build.py: six-ring with A=1, D=1; budgets 2,5,8,10,11

Summary: 93 checks, 0 failures
