Week 47 PDF extraction (delivered PDFs, read with pdftocairo/pdftotext)


== Delivered PDFs match the reference copies in the source folders
PASS  k-1: delivered MD5 == reference MD5 (1e91b305ca9a550587167f980761230e)
PASS  grades-2-3: delivered MD5 == reference MD5 (49817837abe118361f7f098da8166682)
PASS  grades-4-5: delivered MD5 == reference MD5 (80618e30d0c334f5715e97a60b98fe81)
PASS  guide: delivered MD5 == reference MD5 (9d00ee08aa9bbd06ad6bc09d79ae7ec0)
PASS  bonus: delivered MD5 == reference MD5 (58b3ac01e9c6d061eeba979fb07cc374)
PASS  bonus-guide: delivered MD5 == reference MD5 (01d5c29b5b7960a898b30399a21dd8ed)

== Base bands: transcription and structural checks
PASS  k-1: problems numbered consecutively [1, 2, 3, 4, 5, 6, 7]
NOTE  k-1 p1 launch board: 4 sites x levels 0..2, pitch [11.0, 11.001] / [9.999, 10.001] mm (checked as the launch strip below)
NOTE  k-1 p1 P1 board: 5 sites x levels 0..4, site pitch [22.0] mm, level pitch [19.999, 20.0, 20.001] mm, clues {'0': 1, '4': 1}, star None, shaded {}
PASS  k-1 p1 P1: a grid point at every site and level (25)
PASS  k-1 p1 P1: level labels 0..4 in order
PASS  k-1 p1 P1: site labels 0..4 in order
PASS  k-1 p1 P1: every clue disc prints the level it sits on {'0': '1', '4': '1'}
PASS  k-1 p1 P1: every disc sits exactly on a grid point
PASS  k-1 p1 P1: uniform spacing
NOTE  k-1 p1 PNone towers [1, 2, 2, 1] labels ['1', '2', '2', '1'] caption "allowed"
PASS  k-1 p1: tower labels match stacked squares [1, 2, 2, 1]
NOTE  k-1 p1 P1 towers [1, 3, 2] labels ['1', '3', '2'] caption ""
PASS  k-1 p1: tower labels match stacked squares [1, 3, 2]
NOTE  k-1 launch strip: marker levels [1, 2, 2, 1] on 3 levels; boxed row ['1', '2', '2', '1']
PASS  k-1 launch: towers [1, 2, 2, 1] -> markers [1, 2, 2, 1] -> boxed row ['1', '2', '2', '1'] agree
PASS  k-1 launch: the "allowed" example is legal
PASS  k-1 launch: the "jump too big" example [1, 3, 2] really has a jump > 1
NOTE  k-1 p2 P2 board: 5 sites x levels 0..4, site pitch [22.0] mm, level pitch [19.999, 20.001] mm, clues {'0': 0, '4': 2}, star 2, shaded {}
PASS  k-1 p2 P2: a grid point at every site and level (25)
PASS  k-1 p2 P2: level labels 0..4 in order
PASS  k-1 p2 P2: site labels 0..4 in order
PASS  k-1 p2 P2: every clue disc prints the level it sits on {'0': '0', '4': '2'}
PASS  k-1 p2 P2: every disc sits exactly on a grid point
PASS  k-1 p2 P2: uniform spacing
PASS  k-1 p2 P2: star centred over site 2 (offset 0.00 pt)
NOTE  k-1 p2 P3 row: values ['0', None, None, None, '4'] fixed [True, False, False, False, True] labels ['0', '1', '2', '3', '4'] box 20.0x12.0 mm pitch [22.0]
PASS  k-1 p2 P3: row site labels 0..4
PASS  k-1 p2 P3: printed values exactly in shaded boxes (P6 K-1 prints whole landscapes)
NOTE  k-1 p3 P4 board: 5 sites x levels 0..3, site pitch [24.999, 25.0] mm, level pitch [19.999, 20.001] mm, clues {}, star None, shaded {}
PASS  k-1 p3 P4: a grid point at every site and level (20)
PASS  k-1 p3 P4: level labels 0..3 in order
PASS  k-1 p3 P4: site labels 0..4 in order
PASS  k-1 p3 P4: every clue disc prints the level it sits on {}
PASS  k-1 p3 P4: every disc sits exactly on a grid point
PASS  k-1 p3 P4: uniform spacing
NOTE  k-1 p3 P4 row: values ['0', None, '3', None, None] fixed [True, False, True, False, False] labels ['0', '1', '2', '3', '4'] box 20.0x12.0 mm pitch [22.0]
PASS  k-1 p3 P4: row site labels 0..4
PASS  k-1 p3 P4: printed values exactly in shaded boxes (P6 K-1 prints whole landscapes)
NOTE  k-1 p3 P4 row: values ['3', None, None, None, '0'] fixed [True, False, False, False, True] labels ['0', '1', '2', '3', '4'] box 20.0x12.0 mm pitch [22.0]
PASS  k-1 p3 P4: row site labels 0..4
PASS  k-1 p3 P4: printed values exactly in shaded boxes (P6 K-1 prints whole landscapes)
NOTE  k-1 p3 P4 row: values [None, '0', None, '3', None] fixed [False, True, False, True, False] labels ['0', '1', '2', '3', '4'] box 20.0x12.0 mm pitch [22.0]
PASS  k-1 p3 P4: row site labels 0..4
PASS  k-1 p3 P4: printed values exactly in shaded boxes (P6 K-1 prints whole landscapes)
NOTE  k-1 p4 P5 board: 7 sites x levels 0..5, site pitch [21.999, 22.0] mm, level pitch [19.999, 20.0, 20.001] mm, clues {'0': 1, '4': 3, '6': 1}, star None, shaded {}
PASS  k-1 p4 P5: a grid point at every site and level (42)
PASS  k-1 p4 P5: level labels 0..5 in order
PASS  k-1 p4 P5: site labels 0..6 in order
PASS  k-1 p4 P5: every clue disc prints the level it sits on {'0': '1', '4': '3', '6': '1'}
PASS  k-1 p4 P5: every disc sits exactly on a grid point
PASS  k-1 p4 P5: uniform spacing
NOTE  k-1 p4 P5 row: values [None, None, None, None, None, None, None] fixed [False, False, False, False, False, False, False] labels ['0', '1', '2', '3', '4', '5', '6'] box 21.0x12.0 mm pitch [23.0]
PASS  k-1 p4 P5: row site labels 0..6
PASS  k-1 p4 P5: printed values exactly in shaded boxes (P6 K-1 prints whole landscapes)
NOTE  k-1 p4 P5 row: values [None, None, None, None, None, None, None] fixed [False, False, False, False, False, False, False] labels ['0', '1', '2', '3', '4', '5', '6'] box 21.0x12.0 mm pitch [23.0]
PASS  k-1 p4 P5: row site labels 0..6
PASS  k-1 p4 P5: printed values exactly in shaded boxes (P6 K-1 prints whole landscapes)
NOTE  k-1 p5 P6 board: 5 sites x levels 0..3, site pitch [22.0] mm, level pitch [20.0, 20.001] mm, clues {'0': 1, '4': 1}, star None, shaded {}
PASS  k-1 p5 P6: a grid point at every site and level (20)
PASS  k-1 p5 P6: level labels 0..3 in order
PASS  k-1 p5 P6: site labels 0..4 in order
PASS  k-1 p5 P6: every clue disc prints the level it sits on {'0': '1', '4': '1'}
PASS  k-1 p5 P6: every disc sits exactly on a grid point
PASS  k-1 p5 P6: uniform spacing
NOTE  k-1 p5 P6 row: values ['1', '2', '1', '2', '1'] fixed [True, False, False, False, True] labels ['0', '1', '2', '3', '4'] box 23.0x12.0 mm pitch [25.0]
PASS  k-1 p5 P6: row site labels 0..4
PASS  k-1 p5 P6: printed values exactly in shaded boxes (P6 K-1 prints whole landscapes)
NOTE  k-1 p5 P6 row: values ['1', '0', '0', '0', '1'] fixed [True, False, False, False, True] labels ['0', '1', '2', '3', '4'] box 23.0x12.0 mm pitch [25.0]
PASS  k-1 p5 P6: row site labels 0..4
PASS  k-1 p5 P6: printed values exactly in shaded boxes (P6 K-1 prints whole landscapes)
PASS  grades-2-3: problems numbered consecutively [1, 2, 3, 4, 5, 6, 7]
NOTE  grades-2-3 p1 launch board: 4 sites x levels 0..2, pitch [11.0, 11.001] / [9.999, 10.001] mm (checked as the launch strip below)
NOTE  grades-2-3 p1 P1 board: 5 sites x levels 0..4, site pitch [22.0] mm, level pitch [19.999, 20.0, 20.001] mm, clues {'0': 1, '4': 1}, star None, shaded {}
PASS  grades-2-3 p1 P1: a grid point at every site and level (25)
PASS  grades-2-3 p1 P1: level labels 0..4 in order
PASS  grades-2-3 p1 P1: site labels 0..4 in order
PASS  grades-2-3 p1 P1: every clue disc prints the level it sits on {'0': '1', '4': '1'}
PASS  grades-2-3 p1 P1: every disc sits exactly on a grid point
PASS  grades-2-3 p1 P1: uniform spacing
NOTE  grades-2-3 p1 PNone towers [1, 2, 2, 1] labels ['1', '2', '2', '1'] caption "allowed"
PASS  grades-2-3 p1: tower labels match stacked squares [1, 2, 2, 1]
NOTE  grades-2-3 p1 P1 towers [1, 3, 2] labels ['1', '3', '2'] caption ""
PASS  grades-2-3 p1: tower labels match stacked squares [1, 3, 2]
NOTE  grades-2-3 launch strip: marker levels [1, 2, 2, 1] on 3 levels; boxed row ['1', '2', '2', '1']
PASS  grades-2-3 launch: towers [1, 2, 2, 1] -> markers [1, 2, 2, 1] -> boxed row ['1', '2', '2', '1'] agree
PASS  grades-2-3 launch: the "allowed" example is legal
PASS  grades-2-3 launch: the "jump too big" example [1, 3, 2] really has a jump > 1
NOTE  grades-2-3 p2 P2 board: 5 sites x levels 0..4, site pitch [22.0] mm, level pitch [19.999, 20.001] mm, clues {'0': 0, '4': 2}, star 2, shaded {}
PASS  grades-2-3 p2 P2: a grid point at every site and level (25)
PASS  grades-2-3 p2 P2: level labels 0..4 in order
PASS  grades-2-3 p2 P2: site labels 0..4 in order
PASS  grades-2-3 p2 P2: every clue disc prints the level it sits on {'0': '0', '4': '2'}
PASS  grades-2-3 p2 P2: every disc sits exactly on a grid point
PASS  grades-2-3 p2 P2: uniform spacing
PASS  grades-2-3 p2 P2: star centred over site 2 (offset 0.00 pt)
NOTE  grades-2-3 p2 P3 row: values ['0', None, None, None, None] fixed [True, False, False, False, True] labels ['0', '1', '2', '3', '4'] box 20.0x12.0 mm pitch [22.0]
PASS  grades-2-3 p2 P3: row site labels 0..4
PASS  grades-2-3 p2 P3: printed values exactly in shaded boxes (P6 K-1 prints whole landscapes)
NOTE  grades-2-3 p3 P4 board: 5 sites x levels 0..3, site pitch [24.999, 25.0] mm, level pitch [19.999, 20.001] mm, clues {}, star None, shaded {}
PASS  grades-2-3 p3 P4: a grid point at every site and level (20)
PASS  grades-2-3 p3 P4: level labels 0..3 in order
PASS  grades-2-3 p3 P4: site labels 0..4 in order
PASS  grades-2-3 p3 P4: every clue disc prints the level it sits on {}
PASS  grades-2-3 p3 P4: every disc sits exactly on a grid point
PASS  grades-2-3 p3 P4: uniform spacing
NOTE  grades-2-3 p3 P4 row: values ['0', None, '3', None, None] fixed [True, False, True, False, False] labels ['0', '1', '2', '3', '4'] box 20.0x12.0 mm pitch [22.0]
PASS  grades-2-3 p3 P4: row site labels 0..4
PASS  grades-2-3 p3 P4: printed values exactly in shaded boxes (P6 K-1 prints whole landscapes)
NOTE  grades-2-3 p3 P4 row: values ['3', None, None, None, '0'] fixed [True, False, False, False, True] labels ['0', '1', '2', '3', '4'] box 20.0x12.0 mm pitch [22.0]
PASS  grades-2-3 p3 P4: row site labels 0..4
PASS  grades-2-3 p3 P4: printed values exactly in shaded boxes (P6 K-1 prints whole landscapes)
NOTE  grades-2-3 p3 P4 row: values [None, '0', None, '3', None] fixed [False, True, False, True, False] labels ['0', '1', '2', '3', '4'] box 20.0x12.0 mm pitch [22.0]
PASS  grades-2-3 p3 P4: row site labels 0..4
PASS  grades-2-3 p3 P4: printed values exactly in shaded boxes (P6 K-1 prints whole landscapes)
NOTE  grades-2-3 p4 P5 board: 7 sites x levels 0..5, site pitch [21.999, 22.0] mm, level pitch [19.999, 20.0, 20.001] mm, clues {'0': 1, '4': 3, '6': 1}, star None, shaded {}
PASS  grades-2-3 p4 P5: a grid point at every site and level (42)
PASS  grades-2-3 p4 P5: level labels 0..5 in order
PASS  grades-2-3 p4 P5: site labels 0..6 in order
PASS  grades-2-3 p4 P5: every clue disc prints the level it sits on {'0': '1', '4': '3', '6': '1'}
PASS  grades-2-3 p4 P5: every disc sits exactly on a grid point
PASS  grades-2-3 p4 P5: uniform spacing
NOTE  grades-2-3 p4 P5 row: values [None, None, None, None, None, None, None] fixed [False, False, False, False, False, False, False] labels ['0', '1', '2', '3', '4', '5', '6'] box 21.0x12.0 mm pitch [23.0]
PASS  grades-2-3 p4 P5: row site labels 0..6
PASS  grades-2-3 p4 P5: printed values exactly in shaded boxes (P6 K-1 prints whole landscapes)
NOTE  grades-2-3 p4 P5 row: values [None, None, None, None, None, None, None] fixed [False, False, False, False, False, False, False] labels ['0', '1', '2', '3', '4', '5', '6'] box 21.0x12.0 mm pitch [23.0]
PASS  grades-2-3 p4 P5: row site labels 0..6
PASS  grades-2-3 p4 P5: printed values exactly in shaded boxes (P6 K-1 prints whole landscapes)
NOTE  grades-2-3 p5 P6 board: 7 sites x levels 0..6, site pitch [21.999, 22.0] mm, level pitch [19.999, 20.0, 20.001] mm, clues {}, star None, shaded {}
PASS  grades-2-3 p5 P6: a grid point at every site and level (49)
PASS  grades-2-3 p5 P6: level labels 0..6 in order
PASS  grades-2-3 p5 P6: site labels 0..6 in order
PASS  grades-2-3 p5 P6: every clue disc prints the level it sits on {}
PASS  grades-2-3 p5 P6: every disc sits exactly on a grid point
PASS  grades-2-3 p5 P6: uniform spacing
PASS  grades-4-5: problems numbered consecutively [1, 2, 3, 4, 5, 6, 7]
NOTE  grades-4-5 p1 launch board: 4 sites x levels 0..2, pitch [11.0, 11.001] / [9.999, 10.001] mm (checked as the launch strip below)
NOTE  grades-4-5 p1 P1 board: 5 sites x levels 0..4, site pitch [22.0] mm, level pitch [19.999, 20.0, 20.001] mm, clues {'0': 1, '4': 1}, star None, shaded {}
PASS  grades-4-5 p1 P1: a grid point at every site and level (25)
PASS  grades-4-5 p1 P1: level labels 0..4 in order
PASS  grades-4-5 p1 P1: site labels 0..4 in order
PASS  grades-4-5 p1 P1: every clue disc prints the level it sits on {'0': '1', '4': '1'}
PASS  grades-4-5 p1 P1: every disc sits exactly on a grid point
PASS  grades-4-5 p1 P1: uniform spacing
NOTE  grades-4-5 p1 PNone towers [1, 2, 2, 1] labels ['1', '2', '2', '1'] caption "allowed"
PASS  grades-4-5 p1: tower labels match stacked squares [1, 2, 2, 1]
NOTE  grades-4-5 p1 P1 towers [1, 3, 2] labels ['1', '3', '2'] caption ""
PASS  grades-4-5 p1: tower labels match stacked squares [1, 3, 2]
NOTE  grades-4-5 launch strip: marker levels [1, 2, 2, 1] on 3 levels; boxed row ['1', '2', '2', '1']
PASS  grades-4-5 launch: towers [1, 2, 2, 1] -> markers [1, 2, 2, 1] -> boxed row ['1', '2', '2', '1'] agree
PASS  grades-4-5 launch: the "allowed" example is legal
PASS  grades-4-5 launch: the "jump too big" example [1, 3, 2] really has a jump > 1
NOTE  grades-4-5 p2 P2 board: 5 sites x levels 0..4, site pitch [22.0] mm, level pitch [19.999, 20.001] mm, clues {'0': 0, '4': 2}, star 2, shaded {}
PASS  grades-4-5 p2 P2: a grid point at every site and level (25)
PASS  grades-4-5 p2 P2: level labels 0..4 in order
PASS  grades-4-5 p2 P2: site labels 0..4 in order
PASS  grades-4-5 p2 P2: every clue disc prints the level it sits on {'0': '0', '4': '2'}
PASS  grades-4-5 p2 P2: every disc sits exactly on a grid point
PASS  grades-4-5 p2 P2: uniform spacing
PASS  grades-4-5 p2 P2: star centred over site 2 (offset 0.00 pt)
NOTE  grades-4-5 p2 P3 row: values ['0', None, None, None, None] fixed [True, False, False, False, True] labels ['0', '1', '2', '3', '4'] box 20.0x12.0 mm pitch [22.0]
PASS  grades-4-5 p2 P3: row site labels 0..4
PASS  grades-4-5 p2 P3: printed values exactly in shaded boxes (P6 K-1 prints whole landscapes)
NOTE  grades-4-5 p3 P4 board: 5 sites x levels 0..3, site pitch [24.999, 25.0] mm, level pitch [19.999, 20.001] mm, clues {}, star None, shaded {}
PASS  grades-4-5 p3 P4: a grid point at every site and level (20)
PASS  grades-4-5 p3 P4: level labels 0..3 in order
PASS  grades-4-5 p3 P4: site labels 0..4 in order
PASS  grades-4-5 p3 P4: every clue disc prints the level it sits on {}
PASS  grades-4-5 p3 P4: every disc sits exactly on a grid point
PASS  grades-4-5 p3 P4: uniform spacing
NOTE  grades-4-5 p3 P4 row: values ['0', None, '3', None, None] fixed [True, False, True, False, False] labels ['0', '1', '2', '3', '4'] box 20.0x12.0 mm pitch [22.0]
PASS  grades-4-5 p3 P4: row site labels 0..4
PASS  grades-4-5 p3 P4: printed values exactly in shaded boxes (P6 K-1 prints whole landscapes)
NOTE  grades-4-5 p3 P4 row: values ['3', None, None, None, '0'] fixed [True, False, False, False, True] labels ['0', '1', '2', '3', '4'] box 20.0x12.0 mm pitch [22.0]
PASS  grades-4-5 p3 P4: row site labels 0..4
PASS  grades-4-5 p3 P4: printed values exactly in shaded boxes (P6 K-1 prints whole landscapes)
NOTE  grades-4-5 p3 P4 row: values [None, '0', None, '3', None] fixed [False, True, False, True, False] labels ['0', '1', '2', '3', '4'] box 20.0x12.0 mm pitch [22.0]
PASS  grades-4-5 p3 P4: row site labels 0..4
PASS  grades-4-5 p3 P4: printed values exactly in shaded boxes (P6 K-1 prints whole landscapes)
NOTE  grades-4-5 p4 P5 board: 7 sites x levels 0..5, site pitch [21.999, 22.0] mm, level pitch [19.999, 20.0, 20.001] mm, clues {'0': 1, '4': 3, '6': 1}, star None, shaded {}
PASS  grades-4-5 p4 P5: a grid point at every site and level (42)
PASS  grades-4-5 p4 P5: level labels 0..5 in order
PASS  grades-4-5 p4 P5: site labels 0..6 in order
PASS  grades-4-5 p4 P5: every clue disc prints the level it sits on {'0': '1', '4': '3', '6': '1'}
PASS  grades-4-5 p4 P5: every disc sits exactly on a grid point
PASS  grades-4-5 p4 P5: uniform spacing
NOTE  grades-4-5 p4 P5 row: values [None, None, None, None, None, None, None] fixed [False, False, False, False, False, False, False] labels ['0', '1', '2', '3', '4', '5', '6'] box 21.0x12.0 mm pitch [23.0]
PASS  grades-4-5 p4 P5: row site labels 0..6
PASS  grades-4-5 p4 P5: printed values exactly in shaded boxes (P6 K-1 prints whole landscapes)
NOTE  grades-4-5 p4 P5 row: values [None, None, None, None, None, None, None] fixed [False, False, False, False, False, False, False] labels ['0', '1', '2', '3', '4', '5', '6'] box 21.0x12.0 mm pitch [23.0]
PASS  grades-4-5 p4 P5: row site labels 0..6
PASS  grades-4-5 p4 P5: printed values exactly in shaded boxes (P6 K-1 prints whole landscapes)
NOTE  grades-4-5 p5 P6 board: 7 sites x levels 0..5, site pitch [21.999, 22.0] mm, level pitch [19.999, 20.0, 20.001] mm, clues {'3': 2}, star None, shaded {'1': [0, 1, 2, 3, 4], '2': [1, 2, 3], '4': [1, 2, 3], '5': [0, 1, 2, 3, 4]}
PASS  grades-4-5 p5 P6: a grid point at every site and level (42)
PASS  grades-4-5 p5 P6: level labels 0..5 in order
PASS  grades-4-5 p5 P6: site labels 0..6 in order
PASS  grades-4-5 p5 P6: every clue disc prints the level it sits on {'3': '2'}
PASS  grades-4-5 p5 P6: every disc sits exactly on a grid point
PASS  grades-4-5 p5 P6: uniform spacing

== Bonus: transcription
NOTE  bonus p1 header Week 47 / Gentle-step landscapes / Grades 2-5 problems [1]
NOTE    node A clue=True value=0 side 21.87 mm at (95.0, 274.0); letter 41.8 pt away, next letter 112.1 pt
NOTE    node B clue=False value=None side 21.87 mm at (199.0, 274.0); letter 41.8 pt away, next letter 109.9 pt
NOTE    node C clue=False value=None side 21.87 mm at (303.0, 274.0); letter 41.8 pt away, next letter 112.1 pt
NOTE    node D clue=True value=3 side 21.87 mm at (407.0, 274.0); letter 41.8 pt away, next letter 110.9 pt
NOTE    node E clue=False value=None side 21.87 mm at (511.0, 274.0); letter 41.8 pt away, next letter 112.1 pt
NOTE    node A clue=True value=0 side 21.87 mm at (167.0, 428.0); letter 48.8 pt away, next letter 134.5 pt
NOTE    node B clue=False value=None side 21.87 mm at (245.9, 485.4); letter 51.5 pt away, next letter 73.8 pt
NOTE    node C clue=False value=None side 21.87 mm at (215.8, 578.1); letter 60.7 pt away, next letter 134.3 pt
NOTE    node D clue=True value=3 side 21.87 mm at (118.2, 578.1); letter 60.7 pt away, next letter 134.3 pt
NOTE    node E clue=False value=None side 21.87 mm at (88.1, 485.4); letter 51.5 pt away, next letter 132.3 pt
NOTE    node A clue=True value=0 side 21.87 mm at (446.0, 428.0); letter 48.8 pt away, next letter 134.5 pt
NOTE    node B clue=False value=None side 21.87 mm at (524.9, 485.4); letter 51.5 pt away, next letter 132.3 pt
NOTE    node C clue=False value=None side 21.87 mm at (494.8, 578.1); letter 60.7 pt away, next letter 134.3 pt
NOTE    node D clue=True value=2 side 21.87 mm at (397.2, 578.1); letter 60.7 pt away, next letter 134.3 pt
NOTE    node E clue=False value=None side 21.87 mm at (367.1, 485.4); letter 51.5 pt away, next letter 73.8 pt
NOTE    edges ['AB', 'BC', 'CD', 'DE', 'AB', 'BC', 'CD', 'DE', 'EA', 'AB', 'BC', 'CD', 'DE', 'EA']
NOTE  bonus p2 header Week 47 / Gentle-step landscapes / Grades 4-5 problems [2]
NOTE    marker board {'columns': 7, 'levels': 5, 'col_labels': ['A', 'B', 'C', 'D', 'E', 'F', 'G'], 'dx_mm': [24.34], 'dy_mm': [20.11], 'dots': [(0, 1, 0.0), (6, 1, 0.0)]}
NOTE    row {'title': 'Start', 'values': ['1', '2', '3', '2', '1', '0', '1'], 'fixed': [True, False, False, False, False, False, True]}
NOTE    row {'title': 'Finish', 'values': ['1', '0', '1', '2', '3', '2', '1'], 'fixed': [True, False, False, False, False, False, True]}
NOTE  bonus p3 header Week 47 / Gentle-step landscapes / Grades K-5 problems [3]
NOTE    node A clue=True value=1 side 23.99 mm at (306.0, 204.0); letter 51.8 pt away, next letter 178.8 pt
NOTE    node B clue=False value=None side 23.99 mm at (428.1, 274.5); letter 60.0 pt away, next letter 172.8 pt
NOTE    node C clue=False value=None side 23.99 mm at (428.1, 415.5); letter 60.1 pt away, next letter 173.1 pt
NOTE    node D clue=True value=1 side 23.99 mm at (306.0, 486.0); letter 52.2 pt away, next letter 178.7 pt
NOTE    node E clue=False value=None side 23.99 mm at (183.9, 415.5); letter 60.1 pt away, next letter 173.1 pt
NOTE    node F clue=False value=None side 23.99 mm at (183.9, 274.5); letter 60.0 pt away, next letter 172.8 pt
NOTE    edges ['AB', 'BC', 'CD', 'DE', 'EF', 'FA']
NOTE    budgets ['2', '5', '8', '10', '11'], 5 answer slots
PASS  bonus: problems numbered 1, 2, 3

Summary: 158 checks, 0 failures
