== Rings: dots, spacing, scaling, labels
K1 p1: ring at (306.0,323.2) R=147.60pt (4.10 in across) n=4 gap-spread=0.0000 deg top-dot=True round=True black-start=True label=('4', None)
K1 p1: ring at (133.2,595.7) R=64.80pt (1.80 in across) n=4 gap-spread=0.0000 deg top-dot=True round=True black-start=True label=('4', '1')
K1 p1: ring at (306.0,595.7) R=64.80pt (1.80 in across) n=4 gap-spread=0.0000 deg top-dot=True round=True black-start=True label=('4', '2')
K1 p1: ring at (478.8,595.7) R=64.80pt (1.80 in across) n=4 gap-spread=0.0000 deg top-dot=True round=True black-start=True label=('4', '3')
K1 p2: ring at (306.0,275.3) R=147.60pt (4.10 in across) n=5 gap-spread=0.0021 deg top-dot=True round=True black-start=True label=('5', None)
K1 p2: ring at (133.2,547.7) R=64.80pt (1.80 in across) n=5 gap-spread=0.0035 deg top-dot=True round=True black-start=True label=('5', '1')
K1 p2: ring at (306.0,547.7) R=64.80pt (1.80 in across) n=5 gap-spread=0.0035 deg top-dot=True round=True black-start=True label=('5', '2')
K1 p2: ring at (478.8,547.7) R=64.80pt (1.80 in across) n=5 gap-spread=0.0035 deg top-dot=True round=True black-start=True label=('5', '3')
K1 p3: ring at (306.0,275.3) R=147.60pt (4.10 in across) n=6 gap-spread=0.0033 deg top-dot=True round=True black-start=True label=('6', None)
K1 p3: ring at (133.2,547.7) R=64.80pt (1.80 in across) n=6 gap-spread=0.0006 deg top-dot=True round=True black-start=True label=('6', '1')
K1 p3: ring at (306.0,547.7) R=64.80pt (1.80 in across) n=6 gap-spread=0.0006 deg top-dot=True round=True black-start=True label=('6', '2')
K1 p3: ring at (478.8,547.7) R=64.80pt (1.80 in across) n=6 gap-spread=0.0006 deg top-dot=True round=True black-start=True label=('6', '3')
K1 p4: ring at (177.6,225.8) R=99.36pt (2.76 in across) n=6 gap-spread=0.0017 deg top-dot=True round=True black-start=True label=('6', '2')
K1 p4: ring at (434.4,225.8) R=99.36pt (2.76 in across) n=6 gap-spread=0.0017 deg top-dot=True round=True black-start=True label=('6', '3')
K1 p4: ring at (177.6,518.4) R=99.36pt (2.76 in across) n=8 gap-spread=0.0000 deg top-dot=True round=True black-start=True label=('8', '2')
K1 p4: ring at (434.4,518.4) R=99.36pt (2.76 in across) n=8 gap-spread=0.0000 deg top-dot=True round=True black-start=True label=('8', '3')
K1 p5: ring at (109.4,594.0) R=47.52pt (1.32 in across) n=5 gap-spread=0.0187 deg top-dot=True round=True black-start=True label=('5', None)
K1 p5: ring at (240.5,594.0) R=47.52pt (1.32 in across) n=5 gap-spread=0.0187 deg top-dot=True round=True black-start=True label=('5', None)
K1 p5: ring at (371.5,594.0) R=47.52pt (1.32 in across) n=6 gap-spread=0.0027 deg top-dot=True round=True black-start=True label=('6', None)
K1 p5: ring at (502.6,594.0) R=47.52pt (1.32 in across) n=6 gap-spread=0.0027 deg top-dot=True round=True black-start=True label=('6', None)
K1 p6: ring at (306.0,294.2) R=147.60pt (4.10 in across) n=7 gap-spread=0.0024 deg top-dot=True round=True black-start=True label=('7', None)
K1 p6: ring at (133.2,566.7) R=64.80pt (1.80 in across) n=7 gap-spread=0.0050 deg top-dot=True round=True black-start=True label=('7', '1')
K1 p6: ring at (306.0,566.7) R=64.80pt (1.80 in across) n=7 gap-spread=0.0050 deg top-dot=True round=True black-start=True label=('7', '2')
K1 p6: ring at (478.8,566.7) R=64.80pt (1.80 in across) n=7 gap-spread=0.0050 deg top-dot=True round=True black-start=True label=('7', '3')
K1 p7: ring at (306.0,275.3) R=147.60pt (4.10 in across) n=7 gap-spread=0.0024 deg top-dot=True round=True black-start=True label=('7', None)
K1 p7: ring at (133.2,547.7) R=64.80pt (1.80 in across) n=7 gap-spread=0.0050 deg top-dot=True round=True black-start=True label=('7', '4')
K1 p7: ring at (306.0,547.7) R=64.80pt (1.80 in across) n=7 gap-spread=0.0050 deg top-dot=True round=True black-start=True label=('7', '5')
K1 p7: ring at (478.8,547.7) R=64.80pt (1.80 in across) n=7 gap-spread=0.0050 deg top-dot=True round=True black-start=True label=('7', '6')
M p1: ring at (175.2,275.7) R=93.60pt (2.60 in across) n=8 gap-spread=0.0000 deg top-dot=True round=True black-start=False label=('8', '1')
M p1: ring at (436.8,275.7) R=93.60pt (2.60 in across) n=8 gap-spread=0.0000 deg top-dot=True round=True black-start=False label=('8', '2')
M p1: ring at (175.2,543.1) R=93.60pt (2.60 in across) n=8 gap-spread=0.0000 deg top-dot=True round=True black-start=False label=('8', '3')
M p1: ring at (436.8,543.1) R=93.60pt (2.60 in across) n=8 gap-spread=0.0000 deg top-dot=True round=True black-start=False label=('8', '4')
M p2: ring at (175.2,224.5) R=93.60pt (2.60 in across) n=10 gap-spread=0.0035 deg top-dot=True round=True black-start=False label=('10', '2')
M p2: ring at (436.8,224.5) R=93.60pt (2.60 in across) n=10 gap-spread=0.0035 deg top-dot=True round=True black-start=False label=('10', '3')
M p2: ring at (175.2,495.5) R=93.60pt (2.60 in across) n=10 gap-spread=0.0035 deg top-dot=True round=True black-start=False label=('10', '4')
M p2: ring at (436.8,495.5) R=93.60pt (2.60 in across) n=10 gap-spread=0.0035 deg top-dot=True round=True black-start=False label=('10', '5')
M p3: ring at (131.0,199.3) R=72.00pt (2.00 in across) n=12 gap-spread=0.0010 deg top-dot=True round=True black-start=False label=('12', '2')
M p3: ring at (306.0,199.3) R=72.00pt (2.00 in across) n=12 gap-spread=0.0010 deg top-dot=True round=True black-start=False label=('12', '3')
M p3: ring at (481.0,199.3) R=72.00pt (2.00 in across) n=12 gap-spread=0.0010 deg top-dot=True round=True black-start=False label=('12', '4')
M p3: ring at (189.4,463.1) R=72.00pt (2.00 in across) n=12 gap-spread=0.0010 deg top-dot=True round=True black-start=False label=('12', '5')
M p3: ring at (422.6,463.1) R=72.00pt (2.00 in across) n=12 gap-spread=0.0010 deg top-dot=True round=True black-start=False label=('12', '6')
M p5: ring at (175.2,217.1) R=90.00pt (2.50 in across) n=9 gap-spread=0.0049 deg top-dot=True round=True black-start=False label=('9', '2')
M p5: ring at (436.8,217.1) R=90.00pt (2.50 in across) n=15 gap-spread=0.0060 deg top-dot=True round=True black-start=False label=('15', '5')
M p5: ring at (175.2,516.9) R=90.00pt (2.50 in across) n=16 gap-spread=0.0052 deg top-dot=True round=True black-start=False label=('16', '6')
M p5: ring at (436.8,516.9) R=90.00pt (2.50 in across) n=12 gap-spread=0.0029 deg top-dot=True round=True black-start=False label=('12', '8')
M p6: ring at (175.2,210.1) R=86.40pt (2.40 in across) n=9 gap-spread=0.0052 deg top-dot=True round=True black-start=False label=('9', None)
M p6: ring at (436.8,210.1) R=86.40pt (2.40 in across) n=16 gap-spread=0.0035 deg top-dot=True round=True black-start=False label=('16', None)
M p6: ring at (175.2,459.5) R=86.40pt (2.40 in across) n=18 gap-spread=0.0044 deg top-dot=True round=True black-start=False label=('18', None)
M p6: ring at (436.8,459.5) R=86.40pt (2.40 in across) n=15 gap-spread=0.0052 deg top-dot=True round=True black-start=False label=('15', None)
U p1: ring at (131.0,239.7) R=72.00pt (2.00 in across) n=12 gap-spread=0.0010 deg top-dot=True round=True black-start=False label=('12', '1')
U p1: ring at (306.0,239.7) R=72.00pt (2.00 in across) n=12 gap-spread=0.0010 deg top-dot=True round=True black-start=False label=('12', '2')
U p1: ring at (481.0,239.7) R=72.00pt (2.00 in across) n=12 gap-spread=0.0010 deg top-dot=True round=True black-start=False label=('12', '3')
U p1: ring at (131.0,499.9) R=72.00pt (2.00 in across) n=12 gap-spread=0.0010 deg top-dot=True round=True black-start=False label=('12', '4')
U p1: ring at (306.0,499.9) R=72.00pt (2.00 in across) n=12 gap-spread=0.0010 deg top-dot=True round=True black-start=False label=('12', '5')
U p1: ring at (481.0,499.9) R=72.00pt (2.00 in across) n=12 gap-spread=0.0010 deg top-dot=True round=True black-start=False label=('12', '6')
U p2: ring at (131.0,184.6) R=72.00pt (2.00 in across) n=10 gap-spread=0.0033 deg top-dot=True round=True black-start=False label=('10', '4')
U p2: ring at (306.0,184.6) R=72.00pt (2.00 in across) n=9 gap-spread=0.0053 deg top-dot=True round=True black-start=False label=('9', '6')
U p2: ring at (481.0,184.6) R=72.00pt (2.00 in across) n=15 gap-spread=0.0035 deg top-dot=True round=True black-start=False label=('15', '10')
U p2: ring at (131.0,448.4) R=72.00pt (2.00 in across) n=16 gap-spread=0.0010 deg top-dot=True round=True black-start=False label=('16', '12')
U p2: ring at (306.0,448.4) R=72.00pt (2.00 in across) n=18 gap-spread=0.0099 deg top-dot=True round=True black-start=False label=('18', '8')
U p2: ring at (481.0,448.4) R=72.00pt (2.00 in across) n=24 gap-spread=0.0011 deg top-dot=True round=True black-start=False label=('24', '9')
U p3: ring at (435.6,231.7) R=99.36pt (2.76 in across) n=20 gap-spread=0.0047 deg top-dot=True round=True black-start=False label=('20', '8')
U p3: ring at (435.6,480.1) R=99.36pt (2.76 in across) n=24 gap-spread=0.0028 deg top-dot=True round=True black-start=False label=('24', '10')
U p9: ring at (199.4,290.8) R=133.20pt (3.70 in across) n=24 gap-spread=0.0027 deg top-dot=True round=True black-start=False label=('24', None)
U p9: ring at (412.6,560.8) R=133.20pt (3.70 in across) n=24 gap-spread=0.0030 deg top-dot=True round=True black-start=False label=('24', None)

== K-1 answers
K1 p1: big ring 4 dots; small rings [(4, 1), (4, 2), (4, 3)]
K1 p2: big ring 5 dots; small rings [(5, 1), (5, 2), (5, 3)]
K1 p3: big ring 6 dots; small rings [(6, 1), (6, 2), (6, 3)]
K1 p6: big ring 7 dots; small rings [(7, 1), (7, 2), (7, 3)]
K1 p7: big ring 7 dots; small rings [(7, 4), (7, 5), (7, 6)]
ok  K1 P1: mine={1: True, 2: False, 3: True}
ok  K1 P2: mine={1: True, 2: True, 3: True}
ok  K1 P3: mine={1: True, 2: False, 3: False}
ok  K1 P6: mine={1: True, 2: True, 3: True}
ok  K1 P7: mine={4: True, 5: True, 6: True}
ok  K1 P1-3 dots reached: mine={(4, 1): 4, (4, 2): 2, (4, 3): 4, (5, 1): 5, (5, 2): 5, (5, 3): 5, (6, 1): 6, (6, 2): 3, (6, 3): 2}
ok  K1 P4: mine={(6, 2): 2, (6, 3): 3, (8, 2): 2, (8, 3): 1}
K1 P4 restarts only (a child who does not count the first start): [1, 2, 1, 0]
K1 P1-P7 largest ring: 8 -> a hopper plus 7 markers covers every dot of the 8-dot ring

== K-1 P5 pictures
picture centres from the answer lines: [(133, 197), (306, 197), (479, 197), (212, 394), (400, 394)]
picture at (133,197): 5 dots, top dot at top=True, radius spread 0.002pt, gap spread 0.0113 deg, 5 chords; hops 1-5 drawing it with restarts: [1, 4]; from the top dot only, no restart: [1, 4]
picture at (306,197): 5 dots, top dot at top=True, radius spread 0.002pt, gap spread 0.0113 deg, 5 chords; hops 1-5 drawing it with restarts: [2, 3]; from the top dot only, no restart: [2, 3]
picture at (479,197): 6 dots, top dot at top=True, radius spread 0.000pt, gap spread 0.0016 deg, 6 chords; hops 1-5 drawing it with restarts: [1, 5]; from the top dot only, no restart: [1, 5]
picture at (212,394): 6 dots, top dot at top=True, radius spread 0.000pt, gap spread 0.0016 deg, 6 chords; hops 1-5 drawing it with restarts: [2, 4]; from the top dot only, no restart: []
picture at (400,394): 6 dots, top dot at top=True, radius spread 0.000pt, gap spread 0.0016 deg, 3 chords; hops 1-5 drawing it with restarts: [3]; from the top dot only, no restart: []
ok  K1 P5: mine=[[1, 4], [2, 3], [1, 5], [2, 4], [3]]
K1 P5 trial rings: [5, 5, 6, 6]

== Grades 2-3 answers
ok  M P1: mine={1: 1, 2: 2, 3: 1, 4: 4}
ok  M P1 shapes: mine={1: (1, 8, 1), 2: (2, 4, 1), 3: (1, 8, 3), 4: (4, 2, 1)}
ok  M P2: mine={2: 2, 3: 1, 4: 2, 5: 5}
ok  M P2 shapes: mine={2: (2, 5, 1), 3: (1, 10, 3), 4: (2, 5, 2), 5: (5, 2, 1)}
ok  M P3: mine={2: 2, 3: 3, 4: 4, 5: 1, 6: 6}
ok  M P3 shapes: mine={2: (2, 6, 1), 3: (3, 4, 1), 4: (4, 3, 1), 5: (1, 12, 5), 6: (6, 2, 1)}
ok  M P6: mine={(9, 2): 1, (15, 5): 5, (16, 6): 2, (12, 8): 4}
ok  M P6 shapes: mine={(9, 2): (1, 9, 2), (15, 5): (5, 3, 1), (16, 6): (2, 8, 3), (12, 8): (4, 3, 1)}
ok  M P7 (hops 4..n-1 with exactly 3 starts): mine={9: [6], 16: [], 18: [15], 15: [6, 9, 12]}
   M P7 starts for every hop 4..n-1: {9: {4: 1, 5: 1, 6: 3, 7: 1, 8: 1}, 16: {4: 4, 5: 1, 6: 2, 7: 1, 8: 8, 9: 1, 10: 2, 11: 1, 12: 4, 13: 1, 14: 2, 15: 1}, 18: {4: 2, 5: 1, 6: 6, 7: 1, 8: 2, 9: 9, 10: 2, 11: 1, 12: 6, 13: 1, 14: 2, 15: 3, 16: 2, 17: 1}, 15: {4: 1, 5: 5, 6: 3, 7: 1, 8: 1, 9: 3, 10: 5, 11: 1, 12: 3, 13: 1, 14: 1}}
   M P7 hops 4..60 with 3 starts on 16 dots: []

== Grades 4-5 answers
ok  U P1: mine={1: 1, 2: 2, 3: 3, 4: 4, 5: 1, 6: 6}
ok  U P2: mine={(10, 4): 2, (9, 6): 3, (15, 10): 5, (16, 12): 4, (18, 8): 2, (24, 9): 3}
ok  U P2 shapes: mine={(10, 4): (2, 5, 2), (9, 6): (3, 3, 1), (15, 10): (5, 3, 1), (16, 12): (4, 4, 1), (18, 8): (2, 9, 4), (24, 9): (3, 8, 3)}
U P3 cases read from the page: [(20, 8), (24, 10), (30, 12), (36, 27), (17, 5), (100, 35), (60, 45)]
ok  U P3: mine={(20, 8): 4, (24, 10): 2, (30, 12): 6, (36, 27): 9, (17, 5): 1, (100, 35): 5, (60, 45): 15}
ok  U P3 shapes (first two): mine={(20, 8): (4, 5, 2), (24, 10): (2, 12, 5)}
U P3 check rings (dots, hop label): [(20, '8'), (24, '10')]
ok  U P8: mine=[5, 7, 11, 13, 17, 19]
   U P8 failing hop for each other ring: {4: 2, 6: 2, 8: 2, 9: 3, 10: 2, 12: 2, 14: 2, 15: 3, 16: 2, 18: 2, 20: 2}

== Grades 4-5 P9 erased drawings
row split at y=353, column split at x=306
drawing at (175,219): 15 endpoints, radius spread 0.005pt, gap spread 0.0051 deg, 15 chords, hops giving exactly these chords: [6, 9], pieces 3, shape (3, 5, 2)
drawing at (437,219): 20 endpoints, radius spread 0.004pt, gap spread 0.0022 deg, 20 chords, hops giving exactly these chords: [5, 15], pieces 5, shape (5, 4, 1)
drawing at (175,480): 14 endpoints, radius spread 0.006pt, gap spread 0.0041 deg, 14 chords, hops giving exactly these chords: [6, 8], pieces 2, shape (2, 7, 3)
drawing at (437,480): 21 endpoints, radius spread 0.008pt, gap spread 0.0070 deg, 21 chords, hops giving exactly these chords: [6, 15], pieces 3, shape (3, 7, 2)
ok  U P9: mine=[(15, [6, 9]), (20, [5, 15]), (14, [6, 8]), (21, [6, 15])]

SUMMARY: all checks agree
