K1 p8:
   ring: 6 pictures, gap spread 0.0000 deg, radius spread 0.002pt, first at 0.000 deg from the top
   ring clockwise from the top: ['sun', 'moon', 'heart', 'tree', 'fish', 'house']
   boxes, row by row: [['sun', 'tree', 'fish'], [None, None, None], [None, None, None], [None, None, None], [None, None, None], [None, None, None]]
K1 p9:
   ring: 6 pictures, gap spread 0.0000 deg, radius spread 0.001pt, first at 0.000 deg from the top
   ring clockwise from the top: ['sun', 'moon', 'heart', 'tree', 'fish', 'house']
   boxes, row by row: [['sun', 'moon', 'sun'], ['moon', 'tree', 'moon'], ['fish', 'moon', 'fish'], ['heart', 'sun', 'heart']]
K1 p10:
   ring: 6 pictures, gap spread 0.0000 deg, radius spread 0.001pt, first at 0.000 deg from the top
   ring clockwise from the top: ['sun', 'moon', 'heart', 'tree', 'fish', 'house']
   boxes, row by row: [['sun', 'tree'], ['moon', None, 'heart', None], ['fish', None, 'house', None]]
guide ring order agrees: True
P8 top row ['sun', 'tree', 'fish']; rows until the top row returns: [['heart', 'house', 'sun'], ['fish', 'moon', 'heart'], ['sun', 'tree', 'fish']]; 3 rows needed, 5 blank rows printed
P8 guide agrees: True ; guide says the last two rows stay empty: True
P9 rows (left, middle, right): [['sun', 'moon', 'sun'], ['moon', 'tree', 'moon'], ['fish', 'moon', 'fish'], ['heart', 'sun', 'heart']]
P9 printed hops: [1, 2, 3, 4]
P9 hops 1-5 that change the middle picture back: [[5], [4], [3], [2]] (guide: 5, 4, 3, 2)
P10 rows: [['sun', 'tree'], ['moon', None, 'heart', None], ['fish', None, 'house', None]]
P10 secret hop(s) from sun -> tree: [3] ; answers: [('moon', 'fish'), ('fish', 'moon'), ('heart', 'house'), ('house', 'heart')]
SUMMARY: all checks agree
