ok  pieces = gcd(n,k) for 2<=n<=60, 1<=k<n
ok  every piece has n/g dots
ok  the piece through 0 is the multiples of g
ok  every piece is the first turned 0..g-1 dots
ok  hop k and hop n-k draw the same lines
ok  only hops k and n-k draw a given picture
ok  every hop one piece <=> n prime
ok  phi(n) hops give one piece, phi(n)/2 pictures (n>=3)
    12 dots one-piece hops: [1, 5, 7, 11] pictures: 2
ok  a piece is a plain polygon exactly when j = +-1 (mod m); a single segment when m = 2 (n<=30)
ok  every drawing with 2+ pieces is one connected figure (n<=30)
ok  two settings make one (add, mod 26)
ok  repeating setting s from A visits 26/gcd(26,s) letters
ok  affine code x -> ax+b can be undone exactly when gcd(a,26) = 1
    pass by 2 among 5 reaches 5 people; among 4 reaches 2 ; passes reaching all 4: [1, 3]
    K-1 big ring of 4: dot centres 2.899 in apart; a 1-inch counter on one dot clears the next dot by 1.999 in
    K-1 big ring of 5: dot centres 2.410 in apart; a 1-inch counter on one dot clears the next dot by 1.510 in
    K-1 big ring of 6: dot centres 2.050 in apart; a 1-inch counter on one dot clears the next dot by 1.150 in
    K-1 big ring of 7: dot centres 1.779 in apart; a 1-inch counter on one dot clears the next dot by 0.879 in
SUMMARY: all checks agree
