PASS k-1 p1 launch example base: 7 cm, 7 cells, inner labels 3 and 4, text '3+4=7'
PASS k-1 p1 strip at y=248.03: 1 cm long, 1 equal 1 cm cells, label ['1']
PASS k-1 p1 strip at y=306.14: 2 cm long, 2 equal 1 cm cells, label ['2']
PASS k-1 p1 strip at y=364.26: 5 cm long, 5 equal 1 cm cells, label ['5']
PASS k-1 p1 strip at y=422.37: 6 cm long, 6 equal 1 cm cells, label ['6']
PASS k-1 p1 strip at y=480.48: 8 cm long, 8 equal 1 cm cells, label ['8']
PASS k-1 p1 strip at y=538.59: 9 cm long, 9 equal 1 cm cells, label ['9']
PASS k-1 p1 strip at y=596.7: 10 cm long, 10 equal 1 cm cells, label ['10']
PASS k-1 p1 rod key: 3 cm, 3 cells, label ['3']
PASS k-1 p1 rod key: 4 cm, 4 cells, label ['4']
PASS k-1 p1 launch example: thick outlines [3, 4] butted end to end
PASS k-1 p2 strip at y=103.46: 12 cm long, 12 equal 1 cm cells, label ['12']
PASS k-1 p2 strip at y=202.68: 12 cm long, 12 equal 1 cm cells, label ['12']
PASS k-1 p2 strip at y=358.59: 15 cm long, 15 equal 1 cm cells, label ['15']
PASS k-1 p2 strip at y=457.8: 15 cm long, 15 equal 1 cm cells, label ['15']
PASS k-1 p3 strip at y=143.15: 4 cm long, 4 equal 1 cm cells, label ['4']
PASS k-1 p3 strip at y=216.85: 7 cm long, 7 equal 1 cm cells, label ['7']
PASS k-1 p3 strip at y=290.55: 8 cm long, 8 equal 1 cm cells, label ['8']
PASS k-1 p3 strip at y=364.26: 9 cm long, 9 equal 1 cm cells, label ['9']
PASS k-1 p3 strip at y=437.96: 10 cm long, 10 equal 1 cm cells, label ['10']
PASS k-1 p3 strip at y=511.66: 11 cm long, 11 equal 1 cm cells, label ['11']
PASS k-1 p3 strip at y=585.36: 12 cm long, 12 equal 1 cm cells, label ['12']
PASS k-1 p3 rod key: 3 cm, 3 cells, label ['3']
PASS k-1 p3 rod key: 5 cm, 5 cells, label ['5']
PASS k-1 p4 ruler: 19 ticks 0..18, spacing 28.35-28.35 pt (1 cm = 28.35)
PASS k-1 p4 ruler: 19 ticks 0..18, spacing 28.35-28.35 pt (1 cm = 28.35)
PASS k-1 p5 rod key: 2 cm, 2 cells, label ['2']
PASS k-1 p5 rod key: 4 cm, 4 cells, label ['4']
PASS k-1 p5 ruler: 13 ticks 0..12, spacing 28.35-28.35 pt (1 cm = 28.35)
PASS k-1 p5 ruler: 13 ticks 0..12, spacing 28.35-28.35 pt (1 cm = 28.35)
PASS k-1 p6 rod key: 2 cm, 2 cells, label ['2']
PASS k-1 p6 rod key: 3 cm, 3 cells, label ['3']
PASS k-1 p6 rod key: 4 cm, 4 cells, label ['4']
PASS k-1 p6 rod key: 5 cm, 5 cells, label ['5']
PASS k-1 p6 ruler: 13 ticks 0..12, spacing 28.35-28.35 pt (1 cm = 28.35)
PASS k-1 p6 ruler: 13 ticks 0..12, spacing 28.35-28.35 pt (1 cm = 28.35)
PASS grades-2-3 p1 launch example base: 7 cm, 7 cells, inner labels 3 and 4, text '3+4=7'
PASS grades-2-3 p1 rod key: 3 cm, 3 cells, label ['3']
PASS grades-2-3 p1 rod key: 4 cm, 4 cells, label ['4']
PASS grades-2-3 p1 ruler: 17 ticks 0..16, spacing 28.35-28.35 pt (1 cm = 28.35)
PASS grades-2-3 p1 ruler: 17 ticks 0..16, spacing 28.35-28.35 pt (1 cm = 28.35)
PASS grades-2-3 p1 launch example: thick outlines [3, 4] butted end to end
PASS grades-2-3 p3 rod key: 3 cm, 3 cells, label ['3']
PASS grades-2-3 p3 rod key: 5 cm, 5 cells, label ['5']
PASS grades-2-3 p4 rod key: 3 cm, 3 cells, label ['3']
PASS grades-2-3 p4 rod key: 4 cm, 4 cells, label ['4']
PASS grades-2-3 p4 rod key: 3 cm, 3 cells, label ['3']
PASS grades-2-3 p4 rod key: 5 cm, 5 cells, label ['5']
PASS grades-2-3 p5 rod key: 4 cm, 4 cells, label ['4']
PASS grades-2-3 p5 rod key: 7 cm, 7 cells, label ['7']
PASS grades-4-5 p1 launch example base: 7 cm, 7 cells, inner labels 3 and 4, text '3+4=7'
PASS grades-4-5 p1 rod key: 3 cm, 3 cells, label ['3']
PASS grades-4-5 p1 rod key: 4 cm, 4 cells, label ['4']
PASS grades-4-5 p1 launch example: thick outlines [3, 4] butted end to end
PASS k-1 p1 target boxes []
PASS k-1 p1 strips [1, 2, 5, 6, 8, 9, 10]
PASS k-1 p1 rod keys [3, 4]
PASS k-1 p1 rulers end at []
PASS k-1 p1 3+4=7 example present: True
PASS k-1 p2 target boxes []
PASS k-1 p2 strips [12, 12, 15, 15]
PASS k-1 p2 rod keys []
PASS k-1 p2 rulers end at []
PASS k-1 p2 3+4=7 example present: False
PASS k-1 p3 target boxes []
PASS k-1 p3 strips [4, 7, 8, 9, 10, 11, 12]
PASS k-1 p3 rod keys [3, 5]
PASS k-1 p3 rulers end at []
PASS k-1 p3 3+4=7 example present: False
PASS k-1 p4 target boxes [6, 7, 8, 9, 10, 11, 12, 13, 14, 15, 16, 17, 18]
PASS k-1 p4 strips []
PASS k-1 p4 rod keys []
PASS k-1 p4 rulers end at [18, 18]
PASS k-1 p4 3+4=7 example present: False
PASS k-1 p5 target boxes [1, 2, 3, 4, 5, 6, 7, 8, 9, 10, 11, 12]
PASS k-1 p5 strips []
PASS k-1 p5 rod keys [2, 4]
PASS k-1 p5 rulers end at [12, 12]
PASS k-1 p5 3+4=7 example present: False
PASS k-1 p6 target boxes [6, 7, 8, 9, 10, 11, 12]
PASS k-1 p6 strips []
PASS k-1 p6 rod keys [2, 3, 4, 5]
PASS k-1 p6 rulers end at [12, 12]
PASS k-1 p6 3+4=7 example present: False
PASS grades-2-3 p1 target boxes [1, 2, 3, 4, 5, 6, 7, 8, 9, 10, 11, 12, 13, 14, 15, 16]
PASS grades-2-3 p1 strips []
PASS grades-2-3 p1 rod keys [3, 4]
PASS grades-2-3 p1 rulers end at [16, 16]
PASS grades-2-3 p1 3+4=7 example present: True
PASS grades-2-3 p2 target boxes []
PASS grades-2-3 p2 strips []
PASS grades-2-3 p2 rod keys []
PASS grades-2-3 p2 rulers end at []
PASS grades-2-3 p2 3+4=7 example present: False
PASS grades-2-3 p3 target boxes [1, 2, 3, 4, 5, 6, 7, 8, 9, 10, 11, 12, 13, 14, 15, 16, 17, 18, 19, 20]
PASS grades-2-3 p3 strips []
PASS grades-2-3 p3 rod keys [3, 5]
PASS grades-2-3 p3 rulers end at []
PASS grades-2-3 p3 3+4=7 example present: False
PASS grades-2-3 p4 target boxes []
PASS grades-2-3 p4 strips []
PASS grades-2-3 p4 rod keys [3, 4, 3, 5]
PASS grades-2-3 p4 rulers end at []
PASS grades-2-3 p4 3+4=7 example present: False
PASS grades-2-3 p5 target boxes [12, 13, 14, 15, 16, 17, 18, 19, 20, 21, 22, 23, 24, 25, 26, 27, 28]
PASS grades-2-3 p5 strips []
PASS grades-2-3 p5 rod keys [4, 7]
PASS grades-2-3 p5 rulers end at []
PASS grades-2-3 p5 3+4=7 example present: False
PASS grades-4-5 p1 target boxes [1, 2, 3, 4, 5, 6, 7, 8, 9, 10, 11, 12, 13, 14, 15, 16, 17, 18, 19, 20]
PASS grades-4-5 p1 strips []
PASS grades-4-5 p1 rod keys [3, 4]
PASS grades-4-5 p1 rulers end at []
PASS grades-4-5 p1 3+4=7 example present: True
PASS grades-4-5 p2 target boxes []
PASS grades-4-5 p2 strips []
PASS grades-4-5 p2 rod keys []
PASS grades-4-5 p2 rulers end at []
PASS grades-4-5 p2 3+4=7 example present: False
PASS grades-4-5 p3 target boxes [18, 19, 20, 21, 22, 23, 24, 25, 26, 27, 28, 29]
PASS grades-4-5 p3 strips []
PASS grades-4-5 p3 rod keys []
PASS grades-4-5 p3 rulers end at []
PASS grades-4-5 p3 3+4=7 example present: False
PASS grades-4-5 p4 target boxes []
PASS grades-4-5 p4 strips []
PASS grades-4-5 p4 rod keys []
PASS grades-4-5 p4 rulers end at []
PASS grades-4-5 p4 3+4=7 example present: False
PASS grades-4-5 p5 target boxes [19, 20, 21, 22, 23, 24, 25, 26, 27, 28, 29, 30, 31]
PASS grades-4-5 p5 strips []
PASS grades-4-5 p5 rod keys []
PASS grades-4-5 p5 rulers end at []
PASS grades-4-5 p5 3+4=7 example present: False
PASS k-1 p4 ruler right end 549.9 pt inside page
PASS k-1 p4 ruler right end 549.9 pt inside page
PASS k-1 p5 ruler right end 379.8 pt inside page
PASS k-1 p5 ruler right end 379.8 pt inside page
PASS k-1 p6 ruler right end 379.8 pt inside page
PASS k-1 p6 ruler right end 379.8 pt inside page
PASS grades-2-3 p1 ruler right end 493.2 pt inside page
PASS grades-2-3 p1 ruler right end 493.2 pt inside page
PASS bonus p1 rod row [4, 3, 4]: widths [48.76, 36.57, 48.76] proportional (unit 0.43 cm), butted end to end; text right of row ['−→']
PASS bonus p3 rod row [3, 3, 3, 4]: widths [32.32, 32.32, 32.32, 43.09] proportional (unit 0.38 cm), butted end to end; text right of row ['13']
PASS bonus p3 rod row [3, 4, 4]: widths [32.32, 43.09, 43.09] proportional (unit 0.38 cm), butted end to end; text right of row ['11']
PASS bonus p1 launch row reads 4,3,4 left to right (word printed "4, 3, 4")
PASS bonus p3 used [3, 3, 3, 4] + unused [3, 4, 4] = the sealed box (four 3s, three 4s)
PASS bonus p3 used total 13, printed ['13']
PASS bonus p3 unused total 11, printed ['11']
     bonus P1 has 6 slots per target column and P2 has 12 slots (from student-src/bonus.tex \wordrows and the 6x2 table)

149 checks, 0 failures
