== Page 1 example and Problem 1 (five-pin game) ==
PASS example: 2 cm -> 3 cm is stretch 3/2 = 1 1/2
interior O' positions tested: 6241 (step 1/40)
PASS every interior O': max squared stretch over all 10 pairs is exactly 4 (stretch 2)
PASS no O-to-corner pair reaches stretch 2 at any tested interior O'
PASS sup of O-corner squared ratio is 8/(17/4) = 32/17 < 4 (ratio < 1.372)
   largest O-corner squared ratio on the grid: 1.8356 (< 32/17 = 1.8824)
   corner pair AB: squared ratio 1/4 -> stretch 0.5000
   corner pair AC: squared ratio 8/17 -> stretch 0.6860
   corner pair AD: squared ratio 4 -> stretch 2.0000
   corner pair BC: squared ratio 4 -> stretch 2.0000
   corner pair BD: squared ratio 8/17 -> stretch 0.6860
   corner pair CD: squared ratio 1/4 -> stretch 0.5000
PASS old OA = sqrt(17)/2 (guide p.2)
PASS corner diagonals sqrt17 -> sqrt8
PASS ten pairs = six corner pairs + four O-corner pairs

== Problem 2 (four-triangle affine fan) ==
PASS centered fan: each of the four triangle maps equals F(x,y) = (x/2, 2y)
PASS every off-center interior O' on the grid gives a fan whose true worst stretch exceeds 2
PASS centered fan has worst stretch exactly 2
PASS with all 13 dots (5 original + 8 halfway), exactly the center survives on the grid
   pairs that ever exceed stretch 2 (pair: number of grid positions caught):
     ('O', 'mCD'): 3769
     ('O', 'mAB'): 3769
PASS O-M and O-N tests alone: (u-1)^2+v^2<=1 and (u-1)^2+(v-2)^2<=1 only at (1,1)
   (info) positions surviving pairs of halfway dots only: 6241 of 6241
PASS quarter-unit sideways O'=(1.25,1): midpoint excess 0.7348 mm (guide: about 0.735 mm)
   (info) best excess over all 78 dot pairs at (1.25,1): 0.7348 mm
   (info) O'=(1, 1.25): midpoint excess 5.97 mm
   (info) O'=(1.25, 1.25): midpoint excess 6.56 mm
PASS p.2 example old M, N at source coordinates (1,0), (0,.65)
PASS p.2 example new M, N at source coordinates (5.2,0), (4.65,.65)

== Problems 3-4 (whole-sheet rule F and lower bound) ==
PASS F: |dF|^2 = p^2/4 + 4q^2 and 4(p^2+q^2) - |dF|^2 = 15p^2/4 >= 0 on 20000 exact displacements
PASS F sends dotted lines x=k/2 to x=k/4 (k=1..7) and y=1/2 to y=1
PASS lower bound: (x,0),(x,1) old distance 1; images on lines y=0 and y=2 so new distance >= 2 (argument)
PASS a different optimal rule exists: (a(x),2y), a piecewise slopes 1 and 1/3 (guide says "one valid rule": right)

== Problems 5-6 (other targets) ==
PASS target 6 by 2: lower bounds W/4=3/2, H=2; diagonal map attains -> optimum 2
PASS target 2 by 3: lower bounds W/4=1/2, H=3; diagonal map attains -> optimum 3
PASS target 6 by 1: lower bounds W/4=3/2, H=1; diagonal map attains -> optimum 3/2
PASS target 3 by 3/2: lower bounds W/4=3/4, H=3/2; diagonal map attains -> optimum 3/2
PASS target 2 by 2: lower bounds W/4=1/2, H=2; diagonal map attains -> optimum 2
PASS the 4-by-1 sheet itself has optimum 1, so it is not a Problem 6 answer
PASS quarter-unit grid W,H<=10: optimum 1.5 exactly on 29 targets = "W<=6, H<=1.5, one equality"
PASS guide rules (3x/2, y) for 6 by 1 and (3x/4, 3y/2) for 3 by 1.5 have the stated factors

27 checks, 0 failures
