-- page 1: stretch example --
PASS example segments print at 2 cm and 3 cm: [2.0, 3.0] cm

-- page 1: fan board --
PASS old sheet is 4 x 1 units of 0.94 in: [(79.61399841308594, 294.3304443359375, 350.33819580078125, 362.011474609375)]
PASS square is 2 x 2 units at the same scale (equal axes): [(411.25067138671875, 260.4898986816406, 546.61279296875, 395.85198974609375)]
PASS O dot at the centre of the old sheet
PASS corner dots on both sheets
PASS no O printed in the square (children place it)
PASS four spokes join O to A, B, C, D in the old sheet
PASS old A label beside its corner
PASS old B label beside its corner
PASS old C label beside its corner
PASS old D label beside its corner
PASS new A label beside its corner
PASS new B label beside its corner
PASS new C label beside its corner
PASS new D label beside its corner
   gap between the two sheets: 60.9 pt; old "right" box x=369.4-379.4, new "left" box x=383.2-393.2; space between the two words 3.9 pt = 1.4 mm
   old "right": 19.1 pt from old right edge, 31.9 pt from square left edge
   new "left":  18.1 pt from square left edge, 32.9 pt from old right edge
PASS inner "right"/"left" labels both sit in the gap on their own sides (correct attribution)
FAIL inner "right" and "left" labels are clearly separated (> 10 pt apart); measured 3.9 pt

-- page 2: fan board --
PASS old sheet is 4 x 1 units of 0.94 in: [(79.61299896240234, 356.0594482421875, 350.3371887207031, 423.740478515625)]
PASS square is 2 x 2 units at the same scale (equal axes): [(411.24969482421875, 322.2189025878906, 546.61181640625, 457.58099365234375)]
PASS O dot at the centre of the old sheet
PASS corner dots on both sheets
PASS no O printed in the square (children place it)
PASS four spokes join O to A, B, C, D in the old sheet
PASS old A label beside its corner
PASS old B label beside its corner
PASS old C label beside its corner
PASS old D label beside its corner
PASS new A label beside its corner
PASS new B label beside its corner
PASS new C label beside its corner
PASS new D label beside its corner
   gap between the two sheets: 60.9 pt; old "right" box x=369.4-379.4, new "left" box x=383.2-393.2; space between the two words 3.9 pt = 1.4 mm
   old "right": 19.1 pt from old right edge, 31.9 pt from square left edge
   new "left":  18.1 pt from square left edge, 32.9 pt from old right edge
PASS inner "right"/"left" labels both sit in the gap on their own sides (correct attribution)
FAIL inner "right" and "left" labels are clearly separated (> 10 pt apart); measured 3.9 pt
PASS p.1 grid (17 x-lines, 79.6-350.3) step = quarter unit (16.92 pt): {16.92, 16.93}
PASS p.1 grid (5 y-lines, 294.3-362.0) step = quarter unit (16.92 pt): {16.92}
PASS p.1 grid (9 x-lines, 411.2-546.6) step = quarter unit (16.92 pt): {16.92}
PASS p.1 grid (9 y-lines, 260.5-395.9) step = quarter unit (16.92 pt): {16.92}
PASS p.2 grid (17 x-lines, 79.6-350.3) step = quarter unit (16.92 pt): {16.92, 16.93}
PASS p.2 grid (5 y-lines, 356.1-423.7) step = quarter unit (16.92 pt): {16.92}
PASS p.2 grid (9 x-lines, 411.2-546.6) step = quarter unit (16.92 pt): {16.92}
PASS p.2 grid (9 y-lines, 322.2-457.6) step = quarter unit (16.92 pt): {16.92}

-- page 2: halfway example --
PASS L: M is the midpoint of PQ
PASS L: N is the midpoint of PR
PASS R: M is the midpoint of PQ
PASS R: N is the midpoint of PR
PASS one dashed MN segment in each triangle

-- page 3: rule board --
PASS p.3 sheets are 4 x 1 and 2 x 2 at 0.94 in per unit
PASS 7 interior dotted verticals at half-unit spacing (7 found)
PASS one dotted horizontal at mid-height
PASS square left blank for children to draw the images
   gap between the two sheets: 60.9 pt; old "right" box x=364.7-374.6, new "left" box x=381.2-391.2; space between the two words 6.6 pt = 2.3 mm
   old "right": 16.4 pt from old right edge, 34.6 pt from square left edge
   new "left":  18.1 pt from square left edge, 32.9 pt from old right edge
PASS inner "right"/"left" labels both sit in the gap on their own sides (correct attribution)
FAIL inner "right" and "left" labels are clearly separated (> 10 pt apart); measured 6.6 pt

-- page 4: other targets --
   rectangles in units of 0.6 in: [(4.0, 1.0), (6.0, 2.0), (4.0, 1.0), (2.0, 3.0)]
PASS p.4 pairs: 4x1 -> 6x2 and 4x1 -> 2x3 at one shared scale
PASS "top" label at y=152 centred above a rectangle
PASS "left" label at x=50 sits left of a rectangle spanning its height
PASS "top" label at y=130 centred above a rectangle
PASS "left" label at x=291 sits left of a rectangle spanning its height
PASS "top" label at y=384 centred above a rectangle
PASS "left" label at x=126 sits left of a rectangle spanning its height
PASS "top" label at y=340 centred above a rectangle
PASS "left" label at x=385 sits left of a rectangle spanning its height
   (info) widest p.4 figure ends +2.8 pt relative to the right text margin (page edge at 612 pt)

61 checks, 3 failures
