K-1 (F07-K-v4).  Opening rule: take 1 or 2 / move 1 or 2; last counter or 0 wins.
P1 piles [[2], [3], [4], [5], [6], [7], [8]]
  ok       P1 piles drawn are 2..8: [2, 3, 4, 5, 6, 7, 8]
    2: first take [2]; 3: second; 4: first take [1]; 5: first take [2]; 6: second; 7: first take [1]; 8: first take [2]
  ok       guide p.3 P1 "Go 2nd with 3 and 6 ... from 2 take 2; from 4 take 1; from 5 take 2; from 7 take 1; from 8 take 2"
P2/P3 from 10, rule 1 or 2
  ok       P2 track(s) are 0..10: ['0..10', '0..10', '0..10'] ['0..10', '0..10', '0..10']
  ok       P2/P3 first player wins from 10 and every winning line lands on exactly 9, 6, 3, 0: {(9, 6, 3, 0)}
P4 piles [[5], [7], [8], [10]]
    5: first take [2]; 7: first take [1]; 8: first take [2]; 10: first take [1]
  ok       guide p.4 P4 "5: take 2. 7: take 1. 8: take 2. 10: take 1. Each is the only winning first move."
P5 squares 1..10
    1: first take [1]; 2: first take [2]; 3: second; 4: first take [1]; 5: first take [2]; 6: second; 7: first take [1]; 8: first take [2]; 9: second; 10: first take [1]
  ok       guide p.4 P5 "On 3, 6 or 9: 2nd ... from 1, 4, 7, 10 take 1; from 2, 5, 8 take 2"
P6 rule 1, 2 or 3 from 10
  ok       P6 first player wins from 10; every winning line lands on 8, 4, 0; first take 2 is the only one: {(8, 4, 0)}
  ok       guide p.4 P6 "from 6 the other player takes 2 and lands on 4"
P7 rule 1 or 4 from 8
    first-player squares over all winning lines: [(7, 2, 0), (7, 5, 0)]
  ok       P7 first take: only 1 wins
  ok       guide p.4 P7 "coloured squares are 7, then 5 or 2, then 0"
  ok       guide p.4 P7 "Taking 4 first (8 -> 4) loses"
P8 two piles, take 1 or 2 from one pile
    pairs drawn: [[2, 2], [1, 2], [3, 3], [2, 4], [4, 4]]
  ok       P8 pairs drawn are 2/2, 1/2, 3/3, 2/4, 4/4
    2 and 2: second
    1 and 2: first, winning moves [('second pile', 1, (1, 1))]
    3 and 3: second
    2 and 4: first, winning moves [('first pile', 1, (1, 4)), ('second pile', 2, (2, 2))]
    4 and 4: second
  ok       guide p.4 P8 "Equal piles: 2nd. 1 and 2: 1st, take 1 from the 2. 2 and 4: 1st, take 2 from the 4."
P9 last counter loses, piles [[1], [2], [3], [4], [5], [6]]
    1: second; 2: first take [1]; 3: first take [2]; 4: second; 5: first take [1]; 6: first take [2]
  ok       guide p.4 P9 "1: 2nd. 2: 1st, take 1. 3: 1st, take 2. 4: 2nd. 5: 1st, take 1. 6: 1st, take 2."

Grades 2-3 (F07-M-v4).  Rule 1, 3 or 4 for P1-P7.
P1 piles [2, 5, 6, 7, 8]
    2: second; 5: first take [3]; 6: first take [4]; 7: second; 8: first take [1]
  ok       guide p.5 P1 "2: second. 5: first, take 3. 6: first, take 4. 7: second. 8: first, take 1. Each winning first move is the only one."
P2 tracks ['0..20', '0..20']
  ok       guide p.5 P2 "0, 2, 7, 9, 14, 16": [0, 2, 7, 9, 14, 16]
P3 starts 10..20
    10: first take [1, 3]; 11: first take [4]; 12: first take [3]; 13: first take [4]; 14: second; 15: first take [1]; 16: second; 17: first take [1, 3]; 18: first take [4]; 19: first take [3]; 20: first take [4]
  ok       guide p.5 P3 "Go second from 14 or 16 ... 10 -> 9 or 7; 11 -> 7; 12 -> 9; 13 -> 9; 15 -> 14; 17 -> 16 or 14; 18 -> 14; 19 -> 16; 20 -> 16"
P4 start 9, Lena second
  ok       9 is a losing square for the mover (Lena right)
  ok       guide p.5 P4 replies "8->7, 6->2, 5->2; 6->2, 4->0, 3->0; from 2 opponent takes 1, Lena takes last" win against every line
P5 Omar (always takes as many as allowed) first from 13
  ok       Omar does NOT win against every reply
    lines (Omar->, opp->, Omar->) after which the opponent takes the rest: [(9, 8, 4), (9, 5, 1)]
  ok       guide p.5 P5 "Opponent to 8: Omar to 4, opponent takes 4. Opponent to 5: Omar to 1. Opponent to 6: Omar wins."
  ok       guide p.5 P5 "His first move (take 4, to 9) is right" (and the only winning first move)
P6 piles 50 and 100
    50: first take [1] ; 100: second
  ok       guide p.5 P6 "50: first, take 1 (to 49). 100: second."
  ok       guide p.5 P6 "49 and 51 are coloured and 50 is not; 98 and 100 are coloured"
  ok       P6 track drawn is 0..30
P7 two piles, take 1, 3 or 4 from one pile
  ok       P7 pairs drawn are 5/5 and 5/6: [[5, 5], [5, 6]]
    5 and 5: second
    5 and 6: first, winning moves [('first pile', 1, (4, 6)), ('second pile', 1, (5, 5))]
  ok       guide p.6 P7 "5 and 5: second. 5 and 6: first, take 1 from the 6 ... (Taking 1 from the 5, to 4 and 6, also wins)"
P8 rule 1 or 4
    piles [5, 6, 8, 9, 10] : 5: second; 6: first take [1, 4]; 8: first take [1]; 9: first take [4]; 10: second
  ok       guide p.6 P8 "5: second. 6: first, take 1 or 4. 8: first, take 1. 9: first, take 4. 10: second."
P9
  ok       guide p.6 P9 "1 or 4: 0, 2, 5, 7, 10, 12, 15, 17, 20"
  ok       guide p.6 P9 "1, 3 or 5: every even square, 0 to 20"

Grades 4-5 (F07-U-v4).
P1 rule 1 or 2: piles 7, 9, 11, 12, 16 (typed from the page)
    7: first take [1]; 9: second; 11: first take [2]; 12: second; 16: first take [1]
  ok       guide p.6 P1 "7: first, take 1. 9: second. 11: first, take 2. 12: second. 16: first, take 1."
P2
  ok       guide p.7 P2 "1 or 2: 0, 3, 6, 9, 12, 15, 18. 1, 2 or 3: 0, 4, 8, 12, 16, 20."
P3 rule 1, 3 or 4: piles 5, 8, 9, 11, 14
    5: first take [3]; 8: first take [1]; 9: second; 11: first take [4]; 14: second
  ok       guide p.6 P3 "5: first, take 3. 8: first, take 1. 9: second. 11: first, take 4. 14: second."
P4
  ok       guide p.7 P4 "0, 2, 7, 9, 14, 16, 21, 23, 28, 30"
  ok       P4 track drawn is 0..30
P5 Kai: greedy on his FIRST turn only
    piles: [5, 8, 10, 12, 15, 17, 19, 22, 24, 26, 29]
  ok       guide p.7 P5 "5, 8, 10, 12, 15, 17, 19, 22, 24, 26, 29"
    greedy all game, first player could win but greedy can be beaten: [5, 8, 10, 12, 13, 15, 17, 18, 19, 20, 22, 24, 25, 26, 27, 29]
    greedy all game wins against every reply from: [1, 3, 4, 6, 11]
  ok       guide p.7 P5 "add 13, 18, 20, 25, 27 (16 piles ...)"
  ok       guide p.7 P5 "Greedy all game wins against every reply only from 1, 3, 4, 6, 11"
  ok       guide p.7 P5 example line "13 -> 9 -> 8 -> 4 -> 0" is legal and greedy
P6 pile of 100
    1 or 2: 100: first take [1] | 1, 2 or 3: 100: second | 1, 3 or 4: 100: second
  ok       guide p.7 P6 "1 or 2: first, take 1. 1, 2 or 3: second. 1, 3 or 4: second."
  ok       guide p.7 P6 hint "(91, 93, 98, 100)" are the coloured squares near 100
P7
  ok       guide p.7 P7 "1 or 4: 0, 2, 5, ..., 30"
  ok       guide p.7 P7 "2 or 3: 0, 1, 5, 6, 10, 11, 15, 16, 20, 21, 25, 26, 30"
  ok       guide p.7 P7 "1, 3 or 5: the even squares"
P8 does the 1, 3 or 4 pattern repeat forever?
  ok       period 7 from square 0 up to 1000
  ok       guide p.7 P8 "Squares 7, 8, 9, 10 are coloured like 0, 1, 2, 3 (yes, no, yes, no)"
  ok       guide p.7 P8 "from those take 1, 1, 4, 3, 4 to get back" (checked for every pile 1..200 with that remainder)
P9 designing a rule (all move lists from 1..12, any size, piles 0..120)
    multiples of 5: 64 working lists; smallest: [(1, 2, 3, 4), (1, 2, 3, 4, 6), (1, 2, 3, 4, 7), (1, 2, 3, 4, 8), (1, 2, 3, 4, 9), (1, 2, 3, 4, 11)]
  ok       guide p.7 P9 / p.8 "exactly the lists containing 1..4 and no multiple of 5"
    multiples of 3: 64 working lists; smallest: [(1, 2), (1, 2, 4), (1, 2, 5), (1, 2, 7), (1, 2, 8), (1, 2, 10)]
  ok       guide p.7 P9 / p.8 "exactly the lists containing 1..2 and no multiple of 3"
  ok       guide p.7 P9 example lists for 0, 3, 6 all work
P10 last counter loses, rule 1 or 2: piles 1, 3, 5, 7, 8
    1: second; 3: first take [2]; 5: first take [1]; 7: second; 8: first take [1]
  ok       guide p.7 P10 "1: second. 3: first, take 2. 5: first, take 1. 7: second. 8: first, take 1."
P11
  ok       guide p.7 P11 "1 or 2: 1, 4, 7, 10, 13, 16, 19. 1, 2 or 3: 1, 5, 9, 13, 17. Square 0 is not coloured."
P12 two piles 7 and 7, take 1 or 2 from one pile
  ok       P12 pair drawn is 7/7
  ok       guide p.7 P12 "Second"
P13 chart 0..9 x 0..9
  ok       chart is 10 x 10 with labels 0..9 on both sides, square cells: {'cells': 100, 'columns': 10, 'rows': 10, 'cell_pt': [[28.08, 28.08]], 'column_labels': ['0', '1', '2', '3', '4', '5', '6', '7', '8', '9'], 'row_labels': ['0', '1', '2', '3', '4', '5', '6', '7', '8', '9']}
  ok       guide p.8 P13 "34 squares where the two piles have the same remainder on dividing by 3"
  ok       guide p.8 P13 "the diagonal and the lines 3, 6 and 9 off it"
  ok       guide p.8 P13 "20 and 11 ... second"
  ok       guide p.8 P13 "Note 1 and 4 is coloured though unequal"
  ok       guide p.8 P13 strategy "take 1 or 2 from the pile with the bigger remainder" always legal and restores a match
P14 rule 2, 5 or 6
  ok       guide p.8 P14 "0, 1, 4, 8, 11, 12, 15, 19, 22, 23, 26, 30": [0, 1, 4, 8, 11, 12, 15, 19, 22, 23, 26, 30]
  ok       guide p.8 P14 / overview "repeating every 11 ... P = 0, 1, 4, 8 (mod 11)" up to 1000
  ok       guide p.8 P14 "(11-16 look like 0-5)"

Adult guide: reply table (p. 3) "From any other pile, take", checked on piles 1..200
  ok       table row "1, 3 or 4": every listed take wins
  ok       table row "1 or 4": every listed take wins
  NOTE     table row "1 or 4" omits winning takes (remainder, take): [(1, 4)]
  ok       table row "2 or 3": every listed take wins
  ok       table row "last loses 1 or 2": every listed take wins
  ok       table row "last loses 1, 2 or 3": every listed take wins
  ok       table row "1, 3 or 5": "take 1" from every odd pile wins
Launch (p. 2): 7 counters, adult first, take 1 then make 3
  ok       adult takes 1 from 7 (to 6) wins, and 6 -> child -> 3 -> child -> adult takes the rest
Race games (p. 2)
  ok       Race to 10 (say 1 or 2 numbers): first says 1, then 4, 7, 10
  ok       Race to 21 (1, 2 or 3 numbers): 1, 5, 9, 13, 17, 21
  ok       Race to 100 (add 1..10): 1, 12, 23, ..., 89, 100
Overview (p. 8)
  ok       "Moves 1 to k. P = multiples of k+1" for k = 1..8, piles 0..200
  ok       "Last counter loses ... moves 1 to k, P = remainder 1 on dividing by k+1" for k = 1..8
  NOTE     "(The shift by one is special to moves 1 to k.)": see misere_and_periodicity.out
  ok       "With 1, 3 or 4, g repeats 0, 1, 0, 1, 2, 3, 2"
  ok       "5 and 6 ... is N and 4 and 6 ... is P"
  ok       "two piles are P exactly when g(a) = g(b)", rule 1 or 2, piles 0..25
  ok       "equal piles are P in any game of this kind", rule 1 or 2
  ok       "two piles are P exactly when g(a) = g(b)", rule 1, 2 or 3, piles 0..25
  ok       "equal piles are P in any game of this kind", rule 1, 2 or 3
  ok       "two piles are P exactly when g(a) = g(b)", rule 1, 3 or 4, piles 0..25
  ok       "equal piles are P in any game of this kind", rule 1, 3 or 4
  ok       "two piles are P exactly when g(a) = g(b)", rule 1 or 4, piles 0..25
  ok       "equal piles are P in any game of this kind", rule 1 or 4
  ok       "two piles are P exactly when g(a) = g(b)", rule 2 or 3, piles 0..25
  ok       "equal piles are P in any game of this kind", rule 2 or 3
  ok       "two piles are P exactly when g(a) = g(b)", rule 1, 3 or 5, piles 0..25
  ok       "equal piles are P in any game of this kind", rule 1, 3 or 5
  ok       "two piles are P exactly when g(a) = g(b)", rule 2, 5 or 6, piles 0..25
  ok       "equal piles are P in any game of this kind", rule 2, 5 or 6
  ok       "With 1 or 2, g(n) = n mod 3"
  ok       "In K-1 P8, 1 and 4 is P though unequal" (K-1 P8 rule)
  NOTE     "In K-1 P8, 1 and 4 is P": 1 and 4 is a position of the K-1 P8 game but not one of its printed pairs (2/2, 1/2, 3/3, 2/4, 4/4); it is reached from 2 and 4 by taking 1 from the 2.
  ok       three piles, XOR rule (Sprague-Grundy), rule 1, 3 or 4, piles 0..9
Materials (p. 1-2): largest piles built
  ok       K-1 largest single pile 10, largest two-pile total 8 (<= 12 per pair)
  ok       2-3 largest built total 11 (5 and 6) and single pile 10 (<= 12 per pair)
  ok       4-5 largest pile 16 (P1), 7 and 7 = 14, 20 and 11 = 31 <= 20 + 12

MISMATCHES: 0
