== k-1: lowell-math-circle-year-2/week-07/week-07-k-1.pdf (6 pages)
-- page 1: problems [1]
   header: 'Week 7 / Take-away games / K–1'; footer: 'Bellingham Math Circle / Week 7 / F07-K-v4 1'
   P1 counter row y=212.0: piles [2] (diameter [(28.8, 28.8)])
   P1 counter row y=264.0: piles [3] (diameter [(28.8, 28.8)])
   P1 counter row y=316.0: piles [4] (diameter [(28.8, 28.8)])
   P1 counter row y=368.0: piles [5] (diameter [(28.8, 28.8)])
   P1 counter row y=419.0: piles [6] (diameter [(28.8, 28.8)])
   P1 counter row y=471.0: piles [7] (diameter [(28.8, 28.8)])
   P1 counter row y=523.0: piles [8] (diameter [(28.8, 28.8)])
   P1 choice labels y=201: ['1st', '2nd']
   P1 choice labels y=253: ['1st', '2nd']
   P1 choice labels y=304: ['1st', '2nd']
   P1 choice labels y=356: ['1st', '2nd']
   P1 choice labels y=408: ['1st', '2nd']
   P1 choice labels y=460: ['1st', '2nd']
   P1 choice labels y=512: ['1st', '2nd']
-- page 2: problems [2, 3]
   header: 'Week 7 / Take-away games / K–1'; footer: 'Bellingham Math Circle / Week 7 / F07-K-v4 2'
   P2 track 0..10 complete=True square=[0.676] in [(48.67, 48.67)] pt; consecutive problems=[]; open non-consecutive neighbours=[]; walled non-consecutive pairs=0
   P2 track 0..10 complete=True square=[0.676] in [(48.67, 48.67)] pt; consecutive problems=[]; open non-consecutive neighbours=[]; walled non-consecutive pairs=0
   P2 track 0..10 complete=True square=[0.676] in [(48.67, 48.67)] pt; consecutive problems=[]; open non-consecutive neighbours=[]; walled non-consecutive pairs=0
   P3 track 0..10 complete=True square=[0.676] in [(48.67, 48.67)] pt; consecutive problems=[]; open non-consecutive neighbours=[]; walled non-consecutive pairs=0
   P3 track 0..10 complete=True square=[0.676] in [(48.67, 48.67)] pt; consecutive problems=[]; open non-consecutive neighbours=[]; walled non-consecutive pairs=0
   P3 track 0..10 complete=True square=[0.676] in [(48.67, 48.67)] pt; consecutive problems=[]; open non-consecutive neighbours=[]; walled non-consecutive pairs=0
-- page 3: problems [4, 5]
   header: 'Week 7 / Take-away games / K–1'; footer: 'Bellingham Math Circle / Week 7 / F07-K-v4 3'
   P4 counter row y=149.0: piles [5] (diameter [(28.8, 28.8)])
   P4 counter row y=204.0: piles [7] (diameter [(28.8, 28.8)])
   P4 counter row y=258.0: piles [8] (diameter [(28.8, 28.8)])
   P4 counter row y=313.0: piles [10] (diameter [(28.8, 28.8)])
   P5 choice labels y=474: ['1st', '2nd']
   P5 choice labels y=584: ['1st', '2nd']
   P5 choice labels y=695: ['1st', '2nd']
   P5 track 0..10 complete=True square=[0.676] in [(48.67, 48.67)] pt; consecutive problems=[]; open non-consecutive neighbours=[]; walled non-consecutive pairs=0
   P5 track 0..10 complete=True square=[0.676] in [(48.67, 48.67)] pt; consecutive problems=[]; open non-consecutive neighbours=[]; walled non-consecutive pairs=0
   P5 track 0..10 complete=True square=[0.676] in [(48.67, 48.67)] pt; consecutive problems=[]; open non-consecutive neighbours=[]; walled non-consecutive pairs=0
-- page 4: problems [6]
   header: 'Week 7 / Take-away games / K–1'; footer: 'Bellingham Math Circle / Week 7 / F07-K-v4 4'
   P6 track 0..10 complete=True square=[0.676] in [(48.67, 48.67)] pt; consecutive problems=[]; open non-consecutive neighbours=[]; walled non-consecutive pairs=0
   P6 track 0..10 complete=True square=[0.676] in [(48.67, 48.67)] pt; consecutive problems=[]; open non-consecutive neighbours=[]; walled non-consecutive pairs=0
   P6 track 0..10 complete=True square=[0.676] in [(48.67, 48.67)] pt; consecutive problems=[]; open non-consecutive neighbours=[]; walled non-consecutive pairs=0
   P6 track 0..10 complete=True square=[0.676] in [(48.67, 48.67)] pt; consecutive problems=[]; open non-consecutive neighbours=[]; walled non-consecutive pairs=0
   P6 track 0..10 complete=True square=[0.676] in [(48.67, 48.67)] pt; consecutive problems=[]; open non-consecutive neighbours=[]; walled non-consecutive pairs=0
-- page 5: problems [7]
   header: 'Week 7 / Take-away games / K–1'; footer: 'Bellingham Math Circle / Week 7 / F07-K-v4 5'
   P7 track 0..10 complete=True square=[0.676] in [(48.67, 48.67)] pt; consecutive problems=[]; open non-consecutive neighbours=[]; walled non-consecutive pairs=0
   P7 track 0..10 complete=True square=[0.676] in [(48.67, 48.67)] pt; consecutive problems=[]; open non-consecutive neighbours=[]; walled non-consecutive pairs=0
   P7 track 0..10 complete=True square=[0.676] in [(48.67, 48.67)] pt; consecutive problems=[]; open non-consecutive neighbours=[]; walled non-consecutive pairs=0
   P7 track 0..10 complete=True square=[0.676] in [(48.67, 48.67)] pt; consecutive problems=[]; open non-consecutive neighbours=[]; walled non-consecutive pairs=0
   P7 track 0..10 complete=True square=[0.676] in [(48.67, 48.67)] pt; consecutive problems=[]; open non-consecutive neighbours=[]; walled non-consecutive pairs=0
-- page 6: problems [8, 9]
   header: 'Week 7 / Take-away games / K–1'; footer: 'Bellingham Math Circle / Week 7 / F07-K-v4 6'
   P8 counter row y=140.0: piles [2, 2] (diameter [(28.8, 28.8)])
   P8 counter row y=188.0: piles [1, 2] (diameter [(28.8, 28.8)])
   P8 counter row y=235.0: piles [3, 3] (diameter [(28.8, 28.8)])
   P8 counter row y=283.0: piles [2, 4] (diameter [(28.8, 28.8)])
   P8 counter row y=330.0: piles [4, 4] (diameter [(28.8, 28.8)])
   P9 counter row y=443.0: piles [1] (diameter [(28.8, 28.8)])
   P9 counter row y=490.0: piles [2] (diameter [(28.8, 28.8)])
   P9 counter row y=538.0: piles [3] (diameter [(28.8, 28.8)])
   P9 counter row y=586.0: piles [4] (diameter [(28.8, 28.8)])
   P9 counter row y=633.0: piles [5] (diameter [(28.8, 28.8)])
   P9 counter row y=681.0: piles [6] (diameter [(28.8, 28.8)])
   P8 choice labels y=129: ['1st', '2nd']
   P8 choice labels y=177: ['1st', '2nd']
   P8 choice labels y=224: ['1st', '2nd']
   P8 choice labels y=272: ['1st', '2nd']
   P8 choice labels y=319: ['1st', '2nd']
   P9 choice labels y=432: ['1st', '2nd']
   P9 choice labels y=479: ['1st', '2nd']
   P9 choice labels y=527: ['1st', '2nd']
   P9 choice labels y=574: ['1st', '2nd']
   P9 choice labels y=622: ['1st', '2nd']
   P9 choice labels y=669: ['1st', '2nd']
== grades-2-3: lowell-math-circle-year-2/week-07/week-07-grades-2-3.pdf (5 pages)
-- page 1: problems [1, 2]
   header: 'Week 7 / Take-away games / Grades 2–3'; footer: 'Bellingham Math Circle / Week 7 / F07-M-v4 1'
   P1 counter row y=221.0: piles [2] (diameter [(28.8, 28.8)])
   P1 counter row y=269.0: piles [5] (diameter [(28.8, 28.8)])
   P1 counter row y=316.0: piles [6] (diameter [(28.8, 28.8)])
   P1 counter row y=364.0: piles [7] (diameter [(28.8, 28.8)])
   P1 counter row y=411.0: piles [8] (diameter [(28.8, 28.8)])
   P1 choice labels y=214: ['first', 'second']
   P1 choice labels y=261: ['first', 'second']
   P1 choice labels y=309: ['first', 'second']
   P1 choice labels y=356: ['first', 'second']
   P1 choice labels y=404: ['first', 'second']
   P2 track 0..20 complete=True square=[0.676] in [(48.67, 48.67)] pt; consecutive problems=[]; open non-consecutive neighbours=[]; walled non-consecutive pairs=9
   P2 track 0..20 complete=True square=[0.676] in [(48.67, 48.67)] pt; consecutive problems=[]; open non-consecutive neighbours=[]; walled non-consecutive pairs=9
-- page 2: problems [3, 4]
   header: 'Week 7 / Take-away games / Grades 2–3'; footer: 'Bellingham Math Circle / Week 7 / F07-M-v4 2'
   P3 track 0..20 complete=True square=[0.676] in [(48.67, 48.67)] pt; consecutive problems=[]; open non-consecutive neighbours=[]; walled non-consecutive pairs=9
   P3 track 0..20 complete=True square=[0.676] in [(48.67, 48.67)] pt; consecutive problems=[]; open non-consecutive neighbours=[]; walled non-consecutive pairs=9
   P3 track 0..20 complete=True square=[0.676] in [(48.67, 48.67)] pt; consecutive problems=[]; open non-consecutive neighbours=[]; walled non-consecutive pairs=9
   P4 track 0..10 complete=True square=[0.676] in [(48.67, 48.67)] pt; consecutive problems=[]; open non-consecutive neighbours=[]; walled non-consecutive pairs=0
-- page 3: problems [5, 6]
   header: 'Week 7 / Take-away games / Grades 2–3'; footer: 'Bellingham Math Circle / Week 7 / F07-M-v4 3'
   P5 track 0..20 complete=True square=[0.676] in [(48.67, 48.67)] pt; consecutive problems=[]; open non-consecutive neighbours=[]; walled non-consecutive pairs=9
   P6 track 0..30 complete=True square=[0.676] in [(48.67, 48.67)] pt; consecutive problems=[]; open non-consecutive neighbours=[]; walled non-consecutive pairs=18
-- page 4: problems [7]
   header: 'Week 7 / Take-away games / Grades 2–3'; footer: 'Bellingham Math Circle / Week 7 / F07-M-v4 4'
   P7 counter row y=175.0: piles [5, 5] (diameter [(28.8, 28.8)])
   P7 counter row y=226.0: piles [5, 6] (diameter [(28.8, 28.8)])
-- page 5: problems [8, 9]
   header: 'Week 7 / Take-away games / Grades 2–3'; footer: 'Bellingham Math Circle / Week 7 / F07-M-v4 5'
   P8 counter row y=159.0: piles [5] (diameter [(28.8, 28.8)])
   P8 counter row y=207.0: piles [6] (diameter [(28.8, 28.8)])
   P8 counter row y=254.0: piles [8] (diameter [(28.8, 28.8)])
   P8 counter row y=302.0: piles [9] (diameter [(28.8, 28.8)])
   P8 counter row y=349.0: piles [10] (diameter [(28.8, 28.8)])
   P8 choice labels y=152: ['first', 'second']
   P8 choice labels y=199: ['first', 'second']
   P8 choice labels y=247: ['first', 'second']
   P8 choice labels y=294: ['first', 'second']
   P8 choice labels y=342: ['first', 'second']
   P9 track 0..20 complete=True square=[0.676] in [(48.67, 48.67)] pt; consecutive problems=[]; open non-consecutive neighbours=[]; walled non-consecutive pairs=9
   P9 track 0..20 complete=True square=[0.676] in [(48.67, 48.67)] pt; consecutive problems=[]; open non-consecutive neighbours=[]; walled non-consecutive pairs=9
== grades-4-5: lowell-math-circle-year-2/week-07/week-07-grades-4-5.pdf (8 pages)
-- page 1: problems [1, 2]
   header: 'Week 7 / Take-away games / Grades 4–5'; footer: 'Bellingham Math Circle / Week 7 / F07-U-v4 1'
   P1 choice labels y=220: ['first', 'second']
   P1 choice labels y=262: ['first', 'second']
   P1 choice labels y=303: ['first', 'second']
   P1 choice labels y=345: ['first', 'second']
   P1 choice labels y=387: ['first', 'second']
   P2 track 0..20 complete=True square=[0.676] in [(48.67, 48.67)] pt; consecutive problems=[]; open non-consecutive neighbours=[]; walled non-consecutive pairs=9
   P2 track 0..20 complete=True square=[0.676] in [(48.67, 48.67)] pt; consecutive problems=[]; open non-consecutive neighbours=[]; walled non-consecutive pairs=9
-- page 2: problems [3, 4]
   header: 'Week 7 / Take-away games / Grades 4–5'; footer: 'Bellingham Math Circle / Week 7 / F07-U-v4 2'
   P3 choice labels y=139: ['first', 'second']
   P3 choice labels y=181: ['first', 'second']
   P3 choice labels y=223: ['first', 'second']
   P3 choice labels y=265: ['first', 'second']
   P3 choice labels y=307: ['first', 'second']
   P4 track 0..30 complete=True square=[0.676] in [(48.67, 48.67)] pt; consecutive problems=[]; open non-consecutive neighbours=[]; walled non-consecutive pairs=18
-- page 3: problems [5, 6]
   header: 'Week 7 / Take-away games / Grades 4–5'; footer: 'Bellingham Math Circle / Week 7 / F07-U-v4 3'
   P5 track 0..30 complete=True square=[0.676] in [(48.67, 48.67)] pt; consecutive problems=[]; open non-consecutive neighbours=[]; walled non-consecutive pairs=18
-- page 4: problems [7]
   header: 'Week 7 / Take-away games / Grades 4–5'; footer: 'Bellingham Math Circle / Week 7 / F07-U-v4 4'
   P7 track 0..30 complete=True square=[0.676] in [(48.67, 48.67)] pt; consecutive problems=[]; open non-consecutive neighbours=[]; walled non-consecutive pairs=18
   P7 track 0..30 complete=True square=[0.676] in [(48.67, 48.67)] pt; consecutive problems=[]; open non-consecutive neighbours=[]; walled non-consecutive pairs=18
   P7 track 0..30 complete=True square=[0.676] in [(48.67, 48.67)] pt; consecutive problems=[]; open non-consecutive neighbours=[]; walled non-consecutive pairs=18
-- page 5: problems [8, 9]
   header: 'Week 7 / Take-away games / Grades 4–5'; footer: 'Bellingham Math Circle / Week 7 / F07-U-v4 5'
-- page 6: problems [10, 11]
   header: 'Week 7 / Take-away games / Grades 4–5'; footer: 'Bellingham Math Circle / Week 7 / F07-U-v4 6'
   P10 choice labels y=139: ['first', 'second']
   P10 choice labels y=181: ['first', 'second']
   P10 choice labels y=223: ['first', 'second']
   P10 choice labels y=265: ['first', 'second']
   P10 choice labels y=307: ['first', 'second']
   P11 track 0..20 complete=True square=[0.676] in [(48.67, 48.67)] pt; consecutive problems=[]; open non-consecutive neighbours=[]; walled non-consecutive pairs=9
   P11 track 0..20 complete=True square=[0.676] in [(48.67, 48.67)] pt; consecutive problems=[]; open non-consecutive neighbours=[]; walled non-consecutive pairs=9
-- page 7: problems [12, 13]
   header: 'Week 7 / Take-away games / Grades 4–5'; footer: 'Bellingham Math Circle / Week 7 / F07-U-v4 7'
   P12 counter row y=171.0: piles [7, 7] (diameter [(28.8, 28.8)])
   chart: {'cells': 100, 'columns': 10, 'rows': 10, 'cell_pt': [(28.08, 28.08)], 'column_labels': ['0', '1', '2', '3', '4', '5', '6', '7', '8', '9'], 'row_labels': ['0', '1', '2', '3', '4', '5', '6', '7', '8', '9']}
-- page 8: problems [14]
   header: 'Week 7 / Take-away games / Grades 4–5'; footer: 'Bellingham Math Circle / Week 7 / F07-U-v4 8'
   P14 track 0..30 complete=True square=[0.676] in [(48.67, 48.67)] pt; consecutive problems=[]; open non-consecutive neighbours=[]; walled non-consecutive pairs=18
