k-1: opening rules found in PDF: True
  P1: found: Make each pile and play it many times with your partner. Circle whether you would rather g...
  P2: found: With your partner, play the grown-up from 10. The grown-up goes first, and you colour the ...
  P3: found: Now you go first from 10 against your partner. Colour your own squares....
  P4: found: You go first against your partner with each pile. Circle the counters you take first so th...
  P5: found: Your partner puts the token on a square from 1 to 10. Circle it, and circle 1st or 2nd so ...
  P6: found: Now move the token 1, 2 or 3 squares, starting on 10. Colour the first player's squares....
  P7: found: Now move the token 1 or 4 squares, starting on 8. Colour the first player's squares....
  P8: found: Now make two piles, and take 1 or 2 counters from one pile. Whoever takes the last counter...
  P9: found: Now whoever takes the last counter loses. Play each pile many times with your partner....
grades-2-3: opening rules found in PDF: True
  P1: found: Play each pile with your partner, taking 1, 3 or 4 counters on each turn, until you are su...
  P2: found: The token moves 1, 3 or 4 squares. Colour every square where you would like to leave the t...
  P3: found: You and your partner play the adult together, moving the token 1, 3 or 4 squares. The adul...
  P4: found: The token starts on 9 and moves 1, 3 or 4 squares. Lena says that if her opponent goes fir...
  P5: found: Omar plays with moves of 1, 3 or 4, and he always takes as many counters as he is allowed....
  P6: found: With moves of 1, 3 or 4, would you rather go first or second with a pile of 50? With a pil...
  P7: found: Now make two piles. On each turn, take 1, 3 or 4 counters from one of the piles. Whoever t...
  P8: found: Take 1 or 4 counters on each turn. Play each pile with your partner until you are sure whe...
  P9: found: For each rule, colour every square where you would like to leave the token for your oppone...
grades-4-5: opening rules found in PDF: True
  P1: found: Take 1 or 2 counters on each turn. Play each pile with real counters until you are sure wh...
  P2: found: For each rule, colour every square where you would like to leave the token for your oppone...
  P3: found: Now take 1, 3 or 4 counters on each turn. Play each pile until you are sure whether you wo...
  P4: found: With moves of 1, 3 or 4, colour every square where you would like to leave the token for y...
  P5: found: Kai plays with moves of 1, 3 or 4. He goes first and takes as many counters as he is allow...
  P6: found: A pile has 100 counters. Would you rather go first or second with moves of 1 or 2? With mo...
  P7: found: For each rule, colour every square where you would like to leave the token for your oppone...
  P8: found: With moves of 1, 3 or 4, does the pattern of coloured squares keep going the same way fore...
  P9: found: Choose which moves are allowed so that the squares you would like to leave are exactly 0, ...
  P10: found: Now whoever takes the last counter loses. Take 1 or 2 counters on each turn. Play each pil...
  P11: found: Whoever takes the last counter still loses, so whoever puts the token on 0 loses. For each...
  P12: found: Now there are two piles. On your turn, take 1 or 2 counters from one pile, whichever you c...
  P13: found: In the two-pile game of Problem 12, colour every square of the chart where you would like ...
  P14: found: Kim says that for any list of allowed moves, such as 2, 5 or 6, the coloured squares on a ...
guide quotes:
  found: The pattern always repeats, and it changes when the rule changes.
  found: If you are handed one of the squares you want to leave, there is no good move: take 1 and wait for a mistake.
  found: remainder 1: take 1; 3: take 1; 4: take 4
  found: 2 or 3 4-5 P7 0, 1, 5, 6, 10, 11
  found: what makes 3 with their take: they 1, you 2; they 2, you 1
  found: what makes 4 with their take
  found: (The shift by one is special to moves 1 to k.)
  found: With moves 1 to k, P = remainder 1 on dividing by k + 1
  found: when the last counter loses, every coloured square moves up 1
  found: from the first of them on the labels repeat
  found: In K-1 P8, 1 and 4 is P though unequal.
  found: 6: first, take 1 or 4.
not found: 0
