========================================================================
K-1
========================================================================
OK        K-1 rules picture: dot and arrow tips are legal one-move destinations: True
OK        K-1 P1 boards are 3-by-3 with 1-inch squares: [(3, [1.0, 1.0]), (3, [1.0, 1.0])]
OK        K-1 P1 left (2,2): 2nd
OK        K-1 P1 right (1,2) and its winning moves: ('1st', [(1, 1)])
OK        K-1 P2 boards are 4-by-4 with 1-inch squares: [(4, [1.0, 1.0]), (4, [1.0, 1.0]), (4, [1.0, 1.0]), (4, [1.0, 1.0])]
OK        K-1 P2 four starts (page order): [((3, 3), '2nd', []), ((3, 0), '1st', [(0, 0)]), ((2, 2), '2nd', []), ((1, 3), '1st', [(1, 1)])]
OK        K-1 P3 the winning move on each 5-by-5 (exactly one each): [((0, 3), [(0, 0)]), ((3, 1), [(1, 1)]), ((2, 4), [(2, 2)]), ((4, 3), [(3, 3)])]
OK        K-1 P4 squares to move to on the 6-by-6 (P-positions, star included): [(0, 0), (1, 1), (2, 2), (3, 3), (4, 4), (5, 5)]
NOTE      K-1 P4 board squares are 1.05 in, while the guide says "The boards on pages 1-3 and 5 have 1-inch squares".
OK        K-1 P5 four two-pile starts (page order): [((3, 3), '2nd', []), ((4, 1), '1st', [(1, 1)]), ((2, 2), '2nd', []), ((5, 3), '1st', [(3, 3)])]
OK        K-1 P6 7 and 7: second player wins: ([7, 7], '2nd')
OK        K-1 P6/P7 equal piles (diagonal squares) are all second-player wins up to 7: True
OK        K-1 P7 8-by-8 from the far corner: (8, (7, 7), '2nd')
OK        K-1 P8 three-pile starts (page order) with all winning results: [((1, 1, 1), '1st', [(0, 1, 1), (1, 0, 1), (1, 1, 0)]), ((1, 1, 2), '1st', [(1, 1, 0)]), ((1, 2, 3), '2nd', []), ((2, 2, 3), '1st', [(1, 2, 3), (2, 1, 3), (2, 2, 0)])]
OK        K-1 1st/2nd box pairs = starts in P1, P2, P5, P8 (2+4+4+4): 14
========================================================================
Grades 2-3
========================================================================
OK        2-3 P1 four 5-by-5 starts: [5, 5, 5, 5, ((4, 4), '2nd', []), ((4, 2), '1st', [(2, 2)]), ((3, 3), '2nd', []), ((1, 4), '1st', [(1, 1)])]
OK        2-3 P2 8-by-8: red squares, number green: (8, [(1, 1), (2, 2), (3, 3), (4, 4), (5, 5), (6, 6), (7, 7)], 56)
OK        2-3 P3 corner of 8-by-8: (8, (7, 7), '2nd')
OK        2-3 P3 / 4-5 P1 copy reply is always legal and returns to the diagonal: True
OK        2-3 P4 two-pile starts (drawn count, printed label): [((4, 4), '4 and 4', '2nd', []), ((6, 2), '6 and 2', '1st', [(2, 2)]), ((5, 3), '5 and 3', '1st', [(3, 3)]), ((7, 7), '7 and 7', '2nd', [])]
OK        2-3 P5 dot -> piles (right, up): (8, (5, 2))
OK        2-3 P5 / 4-5 P2 board moves = two-pile moves for every square of an 8-by-8: True
OK        2-3 P6 text: True
OK        2-3 P6 52 and 37: ('1st', [(37, 37)])
OK        2-3 P7 three-pile starts (drawn count, printed label): [((1, 1, 1), '1, 1, 1', '1st', [(0, 1, 1), (1, 0, 1), (1, 1, 0)]), ((1, 1, 2), '1, 1, 2', '1st', [(1, 1, 0)]), ((2, 2, 3), '2, 2, 3', '1st', [(1, 2, 3), (2, 1, 3), (2, 2, 0)]), ((1, 2, 3), '1, 2, 3', '2nd', [])]
OK        2-3 P7 guide reply table covers all 6 moves from 1,2,3 and each reply leaves two equal piles: (True, 6)
OK        2-3 P8 starts with piles 1-3: count, second-player starts: (10, [(1, 2, 3)])
OK        2-3 P9 starts with piles 1-6: count, distinct, second-player starts: (56, 20, [(1, 2, 3), (1, 4, 5), (2, 4, 6), (3, 5, 6)])
OK        "two equal piles: go first and take the third" - every start with a repeated pile (1-30) is 1st: True
========================================================================
Grades 4-5
========================================================================
OK        4-5 rules picture arrows legal: True
OK        4-5 P1 8-by-8 red squares: (8, [(1, 1), (2, 2), (3, 3), (4, 4), (5, 5), (6, 6), (7, 7)], 56)
OK        4-5 P2 dot: (8, (6, 3))
OK        4-5 P2 23 and 17; 30 and 30: ('1st', [(17, 17)], '2nd')
OK        4-5 P3 printed starts: [(1, 1, 1), (1, 1, 2), (1, 2, 3), (2, 2, 5), (1, 3, 4), (1, 4, 5)]
OK        4-5 P3 winners and every winning result: [((1, 1, 1), '1st', [(0, 1, 1), (1, 0, 1), (1, 1, 0)]), ((1, 1, 2), '1st', [(1, 1, 0)]), ((1, 2, 3), '2nd', []), ((2, 2, 5), '1st', [(2, 2, 0)]), ((1, 3, 4), '1st', [(1, 3, 2)]), ((1, 4, 5), '2nd', [])]
OK        4-5 P4 piles 1-7: count and second-player starts: (84, [(1, 2, 3), (1, 4, 5), (1, 6, 7), (2, 4, 6), (2, 5, 7), (3, 4, 7), (3, 5, 6)])
OK        4-5 P5 printed "second player" starts are all P: ([(1, 2, 3), (1, 4, 5), (2, 4, 6), (3, 5, 6), (2, 5, 7)], True)
OK        4-5 P5 printed "first player" starts are all N: ([(1, 2, 4), (2, 3, 5), (2, 4, 7), (3, 4, 6)], True)
OK        4-5 P5 rule "every stack size an even number of times" <=> second player wins, all 3-pile starts 0-31: True
OK        same rule for all 4-pile starts 0-9 (the guide: "any number of piles"): True
OK        4-5 P5 odd stack sizes in the first-player starts: [[1, 2, 4], [4], [1], [1]]
OK        4-5 P5 guide splits 1,4,5 and 2,5,7: ([[1], [4], [1, 4]], [[2], [1, 4], [1, 2, 4]])
OK        4-5 P6 printed starts: [(3, 5, 7), (6, 10, 12), (13, 9, 7), (11, 14, 21)]
OK        4-5 P6 winners and every winning result: [((3, 5, 7), '1st', [(2, 5, 7), (3, 4, 7), (3, 5, 6)]), ((6, 10, 12), '2nd', []), ((13, 9, 7), '1st', [(13, 9, 4)]), ((11, 14, 21), '1st', [(11, 14, 5)])]
OK        4-5 P6 splits of 6, 10, 12: [[2, 4], [2, 8], [4, 8]]
OK        4-5 materials: "Problem 6 needs 46": 46
OK        4-5 P7 guide step (b): switching every odd size in a pile holding the biggest odd stack is a legal move to a balanced, second-player start (all starts 0-63): True
OK        4-5 P7 guide step (a): every move from a balanced start unbalances it (0-31): True
OK        4-5 P8 queen rule picture arrows legal queen moves: True
OK        4-5 P8 queen game 8-by-8 red squares: (8, [(1, 2), (2, 1), (3, 5), (4, 7), (5, 3), (7, 4)], 57)
OK        4-5 P9 queen game 20-by-20: red squares (as pairs) and count: (20, [(1, 2), (3, 5), (4, 7), (6, 10), (8, 13), (9, 15), (11, 18)], 14)
OK        next P-position beyond the board is (12, 20): True
OK        4-5 P9 at most one red square per row and per diagonal: True
OK        4-5 P9 guide procedure (row by row, first square not in the column or diagonal of a red already found): [(1, 2), (2, 1), (3, 5), (4, 7), (5, 3), (6, 10), (7, 4), (8, 13), (9, 15), (10, 6), (11, 18), (13, 8), (15, 9), (18, 11)]
NOTE      4-5 P9: rows [12, 14, 16, 17, 19] of the 20-by-20 have no red square (their P-position lies right of the board); the guide procedure then finds no square in those rows, which is consistent.
========================================================================
Adult guide: general statements, launch, fallbacks
========================================================================
OK        launch: legal moves from (1,3) on the 4-by-4: [(0, 3), (1, 0), (1, 1), (1, 2)]
OK        fallback take 1, 2 or 3 from 20: P-positions are multiples of 4 and 20 is P: ([0, 4, 8, 12, 16, 20, 24, 28, 32, 36, 40], True)
OK        materials: tokens 3+3+2 = 8, +1 launch +3 spare: 12
OK        materials: Letter margin beside an 8-inch board: 0.25
OK        queen strategy list in "How to win" matches the search: [(1, 2), (3, 5), (4, 7), (6, 10), (8, 13), (9, 15), (11, 18), (12, 20)]
OK        Wythoff closed form floor(n phi), floor(n phi^2) gives exactly the P-positions on a 60-by-60: (True, True)
OK        Beatty: the two sequences cover 1..60 exactly once: [1, 2, 3, 4, 5, 6, 7, 8, 9, 10, 11, 12, 13, 14, 15, 16, 17, 18, 19, 20, 21, 22, 23, 24, 25, 26, 27, 28, 29, 30, 31, 32, 33, 34, 35, 36, 37, 38, 39, 40, 41, 42, 43, 44, 45, 46, 47, 48, 49, 50, 51, 52, 53, 54, 55, 56, 57, 58, 59, 60]
OK        misere: the guide's worded strategy wins from every misere first-player start (3 piles 0-12, 4 piles 0-6): (True, [])
OK        Moore's Nim_2 rule (digit counts divisible by 3), all 4-pile starts 0-7: True
========================================================================
Adult guide figures (shaded squares, arrows) read from figs/*.tex
========================================================================
OK        guide figure k1-p1-1 (start (2, 2)): {'dot': [(2, 2)], 'fills': [], 'arrows': [], 'label': ['2nd']}
OK        guide figure k1-p1-2 (start (1, 2)): {'dot': [(1, 2)], 'fills': [(1, 1)], 'arrows': [((1, 2), (1, 1))], 'label': ['1st']}
OK        guide figure k1-p2-1 (start (3, 3)): {'dot': [(3, 3)], 'fills': [], 'arrows': [], 'label': ['2nd']}
OK        guide figure k1-p2-2 (start (3, 0)): {'dot': [(3, 0)], 'fills': [(0, 0)], 'arrows': [((3, 0), (0, 0))], 'label': ['1st']}
OK        guide figure k1-p2-3 (start (2, 2)): {'dot': [(2, 2)], 'fills': [], 'arrows': [], 'label': ['2nd']}
OK        guide figure k1-p2-4 (start (1, 3)): {'dot': [(1, 3)], 'fills': [(1, 1)], 'arrows': [((1, 3), (1, 1))], 'label': ['1st']}
OK        guide figure k1-p3-1 (start (0, 3)): {'dot': [(0, 3)], 'fills': [(0, 0)], 'arrows': [((0, 3), (0, 0))]}
OK        guide figure k1-p3-2 (start (3, 1)): {'dot': [(3, 1)], 'fills': [(1, 1)], 'arrows': [((3, 1), (1, 1))]}
OK        guide figure k1-p3-3 (start (2, 4)): {'dot': [(2, 4)], 'fills': [(2, 2)], 'arrows': [((2, 4), (2, 2))]}
OK        guide figure k1-p3-4 (start (4, 3)): {'dot': [(4, 3)], 'fills': [(3, 3)], 'arrows': [((4, 3), (3, 3))]}
OK        guide figure m-p1-1 (start (4, 4)): {'dot': [(4, 4)], 'fills': [], 'arrows': [], 'label': ['2nd']}
OK        guide figure m-p1-2 (start (4, 2)): {'dot': [(4, 2)], 'fills': [(2, 2)], 'arrows': [((4, 2), (2, 2))], 'label': ['1st']}
OK        guide figure m-p1-3 (start (3, 3)): {'dot': [(3, 3)], 'fills': [], 'arrows': [], 'label': ['2nd']}
OK        guide figure m-p1-4 (start (1, 4)): {'dot': [(1, 4)], 'fills': [(1, 1)], 'arrows': [((1, 4), (1, 1))], 'label': ['1st']}
OK        guide figure k1-p4 shading: [(0, 0), (1, 1), (2, 2), (3, 3), (4, 4), (5, 5)]
OK        guide figure diag8 shading (star square + 7 diagonal): [(0, 0), (1, 1), (2, 2), (3, 3), (4, 4), (5, 5), (6, 6), (7, 7)]
OK        guide figure queen8 shading (star square + 6): [(0, 0), (1, 2), (2, 1), (3, 5), (4, 7), (5, 3), (7, 4)]
OK        guide figure queen20 shading (corner square + 14): [(0, 0), (1, 2), (2, 1), (3, 5), (4, 7), (5, 3), (6, 10), (7, 4), (8, 13), (9, 15), (10, 6), (11, 18), (13, 8), (15, 9), (18, 11)]
NOTE      guide figure queen20 shades the corner square (0,0) but draws no star there, so the picture shows 15 shaded squares beside the text "14 red squares"; diag8 and queen8 also shade the star square but draw the star on it.
========================================================================
Summary: 80 OK, 0 MISMATCH, 3 NOTE
