======================================================================
k-1 lowell-math-circle-year-2/week-08/week-08-k-1.pdf - 7 pages
Problem headings (page, number): [(1, 1), (2, 2), (4, 3), (5, 4), (6, 5), (6, 6), (7, 7), (7, 8)]
p1 PNone board 4, squares 0.400 x 0.400 in, star [(0, 0)], dots [(2, 3)], arrows [((2, 3), (0, 3)), ((2, 3), (2, 0))]
p1 P1 board 3, squares 1.000 x 1.000 in, star [(0, 0)], dots [(2, 2)], arrows []
p1 P1 board 3, squares 1.000 x 1.000 in, star [(0, 0)], dots [(1, 2)], arrows []
p1 choice labels: 1st x2, 2nd x2
p2 P2 board 4, squares 1.000 x 1.000 in, star [(0, 0)], dots [(3, 3)], arrows []
p2 P2 board 4, squares 1.000 x 1.000 in, star [(0, 0)], dots [(3, 0)], arrows []
p2 choice labels: 1st x2, 2nd x2
p3 P2 board 4, squares 1.000 x 1.000 in, star [(0, 0)], dots [(2, 2)], arrows []
p3 P2 board 4, squares 1.000 x 1.000 in, star [(0, 0)], dots [(1, 3)], arrows []
p3 choice labels: 1st x2, 2nd x2
p4 P3 board 5, squares 0.660 x 0.660 in, star [(0, 0)], dots [(0, 3)], arrows []
p4 P3 board 5, squares 0.660 x 0.660 in, star [(0, 0)], dots [(3, 1)], arrows []
p4 P3 board 5, squares 0.660 x 0.660 in, star [(0, 0)], dots [(2, 4)], arrows []
p4 P3 board 5, squares 0.660 x 0.660 in, star [(0, 0)], dots [(4, 3)], arrows []
p5 P4 board 6, squares 1.050 x 1.050 in, star [(0, 0)], dots [], arrows []
p6 P5 piles [3, 3] (counter radius 0.14 in) label '1st 2nd'
p6 P5 piles [4, 1] (counter radius 0.14 in) label '1st 2nd'
p6 P5 piles [2, 2] (counter radius 0.14 in) label '1st 2nd'
p6 P5 piles [5, 3] (counter radius 0.14 in) label '1st 2nd'
p6 P6 piles [7, 7] (counter radius 0.14 in) label ''
p6 choice labels: 1st x4, 2nd x4
p7 P7 board 8, squares 0.420 x 0.420 in, star [(0, 0)], dots [(7, 7)], arrows []
p7 P8 piles [1, 1, 1] (counter radius 0.13 in) label '1st 2nd'
p7 P8 piles [1, 1, 2] (counter radius 0.13 in) label '1st 2nd'
p7 P8 piles [1, 2, 3] (counter radius 0.13 in) label '1st 2nd'
p7 P8 piles [2, 2, 3] (counter radius 0.13 in) label '1st 2nd'
p7 choice labels: 1st x4, 2nd x4
======================================================================
grades-2-3 lowell-math-circle-year-2/week-08/week-08-grades-2-3.pdf - 5 pages
Problem headings (page, number): [(1, 1), (2, 2), (2, 3), (3, 4), (3, 5), (4, 6), (4, 7), (5, 8), (5, 9)]
p1 PNone board 4, squares 0.380 x 0.380 in, star [(0, 0)], dots [(2, 3)], arrows [((2, 3), (0, 3)), ((2, 3), (2, 0))]
p1 P1 board 5, squares 0.460 x 0.460 in, star [(0, 0)], dots [(4, 4)], arrows []
p1 P1 board 5, squares 0.460 x 0.460 in, star [(0, 0)], dots [(4, 2)], arrows []
p1 P1 board 5, squares 0.460 x 0.460 in, star [(0, 0)], dots [(3, 3)], arrows []
p1 P1 board 5, squares 0.460 x 0.460 in, star [(0, 0)], dots [(1, 4)], arrows []
p2 P2 board 8, squares 0.550 x 0.550 in, star [(0, 0)], dots [], arrows []
p2 P3 board 8, squares 0.260 x 0.260 in, star [(0, 0)], dots [(7, 7)], arrows []
p3 P5 board 8, squares 0.400 x 0.400 in, star [(0, 0)], dots [(5, 2)], arrows []
p3 P4 piles [4, 4] (counter radius 0.1 in) label '4 and 4'
p3 P4 piles [6, 2] (counter radius 0.1 in) label '6 and 2'
p3 P4 piles [5, 3] (counter radius 0.1 in) label '5 and 3'
p3 P4 piles [7, 7] (counter radius 0.1 in) label '7 and 7'
p4 P7 piles [1, 1, 1] (counter radius 0.1 in) label '1, 1, 1'
p4 P7 piles [1, 1, 2] (counter radius 0.1 in) label '1, 1, 2'
p4 P7 piles [2, 2, 3] (counter radius 0.1 in) label '2, 2, 3'
p4 P7 piles [1, 2, 3] (counter radius 0.1 in) label '1, 2, 3'
======================================================================
grades-4-5 lowell-math-circle-year-2/week-08/week-08-grades-4-5.pdf - 7 pages
Problem headings (page, number): [(1, 1), (2, 2), (3, 3), (3, 4), (4, 5), (4, 6), (5, 7), (6, 8), (7, 9)]
p1 PNone board 4, squares 0.380 x 0.380 in, star [(0, 0)], dots [(2, 3)], arrows [((2, 3), (0, 3)), ((2, 3), (2, 0))]
p1 P1 board 8, squares 0.460 x 0.460 in, star [(0, 0)], dots [], arrows []
p2 P2 board 8, squares 0.400 x 0.400 in, star [(0, 0)], dots [(6, 3)], arrows []
p6 P8 board 5, squares 0.340 x 0.340 in, star [(0, 0)], dots [(3, 4)], arrows [((3, 4), (0, 4)), ((3, 4), (3, 0)), ((3, 4), (0, 1))]
p6 P8 board 8, squares 0.600 x 0.600 in, star [(0, 0)], dots [], arrows []
p7 P9 board 20, squares 0.300 x 0.300 in, star [(0, 0)], dots [], arrows []
wrote pdf_geometry.json
