OK       page 3: 3-by-3 (square 0.170 x 0.170 in), star [(0, 0)], dot [(2, 2)], shaded 0 [], arrows [] -- start (2, 2): shaded = winning move(s) []
OK       page 3: 3-by-3 (square 0.170 x 0.170 in), star [(0, 0)], dot [(1, 2)], shaded 1 [(1, 1)], arrows [((1, 2), (1, 1))] -- start (1, 2): shaded = winning move(s) [(1, 1)]
OK       page 4: 4-by-4 (square 0.130 x 0.130 in), star [(0, 0)], dot [(3, 3)], shaded 0 [], arrows [] -- start (3, 3): shaded = winning move(s) []
OK       page 4: 4-by-4 (square 0.130 x 0.130 in), star [(0, 0)], dot [(2, 2)], shaded 0 [], arrows [] -- start (2, 2): shaded = winning move(s) []
OK       page 4: 4-by-4 (square 0.130 x 0.130 in), star [(0, 0)], dot [(3, 0)], shaded 1 [(0, 0)], arrows [((3, 0), (0, 0))] -- start (3, 0): shaded = winning move(s) [(0, 0)]
OK       page 4: 4-by-4 (square 0.130 x 0.130 in), star [(0, 0)], dot [(1, 3)], shaded 1 [(1, 1)], arrows [((1, 3), (1, 1))] -- start (1, 3): shaded = winning move(s) [(1, 1)]
OK       page 4: 5-by-5 (square 0.105 x 0.105 in), star [(0, 0)], dot [(0, 3)], shaded 1 [(0, 0)], arrows [((0, 3), (0, 0))] -- start (0, 3): shaded = winning move(s) [(0, 0)]
OK       page 4: 5-by-5 (square 0.105 x 0.105 in), star [(0, 0)], dot [(3, 1)], shaded 1 [(1, 1)], arrows [((3, 1), (1, 1))] -- start (3, 1): shaded = winning move(s) [(1, 1)]
OK       page 4: 5-by-5 (square 0.105 x 0.105 in), star [(0, 0)], dot [(2, 4)], shaded 1 [(2, 2)], arrows [((2, 4), (2, 2))] -- start (2, 4): shaded = winning move(s) [(2, 2)]
OK       page 4: 5-by-5 (square 0.105 x 0.105 in), star [(0, 0)], dot [(4, 3)], shaded 1 [(3, 3)], arrows [((4, 3), (3, 3))] -- start (4, 3): shaded = winning move(s) [(3, 3)]
OK       page 4: 6-by-6 (square 0.150 x 0.150 in), star [(0, 0)], dot [], shaded 6 [(0, 0), (1, 1), (2, 2), (3, 3), (4, 4), (5, 5)], arrows [] -- no start: shaded = rook second-player squares incl. (0,0)
OK       page 5: 5-by-5 (square 0.100 x 0.100 in), star [(0, 0)], dot [(4, 4)], shaded 0 [], arrows [] -- start (4, 4): shaded = winning move(s) []
OK       page 5: 5-by-5 (square 0.100 x 0.100 in), star [(0, 0)], dot [(4, 2)], shaded 1 [(2, 2)], arrows [((4, 2), (2, 2))] -- start (4, 2): shaded = winning move(s) [(2, 2)]
OK       page 5: 5-by-5 (square 0.100 x 0.100 in), star [(0, 0)], dot [(3, 3)], shaded 0 [], arrows [] -- start (3, 3): shaded = winning move(s) []
OK       page 5: 5-by-5 (square 0.100 x 0.100 in), star [(0, 0)], dot [(1, 4)], shaded 1 [(1, 1)], arrows [((1, 4), (1, 1))] -- start (1, 4): shaded = winning move(s) [(1, 1)]
OK       page 5: 8-by-8 (square 0.120 x 0.120 in), star [(0, 0)], dot [], shaded 8 [(0, 0), (1, 1), (2, 2), (3, 3), (4, 4), (5, 5), (6, 6), (7, 7)], arrows [] -- no start: shaded = rook second-player squares incl. (0,0)
OK       page 7: 8-by-8 (square 0.120 x 0.120 in), star [(0, 0)], dot [], shaded 7 [(0, 0), (1, 2), (2, 1), (3, 5), (4, 7), (5, 3), (7, 4)], arrows [] -- no start: shaded = queen second-player squares incl. (0,0)
OK       page 8: 20-by-20 (square 0.057 x 0.057 in), star [], dot [], shaded 15 (15 squares), arrows [] -- no start: shaded = queen second-player squares incl. (0,0)
NOTE     page 8: the 20-by-20 picture shades the corner square (0,0) but draws no star on it, so it shows 15 shaded squares
Summary: 18 OK, 0 MISMATCH, 1 NOTE
