OK        k-1        On your turn, slide the token straight left or straight down, toward the star's side, one or more squares. Who...
OK        k-1        Problem 1: Play many games from the dot on each board. Circle if you would rather go first or second.
OK        k-1        Problem 2: Play many games from the dot on each board on this page and the next page. Circle if you would rath...
OK        k-1        Problem 3: It is your turn, and the token is on the dot. Color the square you should move it to so that you ca...
OK        k-1        Problem 4: Play many games on this board, starting on any square except the star. Color every square you want ...
OK        k-1        Problem 5: On your turn, take one or more counters from one pile, and whoever takes the last counter wins. Pla...
OK        k-1        Problem 6: Your partner goes first with these two piles of 7. Show the adult how you can always win.
OK        k-1        Problem 7: Your partner goes first, with the token in the corner farthest from the star on the separate 8-by-8...
OK        k-1        Problem 8: Make each set of three piles with counters and play many games. Circle if you would rather go first...
OK        grades-2-3 Players take turns. On a board, a move slides the token straight left or straight down, toward the star's side...
OK        grades-2-3 In a game with piles of counters, a move takes one or more counters from one pile. Whoever takes the last coun...
OK        grades-2-3 Problem 1: Play many games on a 5-by-5 board from each of these starting squares. Would you rather go first or...
OK        grades-2-3 Problem 2: Color every square of this 8-by-8 board except the star. Color a square green if you would rather g...
OK        grades-2-3 Problem 3: Your partner goes first, with the token in the top-right corner of an 8-by-8 board. Explain how you...
OK        grades-2-3 Problem 4: Play many games with two piles of counters from each start. Would you rather go first or second?
OK        grades-2-3 Problem 5: Which two piles of counters make the same game as this 8-by-8 board with the token on the dot? Expl...
OK        grades-2-3 Problem 6: A game starts with piles of 52 and 37 counters. Would you rather go first or second? Explain how yo...
OK        grades-2-3 Problem 7: Play many games with three piles from each start. Would you rather go first or second?
OK        grades-2-3 Problem 8: Find every start with three piles, each with 1, 2 or 3 counters, where you would rather go second. ...
OK        grades-2-3 Problem 9: Find all the starts with three piles, each with 1 to 6 counters, where you would rather go second. ...
OK        grades-4-5 Players take turns. On a board, a move slides the token straight left or straight down, toward the star's side...
OK        grades-4-5 In a game with piles of counters, a move takes one or more counters from one pile. Whoever takes the last coun...
OK        grades-4-5 Problem 1: Color every square of this 8-by-8 board except the star: green if the first player can always win w...
OK        grades-4-5 Problem 2: Find two piles of counters that make the same game as this board with the token on the dot. Explain...
OK        grades-4-5 Problem 3: Play many games with three piles from each start. Which player can always win?
OK        grades-4-5 Problem 4: Find all the starts with three piles, each with 1 to 7 counters, where the second player can always...
OK        grades-4-5 Problem 5: The second player can always win from each of these starts. 1, 2, 3 1, 4, 5 2, 4, 6 3, 5, 6 2, 5, 7...
OK        grades-4-5 Problem 6: Which player can always win from each of these starts? When it is the first player, find a first mo...
OK        grades-4-5 Problem 7: Explain why your rule from Problem 5 is right for every start, even with piles of hundreds of count...
OK        grades-4-5 Problem 8: In a new game, the token may also slide diagonally down and to the left, one or more squares. Color...
OK        grades-4-5 Problem 9: In the game from Problem 8, mark all the red squares on this 20-by-20 board. Explain how you know y...
OK         src/k-1.tex equals build.py output
OK         src/grades-2-3.tex equals build.py output
OK         src/grades-4-5.tex equals build.py output
OK        return    Take turns. Remove one or more counters from one pile. Whoever takes the final counter loses.
OK        return    Problem 1: Build these starts with counters. Which player can always win? Find a rule for all two-pile starts ...
OK        return    Take turns sliding one coin left through empty squares. Coins cannot jump. A player with no move loses.
OK        return    Problem 2: Play these starts. Which player can always win?
OK        return    Problem 2 (continued): Play these three-coin starts. Find a rule for the starts where the second player can al...
OK        return    On your turn, choose one board. Slide its token one or more squares left or down. The player who leaves both t...
OK        return    Problem 3: Play the pairs of starts on the next page. Which pairs let the first player always win? Invent anot...
OK        return    Problem 3 (continued): Which player can always win from each pair? Use the large boards to play.
Summary: 42 OK, 0 MISMATCH
