Student PDF: lowell-math-circle-year-2/week-64/week-64-students.pdf pages 9
ok   student packet has 9 pages
ok   p1 octagon 1 (width 1.630 in): regular (sides 48.61-48.61 pt, angles 135 deg)
ok   p1 octagon 1 (width 1.630 in): vertices are (+-1,+-a),(+-a,+-1) in side-2 units
ok   p1 octagon 1 (width 1.630 in): every edge carries exactly one arrow
ok   p1 octagon 1 (width 1.630 in): each letter labels exactly two edges ['A', 'B', 'C', 'D']
ok   p1 octagon 1 (width 1.630 in): each letter pair is glued by a translation (arrows agree as vectors)
ok   p1 octagon 1 (width 1.630 in): paired edges are opposite sides
ok   p1 octagon 2 (width 1.630 in): regular (sides 48.61-48.61 pt, angles 135 deg)
ok   p1 octagon 2 (width 1.630 in): vertices are (+-1,+-a),(+-a,+-1) in side-2 units
ok   p1 octagon 2 (width 1.630 in): every edge carries exactly one arrow
ok   p1 octagon 2 (width 1.630 in): each letter labels exactly two edges ['A', 'B', 'C', 'D']
ok   p1 octagon 2 (width 1.630 in): each letter pair is glued by a translation (arrows agree as vectors)
ok   p1 octagon 2 (width 1.630 in): paired edges are opposite sides
ok   p1 octagon 3 (width 3.940 in): regular (sides 117.50-117.51 pt, angles 135 deg)
ok   p1 octagon 3 (width 3.940 in): vertices are (+-1,+-a),(+-a,+-1) in side-2 units
ok   p1 octagon 3 (width 3.940 in): every edge carries exactly one arrow
ok   p1 octagon 3 (width 3.940 in): each letter labels exactly two edges ['A', 'B', 'C', 'D']
ok   p1 octagon 3 (width 3.940 in): each letter pair is glued by a translation (arrows agree as vectors)
ok   p1 octagon 3 (width 3.940 in): paired edges are opposite sides
ok   p2 octagon 1 (width 5.350 in): regular (sides 159.56-159.56 pt, angles 135 deg)
ok   p2 octagon 1 (width 5.350 in): vertices are (+-1,+-a),(+-a,+-1) in side-2 units
ok   p2 octagon 1 (width 5.350 in): every edge carries exactly one arrow
ok   p2 octagon 1 (width 5.350 in): each letter labels exactly two edges ['A', 'B', 'C', 'D']
ok   p2 octagon 1 (width 5.350 in): each letter pair is glued by a translation (arrows agree as vectors)
ok   p2 octagon 1 (width 5.350 in): paired edges are opposite sides
ok   p3 octagon 1 (width 1.400 in): regular (sides 41.75-41.75 pt, angles 135 deg)
ok   p3 octagon 1 (width 1.400 in): vertices are (+-1,+-a),(+-a,+-1) in side-2 units
ok   p3 octagon 1 (width 1.400 in): every edge carries exactly one arrow
ok   p3 octagon 1 (width 1.400 in): each letter labels exactly two edges ['A', 'B', 'C', 'D']
ok   p3 octagon 1 (width 1.400 in): each letter pair is glued by a translation (arrows agree as vectors)
ok   p3 octagon 1 (width 1.400 in): paired edges are opposite sides
ok   p3 octagon 2 (width 1.400 in): regular (sides 41.75-41.75 pt, angles 135 deg)
ok   p3 octagon 2 (width 1.400 in): vertices are (+-1,+-a),(+-a,+-1) in side-2 units
ok   p3 octagon 2 (width 1.400 in): every edge carries exactly one arrow
ok   p3 octagon 2 (width 1.400 in): each letter labels exactly two edges ['A', 'B', 'C', 'D']
ok   p3 octagon 2 (width 1.400 in): each letter pair is glued by a translation (arrows agree as vectors)
ok   p3 octagon 2 (width 1.400 in): paired edges are opposite sides
ok   p3 octagon 3 (width 4.650 in): regular (sides 138.68-138.68 pt, angles 135 deg)
ok   p3 octagon 3 (width 4.650 in): vertices are (+-1,+-a),(+-a,+-1) in side-2 units
ok   p3 octagon 3 (width 4.650 in): every edge carries exactly one arrow
ok   p3 octagon 3 (width 4.650 in): each letter labels exactly two edges ['A', 'B', 'C', 'D']
ok   p3 octagon 3 (width 4.650 in): each letter pair is glued by a translation (arrows agree as vectors)
ok   p3 octagon 3 (width 4.650 in): paired edges are opposite sides
ok   p4 octagon 1 (width 4.020 in): regular (sides 119.89-119.89 pt, angles 135 deg)
ok   p4 octagon 1 (width 4.020 in): vertices are (+-1,+-a),(+-a,+-1) in side-2 units
ok   p4 octagon 1 (width 4.020 in): every edge carries exactly one arrow
ok   p4 octagon 1 (width 4.020 in): each letter labels exactly two edges ['A', 'B', 'C', 'D']
ok   p4 octagon 1 (width 4.020 in): each letter pair is glued by a translation (arrows agree as vectors)
ok   p4 octagon 1 (width 4.020 in): paired edges are opposite sides
     octagon widths (in): {1: [1.63, 1.63, 3.94], 2: [5.35], 3: [1.4, 1.4, 4.65], 4: [4.02]}
ok   octagon widths p1 3.94 (+1.63 examples), p2 5.35, p3 4.65 (+1.40 examples)
ok   all eight printed octagons use the same letters and arrows
     octagon convention (midpoint x, y, arrow dx, dy in side-2 units):
        A [(-0.0, -2.41, 2.0, 0.0), (-0.0, 2.41, 2.0, 0.0)]
        B [(-1.71, -1.71, 1.41, -1.41), (1.71, 1.71, 1.41, -1.41)]
        C [(-2.41, -0.0, 0.0, 2.0), (2.41, -0.0, 0.0, 2.0)]
        D [(-1.71, 1.71, 1.41, 1.41), (1.71, -1.71, 1.41, 1.41)]
     p1 start dots (octagon units): {'P': (-0.65, -0.0), 'Q': (-0.3, 1.6), 'R': (0.2, -1.45)}
ok   p1 P, Q, R at (-.65,0), (-.3,1.6), (.2,-1.45)
ok   p1 P: one travel arrow, pointing straight right
ok   p1 Q: one travel arrow, pointing straight right
ok   p1 R: one travel arrow, pointing straight right
     p1 example: S=(0.7, -0.5), X(right)=(2.414, 0.271), X(left)=(-2.414, 0.271)
ok   p1 example: first X is on the right vertical (C) edge, away from its corners
ok   p1 example: second X is the translated mate on the left C edge
ok   p1 example: resumed segment parallel to arrival (24.23 vs 24.23 deg)
ok   p1 example: resumed segment stays inside the second octagon
ok   p3 example: copy 2 is copy 1 translated by one octagon width (left C on right C)
ok   p3 example: the two pieces are one straight line (angles [11.31, 11.31, 11.31])
ok   p3 example: the join is on copy 1 right C edge = copy 2 left C edge
ok   p3 example: copies numbered 1 and 2
ok   p4 corner label 1 is next to its corner (13.2 pt)
ok   p4 corner label 2 is next to its corner (13.5 pt)
ok   p4 corner label 3 is next to its corner (13.9 pt)
ok   p4 corner label 4 is next to its corner (14.2 pt)
ok   p4 corner label 5 is next to its corner (14.2 pt)
ok   p4 corner label 6 is next to its corner (13.9 pt)
ok   p4 corner label 7 is next to its corner (13.5 pt)
ok   p4 corner label 8 is next to its corner (13.2 pt)
     p4 octagon corner classes (from printed letters/arrows): [[1, 2, 3, 4, 5, 6, 7, 8]]
ok   p4 octagon: all eight corners form one group
     p4 octagon endpoint matches (tails, heads): {'B': ([1, 6], [2, 5]), 'C': ([3, 6], [2, 7]), 'D': ([4, 7], [3, 8]), 'A': ([5, 8], [1, 4])}
ok   p4 square is a square
ok   p4 square: every edge carries exactly one arrow
ok   p4 square: each letter labels exactly two edges ['E', 'F']
ok   p4 square: each letter pair is glued by a translation (arrows agree as vectors)
ok   p4 square: paired edges are opposite sides
     p4 square corner classes: [[9, 10, 11, 12]]
ok   p4 square: all four corners form one group
     p4 square endpoint matches: {'F': ([10, 11], [9, 12]), 'E': ([11, 12], [9, 10])}
ok   p5 has twelve sectors numbered 1-12
ok   p5 scale bar is 1 inch (72.00 pt)
     piece  1: angle 135.00 radius 1.100 in; piece R/L ('A', True)/('B', False)  corner R/L ('A', True)/('B', False) (letter, arrow toward corner)
ok   p5 piece 1 is an orientation-preserving copy of corner 1: same angle, letters and arrow directions
     piece  2: angle 135.00 radius 1.100 in; piece R/L ('B', True)/('C', True)  corner R/L ('B', True)/('C', True) (letter, arrow toward corner)
ok   p5 piece 2 is an orientation-preserving copy of corner 2: same angle, letters and arrow directions
     piece  3: angle 135.00 radius 1.100 in; piece R/L ('C', False)/('D', True)  corner R/L ('C', False)/('D', True) (letter, arrow toward corner)
ok   p5 piece 3 is an orientation-preserving copy of corner 3: same angle, letters and arrow directions
     piece  4: angle 135.00 radius 1.100 in; piece R/L ('D', False)/('A', True)  corner R/L ('D', False)/('A', True) (letter, arrow toward corner)
ok   p5 piece 4 is an orientation-preserving copy of corner 4: same angle, letters and arrow directions
     piece  5: angle 135.00 radius 1.100 in; piece R/L ('A', False)/('B', True)  corner R/L ('A', False)/('B', True) (letter, arrow toward corner)
ok   p5 piece 5 is an orientation-preserving copy of corner 5: same angle, letters and arrow directions
     piece  6: angle 135.00 radius 1.100 in; piece R/L ('B', False)/('C', False)  corner R/L ('B', False)/('C', False) (letter, arrow toward corner)
ok   p5 piece 6 is an orientation-preserving copy of corner 6: same angle, letters and arrow directions
     piece  7: angle 135.00 radius 1.100 in; piece R/L ('C', True)/('D', False)  corner R/L ('C', True)/('D', False) (letter, arrow toward corner)
ok   p5 piece 7 is an orientation-preserving copy of corner 7: same angle, letters and arrow directions
     piece  8: angle 135.00 radius 1.100 in; piece R/L ('D', True)/('A', False)  corner R/L ('D', True)/('A', False) (letter, arrow toward corner)
ok   p5 piece 8 is an orientation-preserving copy of corner 8: same angle, letters and arrow directions
     piece  9: angle 90.00 radius 0.750 in; piece R/L ('E', True)/('F', True)  corner R/L ('E', True)/('F', True) (letter, arrow toward corner)
ok   p5 piece 9 is an orientation-preserving copy of corner 9: same angle, letters and arrow directions
     piece 10: angle 90.00 radius 0.750 in; piece R/L ('F', False)/('E', True)  corner R/L ('F', False)/('E', True) (letter, arrow toward corner)
ok   p5 piece 10 is an orientation-preserving copy of corner 10: same angle, letters and arrow directions
     piece 11: angle 90.00 radius 0.750 in; piece R/L ('E', False)/('F', False)  corner R/L ('E', False)/('F', False) (letter, arrow toward corner)
ok   p5 piece 11 is an orientation-preserving copy of corner 11: same angle, letters and arrow directions
     piece 12: angle 90.00 radius 0.750 in; piece R/L ('F', True)/('E', False)  corner R/L ('F', True)/('E', False) (letter, arrow toward corner)
ok   p5 piece 12 is an orientation-preserving copy of corner 12: same angle, letters and arrow directions
ok   p5 sector angles total 3.000 turns (octagon) and 1.000 (square)
     p5 octagon cyclic order (crossing left rays): [1, 6, 3, 8, 5, 2, 7, 4]  square: [9, 12, 11, 10]
ok   p5 octagon pieces close up in a single cycle of all eight pieces
ok   p5 square pieces close up in a single cycle of all four pieces
ok   p6 L: equal x/y scale (side 2.470 in)
ok   p6 L outline is the three-square L
ok   p6 L squares named A (lower left), B (lower right), C (upper)
ok   p6 L: 42 grid lines, all on eighth-grid positions
     p6 L gluing read from letters/arrows: right {'A': 'B', 'B': 'A', 'C': 'C'}, up {'A': 'C', 'B': 'B', 'C': 'A'}
ok   p6 L: letters p,q,r,s each mark two outer edges with arrows agreeing (translations)
ok   p6 L: right crossing swaps A/B and fixes C; up crossing swaps A/C and fixes B
     p6 dots (square, local coords): [('A', (0.5, 0.25)), ('B', (0.5, 0.25)), ('C', (0.5, 0.25))]
     p6 travel arrow unit directions: [(0.0, 1.0), (1.0, 0.0)]
ok   p7 L: equal x/y scale (side 2.520 in)
ok   p7 L outline is the three-square L
ok   p7 L squares named A (lower left), B (lower right), C (upper)
ok   p7 L: 42 grid lines, all on eighth-grid positions
     p7 L gluing read from letters/arrows: right {'A': 'B', 'B': 'A', 'C': 'C'}, up {'A': 'C', 'B': 'B', 'C': 'A'}
ok   p7 L: letters p,q,r,s each mark two outer edges with arrows agreeing (translations)
ok   p7 L: right crossing swaps A/B and fixes C; up crossing swaps A/C and fixes B
     p7 dots (square, local coords): [('A', (0.5, 0.25)), ('B', (0.5, 0.25)), ('C', (0.5, 0.25))]
     p7 travel arrow unit directions: [(0.707, 0.707)]
ok   p8 L: equal x/y scale (side 2.520 in)
ok   p8 L outline is the three-square L
ok   p8 L squares named A (lower left), B (lower right), C (upper)
ok   p8 L: 42 grid lines, all on eighth-grid positions
     p8 L gluing read from letters/arrows: right {'A': 'B', 'B': 'A', 'C': 'C'}, up {'A': 'C', 'B': 'B', 'C': 'A'}
ok   p8 L: letters p,q,r,s each mark two outer edges with arrows agreeing (translations)
ok   p8 L: right crossing swaps A/B and fixes C; up crossing swaps A/C and fixes B
     p8 dots (square, local coords): [('A', (0.25, 0.5)), ('B', (0.25, 0.5)), ('C', (0.25, 0.5))]
     p8 travel arrow unit directions: [(0.894, 0.447)]
ok   p9 L: equal x/y scale (side 2.200 in)
ok   p9 L outline is the three-square L
ok   p9 L squares named A (lower left), B (lower right), C (upper)
ok   p9 L: 42 grid lines, all on eighth-grid positions
     p9 L gluing read from letters/arrows: right {'A': 'B', 'B': 'A', 'C': 'C'}, up {'A': 'C', 'B': 'B', 'C': 'A'}
ok   p9 L: letters p,q,r,s each mark two outer edges with arrows agreeing (translations)
ok   p9 L: right crossing swaps A/B and fixes C; up crossing swaps A/C and fixes B
     p9 dots (square, local coords): [('A', (0.5, 0.25))]
     p9 travel arrow unit directions: []
ok   p6 dots at local (1/2,1/4) in A, B, C
ok   p6 arrows: right and straight up from every dot
ok   p6 has six travel arrows (two per dot)
ok   p7 dots at local (1/2,1/4)
ok   p7 arrows: direction (1,1)
ok   p8 dots at local (1/4,1/2)
ok   p8 arrows: direction (2,1)
ok   p9: single dot S at local (1/2,1/4) of A
ok   p9 dot labelled S
ok   p9 labels "1 right, 2 up", "2 right, 3 up", "3 right, 1 up", "3 right, 2 up" present
ok   p9 mini arrow at x=81 has direction 1:2 (drawn 10.61,21.22 pt)
ok   p9 mini arrow at x=216 has direction 2:3 (drawn 21.91,32.87 pt)
ok   p9 mini arrow at x=351 has direction 3:1 (drawn 32.63,10.88 pt)
ok   p9 mini arrow at x=485 has direction 3:2 (drawn 32.87,21.91 pt)
ok   p9 each label sits under its own arrow

134 checks, 0 failures
