Octagon gluing read from student p. 2 (vertex index i = printed corner i+1): {'B': [(0, 1), (5, 4)], 'C': [(2, 1), (5, 6)], 'D': [(3, 2), (6, 7)], 'A': [(4, 3), (7, 0)]}
ok   octagon (+-1,+-a),(+-a,+-1): every squared side is exactly 4 (side 2)
ok   guide p. 8: side v_i v_{i+1} matches the opposite side by v_i<->v_{i+5}, v_{i+1}<->v_{i+4}
     first-listed edge midpoint per letter: {'B': (1.707, 1.707), 'C': (2.414, 0.0), 'D': (1.707, -1.707), 'A': (0.0, -2.414)}
ok   guide p. 8 table: right->left (-2a,0), NE->SW (-b,-b), SE->NW (-b,b), top->bottom (0,-2a) are the printed gluings
ok   guide p. 8: (b-y,y) on x+y=b maps to (-y,y-b) on x+y=-b
ok   guide p. 8: (y,y-b) on x-y=b maps to (y-b,y) on x-y=-b
ok   all eight octagon corners are one point
ok   cone angle 8 x 135 = 1080 deg = 3 full turns
ok   octagon: V-E+F = 1-4+1 = -2, genus 2
ok   guide p. 9 chain v0~v5~v2~v7~v4~v1~v6~v3~v0: each step is an endpoint match
ok   guide p. 5 tour 1->6->3->8->5->2->7->4->1: each step is an endpoint match
ok   guide p. 5 endpoint table A 8~5,1~4; B 1~6,2~5; C 3~6,2~7; D 4~7,3~8
     P1 P: closed, length 2+2r2 = 4.8284, crossings ['C'], pieces [3.064, 1.764]
     P1 Q: closed, length 4+2r2 = 6.8284, crossings ['B', 'D'], pieces [2.114, 3.2, 1.514]
     P1 R: closed, length 4+2r2 = 6.8284, crossings ['D', 'B'], pieces [1.764, 2.9, 2.164]
ok   P1 P closes, length 2a = 2+2r2, crossing C
ok   P1 Q closes, length 2b = 4+2r2, crossings B, D
ok   P1 R closes, length 2b, crossings D, B
ok   P1 Q and R are distinct loops of the outer family (guide heights 1.60-b and b-1.45)
     P2 sampled lengths: {'4+2r2': (-2.4, 2.4, 140), '2+2r2': (-0.98, 0.98, 99)}  corner heights: [-1.0, 1.0]
ok   P2: every sampled interior start closes or hits a corner
ok   P2: exactly two closed-trip lengths, 2a and 2b
ok   P2: |y|<1 gives 2a; 1<|y|<a gives 2b
ok   P2: only the heights y = +-1 hit a corner
ok   P2 irrational height 1+1/3r2: length 4+2r2
ok   P2 irrational height 0+1/5r2: length 2+2r2
ok   P2 irrational height -1-7/10r2: length 4+2r2
ok   P2 printed lengths 5.35 in and 7.566 in = 5.35 r2 (guide p. 3)
ok   guide: outer minus middle length = 2 = one side
ok   P3: equal chords exactly at y = b/2 (inside the outer band)
ok   P3: y = b/2 meets the NW (D) edge at its midpoint (-b/2, b/2)
     P3 from NW midpoint: closed, pieces [2+1r2, 2+1r2], crossings ['B', 'D']
ok   P3: from the D midpoint the trip closes with two chords of length b each
ok   P3: every other D-edge start height gives two unequal chords
ok   P3 development: copy 2 at (b,b) puts its SW B edge exactly on copy 1 NE B edge
ok   P3 optional: copy 3 at (2b,0) puts its NW D edge on copy 2 SE D edge
ok   P3 development copies 1, 2, 3 do not overlap
ok   P3 line (-b/2,b/2)->(3b/2,b/2) ends at copy 2 SE D midpoint (b/2,-b/2) after length 2b
ok   guide p. 2: three-copy p. 3 layout 11.23 x 7.94 in ("about 12 by 8")
ok   P3 full trip at p. 3 size 6.576 in
ok   geom64 diagram checks pass (0 failures)
     P5 seams along 1,6,3,8,5,2,7,4: ['B', 'C', 'D', 'A', 'B', 'C', 'D', 'A']
ok   guide p. 5: order 1,6,3,8,5,2,7,4 joins rays B,C,D,A,B,C,D,A with matching arrows, no flips
ok   guide p. 5: square order 9,10,11,12 joins rays ['E', 'F', 'E', 'F']
     P6 A right: closed length 2, events rr, dots ['A', 'B', 'A']
     P6 A up: closed length 2, events uu, dots ['A', 'C', 'A']
     P6 B right: closed length 2, events rr, dots ['B', 'A', 'B']
     P6 B up: closed length 1, events u, dots ['B', 'B']
     P6 C right: closed length 1, events r, dots ['C', 'C']
     P6 C up: closed length 2, events uu, dots ['C', 'A', 'C']
ok   P6: length 2 for A-right, B-right, A-up, C-up; length 1 for B-up, C-right (guide table)
     P7 A: closed block-time 3, events rururu, dot order ['A', 'B', 'C', 'A']
       events (time, edge, square after): [('1/2', 'r', 'B'), ('3/4', 'u', 'B'), ('3/2', 'r', 'A'), ('7/4', 'u', 'C'), ('5/2', 'r', 'C'), ('11/4', 'u', 'A')]
ok   guide p. 10 table for one-right/one-up from A: times 1/2..11/4 and squares B,B,A,C,C,A
     P7 B: closed block-time 3, events rururu, dot order ['B', 'C', 'A', 'B']
     P7 C: closed block-time 3, events rururu, dot order ['C', 'A', 'B', 'C']
ok   P7: every trip closes after 3 blocks (length 3r2) visiting A->B->C->A cyclically
ok   guide: from the square centre, direction (1,1) hits a corner
     P8 A: closed block-time 1, events rur, dot order ['A', 'A'], first-block times ['3/8', '1/2', '7/8']
     P8 B: closed block-time 2, events rurrur, dot order ['B', 'C', 'B'], first-block times ['3/8', '1/2', '7/8']
     P8 C: closed block-time 2, events rurrur, dot order ['C', 'B', 'C'], first-block times ['3/8', '1/2', '7/8']
ok   P8: A alone is shortest (1 block, r5); B and C take 2 blocks, exactly twice as long
ok   guide pp. 7, 10: block = right, up, right at 3/8, 1/2, 7/8
     P9 (1,2): closed at block-time 1 (length 1 x sqrt(5)), first-block events uru, block-end labels ['A', 'A']
     P9 (2,3): corner at block-time 1/4 (length 1/4 x sqrt(13)), first-block events , block-end labels ['A']
     P9 (3,1): closed at block-time 3 (length 3 x sqrt(10)), first-block events rrur, block-end labels ['A', 'C', 'B', 'A']
     P9 (3,2): closed at block-time 2 (length 2 x sqrt(13)), first-block events rurru, block-end labels ['A', 'B', 'A']
ok   P9: (1,2) closes after 1 block, (2,3) hits a corner at 1/4, (3,1) closes after 3, (3,2) after 2 (guide table)
ok   P9 universal answer: 5400 (direction, start) pairs all close within <=3 whole blocks or hit a corner
ok   L: all 12 square-corner sectors form one point, 12 x 90 = 1080 deg
ok   guide p. 10 L corner chain: every step is a single edge match
ok   L: V-E+F = 1-6+3 = -2, genus 2
     guide p. 4 figure copy centres (side-2 units, copy 1 at 0): [(0.0, 0.0), (3.414, 3.414), (6.828, 0.0)]
ok   guide p. 4 figure: copies at (0,0), (b,b), (2b,0)
ok   guide p. 4 figure: path at y=b/2 with marks at x = 0, b/2 (B), 3b/2 (D), 2b (return S): [-0.0, 1.707, 5.121, 6.828]
ok   guide p. 4 figure: the drawn path is horizontal at height b/2
ok   guide PDF text contains "4+2"
ok   guide PDF text contains "1080"
ok   guide PDF text contains "5.35"
ok   guide PDF text contains "7.57"
ok   guide PDF text contains "1, 6, 3, 8, 5, 2, 7, 4"
ok   guide PDF text contains "9, 10, 11, 12"
ok   guide PDF text contains "three full turns"
ok   guide PDF text contains "about 12 by 8 inches"
ok   guide PDF text contains "twice as long"
ok   guide p. 8: 4.828 and 6.828

61 checks, 0 failures
