== k-1 page 1: 16 closed straight outlines
  at (1.51,8.38) lw 0.40 fill (0.78, 0.9, 0.81): triangle side 2 | 4 cells (3 up, 1 down) | unit 1.0000 in (sides) theta 0.00 | corner snap 0.0001 in
  at (1.51,8.38) lw 1.59: triangle side 2 | 4 cells (3 up, 1 down) | unit 1.0000 in (sides) theta 0.00 | corner snap 0.0001 in
  at (5.41,8.38) lw 0.40 fill (0.8, 0.86, 0.96): parallelogram 2x2 (sides in order [2, 2, 2, 2]) | 8 cells (4 up, 4 down) | unit 1.0000 in (sides) theta 0.00 | corner snap 0.0001 in
  at (5.41,8.38) lw 1.59: parallelogram 2x2 (sides in order [2, 2, 2, 2]) | 8 cells (4 up, 4 down) | unit 1.0000 in (sides) theta 0.00 | corner snap 0.0001 in
  at (2.51,5.02) lw 0.40 fill (0.99, 0.91, 0.62): hexagon sides [2, 2, 2, 2, 2, 2] | 24 cells (12 up, 12 down) | unit 1.0000 in (sides) theta 0.00 | corner snap 0.0001 in
  at (2.51,5.02) lw 1.59: hexagon sides [2, 2, 2, 2, 2, 2] | 24 cells (12 up, 12 down) | unit 1.0000 in (sides) theta 0.00 | corner snap 0.0001 in
  at (6.40,5.02) lw 0.40 fill (0.97, 0.81, 0.81): trapezoid sides [2, 2, 2, 4] turns [120, 60, 60, 120] | 12 cells (5 up, 7 down) | unit 1.0000 in (sides) theta 30.00 | corner snap 0.0001 in
  at (6.40,5.02) lw 1.59: trapezoid sides [2, 2, 2, 4] turns [120, 60, 60, 120] | 12 cells (5 up, 7 down) | unit 1.0000 in (sides) theta 30.00 | corner snap 0.0001 in
  at (0.78,1.85) lw 0.40 fill (0.78, 0.9, 0.81): triangle side 1 | 1 cells (1 up, 0 down) | unit 0.5400 in (sides) theta 0.00 | corner snap 0.0001 in
  at (0.78,1.85) lw 0.90: triangle side 1 | 1 cells (1 up, 0 down) | unit 0.5400 in (sides) theta 0.00 | corner snap 0.0001 in
  at (2.53,1.85) lw 0.40 fill (0.8, 0.86, 0.96): parallelogram 1x1 (sides in order [1, 1, 1, 1]) | 2 cells (1 up, 1 down) | unit 0.5400 in (sides) theta 0.00 | corner snap 0.0001 in
  at (2.53,1.85) lw 0.90: parallelogram 1x1 (sides in order [1, 1, 1, 1]) | 2 cells (1 up, 1 down) | unit 0.5400 in (sides) theta 0.00 | corner snap 0.0001 in
  at (4.54,1.85) lw 0.40 fill (0.97, 0.81, 0.81): trapezoid sides [1, 2, 1, 1] turns [60, 120, 120, 60] | 3 cells (2 up, 1 down) | unit 0.5400 in (sides) theta 0.00 | corner snap 0.0001 in
  at (4.54,1.85) lw 0.90: trapezoid sides [1, 2, 1, 1] turns [60, 120, 120, 60] | 3 cells (2 up, 1 down) | unit 0.5400 in (sides) theta 0.00 | corner snap 0.0001 in
  at (6.69,1.85) lw 0.40 fill (0.99, 0.91, 0.62): hexagon sides [1, 1, 1, 1, 1, 1] | 6 cells (3 up, 3 down) | unit 0.5400 in (sides) theta 0.00 | corner snap 0.0001 in
  at (6.69,1.85) lw 0.90: hexagon sides [1, 1, 1, 1, 1, 1] | 6 cells (3 up, 3 down) | unit 0.5400 in (sides) theta 0.00 | corner snap 0.0001 in
== k-1 page 2: 3 closed straight outlines
  at (1.82,8.63) lw 1.59: hexagon sides [1, 1, 1, 1, 1, 1] | 6 cells (3 up, 3 down) | unit 1.0000 in (grid) theta 0.00 | corner snap 0.0001 in | grid lines 6 match interior edges: True (snap 0.0001 in)
  at (5.82,8.63) lw 1.59: parallelogram 2x2 (sides in order [2, 2, 2, 2]) | 8 cells (4 up, 4 down) | unit 1.0000 in (grid) theta 0.00 | corner snap 0.0001 in | grid lines 8 match interior edges: True (snap 0.0001 in)
  at (2.57,6.08) lw 1.59: parallelogram 1x3 (sides in order [1, 3, 1, 3]) | 6 cells (3 up, 3 down) | unit 1.0000 in (grid) theta 0.00 | corner snap 0.0001 in | grid lines 5 match interior edges: True (snap 0.0001 in)
== k-1 page 3: 4 closed straight outlines
  at (2.58,8.20) lw 0.40 fill (0.94, 0.94, 0.94): triangle side 3 | 9 cells (6 up, 3 down) | unit 1.0000 in (sides) theta 0.00 | corner snap 0.0001 in
  at (2.58,8.20) lw 1.59: triangle side 3 | 9 cells (6 up, 3 down) | unit 1.0000 in (sides) theta 0.00 | corner snap 0.0001 in
  at (2.58,4.57) lw 0.40 fill (0.94, 0.94, 0.94): polygon sides [1, 1, 1, 1, 1, 1, 1, 1, 1, 1, 1, 1] turns [-60, 120, -60, 120, -60, 120, -60, 120, -60, 120, -60, 120] | 12 cells (6 up, 6 down) | unit 1.0000 in (sides) theta 0.00 | corner snap 0.0001 in
  at (2.58,4.57) lw 1.59: polygon sides [1, 1, 1, 1, 1, 1, 1, 1, 1, 1, 1, 1] turns [-60, 120, -60, 120, -60, 120, -60, 120, -60, 120, -60, 120] | 12 cells (6 up, 6 down) | unit 1.0000 in (sides) theta 0.00 | corner snap 0.0001 in
== k-1 page 4: 3 closed straight outlines
  at (2.78,8.63) lw 1.59: parallelogram 2x3 (sides in order [2, 3, 2, 3]) | 12 cells (6 up, 6 down) | unit 1.0000 in (grid) theta 0.00 | corner snap 0.0001 in | grid lines 13 match interior edges: True (snap 0.0001 in)
  at (2.28,5.92) lw 1.59: triangle side 3 | 9 cells (6 up, 3 down) | unit 1.0000 in (grid) theta 0.00 | corner snap 0.0001 in | grid lines 9 match interior edges: True (snap 0.0001 in)
  at (3.28,3.20) lw 1.59: parallelogram 2x4 (sides in order [2, 4, 2, 4]) | 16 cells (8 up, 8 down) | unit 1.0000 in (grid) theta 0.00 | corner snap 0.0001 in | grid lines 18 match interior edges: True (snap 0.0001 in)
== k-1 page 5: 18 closed straight outlines
  at (5.83,9.06) lw 0.40 fill (0.88, 0.23, 0.23): trapezoid sides [1, 1, 1, 2] turns [120, 60, 60, 120] | 3 cells (2 up, 1 down) | unit 0.4200 in (sides) theta 0.00 | corner snap 0.0000 in
  at (5.83,9.06) lw 0.90: trapezoid sides [1, 1, 1, 2] turns [120, 60, 60, 120] | 3 cells (2 up, 1 down) | unit 0.4200 in (sides) theta 0.00 | corner snap 0.0000 in
  at (2.74,8.63) lw 0.40 fill (0.94, 0.94, 0.94): polygon sides [1, 1, 3, 1, 1, 3] turns [60, 60, 60, 120, -60, 120] | 12 cells (6 up, 6 down) | unit 1.0000 in (sides) theta 0.00 | corner snap 0.0001 in
  at (2.74,8.63) lw 1.59: polygon sides [1, 1, 3, 1, 1, 3] turns [60, 60, 60, 120, -60, 120] | 12 cells (6 up, 6 down) | unit 1.0000 in (sides) theta 0.00 | corner snap 0.0001 in
  at (5.93,8.20) lw 0.40 fill (0.18, 0.44, 0.84): parallelogram 1x1 (sides in order [1, 1, 1, 1]) | 2 cells (1 up, 1 down) | unit 0.4200 in (sides) theta 0.00 | corner snap 0.0000 in
  at (5.93,8.20) lw 0.90: parallelogram 1x1 (sides in order [1, 1, 1, 1]) | 2 cells (1 up, 1 down) | unit 0.4200 in (sides) theta 0.00 | corner snap 0.0000 in
  at (5.83,6.35) lw 0.40 fill (0.88, 0.23, 0.23): trapezoid sides [1, 1, 1, 2] turns [120, 60, 60, 120] | 3 cells (2 up, 1 down) | unit 0.4200 in (sides) theta 0.00 | corner snap 0.0001 in
  at (5.83,6.35) lw 0.90: trapezoid sides [1, 1, 1, 2] turns [120, 60, 60, 120] | 3 cells (2 up, 1 down) | unit 0.4200 in (sides) theta 0.00 | corner snap 0.0001 in
  at (2.99,5.92) lw 0.40 fill (0.94, 0.94, 0.94): trapezoid sides [3, 1, 3, 4] turns [120, 60, 60, 120] | 15 cells (9 up, 6 down) | unit 1.0000 in (sides) theta 0.00 | corner snap 0.0001 in
  at (2.99,5.92) lw 1.59: trapezoid sides [3, 1, 3, 4] turns [120, 60, 60, 120] | 15 cells (9 up, 6 down) | unit 1.0000 in (sides) theta 0.00 | corner snap 0.0001 in
  at (5.93,5.49) lw 0.40 fill (0.18, 0.44, 0.84): parallelogram 1x1 (sides in order [1, 1, 1, 1]) | 2 cells (1 up, 1 down) | unit 0.4200 in (sides) theta 0.00 | corner snap 0.0001 in
  at (5.93,5.49) lw 0.90: parallelogram 1x1 (sides in order [1, 1, 1, 1]) | 2 cells (1 up, 1 down) | unit 0.4200 in (sides) theta 0.00 | corner snap 0.0001 in
  at (5.83,3.20) lw 0.40 fill (0.88, 0.23, 0.23): trapezoid sides [1, 1, 1, 2] turns [120, 60, 60, 120] | 3 cells (2 up, 1 down) | unit 0.4200 in (sides) theta 0.00 | corner snap 0.0000 in
  at (5.83,3.20) lw 0.90: trapezoid sides [1, 1, 1, 2] turns [120, 60, 60, 120] | 3 cells (2 up, 1 down) | unit 0.4200 in (sides) theta 0.00 | corner snap 0.0000 in
  at (2.74,2.77) lw 0.40 fill (0.94, 0.94, 0.94): hexagon sides [2, 1, 2, 2, 1, 2] | 16 cells (8 up, 8 down) | unit 1.0000 in (sides) theta 0.00 | corner snap 0.0001 in
  at (2.74,2.77) lw 1.59: hexagon sides [2, 1, 2, 2, 1, 2] | 16 cells (8 up, 8 down) | unit 1.0000 in (sides) theta 0.00 | corner snap 0.0001 in
  at (5.93,2.34) lw 0.40 fill (0.18, 0.44, 0.84): parallelogram 1x1 (sides in order [1, 1, 1, 1]) | 2 cells (1 up, 1 down) | unit 0.4200 in (sides) theta 0.00 | corner snap 0.0000 in
  at (5.93,2.34) lw 0.90: parallelogram 1x1 (sides in order [1, 1, 1, 1]) | 2 cells (1 up, 1 down) | unit 0.4200 in (sides) theta 0.00 | corner snap 0.0000 in
== k-1 page 6: 4 closed straight outlines
  at (3.01,7.76) lw 0.40 fill (0.94, 0.94, 0.94): polygon sides [1, 2, 2, 2, 1, 2, 2] turns [-60, 120, 60, 60, 120, -60, 120] | 16 cells (8 up, 8 down) | unit 1.0000 in (sides) theta 0.00 | corner snap 0.0001 in
  at (3.01,7.76) lw 1.59: polygon sides [1, 2, 2, 2, 1, 2, 2] turns [-60, 120, 60, 60, 120, -60, 120] | 16 cells (8 up, 8 down) | unit 1.0000 in (sides) theta 0.00 | corner snap 0.0001 in
  at (3.01,3.80) lw 0.40 fill (0.94, 0.94, 0.94): hexagon sides [2, 2, 2, 2, 2, 2] | 24 cells (12 up, 12 down) | unit 1.0000 in (sides) theta 0.00 | corner snap 0.0001 in
  at (3.01,3.80) lw 1.59: hexagon sides [2, 2, 2, 2, 2, 2] | 24 cells (12 up, 12 down) | unit 1.0000 in (sides) theta 0.00 | corner snap 0.0001 in
== k-1 page 7: 11 closed straight outlines
  at (4.55,8.63) lw 0.40 fill (0.99, 0.91, 0.62): hexagon sides [1, 1, 1, 1, 1, 1] | 6 cells (3 up, 3 down) | unit 1.0000 in (sides) theta 0.00 | corner snap 0.0001 in
  at (4.55,8.63) lw 1.59: hexagon sides [1, 1, 1, 1, 1, 1] | 6 cells (3 up, 3 down) | unit 1.0000 in (sides) theta 0.00 | corner snap 0.0001 in
  at (1.15,6.62) lw 0.40 fill (0.88, 0.23, 0.23): trapezoid sides [1, 1, 1, 2] turns [120, 60, 60, 120] | 3 cells (2 up, 1 down) | unit 0.5500 in (sides) theta 0.00 | corner snap 0.0001 in
  at (1.15,6.62) lw 0.90: trapezoid sides [1, 1, 1, 2] turns [120, 60, 60, 120] | 3 cells (2 up, 1 down) | unit 0.5500 in (sides) theta 0.00 | corner snap 0.0001 in
  at (2.50,6.62) lw 0.90: hexagon sides [1, 1, 1, 1, 1, 1] | 6 cells (3 up, 3 down) | unit 0.7200 in (grid) theta 0.00 | corner snap 0.0001 in | grid lines 6 match interior edges: True (snap 0.0001 in)
  at (4.08,6.62) lw 0.90: hexagon sides [1, 1, 1, 1, 1, 1] | 6 cells (3 up, 3 down) | unit 0.7200 in (grid) theta 0.00 | corner snap 0.0001 in | grid lines 6 match interior edges: True (snap 0.0001 in)
  at (5.66,6.62) lw 0.90: hexagon sides [1, 1, 1, 1, 1, 1] | 6 cells (3 up, 3 down) | unit 0.7200 in (grid) theta 0.00 | corner snap 0.0001 in | grid lines 6 match interior edges: True (snap 0.0001 in)
  at (1.15,4.77) lw 0.40 fill (0.18, 0.44, 0.84): parallelogram 1x1 (sides in order [1, 1, 1, 1]) | 2 cells (1 up, 1 down) | unit 0.5500 in (sides) theta 0.00 | corner snap 0.0001 in
  at (1.15,4.77) lw 0.90: parallelogram 1x1 (sides in order [1, 1, 1, 1]) | 2 cells (1 up, 1 down) | unit 0.5500 in (sides) theta 0.00 | corner snap 0.0001 in
  at (2.50,4.77) lw 0.90: hexagon sides [1, 1, 1, 1, 1, 1] | 6 cells (3 up, 3 down) | unit 0.7200 in (grid) theta 0.00 | corner snap 0.0001 in | grid lines 6 match interior edges: True (snap 0.0001 in)
  at (4.08,4.77) lw 0.90: hexagon sides [1, 1, 1, 1, 1, 1] | 6 cells (3 up, 3 down) | unit 0.7200 in (grid) theta 0.00 | corner snap 0.0001 in | grid lines 6 match interior edges: True (snap 0.0001 in)
== grades-2-3 page 1: 4 closed straight outlines
  at (2.06,8.48) lw 1.59: hexagon sides [1, 1, 1, 1, 1, 1] | 6 cells (3 up, 3 down) | unit 1.0000 in (grid) theta 0.00 | corner snap 0.0000 in | grid lines 6 match interior edges: True (snap 0.0000 in)
  at (6.16,8.48) lw 1.59: parallelogram 2x2 (sides in order [2, 2, 2, 2]) | 8 cells (4 up, 4 down) | unit 1.0000 in (grid) theta 0.00 | corner snap 0.0001 in | grid lines 8 match interior edges: True (snap 0.0000 in)
  at (6.61,5.37) lw 1.59: hexagon sides [2, 1, 1, 2, 1, 1] | 10 cells (5 up, 5 down) | unit 1.0000 in (grid) theta 0.00 | corner snap 0.0001 in | grid lines 11 match interior edges: True (snap 0.0001 in)
  at (2.56,4.94) lw 1.59: parallelogram 2x3 (sides in order [2, 3, 2, 3]) | 12 cells (6 up, 6 down) | unit 1.0000 in (grid) theta 0.00 | corner snap 0.0001 in | grid lines 13 match interior edges: True (snap 0.0001 in)
== grades-2-3 page 2: 3 closed straight outlines
  at (5.86,7.85) lw 1.59: triangle side 4 | 16 cells (10 up, 6 down) | unit 1.0000 in (grid) theta 0.00 | corner snap 0.0001 in | grid lines 18 match interior edges: True (snap 0.0001 in)
  at (2.06,7.42) lw 1.59: triangle side 3 | 9 cells (6 up, 3 down) | unit 1.0000 in (grid) theta 0.00 | corner snap 0.0001 in | grid lines 9 match interior edges: True (snap 0.0001 in)
  at (3.11,3.81) lw 1.59: parallelogram 2x4 (sides in order [2, 4, 2, 4]) | 16 cells (8 up, 8 down) | unit 1.0000 in (grid) theta 0.00 | corner snap 0.0001 in | grid lines 18 match interior edges: True (snap 0.0001 in)
== grades-2-3 page 3: 4 closed straight outlines
  at (6.41,8.66) lw 0.90: hexagon sides [2, 2, 2, 2, 2, 2] | 24 cells (12 up, 12 down) | unit 0.4000 in (grid) theta 0.00 | corner snap 0.0000 in | grid lines 30 match interior edges: True (snap 0.0000 in)
  at (2.86,7.62) lw 1.59: hexagon sides [2, 2, 2, 2, 2, 2] | 24 cells (12 up, 12 down) | unit 1.0000 in (grid) theta 0.00 | corner snap 0.0001 in | grid lines 30 match interior edges: True (snap 0.0001 in)
  at (6.41,4.59) lw 0.90: triangle side 4 | 16 cells (10 up, 6 down) | unit 0.4000 in (grid) theta 0.00 | corner snap 0.0000 in | grid lines 18 match interior edges: True (snap 0.0000 in)
  at (2.86,3.55) lw 1.59: triangle side 4 | 16 cells (10 up, 6 down) | unit 1.0000 in (grid) theta 0.00 | corner snap 0.0000 in | grid lines 18 match interior edges: True (snap 0.0001 in)
== grades-2-3 page 4: 11 closed straight outlines
  at (2.13,8.05) lw 1.59: triangle side 3 | 9 cells (6 up, 3 down) | unit 1.0000 in (grid) theta 0.00 | corner snap 0.0000 in | grid lines 9 match interior edges: True (snap 0.0001 in)
  at (5.03,8.02) lw 0.90: triangle side 3 | 9 cells (6 up, 3 down) | unit 0.4000 in (grid) theta 0.00 | corner snap 0.0001 in | grid lines 9 match interior edges: True (snap 0.0001 in)
  at (6.78,8.02) lw 0.90: triangle side 3 | 9 cells (6 up, 3 down) | unit 0.4000 in (grid) theta 0.00 | corner snap 0.0001 in | grid lines 9 match interior edges: True (snap 0.0001 in)
  at (1.42,5.07) lw 0.90: hexagon sides [2, 2, 2, 2, 2, 2] | 24 cells (12 up, 12 down) | unit 0.4200 in (grid) theta 0.00 | corner snap 0.0001 in | grid lines 30 match interior edges: True (snap 0.0001 in)
  at (3.27,5.07) lw 0.90: hexagon sides [2, 2, 2, 2, 2, 2] | 24 cells (12 up, 12 down) | unit 0.4200 in (grid) theta 0.00 | corner snap 0.0001 in | grid lines 30 match interior edges: True (snap 0.0001 in)
  at (5.12,5.07) lw 0.90: hexagon sides [2, 2, 2, 2, 2, 2] | 24 cells (12 up, 12 down) | unit 0.4200 in (grid) theta 0.00 | corner snap 0.0001 in | grid lines 30 match interior edges: True (snap 0.0001 in)
  at (6.97,5.07) lw 0.90: hexagon sides [2, 2, 2, 2, 2, 2] | 24 cells (12 up, 12 down) | unit 0.4200 in (grid) theta 0.00 | corner snap 0.0001 in | grid lines 30 match interior edges: True (snap 0.0001 in)
  at (1.42,2.67) lw 0.90: hexagon sides [2, 2, 2, 2, 2, 2] | 24 cells (12 up, 12 down) | unit 0.4200 in (grid) theta 0.00 | corner snap 0.0001 in | grid lines 30 match interior edges: True (snap 0.0001 in)
  at (3.27,2.67) lw 0.90: hexagon sides [2, 2, 2, 2, 2, 2] | 24 cells (12 up, 12 down) | unit 0.4200 in (grid) theta 0.00 | corner snap 0.0001 in | grid lines 30 match interior edges: True (snap 0.0001 in)
  at (5.12,2.67) lw 0.90: hexagon sides [2, 2, 2, 2, 2, 2] | 24 cells (12 up, 12 down) | unit 0.4200 in (grid) theta 0.00 | corner snap 0.0001 in | grid lines 30 match interior edges: True (snap 0.0001 in)
  at (6.97,2.67) lw 0.90: hexagon sides [2, 2, 2, 2, 2, 2] | 24 cells (12 up, 12 down) | unit 0.4200 in (grid) theta 0.00 | corner snap 0.0001 in | grid lines 30 match interior edges: True (snap 0.0001 in)
== grades-2-3 page 5: 2 closed straight outlines
  at (2.62,7.82) lw 1.59: hexagon sides [2, 2, 2, 2, 2, 2] | 24 cells (12 up, 12 down) | unit 1.0000 in (grid) theta 0.00 | corner snap 0.0001 in | grid lines 30 match interior edges: True (snap 0.0001 in)
  at (2.87,4.19) lw 1.59: parallelogram 3x3 (sides in order [3, 3, 3, 3]) | 18 cells (9 up, 9 down) | unit 1.0000 in (grid) theta 0.00 | corner snap 0.0000 in | grid lines 21 match interior edges: True (snap 0.0001 in)
== grades-2-3 page 6: 2 closed straight outlines
  at (4.36,6.76) lw 1.59: hexagon sides [3, 3, 3, 3, 3, 3] | 54 cells (27 up, 27 down) | unit 1.0000 in (grid) theta 0.00 | corner snap 0.0000 in | grid lines 72 match interior edges: True (snap 0.0001 in)
  at (1.89,2.82) lw 0.90: hexagon sides [3, 3, 3, 3, 3, 3] | 54 cells (27 up, 27 down) | unit 0.3600 in (grid) theta 0.00 | corner snap 0.0000 in | grid lines 72 match interior edges: True (snap 0.0000 in)
== grades-2-3 page 7: 3 closed straight outlines
  at (4.36,6.95) lw 1.59: triangle side 6 | 36 cells (21 up, 15 down) | unit 1.0000 in (grid) theta 0.00 | corner snap 0.0000 in | grid lines 45 match interior edges: True (snap 0.0001 in)
  at (1.71,3.18) lw 0.90: triangle side 6 | 36 cells (21 up, 15 down) | unit 0.3000 in (grid) theta 0.00 | corner snap 0.0000 in | grid lines 45 match interior edges: True (snap 0.0000 in)
  at (3.91,3.18) lw 0.90: triangle side 6 | 36 cells (21 up, 15 down) | unit 0.3000 in (grid) theta 0.00 | corner snap 0.0000 in | grid lines 45 match interior edges: True (snap 0.0000 in)
== grades-4-5 page 1: 4 closed straight outlines
  at (2.06,8.48) lw 1.59: hexagon sides [1, 1, 1, 1, 1, 1] | 6 cells (3 up, 3 down) | unit 1.0000 in (grid) theta 0.00 | corner snap 0.0000 in | grid lines 6 match interior edges: True (snap 0.0000 in)
  at (6.16,8.48) lw 1.59: parallelogram 2x2 (sides in order [2, 2, 2, 2]) | 8 cells (4 up, 4 down) | unit 1.0000 in (grid) theta 0.00 | corner snap 0.0001 in | grid lines 8 match interior edges: True (snap 0.0000 in)
  at (6.61,5.37) lw 1.59: hexagon sides [2, 1, 1, 2, 1, 1] | 10 cells (5 up, 5 down) | unit 1.0000 in (grid) theta 0.00 | corner snap 0.0001 in | grid lines 11 match interior edges: True (snap 0.0001 in)
  at (2.56,4.94) lw 1.59: parallelogram 2x3 (sides in order [2, 3, 2, 3]) | 12 cells (6 up, 6 down) | unit 1.0000 in (grid) theta 0.00 | corner snap 0.0001 in | grid lines 13 match interior edges: True (snap 0.0001 in)
== grades-4-5 page 2: 2 closed straight outlines
  at (2.62,7.82) lw 1.59: hexagon sides [2, 2, 2, 2, 2, 2] | 24 cells (12 up, 12 down) | unit 1.0000 in (grid) theta 0.00 | corner snap 0.0001 in | grid lines 30 match interior edges: True (snap 0.0001 in)
  at (2.87,4.19) lw 1.59: parallelogram 3x3 (sides in order [3, 3, 3, 3]) | 18 cells (9 up, 9 down) | unit 1.0000 in (grid) theta 0.00 | corner snap 0.0000 in | grid lines 21 match interior edges: True (snap 0.0001 in)
== grades-4-5 page 3: 2 closed straight outlines
  at (5.86,7.85) lw 1.59: triangle side 4 | 16 cells (10 up, 6 down) | unit 1.0000 in (grid) theta 0.00 | corner snap 0.0000 in | grid lines 18 match interior edges: True (snap 0.0001 in)
  at (2.06,7.42) lw 1.59: triangle side 3 | 9 cells (6 up, 3 down) | unit 1.0000 in (grid) theta 0.00 | corner snap 0.0000 in | grid lines 9 match interior edges: True (snap 0.0001 in)
== grades-4-5 page 4: 39 closed straight outlines
  at (5.34,9.05) lw 0.90 fill (0.34, 0.34, 0.34): parallelogram 1x1 (sides in order [1, 1, 1, 1]) | 2 cells (1 up, 1 down) | unit 0.3300 in (sides) theta 30.00 | corner snap 0.0000 in
  at (5.63,9.05) lw 0.90 fill (0.6, 0.6, 0.6): parallelogram 1x1 (sides in order [1, 1, 1, 1]) | 2 cells (1 up, 1 down) | unit 0.3300 in (sides) theta 30.00 | corner snap 0.0000 in
  at (7.08,9.14) lw 0.90 fill (0.84, 0.84, 0.84): parallelogram 1x1 (sides in order [1, 1, 1, 1]) | 2 cells (1 up, 1 down) | unit 0.3300 in (sides) theta 30.00 | corner snap 0.0000 in
  at (6.80,8.97) lw 0.90 fill (0.84, 0.84, 0.84): parallelogram 1x1 (sides in order [1, 1, 1, 1]) | 2 cells (1 up, 1 down) | unit 0.3300 in (sides) theta 30.00 | corner snap 0.0000 in
  at (7.37,8.97) lw 0.90 fill (0.84, 0.84, 0.84): parallelogram 1x1 (sides in order [1, 1, 1, 1]) | 2 cells (1 up, 1 down) | unit 0.3300 in (sides) theta 30.00 | corner snap 0.0000 in
  at (5.06,8.89) lw 0.90 fill (0.34, 0.34, 0.34): parallelogram 1x1 (sides in order [1, 1, 1, 1]) | 2 cells (1 up, 1 down) | unit 0.3300 in (sides) theta 30.00 | corner snap 0.0000 in
  at (5.91,8.89) lw 0.90 fill (0.6, 0.6, 0.6): parallelogram 1x1 (sides in order [1, 1, 1, 1]) | 2 cells (1 up, 1 down) | unit 0.3300 in (sides) theta 30.00 | corner snap 0.0000 in
  at (7.08,8.81) lw 0.90 fill (0.84, 0.84, 0.84): parallelogram 1x1 (sides in order [1, 1, 1, 1]) | 2 cells (1 up, 1 down) | unit 0.3300 in (sides) theta 30.00 | corner snap 0.0000 in
  at (5.34,8.72) lw 0.90 fill (0.34, 0.34, 0.34): parallelogram 1x1 (sides in order [1, 1, 1, 1]) | 2 cells (1 up, 1 down) | unit 0.3300 in (sides) theta 30.00 | corner snap 0.0000 in
  at (5.63,8.72) lw 0.90 fill (0.6, 0.6, 0.6): parallelogram 1x1 (sides in order [1, 1, 1, 1]) | 2 cells (1 up, 1 down) | unit 0.3300 in (sides) theta 30.00 | corner snap 0.0000 in
  at (6.66,8.72) lw 0.90 fill (0.6, 0.6, 0.6): parallelogram 1x1 (sides in order [1, 1, 1, 1]) | 2 cells (1 up, 1 down) | unit 0.3300 in (sides) theta 30.00 | corner snap 0.0000 in
  at (7.51,8.72) lw 0.90 fill (0.34, 0.34, 0.34): parallelogram 1x1 (sides in order [1, 1, 1, 1]) | 2 cells (1 up, 1 down) | unit 0.3300 in (sides) theta 30.00 | corner snap 0.0000 in
  at (5.06,8.56) lw 0.90 fill (0.34, 0.34, 0.34): parallelogram 1x1 (sides in order [1, 1, 1, 1]) | 2 cells (1 up, 1 down) | unit 0.3300 in (sides) theta 30.00 | corner snap 0.0000 in
  at (5.48,8.64) lw 0.90: hexagon sides [1, 1, 1, 1, 1, 1] | 6 cells (3 up, 3 down) | unit 0.6600 in (sides) theta 30.00 | corner snap 0.0000 in
  at (5.91,8.56) lw 0.90 fill (0.6, 0.6, 0.6): parallelogram 1x1 (sides in order [1, 1, 1, 1]) | 2 cells (1 up, 1 down) | unit 0.3300 in (sides) theta 30.00 | corner snap 0.0000 in
  at (6.94,8.56) lw 0.90 fill (0.6, 0.6, 0.6): parallelogram 1x1 (sides in order [1, 1, 1, 1]) | 2 cells (1 up, 1 down) | unit 0.3300 in (sides) theta 30.00 | corner snap 0.0000 in
  at (7.08,8.64) lw 0.90: hexagon sides [1, 1, 1, 1, 1, 1] | 6 cells (3 up, 3 down) | unit 0.6600 in (sides) theta 30.00 | corner snap 0.0000 in
  at (7.23,8.56) lw 0.90 fill (0.34, 0.34, 0.34): parallelogram 1x1 (sides in order [1, 1, 1, 1]) | 2 cells (1 up, 1 down) | unit 0.3300 in (sides) theta 30.00 | corner snap 0.0000 in
  at (5.48,8.48) lw 0.90 fill (0.84, 0.84, 0.84): parallelogram 1x1 (sides in order [1, 1, 1, 1]) | 2 cells (1 up, 1 down) | unit 0.3300 in (sides) theta 30.00 | corner snap 0.0000 in
  at (6.66,8.39) lw 0.90 fill (0.6, 0.6, 0.6): parallelogram 1x1 (sides in order [1, 1, 1, 1]) | 2 cells (1 up, 1 down) | unit 0.3300 in (sides) theta 30.00 | corner snap 0.0000 in
  at (7.51,8.39) lw 0.90 fill (0.34, 0.34, 0.34): parallelogram 1x1 (sides in order [1, 1, 1, 1]) | 2 cells (1 up, 1 down) | unit 0.3300 in (sides) theta 30.00 | corner snap 0.0000 in
  at (5.20,8.31) lw 0.90 fill (0.84, 0.84, 0.84): parallelogram 1x1 (sides in order [1, 1, 1, 1]) | 2 cells (1 up, 1 down) | unit 0.3300 in (sides) theta 30.00 | corner snap 0.0000 in
  at (5.77,8.31) lw 0.90 fill (0.84, 0.84, 0.84): parallelogram 1x1 (sides in order [1, 1, 1, 1]) | 2 cells (1 up, 1 down) | unit 0.3300 in (sides) theta 30.00 | corner snap 0.0000 in
  at (6.94,8.23) lw 0.90 fill (0.6, 0.6, 0.6): parallelogram 1x1 (sides in order [1, 1, 1, 1]) | 2 cells (1 up, 1 down) | unit 0.3300 in (sides) theta 30.00 | corner snap 0.0000 in
  at (7.23,8.23) lw 0.90 fill (0.34, 0.34, 0.34): parallelogram 1x1 (sides in order [1, 1, 1, 1]) | 2 cells (1 up, 1 down) | unit 0.3300 in (sides) theta 30.00 | corner snap 0.0000 in
  at (5.48,8.15) lw 0.90 fill (0.84, 0.84, 0.84): parallelogram 1x1 (sides in order [1, 1, 1, 1]) | 2 cells (1 up, 1 down) | unit 0.3300 in (sides) theta 30.00 | corner snap 0.0000 in
  at (2.30,7.35) lw 1.59: hexagon sides [2, 2, 2, 2, 2, 2] | 24 cells (12 up, 12 down) | unit 1.0000 in (grid) theta 30.00 | corner snap 0.0001 in | grid lines 30 match interior edges: True (snap 0.0001 in)
  at (5.48,6.33) lw 0.90: hexagon sides [2, 2, 2, 2, 2, 2] | 24 cells (12 up, 12 down) | unit 0.3300 in (grid) theta 30.00 | corner snap 0.0000 in | grid lines 30 match interior edges: True (snap 0.0000 in)
  at (7.08,6.33) lw 0.90: hexagon sides [2, 2, 2, 2, 2, 2] | 24 cells (12 up, 12 down) | unit 0.3300 in (grid) theta 30.00 | corner snap 0.0000 in | grid lines 30 match interior edges: True (snap 0.0000 in)
  at (1.28,4.24) lw 0.90: hexagon sides [2, 2, 2, 2, 2, 2] | 24 cells (12 up, 12 down) | unit 0.3300 in (grid) theta 30.00 | corner snap 0.0000 in | grid lines 30 match interior edges: True (snap 0.0000 in)
  at (2.78,4.24) lw 0.90: hexagon sides [2, 2, 2, 2, 2, 2] | 24 cells (12 up, 12 down) | unit 0.3300 in (grid) theta 30.00 | corner snap 0.0000 in | grid lines 30 match interior edges: True (snap 0.0000 in)
  at (4.28,4.24) lw 0.90: hexagon sides [2, 2, 2, 2, 2, 2] | 24 cells (12 up, 12 down) | unit 0.3300 in (grid) theta 30.00 | corner snap 0.0000 in | grid lines 30 match interior edges: True (snap 0.0000 in)
  at (5.78,4.24) lw 0.90: hexagon sides [2, 2, 2, 2, 2, 2] | 24 cells (12 up, 12 down) | unit 0.3300 in (grid) theta 30.00 | corner snap 0.0000 in | grid lines 30 match interior edges: True (snap 0.0000 in)
  at (7.28,4.24) lw 0.90: hexagon sides [2, 2, 2, 2, 2, 2] | 24 cells (12 up, 12 down) | unit 0.3300 in (grid) theta 30.00 | corner snap 0.0000 in | grid lines 30 match interior edges: True (snap 0.0000 in)
  at (1.28,2.38) lw 0.90: hexagon sides [2, 2, 2, 2, 2, 2] | 24 cells (12 up, 12 down) | unit 0.3300 in (grid) theta 30.00 | corner snap 0.0000 in | grid lines 30 match interior edges: True (snap 0.0000 in)
  at (2.78,2.38) lw 0.90: hexagon sides [2, 2, 2, 2, 2, 2] | 24 cells (12 up, 12 down) | unit 0.3300 in (grid) theta 30.00 | corner snap 0.0000 in | grid lines 30 match interior edges: True (snap 0.0000 in)
  at (4.28,2.38) lw 0.90: hexagon sides [2, 2, 2, 2, 2, 2] | 24 cells (12 up, 12 down) | unit 0.3300 in (grid) theta 30.00 | corner snap 0.0000 in | grid lines 30 match interior edges: True (snap 0.0000 in)
  at (5.78,2.38) lw 0.90: hexagon sides [2, 2, 2, 2, 2, 2] | 24 cells (12 up, 12 down) | unit 0.3300 in (grid) theta 30.00 | corner snap 0.0000 in | grid lines 30 match interior edges: True (snap 0.0000 in)
  at (7.28,2.38) lw 0.90: hexagon sides [2, 2, 2, 2, 2, 2] | 24 cells (12 up, 12 down) | unit 0.3300 in (grid) theta 30.00 | corner snap 0.0000 in | grid lines 30 match interior edges: True (snap 0.0000 in)
== grades-4-5 page 5: 38 closed straight outlines
  at (5.96,9.11) lw 0.90 fill (0.84, 0.84, 0.84): parallelogram 1x1 (sides in order [1, 1, 1, 1]) | 2 cells (1 up, 1 down) | unit 0.5000 in (sides) theta 30.00 | corner snap 0.0000 in
  at (2.35,8.98) lw 0.90 fill (0.34, 0.34, 0.34): parallelogram 1x1 (sides in order [1, 1, 1, 1]) | 2 cells (1 up, 1 down) | unit 0.5000 in (sides) theta 30.00 | corner snap 0.0000 in
  at (2.78,8.98) lw 0.90 fill (0.6, 0.6, 0.6): parallelogram 1x1 (sides in order [1, 1, 1, 1]) | 2 cells (1 up, 1 down) | unit 0.5000 in (sides) theta 30.00 | corner snap 0.0000 in
  at (5.53,8.86) lw 0.90 fill (0.84, 0.84, 0.84): parallelogram 1x1 (sides in order [1, 1, 1, 1]) | 2 cells (1 up, 1 down) | unit 0.5000 in (sides) theta 30.00 | corner snap 0.0000 in
  at (6.40,8.86) lw 0.90 fill (0.84, 0.84, 0.84): parallelogram 1x1 (sides in order [1, 1, 1, 1]) | 2 cells (1 up, 1 down) | unit 0.5000 in (sides) theta 30.00 | corner snap 0.0001 in
  at (1.91,8.73) lw 0.90 fill (0.34, 0.34, 0.34): parallelogram 1x1 (sides in order [1, 1, 1, 1]) | 2 cells (1 up, 1 down) | unit 0.5000 in (sides) theta 30.00 | corner snap 0.0000 in
  at (3.21,8.73) lw 0.90 fill (0.6, 0.6, 0.6): parallelogram 1x1 (sides in order [1, 1, 1, 1]) | 2 cells (1 up, 1 down) | unit 0.5000 in (sides) theta 30.01 | corner snap 0.0001 in
  at (5.96,8.61) lw 0.90 fill (0.84, 0.84, 0.84): parallelogram 1x1 (sides in order [1, 1, 1, 1]) | 2 cells (1 up, 1 down) | unit 0.5000 in (sides) theta 30.00 | corner snap 0.0000 in
  at (2.35,8.48) lw 0.90 fill (0.34, 0.34, 0.34): parallelogram 1x1 (sides in order [1, 1, 1, 1]) | 2 cells (1 up, 1 down) | unit 0.5000 in (sides) theta 30.00 | corner snap 0.0000 in
  at (2.78,8.48) lw 0.90 fill (0.6, 0.6, 0.6): parallelogram 1x1 (sides in order [1, 1, 1, 1]) | 2 cells (1 up, 1 down) | unit 0.5000 in (sides) theta 30.00 | corner snap 0.0000 in
  at (5.31,8.48) lw 0.90 fill (0.6, 0.6, 0.6): parallelogram 1x1 (sides in order [1, 1, 1, 1]) | 2 cells (1 up, 1 down) | unit 0.5000 in (sides) theta 30.00 | corner snap 0.0000 in
  at (6.61,8.48) lw 0.90 fill (0.34, 0.34, 0.34): parallelogram 1x1 (sides in order [1, 1, 1, 1]) | 2 cells (1 up, 1 down) | unit 0.5000 in (sides) theta 30.00 | corner snap 0.0001 in
  at (2.56,8.36) lw 0.90: hexagon sides [1, 1, 1, 1, 1, 1] | 6 cells (3 up, 3 down) | unit 1.0000 in (sides) theta 30.00 | corner snap 0.0001 in
  at (5.96,8.36) lw 0.90: hexagon sides [1, 1, 1, 1, 1, 1] | 6 cells (3 up, 3 down) | unit 1.0000 in (sides) theta 30.00 | corner snap 0.0001 in
  at (1.91,8.23) lw 0.90 fill (0.34, 0.34, 0.34): parallelogram 1x1 (sides in order [1, 1, 1, 1]) | 2 cells (1 up, 1 down) | unit 0.5000 in (sides) theta 30.00 | corner snap 0.0000 in
  at (3.21,8.23) lw 0.90 fill (0.6, 0.6, 0.6): parallelogram 1x1 (sides in order [1, 1, 1, 1]) | 2 cells (1 up, 1 down) | unit 0.5000 in (sides) theta 30.01 | corner snap 0.0001 in
  at (5.75,8.23) lw 0.90 fill (0.6, 0.6, 0.6): parallelogram 1x1 (sides in order [1, 1, 1, 1]) | 2 cells (1 up, 1 down) | unit 0.5000 in (sides) theta 30.00 | corner snap 0.0000 in
  at (6.18,8.23) lw 0.90 fill (0.34, 0.34, 0.34): parallelogram 1x1 (sides in order [1, 1, 1, 1]) | 2 cells (1 up, 1 down) | unit 0.5000 in (sides) theta 30.00 | corner snap 0.0000 in
  at (2.56,8.11) lw 0.90 fill (0.84, 0.84, 0.84): parallelogram 1x1 (sides in order [1, 1, 1, 1]) | 2 cells (1 up, 1 down) | unit 0.5000 in (sides) theta 30.00 | corner snap 0.0000 in
  at (5.31,7.98) lw 0.90 fill (0.6, 0.6, 0.6): parallelogram 1x1 (sides in order [1, 1, 1, 1]) | 2 cells (1 up, 1 down) | unit 0.5000 in (sides) theta 30.00 | corner snap 0.0000 in
  at (6.61,7.98) lw 0.90 fill (0.34, 0.34, 0.34): parallelogram 1x1 (sides in order [1, 1, 1, 1]) | 2 cells (1 up, 1 down) | unit 0.5000 in (sides) theta 30.00 | corner snap 0.0001 in
  at (2.13,7.86) lw 0.90 fill (0.84, 0.84, 0.84): parallelogram 1x1 (sides in order [1, 1, 1, 1]) | 2 cells (1 up, 1 down) | unit 0.5000 in (sides) theta 30.00 | corner snap 0.0000 in
  at (2.99,7.86) lw 0.90 fill (0.84, 0.84, 0.84): parallelogram 1x1 (sides in order [1, 1, 1, 1]) | 2 cells (1 up, 1 down) | unit 0.5000 in (sides) theta 30.00 | corner snap 0.0001 in
  at (5.75,7.73) lw 0.90 fill (0.6, 0.6, 0.6): parallelogram 1x1 (sides in order [1, 1, 1, 1]) | 2 cells (1 up, 1 down) | unit 0.5000 in (sides) theta 30.00 | corner snap 0.0000 in
  at (6.18,7.73) lw 0.90 fill (0.34, 0.34, 0.34): parallelogram 1x1 (sides in order [1, 1, 1, 1]) | 2 cells (1 up, 1 down) | unit 0.5000 in (sides) theta 30.00 | corner snap 0.0000 in
  at (2.56,7.61) lw 0.90 fill (0.84, 0.84, 0.84): parallelogram 1x1 (sides in order [1, 1, 1, 1]) | 2 cells (1 up, 1 down) | unit 0.5000 in (sides) theta 30.00 | corner snap 0.0000 in
  at (1.06,6.32) lw 0.90: hexagon sides [2, 2, 2, 2, 2, 2] | 24 cells (12 up, 12 down) | unit 0.2700 in (grid) theta 30.00 | corner snap 0.0001 in | grid lines 30 match interior edges: True (snap 0.0001 in)
  at (2.31,6.32) lw 0.90: hexagon sides [2, 2, 2, 2, 2, 2] | 24 cells (12 up, 12 down) | unit 0.2700 in (grid) theta 30.00 | corner snap 0.0001 in | grid lines 30 match interior edges: True (snap 0.0001 in)
  at (3.56,6.32) lw 0.90: hexagon sides [2, 2, 2, 2, 2, 2] | 24 cells (12 up, 12 down) | unit 0.2700 in (grid) theta 30.00 | corner snap 0.0001 in | grid lines 30 match interior edges: True (snap 0.0001 in)
  at (4.81,6.32) lw 0.90: hexagon sides [2, 2, 2, 2, 2, 2] | 24 cells (12 up, 12 down) | unit 0.2700 in (grid) theta 30.00 | corner snap 0.0001 in | grid lines 30 match interior edges: True (snap 0.0001 in)
  at (6.06,6.32) lw 0.90: hexagon sides [2, 2, 2, 2, 2, 2] | 24 cells (12 up, 12 down) | unit 0.2700 in (grid) theta 30.00 | corner snap 0.0001 in | grid lines 30 match interior edges: True (snap 0.0001 in)
  at (7.31,6.32) lw 0.90: hexagon sides [2, 2, 2, 2, 2, 2] | 24 cells (12 up, 12 down) | unit 0.2700 in (grid) theta 30.00 | corner snap 0.0001 in | grid lines 30 match interior edges: True (snap 0.0001 in)
  at (1.06,4.99) lw 0.90: hexagon sides [2, 2, 2, 2, 2, 2] | 24 cells (12 up, 12 down) | unit 0.2700 in (grid) theta 30.00 | corner snap 0.0001 in | grid lines 30 match interior edges: True (snap 0.0001 in)
  at (2.31,4.99) lw 0.90: hexagon sides [2, 2, 2, 2, 2, 2] | 24 cells (12 up, 12 down) | unit 0.2700 in (grid) theta 30.00 | corner snap 0.0001 in | grid lines 30 match interior edges: True (snap 0.0001 in)
  at (3.56,4.99) lw 0.90: hexagon sides [2, 2, 2, 2, 2, 2] | 24 cells (12 up, 12 down) | unit 0.2700 in (grid) theta 30.00 | corner snap 0.0001 in | grid lines 30 match interior edges: True (snap 0.0001 in)
  at (4.81,4.99) lw 0.90: hexagon sides [2, 2, 2, 2, 2, 2] | 24 cells (12 up, 12 down) | unit 0.2700 in (grid) theta 30.00 | corner snap 0.0001 in | grid lines 30 match interior edges: True (snap 0.0001 in)
  at (6.06,4.99) lw 0.90: hexagon sides [2, 2, 2, 2, 2, 2] | 24 cells (12 up, 12 down) | unit 0.2700 in (grid) theta 30.00 | corner snap 0.0001 in | grid lines 30 match interior edges: True (snap 0.0001 in)
  at (7.31,4.99) lw 0.90: hexagon sides [2, 2, 2, 2, 2, 2] | 24 cells (12 up, 12 down) | unit 0.2700 in (grid) theta 30.00 | corner snap 0.0001 in | grid lines 30 match interior edges: True (snap 0.0001 in)
== grades-4-5 page 6: 7 closed straight outlines
  at (6.95,7.65) lw 0.90: hexagon sides [1, 3, 3, 1, 3, 3] | 30 cells (15 up, 15 down) | unit 0.3000 in (grid) theta 30.00 | corner snap 0.0000 in | grid lines 38 match interior edges: True (snap 0.0000 in)
  at (3.22,7.35) lw 1.59: hexagon sides [1, 3, 3, 1, 3, 3] | 30 cells (15 up, 15 down) | unit 1.0000 in (grid) theta 30.00 | corner snap 0.0000 in | grid lines 38 match interior edges: True (snap 0.0001 in)
  at (6.95,5.95) lw 0.90: hexagon sides [1, 3, 3, 1, 3, 3] | 30 cells (15 up, 15 down) | unit 0.3000 in (grid) theta 30.00 | corner snap 0.0000 in | grid lines 38 match interior edges: True (snap 0.0000 in)
  at (1.40,4.30) lw 0.90: hexagon sides [1, 3, 3, 1, 3, 3] | 30 cells (15 up, 15 down) | unit 0.3000 in (grid) theta 30.00 | corner snap 0.0000 in | grid lines 38 match interior edges: True (snap 0.0000 in)
  at (3.25,4.30) lw 0.90: hexagon sides [1, 3, 3, 1, 3, 3] | 30 cells (15 up, 15 down) | unit 0.3000 in (grid) theta 30.00 | corner snap 0.0000 in | grid lines 38 match interior edges: True (snap 0.0000 in)
  at (5.10,4.30) lw 0.90: hexagon sides [1, 3, 3, 1, 3, 3] | 30 cells (15 up, 15 down) | unit 0.3000 in (grid) theta 30.00 | corner snap 0.0000 in | grid lines 38 match interior edges: True (snap 0.0000 in)
  at (6.95,4.30) lw 0.90: hexagon sides [1, 3, 3, 1, 3, 3] | 30 cells (15 up, 15 down) | unit 0.3000 in (grid) theta 30.00 | corner snap 0.0000 in | grid lines 38 match interior edges: True (snap 0.0000 in)
== grades-4-5 page 7: 12 closed straight outlines
  at (1.37,8.76) lw 0.90: hexagon sides [2, 2, 2, 2, 2, 2] | 24 cells (12 up, 12 down) | unit 0.4000 in (grid) theta 30.00 | corner snap 0.0000 in | grid lines 30 match interior edges: True (snap 0.0000 in)
  at (3.22,8.76) lw 0.90: hexagon sides [2, 2, 2, 2, 2, 2] | 24 cells (12 up, 12 down) | unit 0.4000 in (grid) theta 30.00 | corner snap 0.0000 in | grid lines 30 match interior edges: True (snap 0.0000 in)
  at (5.07,8.76) lw 0.90: hexagon sides [2, 2, 2, 2, 2, 2] | 24 cells (12 up, 12 down) | unit 0.4000 in (grid) theta 30.00 | corner snap 0.0000 in | grid lines 30 match interior edges: True (snap 0.0000 in)
  at (6.92,8.76) lw 0.90: hexagon sides [2, 2, 2, 2, 2, 2] | 24 cells (12 up, 12 down) | unit 0.4000 in (grid) theta 30.00 | corner snap 0.0000 in | grid lines 30 match interior edges: True (snap 0.0000 in)
  at (1.37,6.86) lw 0.90: hexagon sides [2, 2, 2, 2, 2, 2] | 24 cells (12 up, 12 down) | unit 0.4000 in (grid) theta 30.00 | corner snap 0.0000 in | grid lines 30 match interior edges: True (snap 0.0000 in)
  at (3.22,6.86) lw 0.90: hexagon sides [2, 2, 2, 2, 2, 2] | 24 cells (12 up, 12 down) | unit 0.4000 in (grid) theta 30.00 | corner snap 0.0000 in | grid lines 30 match interior edges: True (snap 0.0000 in)
  at (5.07,6.86) lw 0.90: hexagon sides [2, 2, 2, 2, 2, 2] | 24 cells (12 up, 12 down) | unit 0.4000 in (grid) theta 30.00 | corner snap 0.0000 in | grid lines 30 match interior edges: True (snap 0.0000 in)
  at (6.92,6.86) lw 0.90: hexagon sides [2, 2, 2, 2, 2, 2] | 24 cells (12 up, 12 down) | unit 0.4000 in (grid) theta 30.00 | corner snap 0.0000 in | grid lines 30 match interior edges: True (snap 0.0000 in)
  at (1.37,4.96) lw 0.90: hexagon sides [2, 2, 2, 2, 2, 2] | 24 cells (12 up, 12 down) | unit 0.4000 in (grid) theta 30.00 | corner snap 0.0000 in | grid lines 30 match interior edges: True (snap 0.0000 in)
  at (3.22,4.96) lw 0.90: hexagon sides [2, 2, 2, 2, 2, 2] | 24 cells (12 up, 12 down) | unit 0.4000 in (grid) theta 30.00 | corner snap 0.0000 in | grid lines 30 match interior edges: True (snap 0.0000 in)
  at (5.07,4.96) lw 0.90: hexagon sides [2, 2, 2, 2, 2, 2] | 24 cells (12 up, 12 down) | unit 0.4000 in (grid) theta 30.00 | corner snap 0.0000 in | grid lines 30 match interior edges: True (snap 0.0000 in)
  at (6.92,4.96) lw 0.90: hexagon sides [2, 2, 2, 2, 2, 2] | 24 cells (12 up, 12 down) | unit 0.4000 in (grid) theta 30.00 | corner snap 0.0000 in | grid lines 30 match interior edges: True (snap 0.0000 in)
== grades-4-5 page 8: 21 closed straight outlines
  at (1.20,8.44) lw 0.90: hexagon sides [2, 2, 2, 2, 2, 2] | 24 cells (12 up, 12 down) | unit 0.3600 in (grid) theta 30.00 | corner snap 0.0001 in | grid lines 30 match interior edges: True (snap 0.0001 in)
  at (2.70,8.44) lw 0.90: hexagon sides [2, 2, 2, 2, 2, 2] | 24 cells (12 up, 12 down) | unit 0.3600 in (grid) theta 30.00 | corner snap 0.0001 in | grid lines 30 match interior edges: True (snap 0.0001 in)
  at (4.20,8.44) lw 0.90: hexagon sides [2, 2, 2, 2, 2, 2] | 24 cells (12 up, 12 down) | unit 0.3600 in (grid) theta 30.00 | corner snap 0.0001 in | grid lines 30 match interior edges: True (snap 0.0001 in)
  at (5.70,8.44) lw 0.90: hexagon sides [2, 2, 2, 2, 2, 2] | 24 cells (12 up, 12 down) | unit 0.3600 in (grid) theta 30.00 | corner snap 0.0001 in | grid lines 30 match interior edges: True (snap 0.0001 in)
  at (7.20,8.44) lw 0.90: hexagon sides [2, 2, 2, 2, 2, 2] | 24 cells (12 up, 12 down) | unit 0.3600 in (grid) theta 30.00 | corner snap 0.0001 in | grid lines 30 match interior edges: True (snap 0.0001 in)
  at (2.68,6.71) lw 0.90 fill (0.96, 0.77, 0.77): trapezoid sides [1, 1, 1, 2] turns [120, 60, 60, 120] | 3 cells (1 up, 2 down) | unit 0.5500 in (sides) theta 30.00 | corner snap 0.0000 in
  at (5.60,6.71) lw 0.90 fill (0.96, 0.77, 0.77): trapezoid sides [1, 1, 1, 2] turns [120, 60, 60, 120] | 3 cells (1 up, 2 down) | unit 0.5500 in (sides) theta 30.00 | corner snap 0.0000 in
  at (6.55,6.71) lw 0.90 fill (0.96, 0.77, 0.77): trapezoid sides [1, 1, 2, 1] turns [60, 60, 120, 120] | 3 cells (2 up, 1 down) | unit 0.5500 in (sides) theta 30.00 | corner snap 0.0001 in
  at (2.20,6.43) lw 0.90 fill (0.96, 0.77, 0.77): trapezoid sides [1, 1, 2, 1] turns [60, 60, 120, 120] | 3 cells (2 up, 1 down) | unit 0.5500 in (sides) theta 30.00 | corner snap 0.0000 in
  at (3.39,6.29) lw 0.90 fill (0.96, 0.77, 0.77): trapezoid sides [1, 1, 2, 1] turns [60, 60, 120, 120] | 3 cells (2 up, 1 down) | unit 0.5500 in (sides) theta 30.00 | corner snap 0.0001 in
  at (2.68,6.16) lw 0.90 fill (0.96, 0.77, 0.77): trapezoid sides [1, 2, 1, 1] turns [60, 120, 120, 60] | 3 cells (1 up, 2 down) | unit 0.5500 in (sides) theta 30.00 | corner snap 0.0000 in
  at (6.08,6.16) lw 0.90 fill (0.96, 0.77, 0.77): trapezoid sides [1, 2, 1, 1] turns [60, 120, 120, 60] | 3 cells (1 up, 2 down) | unit 0.5500 in (sides) theta 30.00 | corner snap 0.0000 in
  at (5.36,6.02) lw 0.90 fill (0.96, 0.77, 0.77): trapezoid sides [1, 1, 2, 1] turns [60, 60, 120, 120] | 3 cells (2 up, 1 down) | unit 0.5500 in (sides) theta 30.00 | corner snap 0.0000 in
  at (6.79,6.02) lw 0.90 fill (0.96, 0.77, 0.77): trapezoid sides [1, 1, 1, 2] turns [120, 60, 60, 120] | 3 cells (1 up, 2 down) | unit 0.5500 in (sides) theta 30.00 | corner snap 0.0001 in
  at (2.68,5.88) lw 0.90 fill (0.96, 0.77, 0.77): trapezoid sides [2, 1, 1, 1] turns [120, 120, 60, 60] | 3 cells (2 up, 1 down) | unit 0.5500 in (sides) theta 30.00 | corner snap 0.0000 in
  at (6.08,5.88) lw 0.90 fill (0.96, 0.77, 0.77): trapezoid sides [2, 1, 1, 1] turns [120, 120, 60, 60] | 3 cells (2 up, 1 down) | unit 0.5500 in (sides) theta 30.00 | corner snap 0.0000 in
  at (1.96,5.74) lw 0.90 fill (0.96, 0.77, 0.77): trapezoid sides [1, 1, 1, 2] turns [120, 60, 60, 120] | 3 cells (1 up, 2 down) | unit 0.5500 in (sides) theta 30.00 | corner snap 0.0000 in
  at (3.15,5.61) lw 0.90 fill (0.96, 0.77, 0.77): trapezoid sides [1, 1, 2, 1] turns [60, 60, 120, 120] | 3 cells (1 up, 2 down) | unit 0.5500 in (sides) theta 30.00 | corner snap 0.0001 in
  at (2.68,5.33) lw 0.90 fill (0.96, 0.77, 0.77): trapezoid sides [2, 1, 1, 1] turns [120, 120, 60, 60] | 3 cells (2 up, 1 down) | unit 0.5500 in (sides) theta 30.00 | corner snap 0.0000 in
  at (5.60,5.33) lw 0.90 fill (0.96, 0.77, 0.77): trapezoid sides [1, 1, 1, 2] turns [120, 60, 60, 120] | 3 cells (1 up, 2 down) | unit 0.5500 in (sides) theta 30.00 | corner snap 0.0000 in
  at (6.55,5.33) lw 0.90 fill (0.96, 0.77, 0.77): trapezoid sides [1, 1, 1, 2] turns [120, 60, 60, 120] | 3 cells (2 up, 1 down) | unit 0.5500 in (sides) theta 30.00 | corner snap 0.0001 in
== grades-4-5 page 9: 4 closed straight outlines
  at (1.46,8.78) lw 0.90: hexagon sides [3, 3, 3, 3, 3, 3] | 54 cells (27 up, 27 down) | unit 0.3000 in (grid) theta 0.00 | corner snap 0.0000 in | grid lines 72 match interior edges: True (snap 0.0000 in)
  at (3.17,8.65) lw 0.90: hexagon sides [1, 2, 3, 1, 2, 3] | 22 cells (11 up, 11 down) | unit 0.3000 in (grid) theta 0.00 | corner snap 0.0000 in | grid lines 27 match interior edges: True (snap 0.0000 in)
  at (4.87,8.52) lw 0.90: parallelogram 4x4 (sides in order [4, 4, 4, 4]) | 32 cells (16 up, 16 down) | unit 0.3000 in (grid) theta 0.00 | corner snap 0.0000 in | grid lines 40 match interior edges: True (snap 0.0000 in)
  at (6.96,8.26) lw 0.90: parallelogram 2x5 (sides in order [2, 5, 2, 5]) | 20 cells (10 up, 10 down) | unit 0.3000 in (grid) theta 0.00 | corner snap 0.0000 in | grid lines 23 match interior edges: True (snap 0.0000 in)
== grades-4-5 page 10: 2 closed straight outlines
  at (4.36,6.76) lw 1.59: hexagon sides [3, 3, 3, 3, 3, 3] | 54 cells (27 up, 27 down) | unit 1.0000 in (grid) theta 0.00 | corner snap 0.0000 in | grid lines 72 match interior edges: True (snap 0.0001 in)
  at (1.89,2.82) lw 0.90: hexagon sides [3, 3, 3, 3, 3, 3] | 54 cells (27 up, 27 down) | unit 0.3600 in (grid) theta 0.00 | corner snap 0.0000 in | grid lines 72 match interior edges: True (snap 0.0000 in)
== facilitator page 1: 0 closed straight outlines
== facilitator page 2: 0 closed straight outlines
== facilitator page 3: 79 closed straight outlines
  at (4.15,5.65) lw 0.45 fill (0.55, 0.69, 0.91): parallelogram 1x1 (sides in order [1, 1, 1, 1]) | 2 cells (1 up, 1 down) | unit 0.2196 in (sides) theta 0.06 | corner snap 0.0009 in
  at (5.25,5.75) lw 0.45 fill (0.58, 0.81, 0.63): triangle side 1 | 1 cells (1 up, 0 down) | unit 0.2196 in (sides) theta 0.00 | corner snap 0.0005 in
  at (6.19,5.75) lw 0.45 fill (0.55, 0.69, 0.91): parallelogram 1x1 (sides in order [1, 1, 1, 1]) | 2 cells (1 up, 1 down) | unit 0.2195 in (sides) theta 0.00 | corner snap 0.0007 in
  at (6.46,5.65) lw 0.45 fill (0.97, 0.83, 0.25): hexagon sides [1, 1, 1, 1, 1, 1] | 6 cells (3 up, 3 down) | unit 0.2195 in (sides) theta 0.00 | corner snap 0.0009 in
  at (4.32,5.56) lw 0.45 fill (0.55, 0.69, 0.91): parallelogram 1x1 (sides in order [1, 1, 1, 1]) | 2 cells (1 up, 1 down) | unit 0.2200 in (sides) theta 0.06 | corner snap 0.0006 in
  at (3.33,5.46) lw 0.45 fill (0.94, 0.61, 0.61): trapezoid sides [1, 1, 2, 1] turns [60, 60, 120, 120] | 3 cells (2 up, 1 down) | unit 0.2196 in (sides) theta 0.06 | corner snap 0.0009 in
  at (3.99,5.46) lw 0.45 fill (0.94, 0.61, 0.61): trapezoid sides [1, 1, 2, 1] turns [60, 60, 120, 120] | 3 cells (1 up, 2 down) | unit 0.2196 in (sides) theta 0.00 | corner snap 0.0011 in
  at (5.25,5.46) lw 0.45 fill (0.97, 0.83, 0.25): hexagon sides [1, 1, 1, 1, 1, 1] | 6 cells (3 up, 3 down) | unit 0.2196 in (sides) theta 0.00 | corner snap 0.0011 in
  at (6.13,5.46) lw 0.45 fill (0.97, 0.83, 0.25): hexagon sides [1, 1, 1, 1, 1, 1] | 6 cells (3 up, 3 down) | unit 0.2196 in (sides) theta 0.00 | corner snap 0.0011 in
  at (6.68,5.46) lw 0.45 fill (0.55, 0.69, 0.91): parallelogram 1x1 (sides in order [1, 1, 1, 1]) | 2 cells (1 up, 1 down) | unit 0.2196 in (sides) theta 0.06 | corner snap 0.0010 in
  at (1.94,5.36) lw 0.30: triangle side 1 | 1 cells (1 up, 0 down) | unit 0.2196 in (sides) theta 0.00 | corner snap 0.0005 in
  at (2.05,5.36) lw 0.30: triangle side 1 | 1 cells (0 up, 1 down) | unit 0.2196 in (sides) theta 0.00 | corner snap 0.0005 in
  at (2.16,5.36) lw 0.30: triangle side 1 | 1 cells (1 up, 0 down) | unit 0.2196 in (sides) theta 0.00 | corner snap 0.0005 in
  at (2.27,5.36) lw 0.30: triangle side 1 | 1 cells (0 up, 1 down) | unit 0.2196 in (sides) theta 0.00 | corner snap 0.0005 in
  at (2.38,5.36) lw 0.30: triangle side 1 | 1 cells (1 up, 0 down) | unit 0.2196 in (sides) theta 0.00 | corner snap 0.0005 in
  at (2.49,5.36) lw 0.30: triangle side 1 | 1 cells (0 up, 1 down) | unit 0.2196 in (sides) theta 0.00 | corner snap 0.0005 in
  at (3.93,5.36) lw 0.45 fill (0.58, 0.81, 0.63): triangle side 1 | 1 cells (1 up, 0 down) | unit 0.2196 in (sides) theta 0.00 | corner snap 0.0005 in
  at (4.26,5.36) lw 0.45 fill (0.94, 0.61, 0.61): trapezoid sides [1, 1, 2, 1] turns [60, 60, 120, 120] | 3 cells (2 up, 1 down) | unit 0.2196 in (sides) theta 0.00 | corner snap 0.0007 in
  at (2.16,5.27) lw 0.60 fill (0.51, 0.66, 0.9): parallelogram 1x1 (sides in order [1, 1, 1, 1]) | 2 cells (1 up, 1 down) | unit 0.2196 in (sides) theta 0.06 | corner snap 0.0010 in
  at (2.16,5.27) lw 0.50 fill (1.0, 1.0, 1.0): parallelogram 3x2 (sides in order [3, 2, 3, 2]) | 12 cells (6 up, 6 down) | unit 0.2200 in (sides) theta 0.00 | corner snap 0.0001 in
  at (2.16,5.27) lw 0.70: parallelogram 3x2 (sides in order [3, 2, 3, 2]) | 12 cells (6 up, 6 down) | unit 0.2200 in (sides) theta 0.00 | corner snap 0.0001 in
  at (3.11,5.27) lw 0.45 fill (0.94, 0.61, 0.61): trapezoid sides [1, 2, 1, 1] turns [60, 120, 120, 60] | 3 cells (2 up, 1 down) | unit 0.2196 in (sides) theta 0.06 | corner snap 0.0010 in
  at (4.98,5.27) lw 0.45 fill (0.94, 0.61, 0.61): trapezoid sides [1, 1, 2, 1] turns [60, 60, 120, 120] | 3 cells (1 up, 2 down) | unit 0.2196 in (sides) theta 0.06 | corner snap 0.0009 in
  at (5.53,5.27) lw 0.45 fill (0.94, 0.61, 0.61): trapezoid sides [1, 1, 1, 2] turns [120, 60, 60, 120] | 3 cells (1 up, 2 down) | unit 0.2196 in (sides) theta -0.00 | corner snap 0.0009 in
  at (6.46,5.27) lw 0.45 fill (0.97, 0.83, 0.25): hexagon sides [1, 1, 1, 1, 1, 1] | 6 cells (3 up, 3 down) | unit 0.2196 in (sides) theta 0.00 | corner snap 0.0009 in
  at (0.76,5.17) lw 0.30: triangle side 1 | 1 cells (1 up, 0 down) | unit 0.2200 in (sides) theta 0.00 | corner snap 0.0005 in
  at (0.87,5.17) lw 0.30: triangle side 1 | 1 cells (0 up, 1 down) | unit 0.2200 in (sides) theta 0.00 | corner snap 0.0005 in
  at (0.98,5.17) lw 0.30: triangle side 1 | 1 cells (1 up, 0 down) | unit 0.2200 in (sides) theta 0.00 | corner snap 0.0005 in
  at (1.04,5.17) lw 0.60 fill (0.51, 0.66, 0.9): parallelogram 1x1 (sides in order [1, 1, 1, 1]) | 2 cells (1 up, 1 down) | unit 0.2200 in (sides) theta 0.06 | corner snap 0.0006 in
  at (1.04,5.17) lw 0.50 fill (1.0, 1.0, 1.0): parallelogram 1x3 (sides in order [1, 3, 1, 3]) | 6 cells (3 up, 3 down) | unit 0.2204 in (sides) theta 0.06 | corner snap 0.0014 in
  at (1.04,5.17) lw 0.70: parallelogram 1x3 (sides in order [1, 3, 1, 3]) | 6 cells (3 up, 3 down) | unit 0.2204 in (sides) theta 0.06 | corner snap 0.0014 in
  at (1.09,5.17) lw 0.30: triangle side 1 | 1 cells (0 up, 1 down) | unit 0.2200 in (sides) theta 0.00 | corner snap 0.0005 in
  at (1.20,5.17) lw 0.30: triangle side 1 | 1 cells (1 up, 0 down) | unit 0.2200 in (sides) theta 0.00 | corner snap 0.0005 in
  at (1.31,5.17) lw 0.30: triangle side 1 | 1 cells (0 up, 1 down) | unit 0.2200 in (sides) theta 0.00 | corner snap 0.0005 in
  at (1.83,5.17) lw 0.30: triangle side 1 | 1 cells (1 up, 0 down) | unit 0.2200 in (sides) theta 0.00 | corner snap 0.0005 in
  at (1.94,5.17) lw 0.30: triangle side 1 | 1 cells (0 up, 1 down) | unit 0.2200 in (sides) theta 0.00 | corner snap 0.0005 in
  at (2.05,5.17) lw 0.30: triangle side 1 | 1 cells (1 up, 0 down) | unit 0.2200 in (sides) theta 0.00 | corner snap 0.0005 in
  at (2.16,5.17) lw 0.30: triangle side 1 | 1 cells (0 up, 1 down) | unit 0.2200 in (sides) theta 0.00 | corner snap 0.0005 in
  at (2.27,5.17) lw 0.30: triangle side 1 | 1 cells (1 up, 0 down) | unit 0.2200 in (sides) theta 0.00 | corner snap 0.0005 in
  at (2.38,5.17) lw 0.30: triangle side 1 | 1 cells (0 up, 1 down) | unit 0.2200 in (sides) theta 0.00 | corner snap 0.0005 in
  at (3.38,5.17) lw 0.45 fill (0.94, 0.61, 0.61): trapezoid sides [1, 1, 2, 1] turns [60, 60, 120, 120] | 3 cells (2 up, 1 down) | unit 0.2200 in (sides) theta 0.00 | corner snap 0.0005 in
  at (4.15,5.17) lw 0.45 fill (0.58, 0.81, 0.63): triangle side 1 | 1 cells (0 up, 1 down) | unit 0.2200 in (sides) theta 0.00 | corner snap 0.0005 in
  at (5.25,5.17) lw 0.45 fill (0.94, 0.61, 0.61): trapezoid sides [1, 1, 2, 1] turns [60, 60, 120, 120] | 3 cells (2 up, 1 down) | unit 0.2200 in (sides) theta 0.00 | corner snap 0.0005 in
  at (6.19,5.17) lw 0.45 fill (0.55, 0.69, 0.91): parallelogram 1x1 (sides in order [1, 1, 1, 1]) | 2 cells (1 up, 1 down) | unit 0.2200 in (sides) theta 0.00 | corner snap 0.0005 in
  at (2.80,4.39) lw 0.45 fill (0.94, 0.61, 0.61): trapezoid sides [1, 1, 2, 1] turns [60, 60, 120, 120] | 3 cells (2 up, 1 down) | unit 0.1900 in (sides) theta 0.00 | corner snap 0.0005 in
  at (3.64,4.39) lw 0.45 fill (0.55, 0.69, 0.91): parallelogram 1x1 (sides in order [1, 1, 1, 1]) | 2 cells (1 up, 1 down) | unit 0.1900 in (sides) theta 0.07 | corner snap 0.0004 in
  at (3.83,4.39) lw 0.45 fill (0.55, 0.69, 0.91): parallelogram 1x1 (sides in order [1, 1, 1, 1]) | 2 cells (1 up, 1 down) | unit 0.1900 in (sides) theta 0.07 | corner snap 0.0006 in
  at (3.97,4.31) lw 0.45 fill (0.55, 0.69, 0.91): parallelogram 1x1 (sides in order [1, 1, 1, 1]) | 2 cells (1 up, 1 down) | unit 0.1895 in (sides) theta 0.07 | corner snap 0.0010 in
  at (0.84,4.23) lw 0.45 fill (0.94, 0.61, 0.61): trapezoid sides [1, 2, 1, 1] turns [60, 120, 120, 60] | 3 cells (1 up, 2 down) | unit 0.1895 in (sides) theta 0.00 | corner snap 0.0007 in
  at (1.68,4.23) lw 0.45 fill (0.55, 0.69, 0.91): parallelogram 1x1 (sides in order [1, 1, 1, 1]) | 2 cells (1 up, 1 down) | unit 0.1895 in (sides) theta 0.08 | corner snap 0.0005 in
  at (1.87,4.23) lw 0.45 fill (0.55, 0.69, 0.91): parallelogram 1x1 (sides in order [1, 1, 1, 1]) | 2 cells (1 up, 1 down) | unit 0.1895 in (sides) theta 0.08 | corner snap 0.0005 in
  at (2.06,4.23) lw 0.45 fill (0.55, 0.69, 0.91): parallelogram 1x1 (sides in order [1, 1, 1, 1]) | 2 cells (1 up, 1 down) | unit 0.1895 in (sides) theta 0.08 | corner snap 0.0005 in
  at (2.80,4.23) lw 0.45 fill (0.94, 0.61, 0.61): trapezoid sides [1, 2, 1, 1] turns [60, 120, 120, 60] | 3 cells (1 up, 2 down) | unit 0.1895 in (sides) theta 0.00 | corner snap 0.0007 in
  at (3.55,4.23) lw 0.45 fill (0.55, 0.69, 0.91): parallelogram 1x1 (sides in order [1, 1, 1, 1]) | 2 cells (1 up, 1 down) | unit 0.1895 in (sides) theta 0.00 | corner snap 0.0007 in
  at (3.83,4.23) lw 0.45 fill (0.55, 0.69, 0.91): parallelogram 1x1 (sides in order [1, 1, 1, 1]) | 2 cells (1 up, 1 down) | unit 0.1895 in (sides) theta 0.08 | corner snap 0.0005 in
  at (0.84,4.07) lw 0.45 fill (0.94, 0.61, 0.61): trapezoid sides [1, 1, 2, 1] turns [60, 60, 120, 120] | 3 cells (2 up, 1 down) | unit 0.1900 in (sides) theta 0.00 | corner snap 0.0004 in
  at (1.08,4.15) lw 0.45 fill (0.94, 0.61, 0.61): trapezoid sides [1, 1, 2, 1] turns [60, 60, 120, 120] | 3 cells (2 up, 1 down) | unit 0.1895 in (sides) theta 0.00 | corner snap 0.0011 in
  at (1.18,4.15) lw 0.45 fill (0.94, 0.61, 0.61): trapezoid sides [1, 1, 1, 2] turns [120, 60, 60, 120] | 3 cells (1 up, 2 down) | unit 0.1895 in (sides) theta 0.07 | corner snap 0.0010 in
  at (1.68,4.07) lw 0.45 fill (0.55, 0.69, 0.91): parallelogram 1x1 (sides in order [1, 1, 1, 1]) | 2 cells (1 up, 1 down) | unit 0.1900 in (sides) theta 0.07 | corner snap 0.0006 in
  at (1.87,4.07) lw 0.45 fill (0.55, 0.69, 0.91): parallelogram 1x1 (sides in order [1, 1, 1, 1]) | 2 cells (1 up, 1 down) | unit 0.1900 in (sides) theta 0.07 | corner snap 0.0006 in
  at (2.06,4.07) lw 0.45 fill (0.55, 0.69, 0.91): parallelogram 1x1 (sides in order [1, 1, 1, 1]) | 2 cells (1 up, 1 down) | unit 0.1900 in (sides) theta 0.07 | corner snap 0.0006 in
  at (2.57,4.15) lw 0.45 fill (0.94, 0.61, 0.61): trapezoid sides [1, 1, 1, 2] turns [120, 60, 60, 120] | 3 cells (2 up, 1 down) | unit 0.1895 in (sides) theta 0.07 | corner snap 0.0010 in
  at (2.80,4.07) lw 0.45 fill (0.94, 0.61, 0.61): trapezoid sides [1, 1, 2, 1] turns [60, 60, 120, 120] | 3 cells (2 up, 1 down) | unit 0.1900 in (sides) theta 0.00 | corner snap 0.0004 in
  at (3.04,4.15) lw 0.45 fill (0.94, 0.61, 0.61): trapezoid sides [1, 1, 2, 1] turns [60, 60, 120, 120] | 3 cells (2 up, 1 down) | unit 0.1895 in (sides) theta 0.00 | corner snap 0.0011 in
  at (3.55,4.07) lw 0.45 fill (0.55, 0.69, 0.91): parallelogram 1x1 (sides in order [1, 1, 1, 1]) | 2 cells (1 up, 1 down) | unit 0.1900 in (sides) theta 0.00 | corner snap 0.0004 in
  at (3.69,4.15) lw 0.45 fill (0.55, 0.69, 0.91): parallelogram 1x1 (sides in order [1, 1, 1, 1]) | 2 cells (1 up, 1 down) | unit 0.1895 in (sides) theta 0.07 | corner snap 0.0009 in
  at (3.83,4.07) lw 0.45 fill (0.55, 0.69, 0.91): parallelogram 1x1 (sides in order [1, 1, 1, 1]) | 2 cells (1 up, 1 down) | unit 0.1900 in (sides) theta 0.07 | corner snap 0.0006 in
  at (6.00,4.14) lw 0.45 fill (0.94, 0.61, 0.61): trapezoid sides [1, 1, 2, 1] turns [60, 60, 120, 120] | 3 cells (2 up, 1 down) | unit 0.2400 in (sides) theta 0.00 | corner snap 0.0002 in
  at (6.69,4.14) lw 0.45 fill (0.55, 0.69, 0.91): parallelogram 1x1 (sides in order [1, 1, 1, 1]) | 2 cells (1 up, 1 down) | unit 0.2400 in (sides) theta 0.00 | corner snap 0.0002 in
  at (7.20,4.14) lw 0.45 fill (0.55, 0.69, 0.91): parallelogram 1x1 (sides in order [1, 1, 1, 1]) | 2 cells (1 up, 1 down) | unit 0.2400 in (sides) theta 0.02 | corner snap 0.0002 in
  at (4.68,4.04) lw 0.45 fill (0.94, 0.61, 0.61): trapezoid sides [1, 2, 1, 1] turns [60, 120, 120, 60] | 3 cells (2 up, 1 down) | unit 0.2400 in (sides) theta 0.00 | corner snap 0.0003 in
  at (4.80,4.04) lw 0.45 fill (0.94, 0.61, 0.61): trapezoid sides [1, 1, 1, 2] turns [120, 60, 60, 120] | 3 cells (1 up, 2 down) | unit 0.2400 in (sides) theta 0.00 | corner snap 0.0003 in
  at (5.31,4.04) lw 0.45 fill (0.94, 0.61, 0.61): trapezoid sides [1, 1, 1, 2] turns [120, 60, 60, 120] | 3 cells (1 up, 2 down) | unit 0.2400 in (sides) theta 0.02 | corner snap 0.0003 in
  at (5.43,4.04) lw 0.45 fill (0.94, 0.61, 0.61): trapezoid sides [1, 1, 2, 1] turns [60, 60, 120, 120] | 3 cells (2 up, 1 down) | unit 0.2400 in (sides) theta 0.02 | corner snap 0.0003 in
  at (6.51,4.04) lw 0.45 fill (0.55, 0.69, 0.91): parallelogram 1x1 (sides in order [1, 1, 1, 1]) | 2 cells (1 up, 1 down) | unit 0.2401 in (sides) theta 0.02 | corner snap 0.0001 in
  at (7.38,4.04) lw 0.45 fill (0.55, 0.69, 0.91): parallelogram 1x1 (sides in order [1, 1, 1, 1]) | 2 cells (1 up, 1 down) | unit 0.2401 in (sides) theta 0.02 | corner snap 0.0001 in
  at (6.00,3.93) lw 0.45 fill (0.94, 0.61, 0.61): trapezoid sides [1, 2, 1, 1] turns [60, 120, 120, 60] | 3 cells (1 up, 2 down) | unit 0.2400 in (sides) theta 0.00 | corner snap 0.0002 in
  at (6.69,3.93) lw 0.45 fill (0.55, 0.69, 0.91): parallelogram 1x1 (sides in order [1, 1, 1, 1]) | 2 cells (1 up, 1 down) | unit 0.2400 in (sides) theta 0.02 | corner snap 0.0002 in
  at (7.20,3.93) lw 0.45 fill (0.55, 0.69, 0.91): parallelogram 1x1 (sides in order [1, 1, 1, 1]) | 2 cells (1 up, 1 down) | unit 0.2400 in (sides) theta 0.00 | corner snap 0.0002 in
== facilitator page 4: 0 closed straight outlines
== facilitator page 5: 0 closed straight outlines
== facilitator page 6: 78 closed straight outlines
  at (1.85,9.88) lw 0.30: triangle side 1 | 1 cells (1 up, 0 down) | unit 0.2000 in (sides) theta 0.00 | corner snap 0.0008 in
  at (1.95,9.88) lw 0.30: triangle side 1 | 1 cells (0 up, 1 down) | unit 0.2000 in (sides) theta 0.00 | corner snap 0.0008 in
  at (2.05,9.88) lw 0.30: triangle side 1 | 1 cells (1 up, 0 down) | unit 0.2000 in (sides) theta 0.00 | corner snap 0.0008 in
  at (2.85,9.88) lw 0.30: triangle side 1 | 1 cells (1 up, 0 down) | unit 0.2000 in (sides) theta 0.00 | corner snap 0.0008 in
  at (2.95,9.88) lw 0.30: triangle side 1 | 1 cells (0 up, 1 down) | unit 0.2000 in (sides) theta 0.00 | corner snap 0.0008 in
  at (3.05,9.88) lw 0.30: triangle side 1 | 1 cells (1 up, 0 down) | unit 0.2000 in (sides) theta 0.00 | corner snap 0.0008 in
  at (3.15,9.88) lw 0.30: triangle side 1 | 1 cells (0 up, 1 down) | unit 0.2000 in (sides) theta 0.00 | corner snap 0.0008 in
  at (3.25,9.88) lw 0.30: triangle side 1 | 1 cells (1 up, 0 down) | unit 0.2000 in (sides) theta 0.00 | corner snap 0.0008 in
  at (3.35,9.88) lw 0.30: triangle side 1 | 1 cells (0 up, 1 down) | unit 0.2000 in (sides) theta 0.00 | corner snap 0.0008 in
  at (0.85,9.71) lw 0.30: triangle side 1 | 1 cells (1 up, 0 down) | unit 0.1998 in (sides) theta 0.00 | corner snap 0.0002 in
  at (0.95,9.71) lw 0.30: triangle side 1 | 1 cells (0 up, 1 down) | unit 0.1998 in (sides) theta 0.00 | corner snap 0.0002 in
  at (1.05,9.71) lw 0.30: triangle side 1 | 1 cells (1 up, 0 down) | unit 0.1998 in (sides) theta 0.00 | corner snap 0.0002 in
  at (1.15,9.71) lw 0.30: triangle side 1 | 1 cells (0 up, 1 down) | unit 0.1998 in (sides) theta 0.00 | corner snap 0.0002 in
  at (1.25,9.71) lw 0.30: triangle side 1 | 1 cells (1 up, 0 down) | unit 0.1998 in (sides) theta 0.00 | corner snap 0.0002 in
  at (1.35,9.71) lw 0.30: triangle side 1 | 1 cells (0 up, 1 down) | unit 0.1998 in (sides) theta 0.00 | corner snap 0.0002 in
  at (1.85,9.71) lw 0.30: triangle side 1 | 1 cells (0 up, 1 down) | unit 0.1998 in (sides) theta 0.00 | corner snap 0.0002 in
  at (1.95,9.71) lw 0.30: triangle side 1 | 1 cells (1 up, 0 down) | unit 0.1998 in (sides) theta 0.00 | corner snap 0.0002 in
  at (2.00,9.71) lw 0.60 fill (0.51, 0.66, 0.9): parallelogram 1x1 (sides in order [1, 1, 1, 1]) | 2 cells (1 up, 1 down) | unit 0.1998 in (sides) theta 0.00 | corner snap 0.0002 in
  at (2.00,9.71) lw 0.50 fill (1.0, 1.0, 1.0): hexagon sides [1, 1, 2, 1, 1, 2] | 10 cells (5 up, 5 down) | unit 0.1998 in (sides) theta 0.00 | corner snap 0.0010 in
  at (2.00,9.71) lw 0.70: hexagon sides [1, 1, 2, 1, 1, 2] | 10 cells (5 up, 5 down) | unit 0.1998 in (sides) theta 0.00 | corner snap 0.0010 in
  at (2.05,9.71) lw 0.30: triangle side 1 | 1 cells (0 up, 1 down) | unit 0.1998 in (sides) theta 0.00 | corner snap 0.0002 in
  at (2.15,9.71) lw 0.30: triangle side 1 | 1 cells (1 up, 0 down) | unit 0.1998 in (sides) theta 0.00 | corner snap 0.0002 in
  at (2.75,9.71) lw 0.30: triangle side 1 | 1 cells (1 up, 0 down) | unit 0.1998 in (sides) theta 0.00 | corner snap 0.0002 in
  at (2.85,9.71) lw 0.30: triangle side 1 | 1 cells (0 up, 1 down) | unit 0.1998 in (sides) theta 0.00 | corner snap 0.0002 in
  at (2.95,9.71) lw 0.30: triangle side 1 | 1 cells (1 up, 0 down) | unit 0.1998 in (sides) theta 0.00 | corner snap 0.0002 in
  at (3.00,9.71) lw 0.50 fill (1.0, 1.0, 1.0): parallelogram 1x1 (sides in order [1, 1, 1, 1]) | 2 cells (1 up, 1 down) | unit 0.6000 in (sides) theta 0.02 | corner snap 0.0005 in
  at (3.00,9.71) lw 0.70: parallelogram 1x1 (sides in order [1, 1, 1, 1]) | 2 cells (1 up, 1 down) | unit 0.6000 in (sides) theta 0.02 | corner snap 0.0005 in
  at (3.00,9.71) lw 0.60 fill (0.51, 0.66, 0.9): parallelogram 1x1 (sides in order [1, 1, 1, 1]) | 2 cells (1 up, 1 down) | unit 0.1998 in (sides) theta 0.00 | corner snap 0.0002 in
  at (3.05,9.71) lw 0.30: triangle side 1 | 1 cells (0 up, 1 down) | unit 0.1998 in (sides) theta 0.00 | corner snap 0.0002 in
  at (3.15,9.71) lw 0.30: triangle side 1 | 1 cells (1 up, 0 down) | unit 0.1998 in (sides) theta 0.00 | corner snap 0.0002 in
  at (3.25,9.71) lw 0.30: triangle side 1 | 1 cells (0 up, 1 down) | unit 0.1998 in (sides) theta 0.00 | corner snap 0.0002 in
  at (4.23,9.68) lw 0.45 fill (0.94, 0.61, 0.61): trapezoid sides [1, 1, 2, 1] turns [60, 60, 120, 120] | 3 cells (2 up, 1 down) | unit 0.2196 in (sides) theta 0.06 | corner snap 0.0009 in
  at (5.00,9.68) lw 0.45 fill (0.94, 0.61, 0.61): trapezoid sides [1, 1, 1, 2] turns [120, 60, 60, 120] | 3 cells (2 up, 1 down) | unit 0.2196 in (sides) theta -0.00 | corner snap 0.0009 in
  at (1.05,9.62) lw 0.50 fill (1.0, 1.0, 1.0): parallelogram 3x2 (sides in order [3, 2, 3, 2]) | 12 cells (6 up, 6 down) | unit 0.1998 in (sides) theta 0.00 | corner snap 0.0007 in
  at (1.05,9.62) lw 0.70: parallelogram 3x2 (sides in order [3, 2, 3, 2]) | 12 cells (6 up, 6 down) | unit 0.1998 in (sides) theta 0.00 | corner snap 0.0007 in
  at (1.05,9.62) lw 0.60 fill (0.51, 0.66, 0.9): parallelogram 1x1 (sides in order [1, 1, 1, 1]) | 2 cells (1 up, 1 down) | unit 0.1998 in (sides) theta 0.03 | corner snap 0.0002 in
  at (0.75,9.54) lw 0.30: triangle side 1 | 1 cells (1 up, 0 down) | unit 0.1998 in (sides) theta 0.00 | corner snap 0.0002 in
  at (0.85,9.54) lw 0.30: triangle side 1 | 1 cells (0 up, 1 down) | unit 0.1998 in (sides) theta 0.00 | corner snap 0.0002 in
  at (0.95,9.54) lw 0.30: triangle side 1 | 1 cells (1 up, 0 down) | unit 0.1998 in (sides) theta 0.00 | corner snap 0.0002 in
  at (1.05,9.54) lw 0.30: triangle side 1 | 1 cells (0 up, 1 down) | unit 0.1998 in (sides) theta 0.00 | corner snap 0.0002 in
  at (1.15,9.54) lw 0.30: triangle side 1 | 1 cells (1 up, 0 down) | unit 0.1998 in (sides) theta 0.00 | corner snap 0.0002 in
  at (1.25,9.54) lw 0.30: triangle side 1 | 1 cells (0 up, 1 down) | unit 0.1998 in (sides) theta 0.00 | corner snap 0.0002 in
  at (1.95,9.54) lw 0.30: triangle side 1 | 1 cells (0 up, 1 down) | unit 0.1998 in (sides) theta 0.00 | corner snap 0.0002 in
  at (2.05,9.54) lw 0.30: triangle side 1 | 1 cells (1 up, 0 down) | unit 0.1998 in (sides) theta 0.00 | corner snap 0.0002 in
  at (2.15,9.54) lw 0.30: triangle side 1 | 1 cells (0 up, 1 down) | unit 0.1998 in (sides) theta 0.00 | corner snap 0.0002 in
  at (2.65,9.54) lw 0.30: triangle side 1 | 1 cells (1 up, 0 down) | unit 0.1998 in (sides) theta 0.00 | corner snap 0.0002 in
  at (2.75,9.54) lw 0.30: triangle side 1 | 1 cells (0 up, 1 down) | unit 0.1998 in (sides) theta 0.00 | corner snap 0.0002 in
  at (2.85,9.54) lw 0.30: triangle side 1 | 1 cells (1 up, 0 down) | unit 0.1998 in (sides) theta 0.00 | corner snap 0.0002 in
  at (2.95,9.54) lw 0.30: triangle side 1 | 1 cells (0 up, 1 down) | unit 0.1998 in (sides) theta 0.00 | corner snap 0.0002 in
  at (3.05,9.54) lw 0.30: triangle side 1 | 1 cells (1 up, 0 down) | unit 0.1998 in (sides) theta 0.00 | corner snap 0.0002 in
  at (3.15,9.54) lw 0.30: triangle side 1 | 1 cells (0 up, 1 down) | unit 0.1998 in (sides) theta 0.00 | corner snap 0.0002 in
  at (4.01,9.49) lw 0.45 fill (0.94, 0.61, 0.61): trapezoid sides [1, 2, 1, 1] turns [60, 120, 120, 60] | 3 cells (2 up, 1 down) | unit 0.2196 in (sides) theta 0.06 | corner snap 0.0010 in
  at (5.22,9.49) lw 0.45 fill (0.94, 0.61, 0.61): trapezoid sides [1, 1, 2, 1] turns [60, 60, 120, 120] | 3 cells (2 up, 1 down) | unit 0.2196 in (sides) theta 0.00 | corner snap 0.0011 in
  at (4.28,9.39) lw 0.45 fill (0.94, 0.61, 0.61): trapezoid sides [1, 1, 2, 1] turns [60, 60, 120, 120] | 3 cells (2 up, 1 down) | unit 0.2200 in (sides) theta 0.00 | corner snap 0.0005 in
  at (4.94,9.39) lw 0.45 fill (0.94, 0.61, 0.61): trapezoid sides [1, 1, 2, 1] turns [60, 60, 120, 120] | 3 cells (2 up, 1 down) | unit 0.2200 in (sides) theta 0.00 | corner snap 0.0005 in
  at (4.34,8.86) lw 0.45 fill (0.94, 0.61, 0.61): trapezoid sides [1, 1, 1, 2] turns [120, 60, 60, 120] | 3 cells (1 up, 2 down) | unit 0.1998 in (sides) theta 0.00 | corner snap 0.0004 in
  at (4.09,8.77) lw 0.45 fill (0.94, 0.61, 0.61): trapezoid sides [1, 1, 2, 1] turns [60, 60, 120, 120] | 3 cells (2 up, 1 down) | unit 0.1998 in (sides) theta 0.00 | corner snap 0.0002 in
  at (4.64,8.77) lw 0.45 fill (0.97, 0.83, 0.25): hexagon sides [1, 1, 1, 1, 1, 1] | 6 cells (3 up, 3 down) | unit 0.1998 in (sides) theta 0.00 | corner snap 0.0003 in
  at (0.90,8.67) lw 0.45 fill (0.55, 0.69, 0.91): parallelogram 1x1 (sides in order [1, 1, 1, 1]) | 2 cells (1 up, 1 down) | unit 0.1998 in (sides) theta 0.00 | corner snap 0.0003 in
  at (1.15,8.58) lw 0.45 fill (0.97, 0.83, 0.25): hexagon sides [1, 1, 1, 1, 1, 1] | 6 cells (3 up, 3 down) | unit 0.1998 in (sides) theta 0.00 | corner snap 0.0009 in
  at (2.02,8.58) lw 0.45 fill (0.94, 0.61, 0.61): trapezoid sides [1, 1, 1, 2] turns [120, 60, 60, 120] | 3 cells (2 up, 1 down) | unit 0.1998 in (sides) theta 0.04 | corner snap 0.0009 in
  at (4.34,8.60) lw 0.45 fill (0.97, 0.83, 0.25): hexagon sides [1, 1, 1, 1, 1, 1] | 6 cells (3 up, 3 down) | unit 0.1998 in (sides) theta 0.00 | corner snap 0.0004 in
  at (4.89,8.60) lw 0.45 fill (0.94, 0.61, 0.61): trapezoid sides [1, 2, 1, 1] turns [60, 120, 120, 60] | 3 cells (2 up, 1 down) | unit 0.1998 in (sides) theta 0.03 | corner snap 0.0002 in
  at (0.85,8.41) lw 0.45 fill (0.97, 0.83, 0.25): hexagon sides [1, 1, 1, 1, 1, 1] | 6 cells (3 up, 3 down) | unit 0.1998 in (sides) theta 0.00 | corner snap 0.0010 in
  at (1.35,8.41) lw 0.45 fill (0.55, 0.69, 0.91): parallelogram 1x1 (sides in order [1, 1, 1, 1]) | 2 cells (1 up, 1 down) | unit 0.1998 in (sides) theta 0.03 | corner snap 0.0010 in
  at (2.22,8.41) lw 0.45 fill (0.94, 0.61, 0.61): trapezoid sides [1, 1, 2, 1] turns [60, 60, 120, 120] | 3 cells (2 up, 1 down) | unit 0.1998 in (sides) theta 0.03 | corner snap 0.0009 in
  at (4.04,8.43) lw 0.45 fill (0.97, 0.83, 0.25): hexagon sides [1, 1, 1, 1, 1, 1] | 6 cells (3 up, 3 down) | unit 0.1998 in (sides) theta 0.00 | corner snap 0.0010 in
  at (4.64,8.43) lw 0.45 fill (0.97, 0.83, 0.25): hexagon sides [1, 1, 1, 1, 1, 1] | 6 cells (3 up, 3 down) | unit 0.1998 in (sides) theta 0.00 | corner snap 0.0009 in
  at (4.34,8.25) lw 0.45 fill (0.97, 0.83, 0.25): hexagon sides [1, 1, 1, 1, 1, 1] | 6 cells (3 up, 3 down) | unit 0.1998 in (sides) theta 0.00 | corner snap 0.0010 in
  at (4.89,8.25) lw 0.45 fill (0.94, 0.61, 0.61): trapezoid sides [1, 1, 2, 1] turns [60, 60, 120, 120] | 3 cells (1 up, 2 down) | unit 0.1998 in (sides) theta 0.04 | corner snap 0.0009 in
  at (1.15,8.23) lw 0.45 fill (0.97, 0.83, 0.25): hexagon sides [1, 1, 1, 1, 1, 1] | 6 cells (3 up, 3 down) | unit 0.1998 in (sides) theta 0.00 | corner snap 0.0003 in
  at (1.97,8.23) lw 0.45 fill (0.97, 0.83, 0.25): hexagon sides [1, 1, 1, 1, 1, 1] | 6 cells (3 up, 3 down) | unit 0.1998 in (sides) theta 0.00 | corner snap 0.0003 in
  at (0.90,8.15) lw 0.45 fill (0.55, 0.69, 0.91): parallelogram 1x1 (sides in order [1, 1, 1, 1]) | 2 cells (1 up, 1 down) | unit 0.1998 in (sides) theta 0.03 | corner snap 0.0002 in
  at (1.77,8.15) lw 0.45 fill (0.58, 0.81, 0.63): triangle side 1 | 1 cells (1 up, 0 down) | unit 0.1998 in (sides) theta 0.00 | corner snap 0.0002 in
  at (2.27,8.15) lw 0.45 fill (0.94, 0.61, 0.61): trapezoid sides [1, 1, 1, 2] turns [120, 60, 60, 120] | 3 cells (2 up, 1 down) | unit 0.1998 in (sides) theta 0.00 | corner snap 0.0004 in
  at (4.09,8.08) lw 0.45 fill (0.94, 0.61, 0.61): trapezoid sides [1, 1, 1, 2] turns [120, 60, 60, 120] | 3 cells (1 up, 2 down) | unit 0.1998 in (sides) theta 0.03 | corner snap 0.0002 in
  at (4.64,8.08) lw 0.45 fill (0.97, 0.83, 0.25): hexagon sides [1, 1, 1, 1, 1, 1] | 6 cells (3 up, 3 down) | unit 0.1998 in (sides) theta 0.00 | corner snap 0.0003 in
  at (4.34,7.99) lw 0.45 fill (0.94, 0.61, 0.61): trapezoid sides [1, 1, 2, 1] turns [60, 60, 120, 120] | 3 cells (2 up, 1 down) | unit 0.1998 in (sides) theta 0.00 | corner snap 0.0003 in
== facilitator page 7: 72 closed straight outlines
  at (4.30,6.39) lw 0.45 fill (0.94, 0.61, 0.61): trapezoid sides [2, 1, 1, 1] turns [120, 120, 60, 60] | 3 cells (2 up, 1 down) | unit 0.1998 in (sides) theta 30.03 | corner snap 0.0010 in
  at (5.20,6.39) lw 0.45 fill (0.94, 0.61, 0.61): trapezoid sides [2, 1, 1, 1] turns [120, 120, 60, 60] | 3 cells (2 up, 1 down) | unit 0.1998 in (sides) theta 30.03 | corner snap 0.0010 in
  at (6.10,6.39) lw 0.45 fill (0.94, 0.61, 0.61): trapezoid sides [2, 1, 1, 1] turns [120, 120, 60, 60] | 3 cells (2 up, 1 down) | unit 0.1998 in (sides) theta 30.03 | corner snap 0.0010 in
  at (4.47,6.29) lw 0.45 fill (0.94, 0.61, 0.61): trapezoid sides [1, 1, 1, 2] turns [120, 60, 60, 120] | 3 cells (1 up, 2 down) | unit 0.1998 in (sides) theta 30.00 | corner snap 0.0009 in
  at (5.37,6.29) lw 0.45 fill (0.94, 0.61, 0.61): trapezoid sides [1, 1, 1, 2] turns [120, 60, 60, 120] | 3 cells (1 up, 2 down) | unit 0.1998 in (sides) theta 30.00 | corner snap 0.0009 in
  at (6.27,6.29) lw 0.45 fill (0.94, 0.61, 0.61): trapezoid sides [1, 1, 1, 2] turns [120, 60, 60, 120] | 3 cells (1 up, 2 down) | unit 0.1998 in (sides) theta 30.00 | corner snap 0.0009 in
  at (4.04,6.24) lw 0.45 fill (0.94, 0.61, 0.61): trapezoid sides [1, 1, 1, 2] turns [120, 60, 60, 120] | 3 cells (1 up, 2 down) | unit 0.1998 in (sides) theta 30.00 | corner snap 0.0004 in
  at (4.30,6.19) lw 0.45 fill (0.94, 0.61, 0.61): trapezoid sides [1, 1, 2, 1] turns [60, 60, 120, 120] | 3 cells (2 up, 1 down) | unit 0.1998 in (sides) theta 30.03 | corner snap 0.0009 in
  at (4.94,6.24) lw 0.45 fill (0.94, 0.61, 0.61): trapezoid sides [1, 1, 1, 2] turns [120, 60, 60, 120] | 3 cells (1 up, 2 down) | unit 0.1998 in (sides) theta 30.00 | corner snap 0.0004 in
  at (5.84,6.24) lw 0.45 fill (0.94, 0.61, 0.61): trapezoid sides [1, 1, 1, 2] turns [120, 60, 60, 120] | 3 cells (1 up, 2 down) | unit 0.1998 in (sides) theta 30.00 | corner snap 0.0004 in
  at (6.10,6.19) lw 0.45 fill (0.94, 0.61, 0.61): trapezoid sides [2, 1, 1, 1] turns [120, 120, 60, 60] | 3 cells (1 up, 2 down) | unit 0.1998 in (sides) theta 30.04 | corner snap 0.0009 in
  at (4.30,6.09) lw 0.45 fill (0.94, 0.61, 0.61): trapezoid sides [1, 1, 1, 2] turns [120, 60, 60, 120] | 3 cells (1 up, 2 down) | unit 0.1998 in (sides) theta 29.97 | corner snap 0.0009 in
  at (5.11,6.14) lw 0.45 fill (0.94, 0.61, 0.61): trapezoid sides [1, 2, 1, 1] turns [60, 120, 120, 60] | 3 cells (1 up, 2 down) | unit 0.1998 in (sides) theta 30.00 | corner snap 0.0003 in
  at (5.29,6.14) lw 0.45 fill (0.94, 0.61, 0.61): trapezoid sides [1, 1, 1, 2] turns [120, 60, 60, 120] | 3 cells (2 up, 1 down) | unit 0.2000 in (sides) theta 30.00 | corner snap 0.0008 in
  at (6.10,6.09) lw 0.45 fill (0.94, 0.61, 0.61): trapezoid sides [1, 1, 2, 1] turns [60, 60, 120, 120] | 3 cells (2 up, 1 down) | unit 0.1998 in (sides) theta 30.00 | corner snap 0.0009 in
  at (4.13,5.99) lw 0.45 fill (0.94, 0.61, 0.61): trapezoid sides [1, 1, 1, 2] turns [120, 60, 60, 120] | 3 cells (2 up, 1 down) | unit 0.1998 in (sides) theta 30.00 | corner snap 0.0003 in
  at (4.56,6.04) lw 0.45 fill (0.94, 0.61, 0.61): trapezoid sides [1, 1, 1, 2] turns [120, 60, 60, 120] | 3 cells (2 up, 1 down) | unit 0.1998 in (sides) theta 30.00 | corner snap 0.0004 in
  at (5.03,5.99) lw 0.45 fill (0.94, 0.61, 0.61): trapezoid sides [1, 1, 1, 2] turns [120, 60, 60, 120] | 3 cells (2 up, 1 down) | unit 0.1998 in (sides) theta 30.00 | corner snap 0.0003 in
  at (5.46,6.04) lw 0.45 fill (0.94, 0.61, 0.61): trapezoid sides [1, 1, 1, 2] turns [120, 60, 60, 120] | 3 cells (2 up, 1 down) | unit 0.1998 in (sides) theta 30.00 | corner snap 0.0004 in
  at (5.93,5.99) lw 0.45 fill (0.94, 0.61, 0.61): trapezoid sides [1, 1, 1, 2] turns [120, 60, 60, 120] | 3 cells (2 up, 1 down) | unit 0.1998 in (sides) theta 30.00 | corner snap 0.0003 in
  at (6.36,6.04) lw 0.45 fill (0.94, 0.61, 0.61): trapezoid sides [1, 1, 1, 2] turns [120, 60, 60, 120] | 3 cells (2 up, 1 down) | unit 0.1998 in (sides) theta 30.00 | corner snap 0.0004 in
  at (4.30,5.89) lw 0.45 fill (0.94, 0.61, 0.61): trapezoid sides [1, 2, 1, 1] turns [60, 120, 120, 60] | 3 cells (1 up, 2 down) | unit 0.1998 in (sides) theta 29.97 | corner snap 0.0009 in
  at (5.20,5.89) lw 0.45 fill (0.94, 0.61, 0.61): trapezoid sides [1, 2, 1, 1] turns [60, 120, 120, 60] | 3 cells (1 up, 2 down) | unit 0.1998 in (sides) theta 29.97 | corner snap 0.0009 in
  at (6.10,5.89) lw 0.45 fill (0.94, 0.61, 0.61): trapezoid sides [1, 2, 1, 1] turns [60, 120, 120, 60] | 3 cells (1 up, 2 down) | unit 0.1998 in (sides) theta 29.97 | corner snap 0.0009 in
  at (4.13,5.44) lw 0.45 fill (0.94, 0.61, 0.61): trapezoid sides [1, 1, 2, 1] turns [60, 60, 120, 120] | 3 cells (1 up, 2 down) | unit 0.1998 in (sides) theta 30.03 | corner snap 0.0002 in
  at (4.47,5.44) lw 0.45 fill (0.94, 0.61, 0.61): trapezoid sides [1, 1, 1, 2] turns [120, 60, 60, 120] | 3 cells (2 up, 1 down) | unit 0.1998 in (sides) theta 30.04 | corner snap 0.0009 in
  at (5.03,5.44) lw 0.45 fill (0.94, 0.61, 0.61): trapezoid sides [1, 1, 2, 1] turns [60, 60, 120, 120] | 3 cells (1 up, 2 down) | unit 0.1998 in (sides) theta 30.03 | corner snap 0.0002 in
  at (5.37,5.44) lw 0.45 fill (0.94, 0.61, 0.61): trapezoid sides [1, 1, 1, 2] turns [120, 60, 60, 120] | 3 cells (2 up, 1 down) | unit 0.1998 in (sides) theta 30.04 | corner snap 0.0009 in
  at (5.93,5.44) lw 0.45 fill (0.94, 0.61, 0.61): trapezoid sides [1, 1, 2, 1] turns [60, 60, 120, 120] | 3 cells (1 up, 2 down) | unit 0.1998 in (sides) theta 30.03 | corner snap 0.0002 in
  at (6.27,5.44) lw 0.45 fill (0.94, 0.61, 0.61): trapezoid sides [1, 1, 1, 2] turns [120, 60, 60, 120] | 3 cells (2 up, 1 down) | unit 0.1998 in (sides) theta 30.04 | corner snap 0.0009 in
  at (4.04,5.19) lw 0.45 fill (0.94, 0.61, 0.61): trapezoid sides [1, 1, 1, 2] turns [120, 60, 60, 120] | 3 cells (2 up, 1 down) | unit 0.1998 in (sides) theta 30.00 | corner snap 0.0004 in
  at (4.30,5.24) lw 0.45 fill (0.94, 0.61, 0.61): trapezoid sides [1, 1, 2, 1] turns [60, 60, 120, 120] | 3 cells (2 up, 1 down) | unit 0.1998 in (sides) theta 30.03 | corner snap 0.0009 in
  at (4.56,5.19) lw 0.45 fill (0.94, 0.61, 0.61): trapezoid sides [1, 1, 2, 1] turns [60, 60, 120, 120] | 3 cells (1 up, 2 down) | unit 0.1998 in (sides) theta 30.00 | corner snap 0.0003 in
  at (4.94,5.19) lw 0.45 fill (0.94, 0.61, 0.61): trapezoid sides [1, 1, 1, 2] turns [120, 60, 60, 120] | 3 cells (2 up, 1 down) | unit 0.1998 in (sides) theta 30.00 | corner snap 0.0004 in
  at (5.11,5.19) lw 0.45 fill (0.94, 0.61, 0.61): trapezoid sides [1, 2, 1, 1] turns [60, 120, 120, 60] | 3 cells (1 up, 2 down) | unit 0.1998 in (sides) theta 30.00 | corner snap 0.0003 in
  at (5.29,5.19) lw 0.45 fill (0.94, 0.61, 0.61): trapezoid sides [1, 1, 1, 2] turns [120, 60, 60, 120] | 3 cells (2 up, 1 down) | unit 0.2000 in (sides) theta 30.00 | corner snap 0.0008 in
  at (5.46,5.19) lw 0.45 fill (0.94, 0.61, 0.61): trapezoid sides [1, 1, 2, 1] turns [60, 60, 120, 120] | 3 cells (1 up, 2 down) | unit 0.1998 in (sides) theta 30.00 | corner snap 0.0003 in
  at (5.84,5.19) lw 0.45 fill (0.94, 0.61, 0.61): trapezoid sides [1, 1, 1, 2] turns [120, 60, 60, 120] | 3 cells (2 up, 1 down) | unit 0.1998 in (sides) theta 30.00 | corner snap 0.0004 in
  at (6.10,5.24) lw 0.45 fill (0.94, 0.61, 0.61): trapezoid sides [2, 1, 1, 1] turns [120, 120, 60, 60] | 3 cells (1 up, 2 down) | unit 0.1998 in (sides) theta 30.04 | corner snap 0.0009 in
  at (6.36,5.19) lw 0.45 fill (0.94, 0.61, 0.61): trapezoid sides [1, 1, 2, 1] turns [60, 60, 120, 120] | 3 cells (1 up, 2 down) | unit 0.1998 in (sides) theta 30.00 | corner snap 0.0003 in
  at (4.30,5.14) lw 0.45 fill (0.94, 0.61, 0.61): trapezoid sides [1, 1, 1, 2] turns [120, 60, 60, 120] | 3 cells (1 up, 2 down) | unit 0.1998 in (sides) theta 29.97 | corner snap 0.0009 in
  at (6.10,5.14) lw 0.45 fill (0.94, 0.61, 0.61): trapezoid sides [1, 1, 2, 1] turns [60, 60, 120, 120] | 3 cells (2 up, 1 down) | unit 0.1998 in (sides) theta 30.00 | corner snap 0.0009 in
  at (4.13,4.94) lw 0.45 fill (0.94, 0.61, 0.61): trapezoid sides [1, 1, 1, 2] turns [120, 60, 60, 120] | 3 cells (1 up, 2 down) | unit 0.1998 in (sides) theta 30.00 | corner snap 0.0003 in
  at (4.47,4.94) lw 0.45 fill (0.94, 0.61, 0.61): trapezoid sides [1, 1, 2, 1] turns [60, 60, 120, 120] | 3 cells (2 up, 1 down) | unit 0.1998 in (sides) theta 29.97 | corner snap 0.0009 in
  at (5.03,4.94) lw 0.45 fill (0.94, 0.61, 0.61): trapezoid sides [1, 1, 1, 2] turns [120, 60, 60, 120] | 3 cells (1 up, 2 down) | unit 0.1998 in (sides) theta 30.00 | corner snap 0.0003 in
  at (5.37,4.94) lw 0.45 fill (0.94, 0.61, 0.61): trapezoid sides [1, 1, 2, 1] turns [60, 60, 120, 120] | 3 cells (2 up, 1 down) | unit 0.1998 in (sides) theta 29.97 | corner snap 0.0009 in
  at (5.93,4.94) lw 0.45 fill (0.94, 0.61, 0.61): trapezoid sides [1, 1, 1, 2] turns [120, 60, 60, 120] | 3 cells (1 up, 2 down) | unit 0.1998 in (sides) theta 30.00 | corner snap 0.0003 in
  at (6.27,4.94) lw 0.45 fill (0.94, 0.61, 0.61): trapezoid sides [1, 1, 2, 1] turns [60, 60, 120, 120] | 3 cells (2 up, 1 down) | unit 0.1998 in (sides) theta 29.97 | corner snap 0.0009 in
  at (4.30,4.49) lw 0.45 fill (0.94, 0.61, 0.61): trapezoid sides [1, 1, 2, 1] turns [60, 60, 120, 120] | 3 cells (1 up, 2 down) | unit 0.1998 in (sides) theta 30.04 | corner snap 0.0009 in
  at (5.20,4.49) lw 0.45 fill (0.94, 0.61, 0.61): trapezoid sides [1, 1, 2, 1] turns [60, 60, 120, 120] | 3 cells (1 up, 2 down) | unit 0.1998 in (sides) theta 30.04 | corner snap 0.0009 in
  at (6.10,4.49) lw 0.45 fill (0.94, 0.61, 0.61): trapezoid sides [1, 1, 2, 1] turns [60, 60, 120, 120] | 3 cells (1 up, 2 down) | unit 0.1998 in (sides) theta 30.04 | corner snap 0.0009 in
  at (4.13,4.39) lw 0.45 fill (0.94, 0.61, 0.61): trapezoid sides [1, 1, 2, 1] turns [60, 60, 120, 120] | 3 cells (2 up, 1 down) | unit 0.1998 in (sides) theta 30.03 | corner snap 0.0002 in
  at (5.03,4.39) lw 0.45 fill (0.94, 0.61, 0.61): trapezoid sides [1, 1, 2, 1] turns [60, 60, 120, 120] | 3 cells (2 up, 1 down) | unit 0.1998 in (sides) theta 30.03 | corner snap 0.0002 in
  at (5.93,4.39) lw 0.45 fill (0.94, 0.61, 0.61): trapezoid sides [1, 1, 2, 1] turns [60, 60, 120, 120] | 3 cells (2 up, 1 down) | unit 0.1998 in (sides) theta 30.03 | corner snap 0.0002 in
  at (4.30,4.29) lw 0.45 fill (0.94, 0.61, 0.61): trapezoid sides [1, 1, 2, 1] turns [60, 60, 120, 120] | 3 cells (2 up, 1 down) | unit 0.1998 in (sides) theta 30.03 | corner snap 0.0009 in
  at (4.56,4.34) lw 0.45 fill (0.94, 0.61, 0.61): trapezoid sides [1, 1, 2, 1] turns [60, 60, 120, 120] | 3 cells (2 up, 1 down) | unit 0.1998 in (sides) theta 30.00 | corner snap 0.0003 in
  at (5.46,4.34) lw 0.45 fill (0.94, 0.61, 0.61): trapezoid sides [1, 1, 2, 1] turns [60, 60, 120, 120] | 3 cells (2 up, 1 down) | unit 0.1998 in (sides) theta 30.00 | corner snap 0.0003 in
  at (6.10,4.29) lw 0.45 fill (0.94, 0.61, 0.61): trapezoid sides [2, 1, 1, 1] turns [120, 120, 60, 60] | 3 cells (1 up, 2 down) | unit 0.1998 in (sides) theta 30.04 | corner snap 0.0009 in
  at (6.36,4.34) lw 0.45 fill (0.94, 0.61, 0.61): trapezoid sides [1, 1, 2, 1] turns [60, 60, 120, 120] | 3 cells (2 up, 1 down) | unit 0.1998 in (sides) theta 30.00 | corner snap 0.0003 in
  at (4.30,4.19) lw 0.45 fill (0.94, 0.61, 0.61): trapezoid sides [1, 1, 1, 2] turns [120, 60, 60, 120] | 3 cells (1 up, 2 down) | unit 0.1998 in (sides) theta 29.97 | corner snap 0.0009 in
  at (5.11,4.24) lw 0.45 fill (0.94, 0.61, 0.61): trapezoid sides [1, 2, 1, 1] turns [60, 120, 120, 60] | 3 cells (1 up, 2 down) | unit 0.1998 in (sides) theta 30.00 | corner snap 0.0003 in
  at (5.29,4.24) lw 0.45 fill (0.94, 0.61, 0.61): trapezoid sides [1, 1, 1, 2] turns [120, 60, 60, 120] | 3 cells (2 up, 1 down) | unit 0.2000 in (sides) theta 30.00 | corner snap 0.0008 in
  at (6.10,4.19) lw 0.45 fill (0.94, 0.61, 0.61): trapezoid sides [1, 1, 2, 1] turns [60, 60, 120, 120] | 3 cells (2 up, 1 down) | unit 0.1998 in (sides) theta 30.00 | corner snap 0.0009 in
  at (4.04,4.14) lw 0.45 fill (0.94, 0.61, 0.61): trapezoid sides [1, 1, 2, 1] turns [60, 60, 120, 120] | 3 cells (1 up, 2 down) | unit 0.1998 in (sides) theta 30.00 | corner snap 0.0003 in
  at (4.47,4.09) lw 0.45 fill (0.94, 0.61, 0.61): trapezoid sides [1, 2, 1, 1] turns [60, 120, 120, 60] | 3 cells (1 up, 2 down) | unit 0.1998 in (sides) theta 30.03 | corner snap 0.0009 in
  at (4.94,4.14) lw 0.45 fill (0.94, 0.61, 0.61): trapezoid sides [1, 1, 2, 1] turns [60, 60, 120, 120] | 3 cells (1 up, 2 down) | unit 0.1998 in (sides) theta 30.00 | corner snap 0.0003 in
  at (5.37,4.09) lw 0.45 fill (0.94, 0.61, 0.61): trapezoid sides [1, 2, 1, 1] turns [60, 120, 120, 60] | 3 cells (1 up, 2 down) | unit 0.1998 in (sides) theta 30.03 | corner snap 0.0009 in
  at (5.84,4.14) lw 0.45 fill (0.94, 0.61, 0.61): trapezoid sides [1, 1, 2, 1] turns [60, 60, 120, 120] | 3 cells (1 up, 2 down) | unit 0.1998 in (sides) theta 30.00 | corner snap 0.0003 in
  at (6.27,4.09) lw 0.45 fill (0.94, 0.61, 0.61): trapezoid sides [1, 2, 1, 1] turns [60, 120, 120, 60] | 3 cells (1 up, 2 down) | unit 0.1998 in (sides) theta 30.03 | corner snap 0.0009 in
  at (4.30,3.99) lw 0.45 fill (0.94, 0.61, 0.61): trapezoid sides [1, 1, 1, 2] turns [120, 60, 60, 120] | 3 cells (2 up, 1 down) | unit 0.1998 in (sides) theta 30.00 | corner snap 0.0009 in
  at (5.20,3.99) lw 0.45 fill (0.94, 0.61, 0.61): trapezoid sides [1, 1, 1, 2] turns [120, 60, 60, 120] | 3 cells (2 up, 1 down) | unit 0.1998 in (sides) theta 30.00 | corner snap 0.0009 in
  at (6.10,3.99) lw 0.45 fill (0.94, 0.61, 0.61): trapezoid sides [1, 1, 1, 2] turns [120, 60, 60, 120] | 3 cells (2 up, 1 down) | unit 0.1998 in (sides) theta 30.00 | corner snap 0.0009 in
== facilitator page 8: 0 closed straight outlines

SUMMARY: 551 outline/grid snaps; outlines not on a lattice: 0
  k-1: largest distance from a drawn corner or grid end to its lattice point 0.0001 in (page 1, unit 0.5400 in)
  grades-2-3: largest distance from a drawn corner or grid end to its lattice point 0.0001 in (page 2, unit 1.0000 in)
  grades-4-5: largest distance from a drawn corner or grid end to its lattice point 0.0001 in (page 8, unit 0.5500 in)
  facilitator: largest distance from a drawn corner or grid end to its lattice point 0.0014 in (page 3, unit 0.2204 in)
