Grades 4-5 packet, delivered PDF lowell-math-circle-year-2/week-01-encore/week-01-encore-grades-4-5.pdf

Problem 1 (page 1): same four boards as grades 2-3 Problem 1: True
  hexagon sides [1, 1, 1, 1, 1, 1]: 6 cells (3 up, 3 down); 6 first moves; winner 2nd; half-turn centre is a lattice point
  parallelogram 2x2 (sides in order [2, 2, 2, 2]): 8 cells (4 up, 4 down); 8 first moves; winner 2nd; half-turn centre is a lattice point
  hexagon sides [2, 1, 1, 2, 1, 1]: 10 cells (5 up, 5 down); 11 first moves; winner 1st; 1 winning first moves; half-turn centre is a lattice edge midpoint; 1 self-symmetric blue(s), winning: [True]
  parallelogram 2x3 (sides in order [2, 3, 2, 3]): 12 cells (6 up, 6 down); 13 first moves; winner 1st; 1 winning first moves; half-turn centre is a lattice edge midpoint; 1 self-symmetric blue(s), winning: [True]

Problem 2 (page 2): same two boards as grades 2-3 Problem 5: True
  hexagon sides [2, 2, 2, 2, 2, 2]: 24 cells (12 up, 12 down); 30 first moves; winner 2nd; half-turn centre is a lattice point
  parallelogram 3x3 (sides in order [3, 3, 3, 3]): 18 cells (9 up, 9 down); 21 first moves; winner 1st; 7 winning first moves; half-turn centre is a lattice edge midpoint; 1 self-symmetric blue(s), winning: [True]

Problem 3 (page 3): triangles 3 and 4
  triangle side 4: 16 cells (10 up, 6 down); 18 first moves; winner 2nd; no half-turn symmetry
    possible game lengths: [5, 6]
  triangle side 3: 9 cells (6 up, 3 down); 9 first moves; winner 1st; 9 winning first moves; no half-turn symmetry
    possible game lengths: [3]

Problem 4 (page 4): blue fillings of the hexagon as cube piles
  board: hexagon sides [2, 2, 2, 2, 2, 2], unit 1.0000 in, grid angle 30.0 deg (30 = vertical sides)
  blue fillings: 20
  box dimensions whose corner picture has this outline (floor x, floor y, height): [(2, 2, 2)]
  plane partitions in the 2x2x2 box: 20
  every filling is the picture of exactly one pile: True; fillings per cube count: {0: 1, 1: 1, 2: 3, 3: 3, 4: 4, 5: 3, 6: 3, 7: 1, 8: 1}
  guide list of 20 piles (back, left, right, front) equals the model list: True
  shaded examples on page 4:
  picture A: 12 rhombi, valid filling of a 24-cell region: True, snap error 0.0001; it is the pile with 0 cubes, heights ((0, 0), (0, 0)); shades by face type: top: ['gray0.84'], xwall: ['gray0.60'], ywall: ['gray0.34']
  picture B: 12 rhombi, valid filling of a 24-cell region: True, snap error 0.0001; it is the pile with 8 cubes, heights ((2, 2), (2, 2)); shades by face type: top: ['gray0.84'], xwall: ['gray0.60'], ywall: ['gray0.34']
  printed counts under the examples: ['0', '8']

Problem 5 (page 5): flips from A to B; odd round trips
  picture A: 12 rhombi, valid filling of a 24-cell region: True, snap error 0.0002; it is the pile with 0 cubes, heights ((0, 0), (0, 0)); shades by face type: top: ['gray0.84'], xwall: ['gray0.60'], ywall: ['gray0.34']
  picture B: 12 rhombi, valid filling of a 24-cell region: True, snap error 0.0002; it is the pile with 8 cubes, heights ((2, 2), (2, 2)); shades by face type: top: ['gray0.84'], xwall: ['gray0.60'], ywall: ['gray0.34']
  flip graph: 20 fillings, 32 flips; connected: True; bipartite (no odd round trip): True; fewest flips A->B: 8
  every flip changes the cube count by exactly one: True; flips available in A: 1, in B: 1
  recording copies on page 5: 12

Problem 6 (page 6): the 1,3,3 hexagon
  board: hexagon sides [1, 3, 3, 1, 3, 3], unit 1.0000 in, grid angle 30.0
  blue fillings: 20; box dimensions (floor x, floor y, height) with this outline: [(3, 3, 1)]
  face types per filling (top = light, as in A and B): {(('top', 9), ('xwall', 3), ('ywall', 3)): 20}
  most cubes 9; fewest flips from no cubes to most: 9; bipartite: True
  recording copies on page 6: 6

Problem 7 (page 7): red fillings of the 2x hexagon (as drawn on page 4)
  red fillings: 9; every filling has exactly two trapezoids inside the middle hexagon: True; distinct rings: 3; distinct middles: 3; every ring with every middle: True
  the 3 rings pairwise share no trapezoid: True
  each ring is unchanged by a sixth of a turn: [True, True, True]; the three middle cuts are moved round by it: [3, 3, 3]
  fillings up to rotation: 3; up to rotation and reflection: 2
  recording copies on page 7: 12

Problem 8 (page 8): moves on red fillings; C and D
  picture C: 8 pieces, kinds Counter({'red': 8}), colours Counter({'red': 8}), disjoint True, same outline as the page-4 hexagon: True
  picture D: 8 pieces, kinds Counter({'red': 8}), colours Counter({'red': 8}), disjoint True, same outline as the page-4 hexagon: True
  C and D drawn at units 0.5500 and 0.5500 in
  D moved onto C covers the same region: True
  C is a red filling: True; D is a red filling: True; trapezoids C and D share: 2; differ in 6
  C and D: same middle True; same ring False
  moves picking up at most 2 trapezoids: C reaches D: False; graph bipartite: False; component sizes: [(3, 9)]
  moves picking up at most 5 trapezoids: C reaches D: False; graph bipartite: False; component sizes: [(3, 9)]
  moves picking up at most 6 trapezoids: C reaches D: True; graph bipartite: False; component sizes: [(9, 9)]
  shortest odd round trip with two-trapezoid moves: 3
  C ring mirror-symmetric on the page: False (a pinwheel if False); D ring mirror-symmetric: True (the frame if True); guide row/column labels are checked in check_guide.py

Problem 9 (page 9): four small boards
  hexagon sides [3, 3, 3, 3, 3, 3]: 54 cells (27 up, 27 down); half-turn centre: lattice point; exhaustive search in big_games.py (big_games_*.out)
  hexagon sides [1, 2, 3, 1, 2, 3]: 22 cells (11 up, 11 down); half-turn centre: edge midpoint; exhaustive search: winner 1st, 1 winning first moves of 27; 1 self-symmetric (centre) blue, winning: [True]
  parallelogram 4x4 (sides in order [4, 4, 4, 4]): 32 cells (16 up, 16 down); half-turn centre: lattice point; exhaustive search in big_games.py (big_games_*.out)
  parallelogram 2x5 (sides in order [2, 5, 2, 5]): 20 cells (10 up, 10 down); half-turn centre: edge midpoint; exhaustive search: winner 1st, 5 winning first moves of 23; 1 self-symmetric (centre) blue, winning: [True]

Problem 10 (page 10): same board as grades 2-3 Problem 6: True
