K-1 packet, delivered PDF lowell-math-circle-year-2/week-01-encore/week-01-encore-k-1.pdf

Problem 1 (page 1): fill each shape with small pieces of its colour; then the biggest pieces
 printed shape, tint green, triangle side 2, unit 1.0000 in
     tilings by one colour: 4 cells (3 up, 1 down); green: 1 tilings of 4 pieces; blue: 0 tilings; red: 0 tilings; yellow: 0 tilings
 printed shape, tint blue, parallelogram 2x2 (sides in order [2, 2, 2, 2]), unit 1.0000 in
     tilings by one colour: 8 cells (4 up, 4 down); green: 1 tilings of 8 pieces; blue: 1 tilings of 4 pieces; red: 0 tilings; yellow: 0 tilings
   max yellows that fit: 1 (1 placements); cells left uncovered: 2
 printed shape, tint yellow, hexagon sides [2, 2, 2, 2, 2, 2], unit 1.0000 in
     tilings by one colour: 24 cells (12 up, 12 down); green: 1 tilings of 24 pieces; blue: 20 tilings of 12 pieces; red: 9 tilings of 8 pieces; yellow: 0 tilings
   max yellows that fit: 3 (2 placements); cells left uncovered: 6
 printed shape, tint red, trapezoid sides [2, 2, 2, 4] turns [120, 60, 60, 120], unit 1.0000 in
     tilings by one colour: 12 cells (5 up, 7 down); green: 1 tilings of 12 pieces; blue: 0 tilings; red: 1 tilings of 4 pieces; yellow: 0 tilings
   max yellows that fit: 1 (2 placements); cells left uncovered: 6
 pictures of the 3x Upscale pieces (bottom row), each rescaled to 3 small edges per side:
  3x green piece: sides [3, 3, 3], scale 0.180 in per small edge
     tilings by one colour: 9 cells (6 up, 3 down); green: 1 tilings of 9 pieces; blue: 0 tilings; red: 2 tilings of 3 pieces; yellow: 0 tilings
   max yellows that fit: 1 (1 placements); cells left uncovered: 3
  3x blue piece: sides [3, 3, 3, 3], scale 0.180 in per small edge
     tilings by one colour: 18 cells (9 up, 9 down); green: 1 tilings of 18 pieces; blue: 1 tilings of 9 pieces; red: 10 tilings of 6 pieces; yellow: 0 tilings
   max yellows that fit: 2 (1 placements); cells left uncovered: 6
  3x red piece: sides [3, 6, 3, 3], scale 0.180 in per small edge
     tilings by one colour: 27 cells (15 up, 12 down); green: 1 tilings of 27 pieces; blue: 0 tilings; red: 49 tilings of 9 pieces; yellow: 0 tilings
   max yellows that fit: 3 (1 placements); cells left uncovered: 9
  3x yellow piece: sides [3, 3, 3, 3, 3, 3], scale 0.180 in per small edge
     tilings by one colour: 54 cells (27 up, 27 down); green: 1 tilings of 54 pieces; blue: 980 tilings of 27 pieces; red: 12597 tilings of 18 pieces; yellow: 0 tilings
   max yellows that fit: 7 (2 placements); cells left uncovered: 12

Problem 2 (page 2): the placement game
 board hexagon sides [1, 1, 1, 1, 1, 1] (unit 1.000 in)
    : 6 cells (3 up, 3 down); 6 first moves; winner 2nd; half-turn symmetric: True about a lattice point
   possible game lengths: [2, 3]
 board parallelogram 2x2 (sides in order [2, 2, 2, 2]) (unit 1.000 in)
    : 8 cells (4 up, 4 down); 8 first moves; winner 2nd; half-turn symmetric: True about a lattice point
   possible game lengths: [2, 3, 4]
 board parallelogram 1x3 (sides in order [1, 3, 1, 3]) (unit 1.000 in)
    : 6 cells (3 up, 3 down); 5 first moves; winner 1st; winning first moves: 1; self-symmetric (centre) blue is winning: True; winners == [centre]: True; half-turn symmetric: True about a lattice edge midpoint
   possible game lengths: [2, 3]

Problem 3 (page 3): fewest and most pieces
 picture triangle side 3 (unit 1.000 in)
    : 9 cells (6 up, 3 down); fewest 3 pieces in 2 tilings; mixes: 3 red; most 9 (all greens)
     fewest by number of yellows: 0Y->3, 1Y->4
   with a yellow placed, the rest splits into pieces of sizes [1, 1, 1]; fewest with that yellow: 4
 picture polygon sides [1, 1, 1, 1, 1, 1, 1, 1, 1, 1, 1, 1] turns [-60, 120, -60, 120, -60, 120, -60, 120, -60, 120, -60, 120] (unit 1.000 in)
    : 12 cells (6 up, 6 down); fewest 6 pieces in 65 tilings; mixes: 6 blue | 1 red, 4 blue, 1 green | 2 red, 2 blue, 2 green | 3 red, 3 green; most 12 (all greens)
     fewest by number of yellows: 0Y->6, 1Y->7
   with a yellow placed, the rest splits into pieces of sizes [1, 1, 1, 1, 1, 1]; fewest with that yellow: 7

Problem 4 (page 4): the placement game on three more boards
 board parallelogram 2x3 (sides in order [2, 3, 2, 3]) (unit 1.000 in)
    : 12 cells (6 up, 6 down); 13 first moves; winner 1st; winning first moves: 1; self-symmetric (centre) blue is winning: True; winners == [centre]: True; half-turn symmetric: True about a lattice edge midpoint
   possible game lengths: [3, 4, 5, 6]
 board triangle side 3 (unit 1.000 in)
    : 9 cells (6 up, 3 down); 9 first moves; winner 1st; winning first moves: 9; half-turn symmetric: False
   possible game lengths: [3]
 board parallelogram 2x4 (sides in order [2, 4, 2, 4]) (unit 1.000 in)
    : 16 cells (8 up, 8 down); 18 first moves; winner 2nd; half-turn symmetric: True about a lattice point
   possible game lengths: [4, 5, 6, 7, 8]

Problem 5 (page 5): only reds, then only blues
 shape polygon sides [1, 1, 3, 1, 1, 3] turns [60, 60, 60, 120, -60, 120] (unit 1.000 in)
   red: 3 tilings, 4 pieces each
   blue: 1 tilings, 6 pieces each
 shape trapezoid sides [3, 1, 3, 4] turns [120, 60, 60, 120] (unit 1.000 in)
   red: 5 tilings, 5 pieces each
   blue: 0 tilings (X)
 shape hexagon sides [2, 1, 2, 2, 1, 2] (unit 1.000 in)
   red: 0 tilings (X)
   blue: 6 tilings, 8 pieces each

Problem 6 (page 6): fewest and most pieces
 picture polygon sides [1, 2, 2, 2, 1, 2, 2] turns [-60, 120, 60, 60, 120, -60, 120] (unit 1.000 in)
    : 16 cells (8 up, 8 down); fewest 5 pieces in 1 tilings; mixes: 1 yellow, 3 red, 1 green; most 16 (all greens)
     fewest by number of yellows: 0Y->6, 1Y->5
     a fewest tiling: green, red, red, red, yellow
 picture hexagon sides [2, 2, 2, 2, 2, 2] (unit 1.000 in)
    : 24 cells (12 up, 12 down); fewest 6 pieces in 2 tilings; mixes: 3 yellow, 3 blue; most 24 (all greens)
     fewest by number of yellows: 0Y->8, 1Y->7, 2Y->7, 3Y->6
     a fewest tiling: blue, blue, blue, yellow, yellow, yellow

Problem 7 (page 7): the yellow hexagon with 2 reds, then 3 blues
 outline hexagon sides [1, 1, 1, 1, 1, 1] (unit 1.000 in)
   red: 3 tilings of 2 pieces
   blue: 2 tilings of 3 pieces
  recording hexagons in the row at y=6.6: 3 (hexagon sides [1, 1, 1, 1, 1, 1])
  recording hexagons in the row at y=4.8: 2 (hexagon sides [1, 1, 1, 1, 1, 1])
