Guide page 3: K-1 answer pictures
  "hexagon: 6": 6 pieces (3 yellow, 3 blue), colours match shapes: True, disjoint: True, snap 0.008; region = student shape hex2; fewest possible: 6
  "star: 6": 6 pieces (2 red, 2 blue, 2 green), colours match shapes: True, disjoint: True, snap 0.005; region = student shape star; fewest possible: 6
  "boat: 5": 5 pieces (1 yellow, 3 red, 1 green), colours match shapes: True, disjoint: True, snap 0.005; region = student shape boat; fewest possible: 5
  "3-by-2 board": 1 pieces (1 blue), colours match shapes: True, disjoint: True, snap 0.005; board par3x2 (12 cells (6 up, 6 down)): the blue is the centre blue: True; it is a winning first move: True; winner 1st, 1 winning first moves
  "triangle: 3": 3 pieces (3 red), colours match shapes: True, disjoint: True, snap 0.005; region = student shape tri3; one-colour red tilings of this shape: 2
  "3-by-1 strip (P2)": 1 pieces (1 blue), colours match shapes: True, disjoint: True, snap 0.003; board strip3x1 (6 cells (3 up, 3 down)): the blue is the centre blue: True; it is a winning first move: True; winner 1st, 1 winning first moves
  "5 red": 5 pieces (5 red), colours match shapes: True, disjoint: True, snap 0.006; region = student shape trap41; one-colour red tilings of this shape: 5
  "8 blue": 8 pieces (8 blue), colours match shapes: True, disjoint: True, snap 0.009; region = student shape hex212; one-colour blue tilings of this shape: 6
  "4 red": 4 pieces (4 red), colours match shapes: True, disjoint: True, snap 0.010; region = student shape arrow; one-colour red tilings of this shape: 3
  "6 blue": 6 pieces (6 blue), colours match shapes: True, disjoint: True, snap 0.010; region = student shape arrow; one-colour blue tilings of this shape: 1
  "P7: the 3 red": 2 pieces (2 red), colours match shapes: True, disjoint: True, snap 0.001; region = student shape hex111; one-colour red tilings of this shape: 3
  "ways and the": 2 pieces (2 red), colours match shapes: True, disjoint: True, snap 0.001; region = student shape hex111; one-colour red tilings of this shape: 3
  "2 blue ways": 2 pieces (2 red), colours match shapes: True, disjoint: True, snap 0.002; region = student shape hex111; one-colour red tilings of this shape: 3
  "": 3 pieces (3 blue), colours match shapes: True, disjoint: True, snap 0.001; region = student shape hex111; one-colour blue tilings of this shape: 2
  "": 3 pieces (3 blue), colours match shapes: True, disjoint: True, snap 0.001; region = student shape hex111; one-colour blue tilings of this shape: 2

Guide page 6: grades 2-3 answer pictures
  "hexagon 1,1,2": 1 pieces (1 blue), colours match: True, disjoint: True; board hex112 (10 cells (5 up, 5 down)): the blue is the centre blue: True; it is a winning first move: True; winner 1st, 1 winning first moves
  "3-by-3": 1 pieces (1 blue), colours match: True, disjoint: True; board par3x3 (18 cells (9 up, 9 down)): the blue is the centre blue: True; it is a winning first move: True; winner 1st, 7 winning first moves
  "3-by-2": 1 pieces (1 blue), colours match: True, disjoint: True; board par3x2 (12 cells (6 up, 6 down)): the blue is the centre blue: True; it is a winning first move: True; winner 1st, 1 winning first moves
  "P4: the 2 triangle": 3 pieces (3 red), colours match: True, disjoint: True; region = student shape tri3; red tilings of this shape: 2
  "fillings": 3 pieces (3 red), colours match: True, disjoint: True; region = student shape tri3; red tilings of this shape: 2
  "hexagon: 6": 6 pieces (3 yellow, 3 blue), colours match: True, disjoint: True; region = student shape hex2; fewest possible: 6
  "P6: 12 pieces": 12 pieces (6 yellow, 6 red), colours match: True, disjoint: True; region = student shape hex3; fewest possible: 12
  "triangle: 5": 5 pieces (1 yellow, 3 red, 1 green), colours match: True, disjoint: True; region = student shape tri4; fewest possible: 5
  page 3: 3 pictures of hex111 with {'red': 2}: all different as drawn: True
  page 3: 2 pictures of hex111 with {'blue': 3}: all different as drawn: True
  page 6: 2 pictures of tri3 with {'red': 3}: all different as drawn: True

Guide page 7: the 9 red fillings (rows = rings, columns = cuts) and C, D
  pictures with 8 trapezoids: 9; all valid and disjoint: True; snap 0.006
  grid shape [3, 3, 3]; all 9 distinct: True
  each row has one ring: [1, 1, 1]; each column has one middle: [1, 1, 1]
  row 2 ring is mirror-symmetric (the frame): True; rows 1 and 3 are mirror images (two pinwheels): True; rows 1, 3 mirror-symmetric themselves: False, False
  student C is at (row, column) [(3, 3)]; D is at [(2, 3)]  (guide: C ring 3, D ring 2, both column 3)

Facts stated in the guide text
  MacMahon (2, 2, 2): formula 20, plane partitions counted 20, most cubes 8
  MacMahon (1, 3, 3): formula 20, plane partitions counted 20, most cubes 9
  MacMahon (1, 2, 2): formula 6, plane partitions counted 6, most cubes 4
  centre rule ("grid point exactly when a, b both even" / "a, b, c all even or all odd"): counterexamples []
  3x hexagon lower bounds h + ceil((54 - 6h)/3) for h = 0..7: [18, 17, 16, 15, 14, 13, 12, 11]
  triangle n: U = n(n+1)/2, D = n(n-1)/2 checked for n = 1..7
  hexagon (1, 1, 1): U = 3, D = 3; rhombus counts by orientation in one filling: [1, 1, 1] (ab, bc, ca = [1, 1, 1])
  hexagon (2, 2, 2): U = 12, D = 12; rhombus counts by orientation in one filling: [4, 4, 4] (ab, bc, ca = [4, 4, 4])
  hexagon (1, 3, 3): U = 15, D = 15; rhombus counts by orientation in one filling: [3, 3, 9] (ab, bc, ca = [3, 3, 9])
  hexagon (2, 1, 2): U = 8, D = 8; rhombus counts by orientation in one filling: [2, 2, 4] (ab, bc, ca = [2, 2, 4])
  hexagon (1, 2, 3): U = 11, D = 11; rhombus counts by orientation in one filling: [2, 3, 6] (ab, bc, ca = [2, 3, 6])

Materials claims
  blues in one filling of the 1,3,3 hexagon: 15; reds in one filling of the 2x hexagon: 8; most moves in a game on the 2x hexagon: 12 (a full filling); on the 3-by-3 board: 9
