page size (pt): (0.0, 0.0, 612.0, 792.0) pages 4
P1/P2 lines found: 4
  line y=295.5: dots 9, spacing [49.61] pt (17.5 mm), arrowheads pointing ['L', 'R'], shaft 57.9-495.3, dots 78.2-475.0
  line y=374.7: dots 9, spacing [49.61] pt (17.5 mm), arrowheads pointing ['L', 'R'], shaft 57.9-495.3, dots 78.2-475.0
  line y=453.9: dots 9, spacing [49.61] pt (17.5 mm), arrowheads pointing ['L', 'R'], shaft 57.9-495.3, dots 78.2-475.0
  line y=549.4: dots 9, spacing [49.61] pt (17.5 mm), arrowheads pointing ['L', 'R'], shaft 57.9-495.3, dots 78.2-475.0
  example frame 0: dots 4, road segments 4
  example frame 1: dots 4, road segments 4
  example frame 2: dots 3, road segments 2
  X counter covers dot [(318.3, 121.4)] (upper-right = min y, max x of frame 1: (318.3, 121.4) )
  covered dot (relative to lower-left): (31.9, -31.9) ; frame 2 dots == frame 0 minus covered: True ; frame 2 roads == frame 0 roads not touching covered dot: True
P3/P4 ladder rails at y = [164.3, 206.8, 284.3, 326.8, 448.1, 490.6] ; rung count 27 ; rung widths [1.0]
  ladder 164.3-206.8: 9 rungs at columns == dot columns: True; each rung spans both rails: True; arrowheads 4; column spacing 46.8 pt, rail gap 42.5 pt
  ladder 284.3-326.8: 9 rungs at columns == dot columns: True; each rung spans both rails: True; arrowheads 4; column spacing 46.8 pt, rail gap 42.5 pt
  ladder 448.1-490.6: 9 rungs at columns == dot columns: True; each rung spans both rails: True; arrowheads 4; column spacing 46.8 pt, rail gap 42.5 pt
P5 left grid: 49 dots on 7x7 lattice, x spacing [28.3, 28.4], y spacing [28.3, 28.4] pt (= 9.98 mm); boundary arrowheads 28
P5 right grid: 49 dots on 7x7 lattice, x spacing [28.3, 28.4], y spacing [28.3, 28.4] pt (= 9.98 mm); boundary arrowheads 28
  labels in lattice coordinates (centre 0,0, y up): {'X': [(-0.0, -2.03), (-0.0, -1.03), (-0.0, -0.03), (-0.0, 0.97), (-0.0, 1.97)], 'P': [(-2.0, -0.03)], 'Q': [(2.0, -0.0)]}
  lattice points with no printed dot: []
P7 tree: dots 22 ; segments 45 ; arrowheads 24 ; largest dot (centre) radius 2.99
  drawn dot-to-dot roads 21 ; roads leaving to arrows 24 ; degrees (roads incl. arrows): Counter({3: 22})
  connected: True ; acyclic (edges = dots-1): True ; dots per distance from centre: [(0, 1), (1, 3), (2, 6), (3, 12)]
  arrows only on outermost dots: True
  radius by level (pt): {0: (0.0, 0.0), 1: (49.61, 49.61), 2: (102.76, 102.76), 3: (150.59, 150.59)}
  crossing road segments: 0
  closest pair of tree dots: 49.6 pt = 17.5 mm
