k-1 p1: 11 dots, 13 shafts (0 without head), 13 heads, 0 thick strokes, 2 networks; expected 2
   [1] greedy: edges match; thick match; crossings without dot: 0; size 5.51x1.73 in; shortest edge 44 mm; max tail gap 3.0 pt, max head gap 8.5 pt
   [2] bowtie: edges match; thick match; crossings without dot: 0; size 5.51x1.73 in; shortest edge 41 mm; max tail gap 3.0 pt, max head gap 8.5 pt
k-1 p2: 10 dots, 10 shafts (0 without head), 10 heads, 0 thick strokes, 2 networks; expected 2
   [1] diamond: edges match; thick match; crossings without dot: 0; size 5.51x1.73 in; shortest edge 73 mm; max tail gap 3.0 pt, max head gap 8.5 pt
   [2] funnel: edges match; thick match; crossings without dot: 0; size 5.51x1.73 in; shortest edge 30 mm; max tail gap 3.0 pt, max head gap 8.5 pt
k-1 p3: 13 dots, 16 shafts (0 without head), 16 heads, 0 thick strokes, 2 networks; expected 2
   [1] threetwo: edges match; thick match; crossings without dot: 0; size 5.51x1.81 in; shortest edge 35 mm; max tail gap 3.0 pt, max head gap 8.5 pt
   [2] three: edges match; thick match; crossings without dot: 0; size 5.51x2.09 in; shortest edge 70 mm; max tail gap 3.0 pt, max head gap 8.5 pt
k-1 p4: 12 dots, 15 shafts (0 without head), 15 heads, 0 thick strokes, 2 networks; expected 2
   [1] threetwo: edges match; thick match; crossings without dot: 0; size 5.51x1.81 in; shortest edge 35 mm; max tail gap 3.0 pt, max head gap 8.5 pt
   [2] greedy: edges match; thick match; crossings without dot: 0; size 5.51x1.73 in; shortest edge 44 mm; max tail gap 3.0 pt, max head gap 8.5 pt
k-1 p5: 63 dots, 72 shafts (0 without head), 72 heads, 0 thick strokes, 9 networks; expected 9
   [1] bowtie: edges match; thick match; crossings without dot: 0; size 5.51x1.73 in; shortest edge 41 mm; max tail gap 3.0 pt, max head gap 8.5 pt
   [2] bowtie: edges match; thick match; crossings without dot: 0; size 2.59x1.13 in; shortest edge 22 mm; max tail gap 2.0 pt, max head gap 5.7 pt
   [3] bowtie: edges match; thick match; crossings without dot: 0; size 2.59x1.13 in; shortest edge 22 mm; max tail gap 2.0 pt, max head gap 5.7 pt
   [4] bowtie: edges match; thick match; crossings without dot: 0; size 2.59x1.13 in; shortest edge 22 mm; max tail gap 2.0 pt, max head gap 5.7 pt
   [5] bowtie: edges match; thick match; crossings without dot: 0; size 2.59x1.13 in; shortest edge 22 mm; max tail gap 2.0 pt, max head gap 5.7 pt
   [6] bowtie: edges match; thick match; crossings without dot: 0; size 2.59x1.13 in; shortest edge 22 mm; max tail gap 2.0 pt, max head gap 5.7 pt
   [7] bowtie: edges match; thick match; crossings without dot: 0; size 2.59x1.13 in; shortest edge 22 mm; max tail gap 2.0 pt, max head gap 5.7 pt
   [8] bowtie: edges match; thick match; crossings without dot: 0; size 2.59x1.13 in; shortest edge 22 mm; max tail gap 2.0 pt, max head gap 5.7 pt
   [9] bowtie: edges match; thick match; crossings without dot: 0; size 2.59x1.13 in; shortest edge 22 mm; max tail gap 2.0 pt, max head gap 5.7 pt
k-1 p6: 8 dots, 9 shafts (0 without head), 9 heads, 0 thick strokes, 2 networks; expected 2
   [1] diamond: edges match; thick match; crossings without dot: 0; size 5.51x1.73 in; shortest edge 73 mm; max tail gap 3.0 pt, max head gap 8.5 pt
   [2] greedy: edges match; thick match; crossings without dot: 0; size 5.51x1.73 in; shortest edge 44 mm; max tail gap 3.0 pt, max head gap 8.5 pt
grades-2-3 p1: 11 dots, 13 shafts (0 without head), 13 heads, 0 thick strokes, 2 networks; expected 2
   [1] bowtie: edges match; thick match; crossings without dot: 0; size 5.51x1.73 in; shortest edge 41 mm; max tail gap 3.0 pt, max head gap 8.5 pt; max letter offset 12.4 pt
   [2] greedy: edges match; thick match; crossings without dot: 0; size 5.51x1.73 in; shortest edge 44 mm; max tail gap 3.0 pt, max head gap 8.5 pt; max letter offset 12.4 pt
grades-2-3 p2: 12 dots, 16 shafts (0 without head), 16 heads, 0 thick strokes, 1 networks; expected 1
   [1] bottleneck: edges match; thick match; crossings without dot: 0; size 6.02x2.17 in; shortest edge 26 mm; max tail gap 3.0 pt, max head gap 8.5 pt; max letter offset 12.4 pt
grades-2-3 p3: 7 dots, 8 shafts (0 without head), 8 heads, 0 thick strokes, 1 networks; expected 1
   [1] bowtie: edges match; thick match; crossings without dot: 0; size 5.51x1.73 in; shortest edge 41 mm; max tail gap 3.0 pt, max head gap 8.5 pt; max letter offset 12.4 pt
grades-2-3 p4: 23 dots, 30 shafts (0 without head), 30 heads, 0 thick strokes, 2 networks; expected 2
   [1] bottleneck: edges match; thick match; crossings without dot: 0; size 6.02x1.89 in; shortest edge 26 mm; max tail gap 3.0 pt, max head gap 8.5 pt; max letter offset 12.4 pt
   [2] endpoint_two: edges match; thick match; crossings without dot: 0; size 6.02x1.89 in; shortest edge 26 mm; max tail gap 3.0 pt, max head gap 8.5 pt; max letter offset 12.4 pt
grades-2-3 p5: 11 dots, 15 shafts (0 without head), 15 heads, 9 thick strokes, 2 networks; expected 2
   [1] greedy: edges match; thick match; crossings without dot: 0; size 5.51x1.73 in; shortest edge 44 mm; max tail gap 3.0 pt, max head gap 8.5 pt; max letter offset 12.4 pt
   [2] doubletrap: edges match; thick match; crossings without dot: 0; size 5.51x1.73 in; shortest edge 41 mm; max tail gap 3.0 pt, max head gap 8.5 pt; max letter offset 12.4 pt
grades-2-3 p6: 11 dots, 15 shafts (0 without head), 15 heads, 0 thick strokes, 2 networks; expected 2
   [1] greedy: edges match; thick match; crossings without dot: 0; size 5.51x1.73 in; shortest edge 44 mm; max tail gap 3.0 pt, max head gap 8.5 pt; max letter offset 12.4 pt
   [2] doubletrap: edges match; thick match; crossings without dot: 0; size 5.51x1.73 in; shortest edge 41 mm; max tail gap 3.0 pt, max head gap 8.5 pt; max letter offset 12.4 pt
grades-2-3 p7: 8 dots, 9 shafts (0 without head), 9 heads, 0 thick strokes, 2 networks; expected 2
   [1] diamond: edges match; thick match; crossings without dot: 0; size 5.51x1.73 in; shortest edge 73 mm; max tail gap 3.0 pt, max head gap 8.5 pt; max letter offset 12.4 pt
   [2] greedy: edges match; thick match; crossings without dot: 0; size 5.51x1.73 in; shortest edge 44 mm; max tail gap 3.0 pt, max head gap 8.5 pt; max letter offset 12.4 pt
grades-4-5 p1: 11 dots, 15 shafts (0 without head), 15 heads, 9 thick strokes, 2 networks; expected 2
   [1] greedy: edges match; thick match; crossings without dot: 0; size 5.51x1.73 in; shortest edge 44 mm; max tail gap 3.0 pt, max head gap 8.5 pt; max letter offset 12.4 pt
   [2] doubletrap: edges match; thick match; crossings without dot: 0; size 5.51x1.73 in; shortest edge 41 mm; max tail gap 3.0 pt, max head gap 8.5 pt; max letter offset 12.4 pt
grades-4-5 p2: 11 dots, 15 shafts (0 without head), 15 heads, 0 thick strokes, 2 networks; expected 2
   [1] greedy: edges match; thick match; crossings without dot: 0; size 5.51x1.73 in; shortest edge 44 mm; max tail gap 3.0 pt, max head gap 8.5 pt; max letter offset 12.4 pt
   [2] doubletrap: edges match; thick match; crossings without dot: 0; size 5.51x1.73 in; shortest edge 41 mm; max tail gap 3.0 pt, max head gap 8.5 pt; max letter offset 12.4 pt
grades-4-5 p3: 12 dots, 16 shafts (0 without head), 16 heads, 0 thick strokes, 1 networks; expected 1
   [1] bottleneck: edges match; thick match; crossings without dot: 0; size 6.02x2.27 in; shortest edge 26 mm; max tail gap 3.0 pt, max head gap 8.5 pt; max letter offset 12.4 pt
grades-4-5 p4: 12 dots, 18 shafts (0 without head), 18 heads, 0 thick strokes, 2 networks; expected 2
   [1] backward: edges match; thick match; crossings without dot: 0; size 5.51x1.89 in; shortest edge 47 mm; max tail gap 3.0 pt, max head gap 8.5 pt; max letter offset 12.4 pt
   [2] backward: edges match; thick match; crossings without dot: 0; size 5.51x1.89 in; shortest edge 47 mm; max tail gap 3.0 pt, max head gap 8.5 pt; max letter offset 12.4 pt
grades-4-5 p5: 6 dots, 9 shafts (0 without head), 9 heads, 0 thick strokes, 1 networks; expected 1
   [1] backward: edges match; thick match; crossings without dot: 0; size 5.51x2.27 in; shortest edge 49 mm; max tail gap 3.0 pt, max head gap 8.5 pt; max letter offset 12.4 pt
grades-4-5 p6: 22 dots, 22 shafts (0 without head), 25 heads, 7 thick strokes, 2 networks; expected 2
   [1] staircase: edges match; thick match; crossings without dot: 0; size 5.51x1.65 in; shortest edge 40 mm; max tail gap 3.0 pt, max head gap 8.5 pt; max letter offset 12.4 pt
   [2] staircase: edges match; thick match; crossings without dot: 0; size 5.51x1.65 in; shortest edge 40 mm; max tail gap 3.0 pt, max head gap 8.5 pt; max letter offset 12.4 pt
grades-4-5 p7: 12 dots, 16 shafts (0 without head), 16 heads, 12 thick strokes, 1 networks; expected 1
   [1] bottleneck: edges match; thick match; crossings without dot: 0; size 6.02x1.89 in; shortest edge 26 mm; max tail gap 3.0 pt, max head gap 8.5 pt; max letter offset 12.4 pt
facilitator p3: 8 dots, 9 shafts (0 without head), 9 heads, 0 thick strokes, 2 networks; expected 2
   [1] diamond: edges match; thick match; crossings without dot: 0; size 6.11x0.62 in; shortest edge 78 mm; max tail gap 4.0 pt, max head gap 5.0 pt; max letter offset 12.7 pt
   [2] greedy: edges match; thick match; crossings without dot: 0; size 6.11x0.62 in; shortest edge 16 mm; max tail gap 4.0 pt, max head gap 5.0 pt; max letter offset 12.7 pt
facilitator p4: 13 dots, 14 shafts (0 without head), 14 heads, 0 thick strokes, 2 networks; expected 2
   [1] bowtie: edges match; thick match; crossings without dot: 0; size 6.11x1.32 in; shortest edge 42 mm; max tail gap 4.0 pt, max head gap 5.0 pt; max letter offset 12.7 pt
   [2] funnel: edges match; thick match; crossings without dot: 0; size 6.11x1.04 in; shortest edge 33 mm; max tail gap 4.0 pt, max head gap 5.0 pt; max letter offset 12.7 pt
facilitator p5: 13 dots, 16 shafts (0 without head), 16 heads, 0 thick strokes, 2 networks; expected 2
   [1] threetwo: edges match; thick match; crossings without dot: 0; size 6.11x1.11 in; shortest edge 39 mm; max tail gap 4.0 pt, max head gap 5.0 pt; max letter offset 12.7 pt
   [2] three: edges match; thick match; crossings without dot: 0; size 6.11x1.11 in; shortest edge 78 mm; max tail gap 4.0 pt, max head gap 5.0 pt; max letter offset 12.7 pt
facilitator p7: 19 dots, 26 shafts (0 without head), 26 heads, 6 thick strokes, 2 networks; expected 2
   [1] bottleneck: edges match; thick match; crossings without dot: 0; size 6.11x1.46 in; shortest edge 26 mm; max tail gap 4.0 pt, max head gap 5.0 pt; max letter offset 12.7 pt
   [2] doubletrap: edges match; thick match; crossings without dot: 0; size 6.11x1.32 in; shortest edge 34 mm; max tail gap 4.0 pt, max head gap 5.0 pt; max letter offset 12.7 pt
facilitator p8: 6 dots, 9 shafts (0 without head), 9 heads, 0 thick strokes, 1 networks; expected 1
   [1] backward: edges match; thick match; crossings without dot: 0; size 6.11x1.67 in; shortest edge 42 mm; max tail gap 4.0 pt, max head gap 5.0 pt; max letter offset 12.7 pt
facilitator p9: 8 dots, 11 shafts (0 without head), 11 heads, 6 thick strokes, 1 networks; expected 1
   [1] staircase: edges match; thick match; crossings without dot: 0; size 6.11x1.6 in; shortest edge 44 mm; max tail gap 4.0 pt, max head gap 5.0 pt; max letter offset 12.7 pt
return-visit p1: 23 dots, 23 shafts (0 without head), 23 heads, 0 thick strokes, 2 networks; expected 2
   [1] hub: edges match; thick match; crossings without dot: 0; size 6.3x1.34 in; shortest edge 41 mm; max tail gap 0.0 pt, max head gap 5.3 pt; max letter offset 33.4 pt
   [2] hub_bypass: edges match; thick match; crossings without dot: 0; size 6.3x1.34 in; shortest edge 41 mm; max tail gap 0.0 pt, max head gap 5.3 pt; max letter offset 33.4 pt
return-visit p2: 24 dots, 27 shafts (0 without head), 27 heads, 0 thick strokes, 3 networks; expected 3
   [1] pairs: edges match; thick match; crossings without dot: 0; size 6.3x1.22 in; shortest edge 35 mm; max tail gap 0.0 pt, max head gap 5.3 pt; max letter offset 20.8 pt
   [2] pairs: edges match; thick match; crossings without dot: 0; size 6.3x1.22 in; shortest edge 35 mm; max tail gap 0.0 pt, max head gap 5.3 pt; max letter offset 20.8 pt
   [3] pairs: edges match; thick match; crossings without dot: 0; size 6.3x1.22 in; shortest edge 35 mm; max tail gap 0.0 pt, max head gap 5.3 pt; max letter offset 20.8 pt
return-visit p3: 19 dots, 18 shafts (0 without head), 18 heads, 0 thick strokes, 2 networks; expected 2
   [1] capacity3: edges match; thick match; crossings without dot: 0; size 6.3x1.34 in; shortest edge 52 mm; max tail gap 0.0 pt, max head gap 5.3 pt; max letter offset 24.0 pt capacities match
   [2] capacity4: edges match; thick match; crossings without dot: 0; size 6.3x1.34 in; shortest edge 52 mm; max tail gap 0.0 pt, max head gap 5.3 pt; max letter offset 24.0 pt capacities match
ALL BOARDS MATCH
