==============================================================================
week-14-k-1.pdf 6 pages
-- page 1: 6 polygons
   n=5 labels=12345 cw=True top=1 regular (r-spread 4.1e-05, side-spread 5.5e-05) size 2.94x2.80in  dots=5 rings=0  diagonals=-
   n=5 labels=12345 cw=True top=1 regular (r-spread 5.8e-05, side-spread 1.6e-04) size 1.10x1.05in  dots=5 rings=0  diagonals=-
   n=5 labels=12345 cw=True top=1 regular (r-spread 4.8e-05, side-spread 1.9e-04) size 1.10x1.05in  dots=5 rings=0  diagonals=-
   n=6 labels=123456 cw=True top=1 regular (r-spread 2.0e-05, side-spread 2.1e-05) size 3.03x3.50in  dots=6 rings=0  diagonals=-
   n=6 labels=123456 cw=True top=1 regular (r-spread 5.5e-05, side-spread 5.8e-05) size 1.17x1.35in  dots=6 rings=0  diagonals=-
   n=6 labels=123456 cw=True top=1 regular (r-spread 5.5e-05, side-spread 5.7e-05) size 1.17x1.35in  dots=6 rings=0  diagonals=-
   transcription matches PDF
-- page 2: 9 polygons
   n=5 labels=12345 cw=True top=1 regular (r-spread 6.0e-06, side-spread 2.5e-05) size 3.52x3.35in  dots=5 rings=0  diagonals=-
   n=5 labels=12345 cw=True top=1 regular (r-spread 8.0e-05, side-spread 1.5e-04) size 0.97x0.92in  dots=5 rings=0  diagonals=-
   n=5 labels=12345 cw=True top=1 regular (r-spread 8.1e-05, side-spread 1.2e-04) size 0.97x0.92in  dots=5 rings=0  diagonals=-
   n=5 labels=12345 cw=True top=1 regular (r-spread 8.1e-05, side-spread 1.2e-04) size 0.97x0.92in  dots=5 rings=0  diagonals=-
   n=5 labels=12345 cw=True top=1 regular (r-spread 8.0e-05, side-spread 1.4e-04) size 0.97x0.92in  dots=5 rings=0  diagonals=-
   n=5 labels=12345 cw=True top=1 regular (r-spread 8.0e-05, side-spread 1.5e-04) size 0.97x0.92in  dots=5 rings=0  diagonals=-
   n=5 labels=12345 cw=True top=1 regular (r-spread 8.0e-05, side-spread 1.2e-04) size 0.97x0.92in  dots=5 rings=0  diagonals=-
   n=5 labels=12345 cw=True top=1 regular (r-spread 8.0e-05, side-spread 1.2e-04) size 0.97x0.92in  dots=5 rings=0  diagonals=-
   n=5 labels=12345 cw=True top=1 regular (r-spread 8.0e-05, side-spread 1.5e-04) size 0.97x0.92in  dots=5 rings=0  diagonals=-
   transcription matches PDF
-- page 3: 9 polygons
   n=6 labels=123456 cw=True top=1 regular (r-spread 2.2e-05, side-spread 1.1e-05) size 3.81x4.40in  dots=6 rings=0  diagonals=-
   n=6 labels=123456 cw=True top=1 regular (r-spread 3.4e-05, side-spread 3.3e-05) size 1.13x1.30in  dots=6 rings=0  diagonals=-
   n=6 labels=123456 cw=True top=1 regular (r-spread 4.1e-05, side-spread 1.9e-05) size 1.13x1.30in  dots=6 rings=0  diagonals=-
   n=6 labels=123456 cw=True top=1 regular (r-spread 4.1e-05, side-spread 1.9e-05) size 1.13x1.30in  dots=6 rings=0  diagonals=-
   n=6 labels=123456 cw=True top=1 regular (r-spread 3.4e-05, side-spread 3.3e-05) size 1.13x1.30in  dots=6 rings=0  diagonals=-
   n=6 labels=123456 cw=True top=1 regular (r-spread 3.4e-05, side-spread 3.3e-05) size 1.13x1.30in  dots=6 rings=0  diagonals=-
   n=6 labels=123456 cw=True top=1 regular (r-spread 4.1e-05, side-spread 1.9e-05) size 1.13x1.30in  dots=6 rings=0  diagonals=-
   n=6 labels=123456 cw=True top=1 regular (r-spread 4.1e-05, side-spread 1.9e-05) size 1.13x1.30in  dots=6 rings=0  diagonals=-
   n=6 labels=123456 cw=True top=1 regular (r-spread 3.4e-05, side-spread 3.3e-05) size 1.13x1.30in  dots=6 rings=0  diagonals=-
   transcription matches PDF
-- page 4: 10 polygons
   n=5 labels=12345 cw=True top=1 regular (r-spread 1.8e-05, side-spread 3.8e-05) size 2.42x2.30in  dots=5 rings=0  diagonals=13
   n=5 labels=12345 cw=True top=1 regular (r-spread 1.0e-04, side-spread 2.3e-04) size 0.84x0.80in  dots=5 rings=0  diagonals=13
   n=5 labels=12345 cw=True top=1 regular (r-spread 9.9e-05, side-spread 2.0e-04) size 0.84x0.80in  dots=5 rings=0  diagonals=13
   n=5 labels=12345 cw=True top=1 regular (r-spread 9.8e-05, side-spread 2.0e-04) size 0.84x0.80in  dots=5 rings=0  diagonals=13
   n=5 labels=12345 cw=True top=1 regular (r-spread 1.0e-04, side-spread 2.3e-04) size 0.84x0.80in  dots=5 rings=0  diagonals=13
   n=6 labels=123456 cw=True top=1 regular (r-spread 3.9e-06, side-spread 7.7e-06) size 2.99x3.45in  dots=6 rings=0  diagonals=14
   n=6 labels=123456 cw=True top=1 regular (r-spread 2.5e-05, side-spread 4.3e-05) size 1.13x1.30in  dots=6 rings=0  diagonals=14
   n=6 labels=123456 cw=True top=1 regular (r-spread 2.5e-05, side-spread 4.3e-05) size 1.13x1.30in  dots=6 rings=0  diagonals=14
   n=6 labels=123456 cw=True top=1 regular (r-spread 1.8e-05, side-spread 4.3e-05) size 1.13x1.30in  dots=6 rings=0  diagonals=14
   n=6 labels=123456 cw=True top=1 regular (r-spread 1.9e-05, side-spread 4.3e-05) size 1.13x1.30in  dots=6 rings=0  diagonals=14
   transcription matches PDF
-- page 5: 10 polygons
   n=6 labels=123456 cw=True top=1 regular (r-spread 3.9e-06, side-spread 7.8e-06) size 2.99x3.45in  dots=6 rings=0  diagonals=13 14 15
   n=6 labels=123456 cw=True top=1 regular (r-spread 2.5e-05, side-spread 4.3e-05) size 1.13x1.30in  dots=6 rings=0  diagonals=-
   n=6 labels=123456 cw=True top=1 regular (r-spread 2.5e-05, side-spread 4.3e-05) size 1.13x1.30in  dots=6 rings=0  diagonals=-
   n=6 labels=123456 cw=True top=1 regular (r-spread 1.9e-05, side-spread 4.3e-05) size 1.13x1.30in  dots=6 rings=0  diagonals=-
   n=6 labels=123456 cw=True top=1 regular (r-spread 1.8e-05, side-spread 4.3e-05) size 1.13x1.30in  dots=6 rings=0  diagonals=-
   n=6 labels=123456 cw=True top=1 regular (r-spread 3.9e-06, side-spread 7.7e-06) size 2.99x3.45in  dots=6 rings=0  diagonals=13 15 35
   n=6 labels=123456 cw=True top=1 regular (r-spread 2.5e-05, side-spread 4.3e-05) size 1.13x1.30in  dots=6 rings=0  diagonals=-
   n=6 labels=123456 cw=True top=1 regular (r-spread 2.5e-05, side-spread 4.3e-05) size 1.13x1.30in  dots=6 rings=0  diagonals=-
   n=6 labels=123456 cw=True top=1 regular (r-spread 1.8e-05, side-spread 4.3e-05) size 1.13x1.30in  dots=6 rings=0  diagonals=-
   n=6 labels=123456 cw=True top=1 regular (r-spread 1.9e-05, side-spread 4.3e-05) size 1.13x1.30in  dots=6 rings=0  diagonals=-
   transcription matches PDF
-- page 6: 9 polygons
   n=5 labels=12345 cw=True top=1 regular (r-spread 6.0e-06, side-spread 2.5e-05) size 3.52x3.35in  dots=5 rings=0  diagonals=13 14
   n=5 labels=12345 cw=True top=1 regular (r-spread 8.0e-05, side-spread 1.5e-04) size 0.97x0.92in  dots=5 rings=0  diagonals=-
   n=5 labels=12345 cw=True top=1 regular (r-spread 8.1e-05, side-spread 1.2e-04) size 0.97x0.92in  dots=5 rings=0  diagonals=-
   n=5 labels=12345 cw=True top=1 regular (r-spread 8.1e-05, side-spread 1.2e-04) size 0.97x0.92in  dots=5 rings=0  diagonals=-
   n=5 labels=12345 cw=True top=1 regular (r-spread 8.0e-05, side-spread 1.4e-04) size 0.97x0.92in  dots=5 rings=0  diagonals=-
   n=5 labels=12345 cw=True top=1 regular (r-spread 8.0e-05, side-spread 1.5e-04) size 0.97x0.92in  dots=5 rings=0  diagonals=-
   n=5 labels=12345 cw=True top=1 regular (r-spread 8.0e-05, side-spread 1.2e-04) size 0.97x0.92in  dots=5 rings=0  diagonals=-
   n=5 labels=12345 cw=True top=1 regular (r-spread 8.0e-05, side-spread 1.2e-04) size 0.97x0.92in  dots=5 rings=0  diagonals=-
   n=5 labels=12345 cw=True top=1 regular (r-spread 8.0e-05, side-spread 1.5e-04) size 0.97x0.92in  dots=5 rings=0  diagonals=-
   transcription matches PDF
==============================================================================
week-14-grades-2-3.pdf 8 pages
-- page 1: 6 polygons
   n=6 labels=ABCDEF cw=True top=A regular (r-spread 2.1e-05, side-spread 2.1e-05) size 3.03x3.50in  dots=6 rings=0  diagonals=-
   n=6 labels=ABCDEF cw=True top=A regular (r-spread 5.7e-05, side-spread 4.6e-05) size 1.17x1.35in  dots=6 rings=0  diagonals=-
   n=6 labels=ABCDEF cw=True top=A regular (r-spread 5.7e-05, side-spread 4.6e-05) size 1.17x1.35in  dots=6 rings=0  diagonals=-
   n=7 labels=ABCDEFG cw=True top=A regular (r-spread 5.2e-06, side-spread 4.7e-05) size 2.87x2.80in  dots=7 rings=0  diagonals=-
   n=7 labels=ABCDEFG cw=True top=A regular (r-spread 1.1e-04, side-spread 3.0e-04) size 1.08x1.05in  dots=7 rings=0  diagonals=-
   n=7 labels=ABCDEFG cw=True top=A regular (r-spread 1.4e-04, side-spread 3.3e-04) size 1.08x1.05in  dots=7 rings=0  diagonals=-
   transcription matches PDF
-- page 2: 9 polygons
   n=5 labels=ABCDE cw=True top=A regular (r-spread 6.0e-06, side-spread 2.5e-05) size 3.52x3.35in  dots=5 rings=0  diagonals=-
   n=5 labels=ABCDE cw=True top=A regular (r-spread 8.0e-05, side-spread 1.5e-04) size 0.97x0.92in  dots=5 rings=0  diagonals=-
   n=5 labels=ABCDE cw=True top=A regular (r-spread 8.1e-05, side-spread 1.2e-04) size 0.97x0.92in  dots=5 rings=0  diagonals=-
   n=5 labels=ABCDE cw=True top=A regular (r-spread 8.1e-05, side-spread 1.2e-04) size 0.97x0.92in  dots=5 rings=0  diagonals=-
   n=5 labels=ABCDE cw=True top=A regular (r-spread 8.0e-05, side-spread 1.4e-04) size 0.97x0.92in  dots=5 rings=0  diagonals=-
   n=5 labels=ABCDE cw=True top=A regular (r-spread 8.0e-05, side-spread 1.5e-04) size 0.97x0.92in  dots=5 rings=0  diagonals=-
   n=5 labels=ABCDE cw=True top=A regular (r-spread 8.0e-05, side-spread 1.2e-04) size 0.97x0.92in  dots=5 rings=0  diagonals=-
   n=5 labels=ABCDE cw=True top=A regular (r-spread 8.0e-05, side-spread 1.2e-04) size 0.97x0.92in  dots=5 rings=0  diagonals=-
   n=5 labels=ABCDE cw=True top=A regular (r-spread 8.0e-05, side-spread 1.5e-04) size 0.97x0.92in  dots=5 rings=0  diagonals=-
   transcription matches PDF
-- page 3: 10 polygons
   n=6 labels=ABCDEF cw=True top=A regular (r-spread 3.9e-06, side-spread 7.8e-06) size 2.99x3.45in  dots=6 rings=0  diagonals=AC AD AE
   n=6 labels=ABCDEF cw=True top=A regular (r-spread 2.5e-05, side-spread 4.3e-05) size 1.13x1.30in  dots=6 rings=0  diagonals=-
   n=6 labels=ABCDEF cw=True top=A regular (r-spread 2.5e-05, side-spread 4.3e-05) size 1.13x1.30in  dots=6 rings=0  diagonals=-
   n=6 labels=ABCDEF cw=True top=A regular (r-spread 1.9e-05, side-spread 4.3e-05) size 1.13x1.30in  dots=6 rings=0  diagonals=-
   n=6 labels=ABCDEF cw=True top=A regular (r-spread 1.8e-05, side-spread 4.3e-05) size 1.13x1.30in  dots=6 rings=0  diagonals=-
   n=6 labels=ABCDEF cw=True top=A regular (r-spread 3.9e-06, side-spread 7.7e-06) size 2.99x3.45in  dots=6 rings=0  diagonals=AC AE CE
   n=6 labels=ABCDEF cw=True top=A regular (r-spread 2.5e-05, side-spread 4.3e-05) size 1.13x1.30in  dots=6 rings=0  diagonals=-
   n=6 labels=ABCDEF cw=True top=A regular (r-spread 2.5e-05, side-spread 4.3e-05) size 1.13x1.30in  dots=6 rings=0  diagonals=-
   n=6 labels=ABCDEF cw=True top=A regular (r-spread 1.8e-05, side-spread 4.3e-05) size 1.13x1.30in  dots=6 rings=0  diagonals=-
   n=6 labels=ABCDEF cw=True top=A regular (r-spread 1.9e-05, side-spread 4.3e-05) size 1.13x1.30in  dots=6 rings=0  diagonals=-
   transcription matches PDF
-- page 4: 7 polygons
   n=4 labels=ABCD cw=True top=A NOT regular (r-spread 4.5e-01, side-spread 2.4e-05) size 0.95x0.60in  dots=4 rings=0  diagonals=AC
   n=4 labels=ABCD cw=True top=A NOT regular (r-spread 4.5e-01, side-spread 2.3e-05) size 0.95x0.60in  dots=4 rings=0  diagonals=BD
   n=5 labels=ABCDE cw=True top=A regular (r-spread 6.5e-05, side-spread 7.5e-05) size 1.47x1.40in  dots=5 rings=0  diagonals=AC AD
   n=5 labels=ABCDE cw=True top=A regular (r-spread 6.5e-05, side-spread 7.5e-05) size 1.47x1.40in  dots=5 rings=0  diagonals=AC CE
   n=5 labels=ABCDE cw=True top=A regular (r-spread 7.4e-05, side-spread 9.2e-05) size 1.47x1.40in  dots=5 rings=0  diagonals=BE CE
   n=5 labels=ABCDE cw=True top=A regular (r-spread 6.4e-05, side-spread 7.5e-05) size 1.47x1.40in  dots=5 rings=0  diagonals=BD BE
   n=5 labels=ABCDE cw=True top=A regular (r-spread 7.4e-05, side-spread 9.2e-05) size 1.47x1.40in  dots=5 rings=0  diagonals=AD BD
   1 other stroked segments (arrows, rules, marks)
   transcription matches PDF
-- page 5: 9 polygons
   n=5 labels=ABCDE cw=True top=A regular (r-spread 6.0e-06, side-spread 2.5e-05) size 3.52x3.35in  dots=5 rings=0  diagonals=AC AD
   n=5 labels=ABCDE cw=True top=A regular (r-spread 8.0e-05, side-spread 1.5e-04) size 0.97x0.92in  dots=5 rings=0  diagonals=-
   n=5 labels=ABCDE cw=True top=A regular (r-spread 8.1e-05, side-spread 1.2e-04) size 0.97x0.92in  dots=5 rings=0  diagonals=-
   n=5 labels=ABCDE cw=True top=A regular (r-spread 8.1e-05, side-spread 1.2e-04) size 0.97x0.92in  dots=5 rings=0  diagonals=-
   n=5 labels=ABCDE cw=True top=A regular (r-spread 8.0e-05, side-spread 1.4e-04) size 0.97x0.92in  dots=5 rings=0  diagonals=-
   n=5 labels=ABCDE cw=True top=A regular (r-spread 8.0e-05, side-spread 1.5e-04) size 0.97x0.92in  dots=5 rings=0  diagonals=-
   n=5 labels=ABCDE cw=True top=A regular (r-spread 8.0e-05, side-spread 1.2e-04) size 0.97x0.92in  dots=5 rings=0  diagonals=-
   n=5 labels=ABCDE cw=True top=A regular (r-spread 8.0e-05, side-spread 1.2e-04) size 0.97x0.92in  dots=5 rings=0  diagonals=-
   n=5 labels=ABCDE cw=True top=A regular (r-spread 8.0e-05, side-spread 1.5e-04) size 0.97x0.92in  dots=5 rings=0  diagonals=-
   transcription matches PDF
-- page 6: 11 polygons
   n=6 labels=ABCDEF cw=True top=A regular (r-spread 3.2e-05, side-spread 2.0e-05) size 1.60x1.85in  dots=6 rings=0  diagonals=BD BE BF
   n=6 labels=ABCDEF cw=True top=A regular (r-spread 2.7e-05, side-spread 2.0e-05) size 1.60x1.85in  dots=6 rings=0  diagonals=AC AD AE
   n=6 labels=ABCDEF cw=True top=A regular (r-spread 2.1e-05, side-spread 2.7e-05) size 3.29x3.80in  dots=6 rings=0  diagonals=-
   n=6 labels=ABCDEF cw=True top=A regular (r-spread 1.5e-05, side-spread 4.8e-05) size 0.83x0.96in  dots=6 rings=0  diagonals=-
   n=6 labels=ABCDEF cw=True top=A regular (r-spread 4.2e-06, side-spread 2.0e-05) size 0.83x0.96in  dots=6 rings=0  diagonals=-
   n=6 labels=ABCDEF cw=True top=A regular (r-spread 4.2e-06, side-spread 2.0e-05) size 0.83x0.96in  dots=6 rings=0  diagonals=-
   n=6 labels=ABCDEF cw=True top=A regular (r-spread 1.5e-05, side-spread 4.8e-05) size 0.83x0.96in  dots=6 rings=0  diagonals=-
   n=6 labels=ABCDEF cw=True top=A regular (r-spread 3.9e-05, side-spread 2.9e-05) size 0.83x0.96in  dots=6 rings=0  diagonals=-
   n=6 labels=ABCDEF cw=True top=A regular (r-spread 2.0e-05, side-spread 2.8e-05) size 0.83x0.96in  dots=6 rings=0  diagonals=-
   n=6 labels=ABCDEF cw=True top=A regular (r-spread 2.0e-05, side-spread 2.8e-05) size 0.83x0.96in  dots=6 rings=0  diagonals=-
   n=6 labels=ABCDEF cw=True top=A regular (r-spread 3.9e-05, side-spread 2.9e-05) size 0.83x0.96in  dots=6 rings=0  diagonals=-
   1 other stroked segments (arrows, rules, marks)
   transcription matches PDF
-- page 7: 9 polygons
   n=6 labels=ABCDEF cw=True top=A regular (r-spread 2.2e-05, side-spread 1.1e-05) size 3.81x4.40in  dots=6 rings=0  diagonals=-
   n=6 labels=ABCDEF cw=True top=A regular (r-spread 3.4e-05, side-spread 3.3e-05) size 1.13x1.30in  dots=6 rings=0  diagonals=-
   n=6 labels=ABCDEF cw=True top=A regular (r-spread 4.1e-05, side-spread 1.9e-05) size 1.13x1.30in  dots=6 rings=0  diagonals=-
   n=6 labels=ABCDEF cw=True top=A regular (r-spread 4.1e-05, side-spread 1.9e-05) size 1.13x1.30in  dots=6 rings=0  diagonals=-
   n=6 labels=ABCDEF cw=True top=A regular (r-spread 3.4e-05, side-spread 3.3e-05) size 1.13x1.30in  dots=6 rings=0  diagonals=-
   n=6 labels=ABCDEF cw=True top=A regular (r-spread 3.4e-05, side-spread 3.3e-05) size 1.13x1.30in  dots=6 rings=0  diagonals=-
   n=6 labels=ABCDEF cw=True top=A regular (r-spread 4.1e-05, side-spread 1.9e-05) size 1.13x1.30in  dots=6 rings=0  diagonals=-
   n=6 labels=ABCDEF cw=True top=A regular (r-spread 4.1e-05, side-spread 1.9e-05) size 1.13x1.30in  dots=6 rings=0  diagonals=-
   n=6 labels=ABCDEF cw=True top=A regular (r-spread 3.4e-05, side-spread 3.3e-05) size 1.13x1.30in  dots=6 rings=0  diagonals=-
   transcription matches PDF
-- page 8: 9 polygons
   n=6 labels=ABCDEF cw=True top=A regular (r-spread 2.4e-05, side-spread 2.4e-05) size 1.73x2.00in  dots=6 rings=0  diagonals=-
   n=6 labels=ABCDEF cw=True top=A regular (r-spread 2.4e-05, side-spread 2.4e-05) size 1.73x2.00in  dots=6 rings=0  diagonals=-
   n=6 labels=ABCDEF cw=True top=A regular (r-spread 2.4e-05, side-spread 2.4e-05) size 1.73x2.00in  dots=6 rings=0  diagonals=-
   n=6 labels=ABCDEF cw=True top=A regular (r-spread 2.4e-05, side-spread 2.4e-05) size 1.73x2.00in  dots=6 rings=0  diagonals=-
   n=6 labels=ABCDEF cw=True top=A regular (r-spread 2.4e-05, side-spread 2.4e-05) size 1.73x2.00in  dots=6 rings=0  diagonals=-
   n=6 labels=ABCDEF cw=True top=A regular (r-spread 2.4e-05, side-spread 2.4e-05) size 1.73x2.00in  dots=6 rings=0  diagonals=-
   n=6 labels=ABCDEF cw=True top=A regular (r-spread 2.4e-05, side-spread 2.4e-05) size 1.73x2.00in  dots=6 rings=0  diagonals=-
   n=6 labels=ABCDEF cw=True top=A regular (r-spread 2.4e-05, side-spread 2.4e-05) size 1.73x2.00in  dots=6 rings=0  diagonals=-
   n=6 labels=ABCDEF cw=True top=A regular (r-spread 2.4e-05, side-spread 2.4e-05) size 1.73x2.00in  dots=6 rings=0  diagonals=-
   transcription matches PDF
==============================================================================
week-14-grades-4-5.pdf 7 pages
-- page 1: 9 polygons
   n=5 labels=ABCDE cw=True top=A regular (r-spread 3.2e-06, side-spread 3.2e-05) size 3.52x3.35in  dots=5 rings=0  diagonals=-
   n=5 labels=ABCDE cw=True top=A regular (r-spread 8.0e-05, side-spread 1.5e-04) size 0.97x0.92in  dots=5 rings=0  diagonals=-
   n=5 labels=ABCDE cw=True top=A regular (r-spread 8.0e-05, side-spread 1.2e-04) size 0.97x0.92in  dots=5 rings=0  diagonals=-
   n=5 labels=ABCDE cw=True top=A regular (r-spread 8.0e-05, side-spread 1.2e-04) size 0.97x0.92in  dots=5 rings=0  diagonals=-
   n=5 labels=ABCDE cw=True top=A regular (r-spread 8.0e-05, side-spread 1.4e-04) size 0.97x0.92in  dots=5 rings=0  diagonals=-
   n=5 labels=ABCDE cw=True top=A regular (r-spread 8.0e-05, side-spread 1.5e-04) size 0.97x0.92in  dots=5 rings=0  diagonals=-
   n=5 labels=ABCDE cw=True top=A regular (r-spread 8.0e-05, side-spread 1.2e-04) size 0.97x0.92in  dots=5 rings=0  diagonals=-
   n=5 labels=ABCDE cw=True top=A regular (r-spread 8.0e-05, side-spread 1.2e-04) size 0.97x0.92in  dots=5 rings=0  diagonals=-
   n=5 labels=ABCDE cw=True top=A regular (r-spread 8.0e-05, side-spread 1.4e-04) size 0.97x0.92in  dots=5 rings=0  diagonals=-
   transcription matches PDF
-- page 2: 10 polygons
   n=6 labels=ABCDEF cw=True top=A regular (r-spread 3.9e-06, side-spread 7.8e-06) size 2.99x3.45in  dots=6 rings=0  diagonals=AC AD AE
   n=6 labels=ABCDEF cw=True top=A regular (r-spread 2.5e-05, side-spread 4.3e-05) size 1.13x1.30in  dots=6 rings=0  diagonals=-
   n=6 labels=ABCDEF cw=True top=A regular (r-spread 2.5e-05, side-spread 4.3e-05) size 1.13x1.30in  dots=6 rings=0  diagonals=-
   n=6 labels=ABCDEF cw=True top=A regular (r-spread 1.9e-05, side-spread 4.3e-05) size 1.13x1.30in  dots=6 rings=0  diagonals=-
   n=6 labels=ABCDEF cw=True top=A regular (r-spread 1.8e-05, side-spread 4.3e-05) size 1.13x1.30in  dots=6 rings=0  diagonals=-
   n=6 labels=ABCDEF cw=True top=A regular (r-spread 3.9e-06, side-spread 7.7e-06) size 2.99x3.45in  dots=6 rings=0  diagonals=AC AE CE
   n=6 labels=ABCDEF cw=True top=A regular (r-spread 2.5e-05, side-spread 4.3e-05) size 1.13x1.30in  dots=6 rings=0  diagonals=-
   n=6 labels=ABCDEF cw=True top=A regular (r-spread 2.5e-05, side-spread 4.3e-05) size 1.13x1.30in  dots=6 rings=0  diagonals=-
   n=6 labels=ABCDEF cw=True top=A regular (r-spread 1.8e-05, side-spread 4.3e-05) size 1.13x1.30in  dots=6 rings=0  diagonals=-
   n=6 labels=ABCDEF cw=True top=A regular (r-spread 1.9e-05, side-spread 4.3e-05) size 1.13x1.30in  dots=6 rings=0  diagonals=-
   transcription matches PDF
-- page 3: 7 polygons
   n=4 labels=ABCD cw=True top=A NOT regular (r-spread 4.5e-01, side-spread 2.4e-05) size 0.95x0.60in  dots=4 rings=0  diagonals=AC
   n=4 labels=ABCD cw=True top=A NOT regular (r-spread 4.5e-01, side-spread 2.3e-05) size 0.95x0.60in  dots=4 rings=0  diagonals=BD
   n=5 labels=ABCDE cw=True top=A regular (r-spread 6.5e-05, side-spread 7.5e-05) size 1.47x1.40in  dots=5 rings=0  diagonals=AC AD
   n=5 labels=ABCDE cw=True top=A regular (r-spread 6.5e-05, side-spread 7.5e-05) size 1.47x1.40in  dots=5 rings=0  diagonals=AC CE
   n=5 labels=ABCDE cw=True top=A regular (r-spread 7.4e-05, side-spread 9.2e-05) size 1.47x1.40in  dots=5 rings=0  diagonals=BE CE
   n=5 labels=ABCDE cw=True top=A regular (r-spread 6.4e-05, side-spread 7.5e-05) size 1.47x1.40in  dots=5 rings=0  diagonals=BD BE
   n=5 labels=ABCDE cw=True top=A regular (r-spread 7.4e-05, side-spread 9.2e-05) size 1.47x1.40in  dots=5 rings=0  diagonals=AD BD
   1 other stroked segments (arrows, rules, marks)
   transcription matches PDF
-- page 4: 13 polygons
   n=6 labels=ABCDEF cw=True top=A regular (r-spread 2.7e-05, side-spread 3.3e-05) size 1.30x1.50in  dots=6 rings=0  diagonals=BD BE BF
   n=6 labels=ABCDEF cw=True top=A regular (r-spread 1.6e-05, side-spread 1.6e-05) size 1.30x1.50in  dots=6 rings=0  diagonals=AC AE CE
   n=6 labels=ABCDEF cw=True top=A regular (r-spread 2.7e-05, side-spread 3.3e-05) size 1.30x1.50in  dots=6 rings=0  diagonals=AD BD DF
   n=6 labels=ABCDEF cw=True top=A regular (r-spread 1.6e-05, side-spread 1.6e-05) size 1.30x1.50in  dots=6 rings=0  diagonals=AC AD AE
   n=6 labels=ABCDEF cw=True top=A regular (r-spread 2.2e-05, side-spread 2.2e-05) size 3.46x4.00in  dots=6 rings=0  diagonals=-
   n=6 labels=ABCDEF cw=True top=A regular (r-spread 1.0e-04, side-spread 7.3e-05) size 0.82x0.95in  dots=6 rings=0  diagonals=-
   n=6 labels=ABCDEF cw=True top=A regular (r-spread 1.0e-04, side-spread 7.3e-05) size 0.82x0.95in  dots=6 rings=0  diagonals=-
   n=6 labels=ABCDEF cw=True top=A regular (r-spread 8.1e-05, side-spread 1.1e-04) size 0.82x0.95in  dots=6 rings=0  diagonals=-
   n=6 labels=ABCDEF cw=True top=A regular (r-spread 7.3e-05, side-spread 7.3e-05) size 0.82x0.95in  dots=6 rings=0  diagonals=-
   n=6 labels=ABCDEF cw=True top=A regular (r-spread 9.3e-05, side-spread 7.4e-05) size 0.82x0.95in  dots=6 rings=0  diagonals=-
   n=6 labels=ABCDEF cw=True top=A regular (r-spread 9.3e-05, side-spread 7.4e-05) size 0.82x0.95in  dots=6 rings=0  diagonals=-
   n=6 labels=ABCDEF cw=True top=A regular (r-spread 7.2e-05, side-spread 1.1e-04) size 0.82x0.95in  dots=6 rings=0  diagonals=-
   n=6 labels=ABCDEF cw=True top=A regular (r-spread 6.4e-05, side-spread 7.4e-05) size 0.82x0.95in  dots=6 rings=0  diagonals=-
   transcription matches PDF
-- page 5: 9 polygons
   n=8 labels=ABCDEFGH cw=True top=A regular (r-spread 7.1e-06, side-spread 1.1e-05) size 3.35x3.35in  dots=8 rings=0  diagonals=AC AD DF DG DH
   n=8 labels=ABCDEFGH cw=True top=A regular (r-spread 1.1e-04, side-spread 5.8e-05) size 0.92x0.92in  dots=8 rings=0  diagonals=-
   n=8 labels=ABCDEFGH cw=True top=A regular (r-spread 1.2e-04, side-spread 1.8e-05) size 0.92x0.92in  dots=8 rings=0  diagonals=-
   n=8 labels=ABCDEFGH cw=True top=A regular (r-spread 1.2e-04, side-spread 1.8e-05) size 0.92x0.92in  dots=8 rings=0  diagonals=-
   n=8 labels=ABCDEFGH cw=True top=A regular (r-spread 1.1e-04, side-spread 5.8e-05) size 0.92x0.92in  dots=8 rings=0  diagonals=-
   n=8 labels=ABCDEFGH cw=True top=A regular (r-spread 1.1e-04, side-spread 5.8e-05) size 0.92x0.92in  dots=8 rings=0  diagonals=-
   n=8 labels=ABCDEFGH cw=True top=A regular (r-spread 1.2e-04, side-spread 1.8e-05) size 0.92x0.92in  dots=8 rings=0  diagonals=-
   n=8 labels=ABCDEFGH cw=True top=A regular (r-spread 1.2e-04, side-spread 1.8e-05) size 0.92x0.92in  dots=8 rings=0  diagonals=-
   n=8 labels=ABCDEFGH cw=True top=A regular (r-spread 1.1e-04, side-spread 5.8e-05) size 0.92x0.92in  dots=8 rings=0  diagonals=-
   transcription matches PDF
-- page 6: 1 polygons
   n=8 labels=ABCDEFGH cw=True top=A regular (r-spread 1.1e-05, side-spread 1.5e-05) size 3.60x3.60in  dots=8 rings=0  diagonals=-
   transcription matches PDF
-- page 7: 3 polygons
   n=8 labels=ABCDEFGH cw=True top=A regular (r-spread 7.5e-05, side-spread 5.7e-07) size 1.65x1.65in  dots=8 rings=0  diagonals=AC AD DF DG DH
   n=8 labels=ABCDEFGH cw=True top=A regular (r-spread 7.0e-05, side-spread 3.1e-05) size 1.65x1.65in  dots=8 rings=0  diagonals=AE BD BE EG EH
   n=8 labels=ABCDEFGH cw=True top=A regular (r-spread 3.7e-05, side-spread 2.7e-07) size 3.00x3.00in  dots=8 rings=0  diagonals=-
   1 other stroked segments (arrows, rules, marks)
   transcription matches PDF
==============================================================================
week-14-return-visit.pdf 6 pages
-- page 1: 4 polygons
   n=5 labels=ABCDE cw=True top=A regular (r-spread 9.1e-06, side-spread 1.1e-05) size 0.93x0.89in  dots=0 rings=0  diagonals=AC AD
   n=5 labels=ABCDE cw=True top=A regular (r-spread 9.3e-06, side-spread 1.1e-05) size 0.93x0.89in  dots=0 rings=0  diagonals=AC AD
     side overdraws: [('side-overdraw', 'AB', 1.0959, (0.58824, 0.21176, 0.18039), False), ('side-overdraw', 'BC', 1.0959, (0.58824, 0.21176, 0.18039), False)]
   n=4 labels=ACDE cw=True top=A NOT regular (r-spread 3.1e-01, side-spread 5.4e-01) size 0.75x0.89in  dots=0 rings=0  diagonals=AD
   n=6 labels=ABCDEF cw=True top=A regular (r-spread 2.0e-06, side-spread 2.1e-06) size 3.46x4.00in  dots=6 rings=0  diagonals=AC AD AE
   9 other stroked segments (arrows, rules, marks)
   transcription matches PDF
-- page 2: 1 polygons
   n=6 labels=ABCDEF cw=True top=A regular (r-spread 2.1e-06, side-spread 2.1e-06) size 3.46x4.00in  dots=6 rings=0  diagonals=AC AE CE
   11 other stroked segments (arrows, rules, marks)
   transcription matches PDF
-- page 3: 3 polygons
   n=6 labels=ABCDEF cw=True top=A regular (r-spread 2.0e-06, side-spread 2.3e-06) size 3.46x4.00in  dots=0 rings=6  diagonals=AC AD AE
   n=6 labels=ABCDEF cw=True top=A regular (r-spread 1.9e-06, side-spread 2.0e-06) size 1.87x2.16in  dots=0 rings=6  diagonals=AC AD AE
   n=6 labels=ABCDEF cw=True top=A regular (r-spread 1.9e-06, side-spread 2.0e-06) size 1.87x2.16in  dots=0 rings=6  diagonals=AC AD AE
   1 other stroked segments (arrows, rules, marks)
   transcription matches PDF
-- page 4: 3 polygons
   n=6 labels=ABCDEF cw=True top=A regular (r-spread 2.1e-06, side-spread 2.3e-06) size 3.46x4.00in  dots=0 rings=6  diagonals=AC AE CE
   n=6 labels=ABCDEF cw=True top=A regular (r-spread 1.9e-06, side-spread 2.0e-06) size 1.87x2.16in  dots=0 rings=6  diagonals=AC AE CE
   n=6 labels=ABCDEF cw=True top=A regular (r-spread 1.9e-06, side-spread 2.0e-06) size 1.87x2.16in  dots=0 rings=6  diagonals=AC AE CE
   1 other stroked segments (arrows, rules, marks)
   transcription matches PDF
-- page 5: 4 polygons
   n=6 labels=ABCDEF cw=True top=A regular (r-spread 1.8e-06, side-spread 2.1e-06) size 0.81x0.94in  dots=0 rings=0  diagonals=AC
     coloured/dashed diagonals: [('AC', (0.11374, 0.32549, 0.5451), False)]
   n=6 labels=ABCDEF cw=True top=A regular (r-spread 1.8e-06, side-spread 2.1e-06) size 0.81x0.94in  dots=0 rings=0  diagonals=AC DF
     coloured/dashed diagonals: [('AC', (0.6455, 0.7302, 0.81804), True), ('DF', (0.58824, 0.21176, 0.18039), False)]
   n=6 labels=ABCDEF cw=True top=A regular (r-spread 1.9e-06, side-spread 2.3e-06) size 0.81x0.94in  dots=0 rings=0  diagonals=DF
     coloured/dashed diagonals: [('DF', (0.58824, 0.21176, 0.18039), False)]
   n=6 labels=ABCDEF cw=True top=A regular (r-spread 2.1e-06, side-spread 2.2e-06) size 3.46x4.00in  dots=6 rings=0  diagonals=-
   11 other stroked segments (arrows, rules, marks)
   transcription matches PDF
-- page 6: 9 polygons
   n=6 labels=ABCDEF cw=True top=A regular (r-spread 2.0e-06, side-spread 1.6e-06) size 1.40x1.62in  dots=6 rings=0  diagonals=-
   n=6 labels=ABCDEF cw=True top=A regular (r-spread 2.2e-06, side-spread 1.7e-06) size 1.40x1.62in  dots=6 rings=0  diagonals=-
   n=6 labels=ABCDEF cw=True top=A regular (r-spread 2.1e-06, side-spread 1.6e-06) size 1.40x1.62in  dots=6 rings=0  diagonals=-
   n=6 labels=ABCDEF cw=True top=A regular (r-spread 2.1e-06, side-spread 2.2e-06) size 1.40x1.62in  dots=6 rings=0  diagonals=-
   n=6 labels=ABCDEF cw=True top=A regular (r-spread 2.2e-06, side-spread 2.3e-06) size 1.40x1.62in  dots=6 rings=0  diagonals=-
   n=6 labels=ABCDEF cw=True top=A regular (r-spread 2.1e-06, side-spread 2.2e-06) size 1.40x1.62in  dots=6 rings=0  diagonals=-
   n=6 labels=ABCDEF cw=True top=A regular (r-spread 1.9e-06, side-spread 2.1e-06) size 1.40x1.62in  dots=6 rings=0  diagonals=-
   n=6 labels=ABCDEF cw=True top=A regular (r-spread 2.1e-06, side-spread 2.2e-06) size 1.40x1.62in  dots=6 rings=0  diagonals=-
   n=6 labels=ABCDEF cw=True top=A regular (r-spread 2.0e-06, side-spread 2.1e-06) size 1.40x1.62in  dots=6 rings=0  diagonals=-
   12 other stroked segments (arrows, rules, marks)
   transcription matches PDF
==============================================================================
week-14-facilitator.pdf 14 pages
-- page 3: 5 polygons
   n=5 labels=ABCDE cw=True top=A regular (r-spread 1.5e-05, side-spread 9.4e-05) size 0.64x0.61in  dots=5 rings=0  diagonals=AC AD
   n=5 labels=ABCDE cw=True top=A regular (r-spread 1.5e-05, side-spread 9.4e-05) size 0.64x0.61in  dots=5 rings=0  diagonals=BD BE
   n=5 labels=ABCDE cw=True top=A regular (r-spread 1.5e-05, side-spread 9.4e-05) size 0.64x0.61in  dots=5 rings=0  diagonals=AC CE
   n=5 labels=ABCDE cw=True top=A regular (r-spread 1.5e-05, side-spread 9.4e-05) size 0.64x0.61in  dots=5 rings=0  diagonals=AD BD
   n=5 labels=ABCDE cw=True top=A regular (r-spread 1.5e-05, side-spread 9.4e-05) size 0.64x0.61in  dots=5 rings=0  diagonals=BE CE
   3 other stroked segments (arrows, rules, marks)
   transcription matches PDF
-- page 4: 6 polygons
   n=5 labels=12345 cw=True top=1 regular (r-spread 6.3e-05, side-spread 4.5e-05) size 0.67x0.64in  dots=5 rings=0  diagonals=13 35
   n=5 labels=12345 cw=True top=1 regular (r-spread 6.3e-05, side-spread 4.5e-05) size 0.67x0.64in  dots=5 rings=0  diagonals=13 14
   n=6 labels=123456 cw=True top=1 regular (r-spread 8.4e-06, side-spread 9.7e-06) size 0.53x0.61in  dots=6 rings=0  diagonals=14 24 46
   n=6 labels=123456 cw=True top=1 regular (r-spread 8.4e-06, side-spread 9.7e-06) size 0.53x0.61in  dots=6 rings=0  diagonals=13 14 46
   n=6 labels=123456 cw=True top=1 regular (r-spread 8.4e-06, side-spread 9.7e-06) size 0.53x0.61in  dots=6 rings=0  diagonals=14 15 24
   n=6 labels=123456 cw=True top=1 regular (r-spread 8.4e-06, side-spread 9.7e-06) size 0.53x0.61in  dots=6 rings=0  diagonals=13 14 15
   transcription matches PDF
-- page 5: 6 polygons
   n=6 labels=123456 cw=True top=1 regular (r-spread 2.5e-05, side-spread 2.4e-05) size 0.68x0.79in  dots=6 rings=0  diagonals=13 14 46
   n=6 labels=123456 cw=True top=1 regular (r-spread 2.5e-05, side-spread 2.4e-05) size 0.68x0.79in  dots=6 rings=0  diagonals=13 15 35
   n=6 labels=123456 cw=True top=1 regular (r-spread 2.5e-05, side-spread 2.4e-05) size 0.68x0.79in  dots=6 rings=0  diagonals=14 15 24
   n=6 labels=123456 cw=True top=1 regular (r-spread 2.5e-05, side-spread 2.4e-05) size 0.68x0.79in  dots=6 rings=0  diagonals=13 35 36
   n=6 labels=123456 cw=True top=1 regular (r-spread 2.5e-05, side-spread 2.4e-05) size 0.68x0.79in  dots=6 rings=0  diagonals=15 25 35
   n=6 labels=123456 cw=True top=1 regular (r-spread 2.5e-05, side-spread 2.4e-05) size 0.68x0.79in  dots=6 rings=0  diagonals=13 14 15
   transcription matches PDF
-- page 7: 9 polygons
   n=6 labels=ABCDEF cw=True top=A regular (r-spread 8.4e-06, side-spread 9.7e-06) size 0.53x0.61in  dots=6 rings=0  diagonals=BD BE BF
   n=6 labels=ABCDEF cw=True top=A regular (r-spread 8.4e-06, side-spread 9.7e-06) size 0.53x0.61in  dots=6 rings=0  diagonals=AE BD BE
   n=6 labels=ABCDEF cw=True top=A regular (r-spread 8.4e-06, side-spread 9.7e-06) size 0.53x0.61in  dots=6 rings=0  diagonals=AD AE BD
   n=6 labels=ABCDEF cw=True top=A regular (r-spread 8.4e-06, side-spread 9.7e-06) size 0.53x0.61in  dots=6 rings=0  diagonals=AC AD AE
   n=6 labels=ABCDEF cw=True top=A regular (r-spread 8.0e-06, side-spread 9.5e-06) size 0.46x0.54in  dots=6 rings=0  diagonals=BD BE BF
   n=6 labels=ABCDEF cw=True top=A regular (r-spread 8.0e-06, side-spread 9.5e-06) size 0.46x0.54in  dots=6 rings=0  diagonals=BE BF CE
   n=6 labels=ABCDEF cw=True top=A regular (r-spread 8.0e-06, side-spread 9.5e-06) size 0.46x0.54in  dots=6 rings=0  diagonals=AE BE CE
   n=6 labels=ABCDEF cw=True top=A regular (r-spread 8.0e-06, side-spread 9.5e-06) size 0.46x0.54in  dots=6 rings=0  diagonals=AC AE CE
   n=6 labels=ABCDEF cw=True top=A regular (r-spread 8.0e-06, side-spread 9.5e-06) size 0.46x0.54in  dots=6 rings=0  diagonals=AC AD AE
   6 other stroked segments (arrows, rules, marks)
   transcription matches PDF
-- page 8: 14 polygons
   n=6 labels=ABCDEF cw=True top=A regular (r-spread 8.0e-06, side-spread 9.5e-06) size 0.46x0.54in  dots=6 rings=0  diagonals=BF CF DF
   n=6 labels=ABCDEF cw=True top=A regular (r-spread 8.0e-06, side-spread 9.5e-06) size 0.46x0.54in  dots=6 rings=0  diagonals=BF CE CF
   n=6 labels=ABCDEF cw=True top=A regular (r-spread 8.0e-06, side-spread 9.5e-06) size 0.46x0.54in  dots=6 rings=0  diagonals=BD BF DF
   n=6 labels=ABCDEF cw=True top=A regular (r-spread 8.0e-06, side-spread 9.5e-06) size 0.46x0.54in  dots=6 rings=0  diagonals=BE BF CE
   n=6 labels=ABCDEF cw=True top=A regular (r-spread 8.0e-06, side-spread 9.5e-06) size 0.46x0.54in  dots=6 rings=0  diagonals=BD BE BF
   n=6 labels=ABCDEF cw=True top=A regular (r-spread 3.6e-05, side-spread 7.7e-06) size 0.55x0.63in  dots=6 rings=0  diagonals=AC CF DF
   n=6 labels=ABCDEF cw=True top=A regular (r-spread 3.6e-05, side-spread 7.7e-06) size 0.55x0.63in  dots=6 rings=0  diagonals=AC CE CF
   n=6 labels=ABCDEF cw=True top=A regular (r-spread 3.6e-05, side-spread 7.7e-06) size 0.55x0.63in  dots=6 rings=0  diagonals=AD BD DF
   n=6 labels=ABCDEF cw=True top=A regular (r-spread 3.6e-05, side-spread 7.7e-06) size 0.55x0.63in  dots=6 rings=0  diagonals=AC AD DF
   n=6 labels=ABCDEF cw=True top=A regular (r-spread 8.0e-06, side-spread 9.5e-06) size 0.46x0.54in  dots=6 rings=0  diagonals=AE BE CE
   n=6 labels=ABCDEF cw=True top=A regular (r-spread 8.0e-06, side-spread 9.5e-06) size 0.46x0.54in  dots=6 rings=0  diagonals=AE BD BE
   n=6 labels=ABCDEF cw=True top=A regular (r-spread 8.0e-06, side-spread 9.5e-06) size 0.46x0.54in  dots=6 rings=0  diagonals=AC AE CE
   n=6 labels=ABCDEF cw=True top=A regular (r-spread 8.0e-06, side-spread 9.5e-06) size 0.46x0.54in  dots=6 rings=0  diagonals=AD AE BD
   n=6 labels=ABCDEF cw=True top=A regular (r-spread 8.0e-06, side-spread 9.5e-06) size 0.46x0.54in  dots=6 rings=0  diagonals=AC AD AE
   transcription matches PDF
-- page 9: 5 polygons
   n=6 labels=ABCDEF cw=True top=A regular (r-spread 1.3e-05, side-spread 1.1e-05) size 0.61x0.71in  dots=6 rings=0  diagonals=AC AE CE
   n=6 labels=ABCDEF cw=True top=A regular (r-spread 1.3e-05, side-spread 1.1e-05) size 0.61x0.71in  dots=6 rings=0  diagonals=AC AD AE
   n=6 labels=ABCDEF cw=True top=A regular (r-spread 1.3e-05, side-spread 1.1e-05) size 0.61x0.71in  dots=6 rings=0  diagonals=AD BD DF
   n=6 labels=ABCDEF cw=True top=A regular (r-spread 1.3e-05, side-spread 1.1e-05) size 0.61x0.71in  dots=6 rings=0  diagonals=AC AD DF
   n=6 labels=ABCDEF cw=True top=A regular (r-spread 1.3e-05, side-spread 1.1e-05) size 0.61x0.71in  dots=6 rings=0  diagonals=AC AD AE
   transcription matches PDF
-- page 10: 3 polygons
   n=8 labels=ABCDEFGH cw=True top=A regular (r-spread 2.7e-07, side-spread 4.9e-16) size 0.79x0.79in  dots=8 rings=0  diagonals=AC AD DF DG DH
   n=8 labels=ABCDEFGH cw=True top=A regular (r-spread 2.7e-07, side-spread 9.8e-16) size 0.79x0.79in  dots=8 rings=0  diagonals=AC AD AE AF AG
   n=8 labels=ABCDEFGH cw=True top=A regular (r-spread 2.7e-07, side-spread 0.0e+00) size 0.79x0.79in  dots=8 rings=0  diagonals=AE BE CE EG EH
   6 other stroked segments (arrows, rules, marks)
   transcription matches PDF
-- page 11: 2 polygons
   n=4 labels=Auxw cw=False top=w NOT regular (r-spread 1.9e-01, side-spread 2.7e-01) size 1.02x0.91in  dots=0 rings=0  diagonals=uw
   n=4 labels=Auxw cw=False top=w NOT regular (r-spread 1.9e-01, side-spread 2.7e-01) size 1.02x0.91in  dots=0 rings=0  diagonals=Ax
   5 other stroked segments (arrows, rules, marks)
   transcription matches PDF
-- page 12: 6 polygons
   n=8 labels=ABCDEFGH cw=True top=A regular (r-spread 7.8e-05, side-spread 2.9e-15) size 0.67x0.67in  dots=8 rings=0  diagonals=AC AD DF DG DH
   n=8 labels=ABCDEFGH cw=True top=A regular (r-spread 7.8e-05, side-spread 2.9e-15) size 0.67x0.67in  dots=8 rings=0  diagonals=AD BD DF DG DH
   n=8 labels=ABCDEFGH cw=True top=A regular (r-spread 7.8e-05, side-spread 2.9e-15) size 0.67x0.67in  dots=8 rings=0  diagonals=AD BD DG DH EG
   n=8 labels=ABCDEFGH cw=True top=A regular (r-spread 7.8e-05, side-spread 4.0e-15) size 0.67x0.67in  dots=8 rings=0  diagonals=AD BD DH EG EH
   n=8 labels=ABCDEFGH cw=True top=A regular (r-spread 7.8e-05, side-spread 4.0e-15) size 0.67x0.67in  dots=8 rings=0  diagonals=AD AE BD EG EH
   n=8 labels=ABCDEFGH cw=True top=A regular (r-spread 7.8e-05, side-spread 4.0e-15) size 0.67x0.67in  dots=8 rings=0  diagonals=AE BD BE EG EH
   3 other stroked segments (arrows, rules, marks)
   transcription matches PDF
==============================================================================
pages whose PDF drawings differ from my transcription: 0
