ok   student PDF has 4 pages (expected 4)
ok   p1: 4 boards (expected 4)
ok   p1 P1 top-left: frame 176.88 x 176.88 pt, equal scaling
ok   p1 P1 top-left: 9x9 grid lines, 1-unit spacing 22.11 pt in both axes
ok   p1 P1 top-left: x tick labels 0,2,4,6,8 at matching grid lines
ok   p1 P1 top-left: marks {'A': (4.0, 4.0, 'J')} (expected {'A': (4.0, 4.0, 'J')})
ok   p1 P1 top-right: frame 176.88 x 176.88 pt, equal scaling
ok   p1 P1 top-right: 9x9 grid lines, 1-unit spacing 22.11 pt in both axes
ok   p1 P1 top-right: x tick labels 0,2,4,6,8 at matching grid lines
ok   p1 P1 top-right: marks {'A': (4.0, 4.0, 'J')} (expected {'A': (4.0, 4.0, 'J')})
ok   p1 P1 bottom-left: frame 176.88 x 176.88 pt, equal scaling
ok   p1 P1 bottom-left: 9x9 grid lines, 1-unit spacing 22.11 pt in both axes
ok   p1 P1 bottom-left: x tick labels 0,2,4,6,8 at matching grid lines
ok   p1 P1 bottom-left: marks {'A': (2.0, 2.0, 'J'), 'B': (6.0, 5.0, 'J')} (expected {'A': (2.0, 2.0, 'J'), 'B': (6.0, 5.0, 'J')})
ok   p1 P1 bottom-right: frame 176.88 x 176.88 pt, equal scaling
ok   p1 P1 bottom-right: 9x9 grid lines, 1-unit spacing 22.11 pt in both axes
ok   p1 P1 bottom-right: x tick labels 0,2,4,6,8 at matching grid lines
ok   p1 P1 bottom-right: marks {'A': (2.0, 2.0, 'J'), 'B': (5.0, 6.0, 'J')} (expected {'A': (2.0, 2.0, 'J'), 'B': (5.0, 6.0, 'J')})
ok   p2: 4 boards (expected 4)
ok   p2 P2 a: frame 185.96 x 185.96 pt, equal scaling
ok   p2 P2 a: 9x9 grid lines, 1-unit spacing 23.24 pt in both axes
ok   p2 P2 a: x tick labels 0,2,4,6,8 at matching grid lines
ok   p2 P2 a: marks {'A': (2.0, 5.0, 'J'), 'B': (6.0, 2.0, 'J')} (expected {'A': (2.0, 5.0, 'J'), 'B': (6.0, 2.0, 'J')})
ok   p2 P2 b: frame 185.96 x 185.96 pt, equal scaling
ok   p2 P2 b: 9x9 grid lines, 1-unit spacing 23.24 pt in both axes
ok   p2 P2 b: x tick labels 0,2,4,6,8 at matching grid lines
ok   p2 P2 b: marks {'A': (3.0, 2.0, 'J'), 'B': (3.0, 6.0, 'J')} (expected {'A': (3.0, 2.0, 'J'), 'B': (3.0, 6.0, 'J')})
ok   p2 P2 c: frame 185.96 x 185.96 pt, equal scaling
ok   p2 P2 c: 9x9 grid lines, 1-unit spacing 23.24 pt in both axes
ok   p2 P2 c: x tick labels 0,2,4,6,8 at matching grid lines
ok   p2 P2 c: marks {'A': (2.0, 4.0, 'J'), 'B': (6.0, 4.0, 'J')} (expected {'A': (2.0, 4.0, 'J'), 'B': (6.0, 4.0, 'J')})
ok   p2 P2 d: frame 185.96 x 185.96 pt, equal scaling
ok   p2 P2 d: 9x9 grid lines, 1-unit spacing 23.24 pt in both axes
ok   p2 P2 d: x tick labels 0,2,4,6,8 at matching grid lines
ok   p2 P2 d: marks {'A': (2.0, 2.0, 'J'), 'B': (6.0, 6.0, 'J')} (expected {'A': (2.0, 2.0, 'J'), 'B': (6.0, 6.0, 'J')})
ok   p3: 5 boards (expected 5)
ok   p3 P4 left: frame 188.22 x 188.22 pt, equal scaling
ok   p3 P4 left: 9x9 grid lines, 1-unit spacing 23.53 pt in both axes
ok   p3 P4 left: x tick labels 0,2,4,6,8 at matching grid lines
ok   p3 P4 left: marks {'P': (2.0, 5.0, 'T'), 'Q': (6.0, 2.0, 'T')} (expected {'P': (2.0, 5.0, 'T'), 'Q': (6.0, 2.0, 'T')})
ok   p3 P4 right: frame 188.22 x 188.22 pt, equal scaling
ok   p3 P4 right: 9x9 grid lines, 1-unit spacing 23.53 pt in both axes
ok   p3 P4 right: x tick labels 0,2,4,6,8 at matching grid lines
ok   p3 P4 right: marks {'P': (2.0, 2.0, 'T'), 'Q': (6.0, 5.0, 'T')} (expected {'P': (2.0, 2.0, 'T'), 'Q': (6.0, 5.0, 'T')})
ok   p3 P5 left: frame 149.67 x 149.67 pt, equal scaling
ok   p3 P5 left: 9x9 grid lines, 1-unit spacing 18.71 pt in both axes
ok   p3 P5 left: x tick labels 0,2,4,6,8 at matching grid lines
ok   p3 P5 left: marks {'P': (2.0, 4.0, 'T'), 'Q': (6.0, 4.0, 'T')} (expected {'P': (2.0, 4.0, 'T'), 'Q': (6.0, 4.0, 'T')})
ok   p3 P5 middle: frame 149.67 x 149.67 pt, equal scaling
ok   p3 P5 middle: 9x9 grid lines, 1-unit spacing 18.71 pt in both axes
ok   p3 P5 middle: x tick labels 0,2,4,6,8 at matching grid lines
ok   p3 P5 middle: marks {'P': (3.0, 2.0, 'T'), 'Q': (3.0, 6.0, 'T')} (expected {'P': (3.0, 2.0, 'T'), 'Q': (3.0, 6.0, 'T')})
ok   p3 P5 right: frame 149.67 x 149.67 pt, equal scaling
ok   p3 P5 right: 9x9 grid lines, 1-unit spacing 18.71 pt in both axes
ok   p3 P5 right: x tick labels 0,2,4,6,8 at matching grid lines
ok   p3 P5 right: marks {'P': (2.0, 2.0, 'T'), 'Q': (5.0, 5.0, 'T')} (expected {'P': (2.0, 2.0, 'T'), 'Q': (5.0, 5.0, 'T')})
ok   p4: 2 boards (expected 2)
ok   p4 P6: frame 172.35 x 172.35 pt, equal scaling
ok   p4 P6: 9x9 grid lines, 1-unit spacing 21.54 pt in both axes
ok   p4 P6: x tick labels 0,2,4,6,8 at matching grid lines
ok   p4 P6: marks {'A': (2.0, 7.0, 'J')} (expected {'A': (2.0, 7.0, 'J')})
ok   p4 P7: frame 172.35 x 172.35 pt, equal scaling
ok   p4 P7: 9x9 grid lines, 1-unit spacing 21.54 pt in both axes
ok   p4 P7: x tick labels 0,2,4,6,8 at matching grid lines
ok   p4 P7: marks {} (expected {})

== Opening diagram (page 1)
ok   opening grid 0..5, unit 17.29 pt both axes
     arm segments (grid units): [((2.0, 2.0), (-0.1, -0.1)), ((2.0, 2.0), (2.0, 5.06)), ((2.0, 2.0), (5.06, 2.0))]
ok   opening arms start at (2,2) and point east, north, southwest: [(-1.0, -1.0), (0.0, 1.0), (1.0, 0.0)]
ok   opening marks: junction (2,2) filled, P (4,2) filled, Q (4,4) open: [(2.0, 2.0, 'f'), (4.0, 2.0, 'f'), (4.0, 4.0, 'fs')]

== Guide text (pdftotext)
ok   guide prints: "Single point (5,4)"
ok   guide prints: "East ray from (6,4); north ray from (4,6)"
ok   guide prints: "Southwest ray from (4,4)"
ok   guide prints: "(2,2) and (6,5) meet only at (3,2)"
ok   guide prints: "(2,2) and (5,6) meet only at (2,3)"
ok   guide prints: "One point, (6,5)"
ok   guide prints: "(3,y) for every y≥6"
ok   guide prints: "(x,4) for every x≥6"
ok   guide prints: "(2−t,2−t) for every t≥0"
ok   guide prints: "force junction (2,2)"
ok   guide prints: "force junction (5,5)"
ok   guide prints: "(2−t,4), t≥0"
ok   guide prints: "(3,2−t), t≥0"
ok   guide prints: "(5+t,5+t), t≥0"
ok   guide prints: "meet only at (10,7)"
ok   guide prints: "same row, column or diagonal"

0 failures
