== K-1: lowell-math-circle-year-2/week-11/week-11-k-1.pdf (6 pages, 612 x 792 pt)
-- page 1
   board: edges ['A-B', 'A-S', 'B-S'] (raw 3, widths [1.05])
      nodes: A:circle 44.0x44.0mm @(61.0, 110.0) label at 1.218r, B:circle 44.0x44.0mm @(155.0, 110.0) label at 1.218r, S:square 60.0x60.0mm @(108.0, 172.0)
   dots outside circles (table chips, or chips in transit): [(87.2, 641.9), (97.1, 641.9), (158.0, 641.9), (168.0, 641.9), (82.2, 667.4), (92.1, 667.4), (102.0, 667.4), (158.0, 667.4), (168.0, 667.4), (87.2, 693.0), (97.1, 693.0), (153.1, 693.0), (163.0, 693.0), (172.9, 693.0), (82.2, 718.5), (92.1, 718.5), (102.0, 718.5), (153.1, 718.5), (163.0, 718.5), (172.9, 718.5)]
   table at 213.0 mm:
      | Start A | Start B | Sharing word | Finish A | Finish B |
      | 2 dots | 2 dots |  |  |  |
      | 3 dots | 2 dots |  |  |  |
      | 2 dots | 3 dots |  |  |  |
      | 3 dots | 3 dots |  |  |  |
-- page 2
   board: edges ['A-B', 'A-S', 'B-S'] (raw 3, widths [1.05])
      nodes: A:circle 44.0x44.0mm @(61.0, 82.0) label at 1.218r, B:circle 44.0x44.0mm @(155.0, 82.0) label at 1.218r, S:square 60.0x60.0mm @(108.0, 144.0)
-- page 3
   board: edges ['A-B', 'A-S', 'B-C', 'C-S'] (raw 4, widths [1.05])
      nodes: A:circle 44.0x44.0mm @(61.0, 77.0) label at 1.218r, B:circle 44.0x44.0mm @(155.0, 77.0) label at 1.218r, C:circle 44.0x44.0mm @(155.0, 159.0) label at 1.273r, S:square 60.0x60.0mm @(61.0, 159.0)
   dots outside circles (table chips, or chips in transit): [(124.0, 629.3), (133.9, 629.3), (143.9, 629.3), (153.8, 629.3), (65.9, 657.6), (75.8, 657.6), (133.9, 657.6), (143.9, 657.6), (133.9, 686.0), (143.9, 686.0), (202.0, 686.0), (211.9, 686.0), (65.9, 714.3), (75.8, 714.3), (202.0, 714.3), (211.9, 714.3)]
   table at 208.0 mm:
      | Start A | Start B | Start C | Sharing word | Finish A | Finish B | Finish C |
      | 0 | 4 dots | 0 |  |  |  |  |
      | 2 dots | 2 dots | 0 |  |  |  |  |
      | 0 | 2 dots | 2 dots |  |  |  |  |
      | 2 dots | 0 | 2 dots |  |  |  |  |
-- page 4
   board: edges ['A-B', 'A-S', 'B-C', 'C-S'] (raw 4, widths [1.05])
      nodes: A:circle 44.0x44.0mm @(61.0, 77.0) label at 1.218r, B:circle 44.0x44.0mm @(155.0, 77.0) label at 1.218r, C:circle 44.0x44.0mm @(155.0, 159.0) label at 1.273r, S:square 60.0x60.0mm @(61.0, 159.0)
   table at 198.0 mm:
      | A | B | C |
      |  |  |  |
      |  |  |  |
      |  |  |  |
      |  |  |  |
      |  |  |  |
      |  |  |  |
      |  |  |  |
      |  |  |  |
-- page 5
   board: edges ['A-B', 'A-S', 'B-S'] (raw 3, widths [1.05])
      nodes: A:circle 44.0x44.0mm @(61.0, 82.0) label at 1.218r, B:circle 44.0x44.0mm @(155.0, 82.0) label at 1.218r, S:square 60.0x60.0mm @(108.0, 144.0)
   dots outside circles (table chips, or chips in transit): [(82.2, 583.1), (92.1, 583.1), (102.0, 583.1), (153.1, 583.1), (163.0, 583.1), (172.9, 583.1), (82.2, 610.0), (92.1, 610.0), (102.0, 610.0), (153.1, 610.0), (163.0, 610.0), (172.9, 610.0), (82.2, 637.0), (92.1, 637.0), (102.0, 637.0), (153.1, 637.0), (163.0, 637.0), (172.9, 637.0), (87.2, 663.9), (97.1, 663.9), (148.1, 663.9), (158.0, 663.9), (168.0, 663.9), (177.9, 663.9), (87.2, 690.8), (97.1, 690.8), (148.1, 690.8), (158.0, 690.8), (168.0, 690.8), (177.9, 690.8), (87.2, 717.8), (97.1, 717.8), (148.1, 717.8), (158.0, 717.8), (168.0, 717.8), (177.9, 717.8)]
   table at 191.0 mm:
      | Add at A | Add at B | Sharing word | Finish A | Finish B |
      | 3 dots | 3 dots |  |  |  |
      | 3 dots | 3 dots |  |  |  |
      | 3 dots | 3 dots |  |  |  |
      | 2 dots | 4 dots |  |  |  |
      | 2 dots | 4 dots |  |  |  |
      | 2 dots | 4 dots |  |  |  |
-- page 6
   board: edges ['A-B', 'A-S', 'B-S'] (raw 3, widths [1.05])
      nodes: A:circle 44.0x44.0mm @(61.0, 77.0) label at 1.218r, B:circle 44.0x44.0mm @(155.0, 77.0) label at 1.218r, S:square 60.0x60.0mm @(108.0, 139.0)
   table at 178.0 mm:
      | Chips added | Finish A | Finish B |
      | 1 |  |  |
      | 2 |  |  |
      | 3 |  |  |
      | 4 |  |  |
      | 5 |  |  |
      | 6 |  |  |
      | 7 |  |  |
      | 8 |  |  |
      | 9 |  |  |
      | 10 |  |  |
      | 11 |  |  |
== 2-3: lowell-math-circle-year-2/week-11/week-11-grades-2-3.pdf (6 pages, 612 x 792 pt)
-- page 1
   board: edges ['A-B', 'A-S', 'B-S'] (raw 3, widths [1.05])
      nodes: A:circle 44.0x44.0mm @(61.0, 110.0) label at 1.218r, B:circle 44.0x44.0mm @(155.0, 110.0) label at 1.218r, S:square 60.0x60.0mm @(108.0, 172.0)
   table at 208.0 mm:
      | Start A | Start B | Sharing word | Finish A | Finish B |
      | 2 | 2 |  |  |  |
      | 2 | 2 |  |  |  |
      | 4 | 0 |  |  |  |
      | 4 | 0 |  |  |  |
      | 3 | 3 |  |  |  |
      | 3 | 3 |  |  |  |
-- page 2
   board: edges ['A-B', 'A-S', 'B-C', 'C-S'] (raw 4, widths [1.05])
      nodes: A:circle 44.0x44.0mm @(61.0, 75.0) label at 1.218r, B:circle 44.0x44.0mm @(155.0, 75.0) label at 1.218r, C:circle 44.0x44.0mm @(155.0, 157.0) label at 1.273r, S:square 60.0x60.0mm @(61.0, 157.0)
   table at 201.0 mm:
      | Start A | Start B | Start C | Sharing word | End A | End B | End C |
      | 0 | 4 | 0 |  |  |  |  |
      | 0 | 4 | 0 |  |  |  |  |
      | 2 | 1 | 2 |  |  |  |  |
      | 2 | 1 | 2 |  |  |  |  |
      | 2 | 4 | 2 |  |  |  |  |
      | 2 | 4 | 2 |  |  |  |  |
-- page 3
   board: edges ['A-B', 'A-S', 'B-S'] (raw 3, widths [1.05])
      nodes: A:circle 44.0x44.0mm @(61.0, 77.0) label at 1.218r, B:circle 44.0x44.0mm @(155.0, 77.0) label at 1.218r, S:square 60.0x60.0mm @(108.0, 139.0)
   table at 180.0 mm:
      | Start A | Start B | Finish A | Finish B |
      |  |  |  |  |
      |  |  |  |  |
      |  |  |  |  |
      |  |  |  |  |
      |  |  |  |  |
      |  |  |  |  |
      |  |  |  |  |
-- page 4
   board: edges ['A-B', 'A-C', 'A-S', 'B-C', 'C-S'] (raw 5, widths [1.05])
      nodes: A:circle 44.0x44.0mm @(61.0, 75.0) label at 1.218r, B:circle 44.0x44.0mm @(155.0, 75.0) label at 1.218r, C:circle 44.0x44.0mm @(155.0, 157.0) label at 1.273r, S:square 60.0x60.0mm @(61.0, 157.0)
   table at 201.0 mm:
      | Start A | Start B | Start C | Sharing word | End A | End B | End C |
      | 3 | 0 | 3 |  |  |  |  |
      | 3 | 0 | 3 |  |  |  |  |
      | 0 | 6 | 0 |  |  |  |  |
      | 0 | 6 | 0 |  |  |  |  |
      | 2 | 2 | 2 |  |  |  |  |
      | 2 | 2 | 2 |  |  |  |  |
      | 4 | 1 | 2 |  |  |  |  |
      | 4 | 1 | 2 |  |  |  |  |
-- page 5
   board: edges ['A-B', 'A-S', 'B-C', 'C-S'] (raw 4, widths [1.05])
      nodes: A:circle 44.0x44.0mm @(61.0, 83.0) label at 1.218r, B:circle 44.0x44.0mm @(155.0, 83.0) label at 1.218r, C:circle 44.0x44.0mm @(155.0, 165.0) label at 1.273r, S:square 60.0x60.0mm @(61.0, 165.0)
   table at 211.0 mm:
      | Add at A | Add at B | Finish A | Finish B | Finish C |
      | 2 | 4 |  |  |  |
      | 2 | 4 |  |  |  |
      | 2 | 4 |  |  |  |
-- page 6
   board: edges ['A-B', 'A-S', 'B-S'] (raw 3, widths [1.05])
      nodes: A:circle 44.0x44.0mm @(61.0, 83.0) label at 1.218r, B:circle 44.0x44.0mm @(155.0, 83.0) label at 1.218r, S:square 60.0x60.0mm @(108.0, 145.0)
   table at 183.0 mm:
      | Chips added | Add to A: final A | Add to A: final B | Add to B: final A | Add to B: final B |
      | 1 |  |  |  |  |
      | 2 |  |  |  |  |
      | 3 |  |  |  |  |
      | 4 |  |  |  |  |
      | 5 |  |  |  |  |
      | 6 |  |  |  |  |
      | 7 |  |  |  |  |
      | 8 |  |  |  |  |
      | 9 |  |  |  |  |
      | 10 |  |  |  |  |
      | 11 |  |  |  |  |
      | 12 |  |  |  |  |
== 4-5: lowell-math-circle-year-2/week-11/week-11-grades-4-5.pdf (6 pages, 612 x 792 pt)
-- page 1
   board: edges ['A-B', 'A-S', 'B-S'] (raw 3, widths [1.05])
      nodes: A:circle 44.0x44.0mm @(61.0, 109.0) label at 1.218r, B:circle 44.0x44.0mm @(155.0, 109.0) label at 1.218r, S:square 60.0x60.0mm @(108.0, 171.0)
   table at 207.0 mm:
      | Start A | Start B | Sharing word | Finish A | Finish B |
      | 2 | 2 |  |  |  |
      | 2 | 2 |  |  |  |
      | 4 | 0 |  |  |  |
      | 4 | 0 |  |  |  |
      | 3 | 3 |  |  |  |
      | 3 | 3 |  |  |  |
      | 5 | 4 |  |  |  |
      | 5 | 4 |  |  |  |
-- page 2
   board: edges ['A-B', 'A-S', 'B-C', 'C-S'] (raw 4, widths [1.05])
      nodes: A:circle 44.0x44.0mm @(61.0, 80.0) label at 1.218r, B:circle 44.0x44.0mm @(155.0, 80.0) label at 1.218r, C:circle 44.0x44.0mm @(155.0, 162.0) label at 1.273r, S:square 60.0x60.0mm @(61.0, 162.0)
   table at 201.0 mm:
      | First batch | Second batch | Timing | Finish A | Finish B | Finish C |
      | 4 at B | 2 at A | together |  |  |  |
      | 4 at B | 2 at A | first, then second |  |  |  |
      | 4 at B | 2 at A | second, then first |  |  |  |
      | 3 at A | 3 at C | together |  |  |  |
      | 3 at A | 3 at C | first, then second |  |  |  |
      | 3 at A | 3 at C | second, then first |  |  |  |
-- page 3
   board: edges ['A-B', 'A-S', 'B-S'] (raw 3, widths [1.05])
      nodes: A:circle 44.0x44.0mm @(61.0, 86.0) label at 1.218r, B:circle 44.0x44.0mm @(155.0, 86.0) label at 1.218r, S:square 60.0x60.0mm @(108.0, 148.0)
   table at 192.0 mm:
      | Start A | Start B | After 1 | After 2 | After 3 | After 4 |
      | 0 | 0 |  |  |  |  |
      | 1 | 0 |  |  |  |  |
      | 0 | 1 |  |  |  |  |
      | 1 | 1 |  |  |  |  |
-- page 4
   board: edges ['A-B', 'A-C', 'A-S', 'B-C', 'C-S'] (raw 5, widths [1.05])
      nodes: A:circle 44.0x44.0mm @(61.0, 78.0) label at 1.218r, B:circle 44.0x44.0mm @(155.0, 78.0) label at 1.218r, C:circle 44.0x44.0mm @(155.0, 160.0) label at 1.273r, S:square 60.0x60.0mm @(61.0, 160.0)
   table at 204.0 mm:
      | Start A | Start B | Start C | Sharing word | End A | End B | End C |
      | 3 | 0 | 3 |  |  |  |  |
      | 3 | 0 | 3 |  |  |  |  |
      | 0 | 6 | 0 |  |  |  |  |
      | 0 | 6 | 0 |  |  |  |  |
      | 4 | 1 | 2 |  |  |  |  |
      | 4 | 1 | 2 |  |  |  |  |
-- page 5
   board: edges ['A-B', 'A-S', 'B-C', 'C-S'] (raw 4, widths [1.05])
      nodes: A:circle 44.0x44.0mm @(61.0, 87.0) label at 1.218r, B:circle 44.0x44.0mm @(155.0, 87.0) label at 1.218r, C:circle 44.0x44.0mm @(155.0, 169.0) label at 1.273r, S:square 60.0x60.0mm @(61.0, 169.0)
-- page 6
   board: edges ['A-B', 'A-S', 'B-C', 'C-S'] (raw 4, widths [1.05])
      nodes: A:circle 44.0x44.0mm @(61.0, 86.0) label at 1.218r, B:circle 44.0x44.0mm @(155.0, 86.0) label at 1.218r, C:circle 44.0x44.0mm @(155.0, 168.0) label at 1.273r, S:square 60.0x60.0mm @(61.0, 168.0)
== RV: lowell-math-circle-year-2/week-11/week-11-return-visit.pdf (3 pages, 612 x 792 pt)
-- page 1
   board: edges ['A-B', 'A-C', 'B-C'] (raw 3, widths [0.65])
      nodes: A:circle 7.6x7.6mm @(49.4, 67.5) chips=2 label at 1.528r, B:circle 7.6x7.6mm @(66.5, 67.5) label at 1.528r, C:circle 7.6x7.6mm @(58.0, 54.5) label at 1.501r
   board: edges ['A-B', 'A-C', 'B-C'] (raw 3, widths [0.65]) arrows ['A->B', 'A->C']
      nodes: A:circle 7.6x7.6mm @(99.5, 67.5) label at 1.528r, B:circle 7.6x7.6mm @(116.5, 67.5) label at 1.528r, C:circle 7.6x7.6mm @(108.0, 54.5) label at 1.501r
   board: edges ['A-B', 'A-C', 'B-C'] (raw 3, widths [0.65])
      nodes: A:circle 7.6x7.6mm @(149.5, 67.5) label at 1.528r, B:circle 7.6x7.6mm @(166.5, 67.5) chips=1 label at 1.528r, C:circle 7.6x7.6mm @(158.0, 54.5) chips=1 label at 1.501r
   board: edges ['A-B', 'A-C', 'B-C'] (raw 3, widths [1.2])
      nodes: A:circle 42.0x42.0mm @(78.0, 197.6) label at 1.153r, B:circle 42.0x42.0mm @(138.0, 197.6) label at 1.152r, C:circle 42.0x42.0mm @(108.0, 145.6) label at 1.122r
   dots outside circles (table chips, or chips in transit): [(304.0, 191.3), (293.2, 174.0)]
   table at 99.6 mm:
      | Start 1 | Start 2 | Start 3 |
      | A: 3, B: 0, C: 0 | A: 2, B: 1, C: 0 | A: 4, B: 0, C: 0 |
   table at 223.5 mm:
      | Start | Firing letters, in order | Finish or repeat |
      | 1 |  |  |
      | 2 |  |  |
      | 3 |  |  |
-- page 2
   board: edges ['A-B', 'A-S', 'B-C', 'C-S'] (raw 4, widths [1.2])
      nodes: A:circle 42.0x42.0mm @(78.9, 133.2) label at 1.153r, B:circle 42.0x42.0mm @(136.9, 133.2) label at 1.152r, C:circle 42.0x42.0mm @(136.9, 75.2) label at 1.153r, S:circle 55.0x55.0mm @(78.9, 75.2)
   table at 161.5 mm:
      | Start A, B, C | Add at | Firing letters, in order | Finish A, B, C |
      | 1, 1, 1 | A |  |  |
      | 1, 1, 1 | B |  |  |
      | 1, 1, 1 | C |  |  |
      |  |  |  |  |
      |  |  |  |  |
      |  |  |  |  |
-- page 3
   board: edges ['A-B', 'A-S', 'B-S'] (raw 3, widths [1.2])
      nodes: A:circle 42.0x42.0mm @(78.0, 121.2) label at 1.153r, B:circle 42.0x42.0mm @(138.0, 121.2) label at 1.152r, S:circle 55.0x55.0mm @(108.0, 69.2)
   table at 150.8 mm:
      | Start: A, B | Legal four-letter firing words |
      | 0, 6 |  |
      | 3, 3 |  |
      | 6, 0 |  |
== guide: lowell-math-circle-year-2/week-11/week-11-facilitator.pdf (12 pages, 612 x 792 pt)
-- page 5
   board: edges ['A-B', 'A-S', 'B-S'] (raw 3, widths [0.4])
      nodes: A:circle 9.0x9.0mm @(59.1, 45.3) label at 0.032r, B:circle 9.0x9.0mm @(78.4, 45.3) label at 0.032r, S:square 15.0x8.0mm @(68.8, 59.7)
   board: edges ['A-B', 'A-S', 'B-C', 'C-S'] (raw 4, widths [0.4])
      nodes: A:circle 9.0x9.0mm @(96.8, 45.3) label at 0.032r, B:circle 9.0x9.0mm @(116.0, 45.3) label at 0.032r, C:circle 9.0x9.0mm @(116.0, 59.7) label at 0.032r, S:square 15.0x8.0mm @(96.8, 59.7)
   board: edges ['A-B', 'A-C', 'A-S', 'B-C', 'C-S'] (raw 5, widths [0.4])
      nodes: A:circle 9.0x9.0mm @(137.6, 45.3) label at 0.032r, B:circle 9.0x9.0mm @(156.8, 45.3) label at 0.032r, C:circle 9.0x9.0mm @(156.8, 59.7) label at 0.032r, S:square 15.0x8.0mm @(137.6, 59.7)
== RV-guide: lowell-math-circle-year-2/week-11/week-11-return-visit-facilitator.pdf (5 pages, 612 x 792 pt)
