== delivered PDF vs source reference copy (MD5)
  [ok  ] week-11-k-1.pdf 660a3b1cd1371941cc9ecb840e7d7299 == lowell-math-circle-year-2/source/week-11/editable/reference-pdfs/k-1.pdf 660a3b1cd1371941cc9ecb840e7d7299
  [ok  ] week-11-grades-2-3.pdf a520a1331443bba60c23d4f5380729b5 == lowell-math-circle-year-2/source/week-11/editable/reference-pdfs/grades-2-3.pdf a520a1331443bba60c23d4f5380729b5
  [ok  ] week-11-grades-4-5.pdf eec18ede9532c73996d43c06d74f47c7 == lowell-math-circle-year-2/source/week-11/editable/reference-pdfs/grades-4-5.pdf eec18ede9532c73996d43c06d74f47c7
  [ok  ] week-11-facilitator.pdf d80a48b8e7945d98d5572f071ffdb26a == lowell-math-circle-year-2/source/week-11/editable/reference-pdfs/facilitator-guide.pdf d80a48b8e7945d98d5572f071ffdb26a
  [ok  ] week-11-return-visit.pdf 2d19748f6149a9af27974f57379fd796 == lowell-math-circle-year-2/source/week-11-return-visit/reference-pdfs/week-11-return-visit.pdf 2d19748f6149a9af27974f57379fd796
  [ok  ] week-11-return-visit-facilitator.pdf 6eff602b275f9b06ce3425b862e433e4 == lowell-math-circle-year-2/source/week-11-return-visit/reference-pdfs/week-11-return-visit-facilitator.pdf 6eff602b275f9b06ce3425b862e433e4
== problem statements and rules from the editable sources, found in the PDFs
  [ok  ] K-1 Problem 1: Try each starting pair and share until you must stop. Can choosing a different order leave
  [ok  ] K-1 Problem 2: Put 4 chips altogether on A and B in any way, and share until you must stop. Find every fi
  [ok  ] K-1 Problem 3: Try each start and share until you must stop. Can choosing a different order leave differe
  [ok  ] K-1 Problem 4: Find every way to put chips on A, B, and C so that no circle can share. Can any of these w
  [ok  ] K-1 Problem 5: For each row, start empty and add the chips shown, sharing whenever you choose. Can a diff
  [ok  ] K-1 Problem 6: Start with empty circles, then add one chip to A at a time, finishing all the sharing afte
  [ok  ] 2-3 Problem 1: Finish each start in two different orders, if possible. After stopping, count each letter 
  [ok  ] 2-3 Problem 2: Finish each start in two different orders. After stopping, count each letter in the sharin
  [ok  ] 2-3 Problem 3: Put exactly 6 chips altogether on A and B. Find every start that finishes with one chip at
  [ok  ] 2-3 Problem 4: Finish each start. Find another order wherever a choice is possible. After stopping, compa
  [ok  ] 2-3 Problem 5: Start empty for each trial. Add the two batches together and finish, or finish one batch b
  [ok  ] 2-3 Problem 6: Begin with empty circles. Add one chip to A and finish; keep repeating until you have adde
  [ok  ] 4-5 Problem 1: Finish each start in two different orders, if possible. After stopping, count each letter 
  [ok  ] 4-5 Problem 2: Start empty. For each pair of batches, compare adding them together with finishing one bef
  [ok  ] 4-5 Problem 3: From each start, repeatedly add one chip to A and finish after each addition. Record the p
  [ok  ] 4-5 Problem 4: Finish each start in two different orders, if possible. After stopping, compare the final 
  [ok  ] 4-5 Problem 5: Try starts with all 12 chips at B, with 6 at A and 6 at C, and with 4 at each circle. Coul
  [ok  ] 4-5 Problem 6: Start with 8 chips at B and none at A or C. Find two different orders that finish. Explain
  [ok  ] K-1 shared rules
  [ok  ] 2-3 shared rules
  [ok  ] 4-5 shared rules
  [ok  ] RV Problem 1: Try these starts. Which can stop with no circle able to fire? Which can return to an earli
  [ok  ] RV Problem 2: Put one chip at each of A, B and C. Add one chip at A, B or C, then fire until no circle c
  [ok  ] RV Problem 3: Each start below can finish with one chip at A, one at B and four in the sink, using exact
pdflatex available for a clean rebuild: False
0 FAIL lines
