== Diagrams on page 1/2 ==
P-Q route [(0, 0), (1, 0), (1, 1), (2, 1)] uses 3 roads; shortest = 3 ; #shortest routes = 3
Gap example: P=(0,1) distance to dark side x=3 is 3

== Problem 1 / 5: printed trees ==
treeone: 12 dots, 11 roads, tree=True; triples=220; road multiplicities seen=[0, 2]; max gap=0
treetwo: 11 dots, 10 roads, tree=True; triples=165; road multiplicities seen=[0, 2]; max gap=0
total printed-tree triples: 385
400 random trees x up to 30 triples: all road multiplicities in {0,2}, all gaps 0

== Problems 2-4: corner triangles A=(0,0), B=(n,0), C=(n,n) ==
printed grid sizes (P2 then P3): [4, 4, 2, 4, 6]
n=1: AB,BC unique shortest (len 1); 2 shortest AC routes; max gap=1 (only left-then-top); gap-0-everywhere only bottom-then-right; routes with a gap>=2: 0
n=2: AB,BC unique shortest (len 2); 6 shortest AC routes; max gap=2 (only left-then-top); gap-0-everywhere only bottom-then-right; routes with a gap>=2: 1
n=3: AB,BC unique shortest (len 3); 20 shortest AC routes; max gap=3 (only left-then-top); gap-0-everywhere only bottom-then-right; routes with a gap>=2: 10
n=4: AB,BC unique shortest (len 4); 70 shortest AC routes; max gap=4 (only left-then-top); gap-0-everywhere only bottom-then-right; routes with a gap>=2: 53
n=5: AB,BC unique shortest (len 5); 252 shortest AC routes; max gap=5 (only left-then-top); gap-0-everywhere only bottom-then-right; routes with a gap>=2: 226
n=6: AB,BC unique shortest (len 6); 924 shortest AC routes; max gap=6 (only left-then-top); gap-0-everywhere only bottom-then-right; routes with a gap>=2: 887
n=7: AB,BC unique shortest (len 7); 3432 shortest AC routes; max gap=7 (only left-then-top); gap-0-everywhere only bottom-then-right; routes with a gap>=2: 3382
continuous (half-edge) version: left/top triangle thinness exactly n for n=1..6

== Problem 4: k -> n=k+1 ==
k=0..11: marked top-left dot has gap k+1 > k

== Guide Problem 2 specifics (n=4) ==
top-left (0,4) distance to bottom-or-right = 4

== Guide Problem 3 hint: measuring only along colored roads ==
n=4: 53 of 70 AC routes have outline-only max gap larger than the true max gap; 19 look optimal (gap 4) outline-only but are not

== Alternative modest Problem 2 example: AC = up 2, right 4, up 2 ==
max gap = 2 at [(0, 2), (1, 2), (2, 0), (2, 2)]

ALL CHECKS PASSED
